Archive member included because of file (symbol)

/OPT/altera/12.1/nios2eds/bin/gnu/H-i686-pc-linux-gnu/bin/../lib/gcc/nios2-elf/4.1.2/mno-hw-mul/libgcc.a(_addsub_df.o)
                              obj/default/tests/CuTest.o (__subdf3)
/OPT/altera/12.1/nios2eds/bin/gnu/H-i686-pc-linux-gnu/bin/../lib/gcc/nios2-elf/4.1.2/mno-hw-mul/libgcc.a(_le_df.o)
                              obj/default/tests/CuTest.o (__ledf2)
/OPT/altera/12.1/nios2eds/bin/gnu/H-i686-pc-linux-gnu/bin/../lib/gcc/nios2-elf/4.1.2/mno-hw-mul/libgcc.a(_thenan_df.o)
                              /OPT/altera/12.1/nios2eds/bin/gnu/H-i686-pc-linux-gnu/bin/../lib/gcc/nios2-elf/4.1.2/mno-hw-mul/libgcc.a(_addsub_df.o) (__thenan_df)
/OPT/altera/12.1/nios2eds/bin/gnu/H-i686-pc-linux-gnu/bin/../lib/gcc/nios2-elf/4.1.2/mno-hw-mul/libgcc.a(lib2-divmod.o)
                              obj/default/util.o (__udivsi3)
/OPT/altera/12.1/nios2eds/bin/gnu/H-i686-pc-linux-gnu/bin/../lib/gcc/nios2-elf/4.1.2/mno-hw-mul/libgcc.a(lib2-mul.o)
                              obj/default/tests/memwatch.o (__mulsi3)
/OPT/altera/12.1/nios2eds/bin/gnu/H-i686-pc-linux-gnu/bin/../lib/gcc/nios2-elf/4.1.2/mno-hw-mul/libgcc.a(_pack_df.o)
                              /OPT/altera/12.1/nios2eds/bin/gnu/H-i686-pc-linux-gnu/bin/../lib/gcc/nios2-elf/4.1.2/mno-hw-mul/libgcc.a(_addsub_df.o) (__pack_d)
/OPT/altera/12.1/nios2eds/bin/gnu/H-i686-pc-linux-gnu/bin/../lib/gcc/nios2-elf/4.1.2/mno-hw-mul/libgcc.a(_unpack_df.o)
                              /OPT/altera/12.1/nios2eds/bin/gnu/H-i686-pc-linux-gnu/bin/../lib/gcc/nios2-elf/4.1.2/mno-hw-mul/libgcc.a(_addsub_df.o) (__unpack_d)
/OPT/altera/12.1/nios2eds/bin/gnu/H-i686-pc-linux-gnu/bin/../lib/gcc/nios2-elf/4.1.2/mno-hw-mul/libgcc.a(_fpcmp_parts_df.o)
                              /OPT/altera/12.1/nios2eds/bin/gnu/H-i686-pc-linux-gnu/bin/../lib/gcc/nios2-elf/4.1.2/mno-hw-mul/libgcc.a(_le_df.o) (__fpcmp_parts_d)
/OPT/altera/12.1/nios2eds/bin/gnu/H-i686-pc-linux-gnu/bin/../lib/gcc/nios2-elf/4.1.2/../../../../nios2-elf/lib/mno-hw-mul/libc.a(lib_a-abort.o)
                              obj/default/tests/memwatch.o (abort)
/OPT/altera/12.1/nios2eds/bin/gnu/H-i686-pc-linux-gnu/bin/../lib/gcc/nios2-elf/4.1.2/../../../../nios2-elf/lib/mno-hw-mul/libc.a(lib_a-assert.o)
                              obj/default/tests/CuTest.o (__assert_func)
/OPT/altera/12.1/nios2eds/bin/gnu/H-i686-pc-linux-gnu/bin/../lib/gcc/nios2-elf/4.1.2/../../../../nios2-elf/lib/mno-hw-mul/libc.a(lib_a-atexit.o)
                              obj/default/tests/memwatch.o (atexit)
/OPT/altera/12.1/nios2eds/bin/gnu/H-i686-pc-linux-gnu/bin/../lib/gcc/nios2-elf/4.1.2/../../../../nios2-elf/lib/mno-hw-mul/libc.a(lib_a-calloc.o)
                              obj/default/tests/memwatch.o (calloc)
/OPT/altera/12.1/nios2eds/bin/gnu/H-i686-pc-linux-gnu/bin/../lib/gcc/nios2-elf/4.1.2/../../../../nios2-elf/lib/mno-hw-mul/libc.a(lib_a-callocr.o)
                              /OPT/altera/12.1/nios2eds/bin/gnu/H-i686-pc-linux-gnu/bin/../lib/gcc/nios2-elf/4.1.2/../../../../nios2-elf/lib/mno-hw-mul/libc.a(lib_a-calloc.o) (_calloc_r)
/OPT/altera/12.1/nios2eds/bin/gnu/H-i686-pc-linux-gnu/bin/../lib/gcc/nios2-elf/4.1.2/../../../../nios2-elf/lib/mno-hw-mul/libc.a(lib_a-ctime.o)
                              obj/default/tests/memwatch.o (ctime)
/OPT/altera/12.1/nios2eds/bin/gnu/H-i686-pc-linux-gnu/bin/../lib/gcc/nios2-elf/4.1.2/../../../../nios2-elf/lib/mno-hw-mul/libc.a(lib_a-ctype_.o)
                              obj/default/tests/memwatch.o (__ctype_ptr)
/OPT/altera/12.1/nios2eds/bin/gnu/H-i686-pc-linux-gnu/bin/../lib/gcc/nios2-elf/4.1.2/../../../../nios2-elf/lib/mno-hw-mul/libc.a(lib_a-exit.o)
                              obj/default/tests/memwatch.o (exit)
/OPT/altera/12.1/nios2eds/bin/gnu/H-i686-pc-linux-gnu/bin/../lib/gcc/nios2-elf/4.1.2/../../../../nios2-elf/lib/mno-hw-mul/libc.a(lib_a-fclose.o)
                              obj/default/tests/memwatch.o (fclose)
/OPT/altera/12.1/nios2eds/bin/gnu/H-i686-pc-linux-gnu/bin/../lib/gcc/nios2-elf/4.1.2/../../../../nios2-elf/lib/mno-hw-mul/libc.a(lib_a-fflush.o)
                              /OPT/altera/12.1/nios2eds/bin/gnu/H-i686-pc-linux-gnu/bin/../lib/gcc/nios2-elf/4.1.2/../../../../nios2-elf/lib/mno-hw-mul/libc.a(lib_a-fclose.o) (_fflush_r)
/OPT/altera/12.1/nios2eds/bin/gnu/H-i686-pc-linux-gnu/bin/../lib/gcc/nios2-elf/4.1.2/../../../../nios2-elf/lib/mno-hw-mul/libc.a(lib_a-fgets.o)
                              obj/default/tests/memwatch.o (fgets)
/OPT/altera/12.1/nios2eds/bin/gnu/H-i686-pc-linux-gnu/bin/../lib/gcc/nios2-elf/4.1.2/../../../../nios2-elf/lib/mno-hw-mul/libc.a(lib_a-findfp.o)
                              /OPT/altera/12.1/nios2eds/bin/gnu/H-i686-pc-linux-gnu/bin/../lib/gcc/nios2-elf/4.1.2/../../../../nios2-elf/lib/mno-hw-mul/libc.a(lib_a-fclose.o) (__sfp_lock_acquire)
/OPT/altera/12.1/nios2eds/bin/gnu/H-i686-pc-linux-gnu/bin/../lib/gcc/nios2-elf/4.1.2/../../../../nios2-elf/lib/mno-hw-mul/libc.a(lib_a-fiprintf.o)
[...]
Memory Configuration

Name             Origin             Length             Attributes
sdram_0          0x02000000         0x02000000
reset            0x04004000         0x00000020
onchip_memory2_0 0x04004020         0x00003fe0
*default*        0x00000000         0xffffffff

Linker script and memory map

LOAD ../electronic_engine_control_bsp//obj/HAL/src/crt0.o
LOAD obj/default/apps_motor_proc.o
LOAD obj/default/failure_handler_proc.o
LOAD obj/default/main.o
LOAD obj/default/tests/CuTest.o
LOAD obj/default/tests/memwatch.o
LOAD obj/default/tests/testbench.o
LOAD obj/default/tps_proc.o
LOAD obj/default/ui_proc.o
LOAD obj/default/util.o
LOAD /OPT/altera/12.1/nios2eds/bin/gnu/H-i686-pc-linux-gnu/bin/../lib/gcc/nios2-elf/4.1.2/../../../../nios2-elf/lib/mno-hw-mul/libstdc++.a
LOAD /OPT/altera/12.1/nios2eds/bin/gnu/H-i686-pc-linux-gnu/bin/../lib/gcc/nios2-elf/4.1.2/../../../../nios2-elf/lib/mno-hw-mul/libm.a
LOAD /OPT/altera/12.1/nios2eds/bin/gnu/H-i686-pc-linux-gnu/bin/../lib/gcc/nios2-elf/4.1.2/mno-hw-mul/libgcc.a
START GROUP
LOAD /OPT/altera/12.1/nios2eds/bin/gnu/H-i686-pc-linux-gnu/bin/../lib/gcc/nios2-elf/4.1.2/../../../../nios2-elf/lib/mno-hw-mul/libc.a
LOAD /OPT/altera/12.1/nios2eds/bin/gnu/H-i686-pc-linux-gnu/bin/../lib/gcc/nios2-elf/4.1.2/mno-hw-mul/libgcc.a
LOAD ../electronic_engine_control_bsp//libucosii_bsp.a
END GROUP
LOAD /OPT/altera/12.1/nios2eds/bin/gnu/H-i686-pc-linux-gnu/bin/../lib/gcc/nios2-elf/4.1.2/mno-hw-mul/libgcc.a
                0x02000000                __alt_mem_sdram_0 = 0x2000000
                0x04004000                __alt_mem_onchip_memory2_0 = 0x4004000

.entry          0x04004000        0x0
 *(.entry)
 .entry         0x04004000        0x0 ../electronic_engine_control_bsp//obj/HAL/src/crt0.o
                0x04004000                __reset

.exceptions     0x04004020      0x19c
                0x04004020                PROVIDE (__ram_exceptions_start, ABSOLUTE (.))
                0x04004020                . = ALIGN (0x20)
 *(.irq)
 *(.exceptions.entry.label)
 .exceptions.entry.label
                0x04004020        0x0 ../electronic_engine_control_bsp//libucosii_bsp.a(alt_irq_entry.o)
                0x04004020                alt_irq_entry
 .exceptions.entry.label
                0x04004020        0x0 ../electronic_engine_control_bsp//libucosii_bsp.a(alt_exception_entry.o)
                0x04004020                alt_exception
 *(.exceptions.entry.user)
 *(.exceptions.entry)
 .exceptions.entry
                0x04004020       0x54 ../electronic_engine_control_bsp//libucosii_bsp.a(alt_exception_entry.o)
 *(.exceptions.irqtest.user)
 *(.exceptions.irqtest)
 .exceptions.irqtest
                0x04004074       0x10 ../electronic_engine_control_bsp//libucosii_bsp.a(alt_irq_entry.o)
 *(.exceptions.irqhandler.user)
 *(.exceptions.irqhandler)
 .exceptions.irqhandler
                0x04004084        0x4 ../electronic_engine_control_bsp//libucosii_bsp.a(alt_irq_entry.o)
 *(.exceptions.irqreturn.user)
 *(.exceptions.irqreturn)
 .exceptions.irqreturn
                0x04004088        0x4 ../electronic_engine_control_bsp//libucosii_bsp.a(alt_irq_entry.o)
 *(.exceptions.notirq.label)
 .exceptions.notirq.label
                0x0400408c        0x0 ../electronic_engine_control_bsp//libucosii_bsp.a(alt_irq_entry.o)
 *(.exceptions.notirq.user)
 *(.exceptions.notirq)
 .exceptions.notirq
                0x0400408c        0x8 ../electronic_engine_control_bsp//libucosii_bsp.a(alt_exception_entry.o)
 *(.exceptions.soft.user)
 *(.exceptions.soft)
 *(.exceptions.unknown.user)
 *(.exceptions.unknown)
 .exceptions.unknown
                0x04004094        0x4 ../electronic_engine_control_bsp//libucosii_bsp.a(alt_exception_entry.o)
 *(.exceptions.exit.label)
 .exceptions.exit.label
                0x04004098        0x0 ../electronic_engine_control_bsp//libucosii_bsp.a(alt_irq_entry.o)
 .exceptions.exit.label
                0x04004098        0x0 ../electronic_engine_control_bsp//libucosii_bsp.a(alt_exception_entry.o)
 *(.exceptions.exit.user)
 *(.exceptions.exit)
 .exceptions.exit
                0x04004098       0x54 ../electronic_engine_control_bsp//libucosii_bsp.a(alt_exception_entry.o)
 *(.exceptions)
 .exceptions    0x040040ec       0xd0 ../electronic_engine_control_bsp//libucosii_bsp.a(alt_irq_handler.o)
                0x040040ec                alt_irq_handler
                0x040041bc                PROVIDE (__ram_exceptions_end, ABSOLUTE (.))
                0x04004020                PROVIDE (__flash_exceptions_start, LOADADDR (.exceptions))

.text           0x02000000    0x1f61c
                0x02000000                PROVIDE (stext, ABSOLUTE (.))
 *(.interp)
 *(.hash)
 *(.dynsym)
 *(.dynstr)
 *(.gnu.version)
 *(.gnu.version_d)
 *(.gnu.version_r)
 *(.rel.init)
 *(.rela.init)
 *(.rel.text .rel.text.* .rel.gnu.linkonce.t.*)
 *(.rela.text .rela.text.* .rela.gnu.linkonce.t.*)
 *(.rel.fini)
 *(.rela.fini)
 *(.rel.rodata .rel.rodata.* .rel.gnu.linkonce.r.*)
 *(.rela.rodata .rela.rodata.* .rela.gnu.linkonce.r.*)
 *(.rel.data .rel.data.* .rel.gnu.linkonce.d.*)
 *(.rela.data .rela.data.* .rela.gnu.linkonce.d.*)
 *(.rel.tdata .rel.tdata.* .rel.gnu.linkonce.td.*)
 *(.rela.tdata .rela.tdata.* .rela.gnu.linkonce.td.*)
 *(.rel.tbss .rel.tbss.* .rel.gnu.linkonce.tb.*)
 *(.rela.tbss .rela.tbss.* .rela.gnu.linkonce.tb.*)
 *(.rel.ctors)
 *(.rela.ctors)
 *(.rel.dtors)
 *(.rela.dtors)
 *(.rel.got)
 *(.rela.got)
 *(.rel.sdata .rel.sdata.* .rel.gnu.linkonce.s.*)
 *(.rela.sdata .rela.sdata.* .rela.gnu.linkonce.s.*)
 *(.rel.sbss .rel.sbss.* .rel.gnu.linkonce.sb.*)
 *(.rela.sbss .rela.sbss.* .rela.gnu.linkonce.sb.*)
 *(.rel.sdata2 .rel.sdata2.* .rel.gnu.linkonce.s2.*)
 *(.rela.sdata2 .rela.sdata2.* .rela.gnu.linkonce.s2.*)
 *(.rel.sbss2 .rel.sbss2.* .rel.gnu.linkonce.sb2.*)
 *(.rela.sbss2 .rela.sbss2.* .rela.gnu.linkonce.sb2.*)
 *(.rel.bss .rel.bss.* .rel.gnu.linkonce.b.*)
 *(.rela.bss .rela.bss.* .rela.gnu.linkonce.b.*)
 *(.rel.plt)
 *(.rela.plt)
 *(.rel.dyn)
 *(.init)
 *(.plt)
 *(.text .stub .text.* .gnu.linkonce.t.*)
 .text          0x02000000       0x38 ../electronic_engine_control_bsp//obj/HAL/src/crt0.o
                0x02000000                _start
 .text          0x02000038      0x198 obj/default/apps_motor_proc.o
                0x02000038                apps_motor_task
                0x02000128                get_expected_motor_pos_q
                0x02000148                get_new_tps_reading_sem
                0x02000168                get_motor_cmd_q
                0x02000188                get_expected_tps_reading
                0x020001ac                set_new_motor_position
 .text          0x020001d0       0x9c obj/default/failure_handler_proc.o
                0x020001d0                fault_handler_task
                0x0200024c                get_failure_msg_q
 .text          0x0200026c       0xec obj/default/main.o
                0x0200026c                main
                0x020002f8                get_adc
                0x02000318                disp_err
 .text          0x02000358      0xf20 obj/default/tests/CuTest.o
                0x02000358                CuStrAlloc
                0x02000390                CuStrCopy
                0x020003e4                CuStringInit
                0x02000448                CuStringNew
                0x020004b8                CuStringDelete
                0x02000500                CuStringResize
                0x02000554                CuStringAppend
                0x02000608                CuStringAppendChar
                0x0200064c                CuStringAppendFormat
                0x02000678                CuStringInsert
                0x0200078c                CuTestInit
                0x020007fc                CuTestNew
                0x02000848                CuTestDelete
                0x02000890                CuTestRun
                0x02000994                CuFail_Line
                0x02000a18                CuAssert_Line
                0x02000a74                CuAssertStrEquals_LineMsg
                0x02000b7c                CuAssertIntEquals_LineMsg
                0x02000bf0                CuAssertDblEquals_LineMsg
                0x02000cb8                CuAssertPtrEquals_LineMsg
                0x02000d2c                CuSuiteInit
                0x02000d7c                CuSuiteNew
                0x02000db8                CuSuiteDelete
                0x02000e4c                CuSuiteAdd
                0x02000ee0                CuSuiteAddSuite
                0x02000f5c                CuSuiteRun
                0x02000ff4                CuSuiteSummary
                0x020010ac                CuSuiteDetails
 .text          0x02001278     0x565c obj/default/tests/memwatch.o
                0x02001278                mwInit
                0x02001420                mwAbort
                0x020018d0                mwTerm
                0x02001930                mwStatistics
                0x020019dc                mwAutoCheck
                0x02001a24                mwSetOutFunc
                0x02001bf4                mwTest
                0x02001c40                mwTestBuffer
                0x02001cc8                mwBreakOut
                0x02001d14                mwMark
                0x020020d8                mwUnmark
                0x02002318                mwAriHandler
                0x0200234c                mwSetAriFunc
                0x02002380                mwMalloc
                0x020026a0                mwRealloc
                0x020029d0                mwStrdup
                0x02002a88                mwFree
                0x02002e78                mwCalloc
                0x02002f00                mwFree_
                0x02002f4c                mwMalloc_
                0x02002f98                mwRealloc_
                0x02002fec                mwCalloc_
                0x02003040                mwFlushNow
                0x0200307c                mwDoFlush
                0x020030e8                mwLimit
                0x020031b4                mwSetAriAction
                0x02003200                mwAssert
                0x020033d0                mwVerify
                0x02003594                mwTrace
                0x020036c8                mwGrab
                0x0200371c                mwDrop
                0x02003c1c                mwNoMansLand
                0x020066d4                mwIsReadAddr
                0x020067d4                mwIsSafeAddr
 .text          0x020068d4       0xa8 obj/default/tests/testbench.o
                0x020068d4                CuGetSuite
                0x02006904                run_all_tests
 .text          0x0200697c      0x12c obj/default/tps_proc.o
                0x0200697c                tps_task
 .text          0x02006aa8       0xc4 obj/default/ui_proc.o
                0x02006aa8                ui_task
                0x02006b4c                get_lcd_msg_q
 .text          0x02006b6c      0x1c8 obj/default/util.o
                0x02006b6c                int16U_changed_by_threshold
                0x02006bf4                int16U_differ_by_percent
 .text          0x02006d34      0x504 /OPT/altera/12.1/nios2eds/bin/gnu/H-i686-pc-linux-gnu/bin/../lib/gcc/nios2-elf/4.1.2/mno-hw-mul/libgcc.a(_addsub_df.o)
                0x02007144                __subdf3
                0x020071c4                __adddf3
 .text          0x02007238       0x88 /OPT/altera/12.1/nios2eds/bin/gnu/H-i686-pc-linux-gnu/bin/../lib/gcc/nios2-elf/4.1.2/mno-hw-mul/libgcc.a(_le_df.o)
                0x02007238                __ledf2
 .text          0x020072c0        0x0 /OPT/altera/12.1/nios2eds/bin/gnu/H-i686-pc-linux-gnu/bin/../lib/gcc/nios2-elf/4.1.2/mno-hw-mul/libgcc.a(_thenan_df.o)
 .text          0x020072c0      0x14c /OPT/altera/12.1/nios2eds/bin/gnu/H-i686-pc-linux-gnu/bin/../lib/gcc/nios2-elf/4.1.2/mno-hw-mul/libgcc.a(lib2-divmod.o)
                0x0200733c                __divsi3
                0x0200739c                __modsi3
                0x020073fc                __udivsi3
                0x02007404                __umodsi3
 .text          0x0200740c       0x38 /OPT/altera/12.1/nios2eds/bin/gnu/H-i686-pc-linux-gnu/bin/../lib/gcc/nios2-elf/4.1.2/mno-hw-mul/libgcc.a(lib2-mul.o)
                0x0200740c                __mulsi3
 .text          0x02007444      0x314 /OPT/altera/12.1/nios2eds/bin/gnu/H-i686-pc-linux-gnu/bin/../lib/gcc/nios2-elf/4.1.2/mno-hw-mul/libgcc.a(_pack_df.o)
                0x02007444                __pack_d
 .text          0x02007758      0x138 /OPT/altera/12.1/nios2eds/bin/gnu/H-i686-pc-linux-gnu/bin/../lib/gcc/nios2-elf/4.1.2/mno-hw-mul/libgcc.a(_unpack_df.o)
                0x02007758                __unpack_d
 .text          0x02007890       0xc8 /OPT/altera/12.1/nios2eds/bin/gnu/H-i686-pc-linux-gnu/bin/../lib/gcc/nios2-elf/4.1.2/mno-hw-mul/libgcc.a(_fpcmp_parts_df.o)
                0x02007890                __fpcmp_parts_d
 .text          0x02007958       0x18 /OPT/altera/12.1/nios2eds/bin/gnu/H-i686-pc-linux-gnu/bin/../lib/gcc/nios2-elf/4.1.2/../../../../nios2-elf/lib/mno-hw-mul/libc.a(lib_a-abort.o)
                0x02007958                abort
 .text          0x02007970       0x78 /OPT/altera/12.1/nios2eds/bin/gnu/H-i686-pc-linux-gnu/bin/../lib/gcc/nios2-elf/4.1.2/../../../../nios2-elf/lib/mno-hw-mul/libc.a(lib_a-assert.o)
                0x02007970                __assert_func
                0x020079d4                __assert
 .text          0x020079e8       0x14 /OPT/altera/12.1/nios2eds/bin/gnu/H-i686-pc-linux-gnu/bin/../lib/gcc/nios2-elf/4.1.2/../../../../nios2-elf/lib/mno-hw-mul/libc.a(lib_a-atexit.o)
                0x020079e8                atexit
 .text          0x020079fc       0x1c /OPT/altera/12.1/nios2eds/bin/gnu/H-i686-pc-linux-gnu/bin/../lib/gcc/nios2-elf/4.1.2/../../../../nios2-elf/lib/mno-hw-mul/libc.a(lib_a-calloc.o)
                0x020079fc                calloc
 .text          0x02007a18       0xc8 /OPT/altera/12.1/nios2eds/bin/gnu/H-i686-pc-linux-gnu/bin/../lib/gcc/nios2-elf/4.1.2/../../../../nios2-elf/lib/mno-hw-mul/libc.a(lib_a-callocr.o)
                0x02007a18                _calloc_r
 .text          0x02007ae0       0x1c /OPT/altera/12.1/nios2eds/bin/gnu/H-i686-pc-linux-gnu/bin/../lib/gcc/nios2-elf/4.1.2/../../../../nios2-elf/lib/mno-hw-mul/libc.a(lib_a-ctime.o)
                0x02007ae0                ctime
 .text          0x02007afc        0x0 /OPT/altera/12.1/nios2eds/bin/gnu/H-i686-pc-linux-gnu/bin/../lib/gcc/nios2-elf/4.1.2/../../../../nios2-elf/lib/mno-hw-mul/libc.a(lib_a-ctype_.o)
 .text          0x02007afc       0x38 /OPT/altera/12.1/nios2eds/bin/gnu/H-i686-pc-linux-gnu/bin/../lib/gcc/nios2-elf/4.1.2/../../../../nios2-elf/lib/mno-hw-mul/libc.a(lib_a-exit.o)
                0x02007afc                exit
 .text          0x02007b34      0x124 /OPT/altera/12.1/nios2eds/bin/gnu/H-i686-pc-linux-gnu/bin/../lib/gcc/nios2-elf/4.1.2/../../../../nios2-elf/lib/mno-hw-mul/libc.a(lib_a-fclose.o)
                0x02007b34                _fclose_r
                0x02007c44                fclose
 .text          0x02007c58      0x230 /OPT/altera/12.1/nios2eds/bin/gnu/H-i686-pc-linux-gnu/bin/../lib/gcc/nios2-elf/4.1.2/../../../../nios2-elf/lib/mno-hw-mul/libc.a(lib_a-fflush.o)
                0x02007c58                _fflush_r
                0x02007e54                fflush
 .text          0x02007e88      0x16c /OPT/altera/12.1/nios2eds/bin/gnu/H-i686-pc-linux-gnu/bin/../lib/gcc/nios2-elf/4.1.2/../../../../nios2-elf/lib/mno-hw-mul/libc.a(lib_a-fgets.o)
                0x02007e88                _fgets_r
                0x02007fd0                fgets
 .text          0x02007ff4      0x2f4 /OPT/altera/12.1/nios2eds/bin/gnu/H-i686-pc-linux-gnu/bin/../lib/gcc/nios2-elf/4.1.2/../../../../nios2-elf/lib/mno-hw-mul/libc.a(lib_a-findfp.o)
                0x0200804c                __sfp_lock_acquire
                0x02008050                __sfp_lock_release
                0x02008054                __sinit_lock_acquire
                0x02008058                __sinit_lock_release
                0x0200805c                __sinit
                0x02008110                __fp_unlock_all
                0x02008128                __fp_lock_all
                0x02008140                _cleanup_r
                0x0200814c                _cleanup
                0x0200815c                __sfmoreglue
                0x020081f8                __sfp
 .text          0x020082e8       0x6c /OPT/altera/12.1/nios2eds/bin/gnu/H-i686-pc-linux-gnu/bin/../lib/gcc/nios2-elf/4.1.2/../../../../nios2-elf/lib/mno-hw-mul/libc.a(lib_a-fiprintf.o)
                0x020082e8                fiprintf
                0x0200832c                _fiprintf_r
 .text          0x02008354      0x110 /OPT/altera/12.1/nios2eds/bin/gnu/H-i686-pc-linux-gnu/bin/../lib/gcc/nios2-elf/4.1.2/../../../../nios2-elf/lib/mno-hw-mul/libc.a(lib_a-fopen.o)
                0x02008354                _fopen_r
                0x02008448                fopen
 .text          0x02008464       0x60 /OPT/altera/12.1/nios2eds/bin/gnu/H-i686-pc-linux-gnu/bin/../lib/gcc/nios2-elf/4.1.2/../../../../nios2-elf/lib/mno-hw-mul/libc.a(lib_a-fprintf.o)
                0x02008464                fprintf
                0x02008490                _fprintf_r
 .text          0x020084c4       0xbc /OPT/altera/12.1/nios2eds/bin/gnu/H-i686-pc-linux-gnu/bin/../lib/gcc/nios2-elf/4.1.2/../../../../nios2-elf/lib/mno-hw-mul/libc.a(lib_a-fputc.o)
                0x020084c4                fputc
                0x02008528                _fputc_r
 .text          0x02008580      0x440 /OPT/altera/12.1/nios2eds/bin/gnu/H-i686-pc-linux-gnu/bin/../lib/gcc/nios2-elf/4.1.2/../../../../nios2-elf/lib/mno-hw-mul/libc.a(lib_a-freer.o)
                0x02008580                _malloc_trim_r
                0x020086ac                _free_r
 .text          0x020089c0      0x460 /OPT/altera/12.1/nios2eds/bin/gnu/H-i686-pc-linux-gnu/bin/../lib/gcc/nios2-elf/4.1.2/../../../../nios2-elf/lib/mno-hw-mul/libc.a(lib_a-fseek.o)
                0x020089c0                _fseek_r
                0x02008dfc                fseek
 .text          0x02008e20       0x74 /OPT/altera/12.1/nios2eds/bin/gnu/H-i686-pc-linux-gnu/bin/../lib/gcc/nios2-elf/4.1.2/../../../../nios2-elf/lib/mno-hw-mul/libc.a(lib_a-fstatr.o)
                0x02008e20                _fstat_r
 .text          0x02008e94      0x180 /OPT/altera/12.1/nios2eds/bin/gnu/H-i686-pc-linux-gnu/bin/../lib/gcc/nios2-elf/4.1.2/../../../../nios2-elf/lib/mno-hw-mul/libc.a(lib_a-fwalk.o)
                0x02008e94                _fwalk_reent
                0x02008f5c                _fwalk
 .text          0x02009014       0xec /OPT/altera/12.1/nios2eds/bin/gnu/H-i686-pc-linux-gnu/bin/../lib/gcc/nios2-elf/4.1.2/../../../../nios2-elf/lib/mno-hw-mul/libc.a(lib_a-fwrite.o)
                0x02009014                _fwrite_r
                0x020090c0                fwrite
 .text          0x02009100        0x0 /OPT/altera/12.1/nios2eds/bin/gnu/H-i686-pc-linux-gnu/bin/../lib/gcc/nios2-elf/4.1.2/../../../../nios2-elf/lib/mno-hw-mul/libc.a(lib_a-impure.o)
 .text          0x02009100        0x0 /OPT/altera/12.1/nios2eds/bin/gnu/H-i686-pc-linux-gnu/bin/../lib/gcc/nios2-elf/4.1.2/../../../../nios2-elf/lib/mno-hw-mul/libc.a(lib_a-int_errno.o)
 .text          0x02009100       0x14 /OPT/altera/12.1/nios2eds/bin/gnu/H-i686-pc-linux-gnu/bin/../lib/gcc/nios2-elf/4.1.2/../../../../nios2-elf/lib/mno-hw-mul/libc.a(lib_a-lcltime.o)
                0x02009100                localtime
 .text          0x02009114        0x8 /OPT/altera/12.1/nios2eds/bin/gnu/H-i686-pc-linux-gnu/bin/../lib/gcc/nios2-elf/4.1.2/../../../../nios2-elf/lib/mno-hw-mul/libc.a(lib_a-lcltime_r.o)
                0x02009114                localtime_r
 .text          0x0200911c      0x194 /OPT/altera/12.1/nios2eds/bin/gnu/H-i686-pc-linux-gnu/bin/../lib/gcc/nios2-elf/4.1.2/../../../../nios2-elf/lib/mno-hw-mul/libc.a(lib_a-makebuf.o)
                0x0200911c                __smakebuf_r
 .text          0x020092b0       0x28 /OPT/altera/12.1/nios2eds/bin/gnu/H-i686-pc-linux-gnu/bin/../lib/gcc/nios2-elf/4.1.2/../../../../nios2-elf/lib/mno-hw-mul/libc.a(lib_a-malloc.o)
                0x020092b0                free
                0x020092c4                malloc
 .text          0x020092d8      0x740 /OPT/altera/12.1/nios2eds/bin/gnu/H-i686-pc-linux-gnu/bin/../lib/gcc/nios2-elf/4.1.2/../../../../nios2-elf/lib/mno-hw-mul/libc.a(lib_a-mallocr.o)
                0x020092d8                _malloc_r
 .text          0x02009a18       0xe4 /OPT/altera/12.1/nios2eds/bin/gnu/H-i686-pc-linux-gnu/bin/../lib/gcc/nios2-elf/4.1.2/../../../../nios2-elf/lib/mno-hw-mul/libc.a(lib_a-memchr.o)
                0x02009a18                memchr
 .text          0x02009afc       0xa0 /OPT/altera/12.1/nios2eds/bin/gnu/H-i686-pc-linux-gnu/bin/../lib/gcc/nios2-elf/4.1.2/../../../../nios2-elf/lib/mno-hw-mul/libc.a(lib_a-memcpy.o)
                0x02009afc                memcpy
 .text          0x02009b9c       0xe0 /OPT/altera/12.1/nios2eds/bin/gnu/H-i686-pc-linux-gnu/bin/../lib/gcc/nios2-elf/4.1.2/../../../../nios2-elf/lib/mno-hw-mul/libc.a(lib_a-memmove.o)
                0x02009b9c                memmove
 .text          0x02009c7c       0x98 /OPT/altera/12.1/nios2eds/bin/gnu/H-i686-pc-linux-gnu/bin/../lib/gcc/nios2-elf/4.1.2/../../../../nios2-elf/lib/mno-hw-mul/libc.a(lib_a-memset.o)
                0x02009c7c                memset
 .text          0x02009d14      0x73c /OPT/altera/12.1/nios2eds/bin/gnu/H-i686-pc-linux-gnu/bin/../lib/gcc/nios2-elf/4.1.2/../../../../nios2-elf/lib/mno-hw-mul/libc.a(lib_a-mktm_r.o)
                0x02009d14                __tzcalc_limits
                0x02009f60                _mktm_r
 .text          0x0200a450       0x78 /OPT/altera/12.1/nios2eds/bin/gnu/H-i686-pc-linux-gnu/bin/../lib/gcc/nios2-elf/4.1.2/../../../../nios2-elf/lib/mno-hw-mul/libc.a(lib_a-openr.o)
                0x0200a450                _open_r
 .text          0x0200a4c8       0x78 /OPT/altera/12.1/nios2eds/bin/gnu/H-i686-pc-linux-gnu/bin/../lib/gcc/nios2-elf/4.1.2/../../../../nios2-elf/lib/mno-hw-mul/libc.a(lib_a-printf.o)
                0x0200a4c8                printf
                0x0200a50c                _printf_r
 .text          0x0200a540      0x1ec /OPT/altera/12.1/nios2eds/bin/gnu/H-i686-pc-linux-gnu/bin/../lib/gcc/nios2-elf/4.1.2/../../../../nios2-elf/lib/mno-hw-mul/libc.a(lib_a-putc.o)
                0x0200a540                putc
                0x0200a644                _putc_r
 .text          0x0200a72c       0xb4 /OPT/altera/12.1/nios2eds/bin/gnu/H-i686-pc-linux-gnu/bin/../lib/gcc/nios2-elf/4.1.2/../../../../nios2-elf/lib/mno-hw-mul/libc.a(lib_a-puts.o)
                0x0200a72c                _puts_r
                0x0200a7cc                puts
 .text          0x0200a7e0       0x1c /OPT/altera/12.1/nios2eds/bin/gnu/H-i686-pc-linux-gnu/bin/../lib/gcc/nios2-elf/4.1.2/../../../../nios2-elf/lib/mno-hw-mul/libc.a(lib_a-realloc.o)
                0x0200a7e0                realloc
 .text          0x0200a7fc      0x5f4 /OPT/altera/12.1/nios2eds/bin/gnu/H-i686-pc-linux-gnu/bin/../lib/gcc/nios2-elf/4.1.2/../../../../nios2-elf/lib/mno-hw-mul/libc.a(lib_a-reallocr.o)
                0x0200a7fc                _realloc_r
 .text          0x0200adf0      0x1e0 /OPT/altera/12.1/nios2eds/bin/gnu/H-i686-pc-linux-gnu/bin/../lib/gcc/nios2-elf/4.1.2/../../../../nios2-elf/lib/mno-hw-mul/libc.a(lib_a-refill.o)
                0x0200adf0                __srefill_r
 .text          0x0200afd0       0x70 /OPT/altera/12.1/nios2eds/bin/gnu/H-i686-pc-linux-gnu/bin/../lib/gcc/nios2-elf/4.1.2/../../../../nios2-elf/lib/mno-hw-mul/libc.a(lib_a-sbrkr.o)
                0x0200afd0                _sbrk_r
 .text          0x0200b040       0x78 /OPT/altera/12.1/nios2eds/bin/gnu/H-i686-pc-linux-gnu/bin/../lib/gcc/nios2-elf/4.1.2/../../../../nios2-elf/lib/mno-hw-mul/libc.a(lib_a-setjmp.o)
                0x0200b040                setjmp
                0x0200b078                longjmp
 .text          0x0200b0b8      0x2d8 /OPT/altera/12.1/nios2eds/bin/gnu/H-i686-pc-linux-gnu/bin/../lib/gcc/nios2-elf/4.1.2/../../../../nios2-elf/lib/mno-hw-mul/libc.a(lib_a-signal.o)
                0x0200b0b8                _raise_r
                0x0200b184                raise
                0x0200b198                _init_signal_r
                0x0200b1fc                _init_signal
                0x0200b20c                __sigtramp_r
                0x0200b2c0                __sigtramp
                0x0200b2d4                _signal_r
                0x0200b374                signal
 .text          0x0200b390       0x78 /OPT/altera/12.1/nios2eds/bin/gnu/H-i686-pc-linux-gnu/bin/../lib/gcc/nios2-elf/4.1.2/../../../../nios2-elf/lib/mno-hw-mul/libc.a(lib_a-signalr.o)
                0x0200b390                _getpid_r
                0x0200b394                _kill_r
 .text          0x0200b408       0xd4 /OPT/altera/12.1/nios2eds/bin/gnu/H-i686-pc-linux-gnu/bin/../lib/gcc/nios2-elf/4.1.2/../../../../nios2-elf/lib/mno-hw-mul/libc.a(lib_a-sprintf.o)
                0x0200b408                sprintf
                0x0200b47c                _sprintf_r
 .text          0x0200b4dc      0x14c /OPT/altera/12.1/nios2eds/bin/gnu/H-i686-pc-linux-gnu/bin/../lib/gcc/nios2-elf/4.1.2/../../../../nios2-elf/lib/mno-hw-mul/libc.a(lib_a-stdio.o)
                0x0200b4dc                __sclose
                0x0200b4e4                __sseek
                0x0200b54c                __swrite
                0x0200b5c8                __sread
 .text          0x0200b628       0x90 /OPT/altera/12.1/nios2eds/bin/gnu/H-i686-pc-linux-gnu/bin/../lib/gcc/nios2-elf/4.1.2/../../../../nios2-elf/lib/mno-hw-mul/libc.a(lib_a-strcat.o)
                0x0200b628                strcat
 .text          0x0200b6b8       0xbc /OPT/altera/12.1/nios2eds/bin/gnu/H-i686-pc-linux-gnu/bin/../lib/gcc/nios2-elf/4.1.2/../../../../nios2-elf/lib/mno-hw-mul/libc.a(lib_a-strcmp.o)
                0x0200b6b8                strcmp
 .text          0x0200b774       0x8c /OPT/altera/12.1/nios2eds/bin/gnu/H-i686-pc-linux-gnu/bin/../lib/gcc/nios2-elf/4.1.2/../../../../nios2-elf/lib/mno-hw-mul/libc.a(lib_a-strcpy.o)
                0x0200b774                strcpy
 .text          0x0200b800       0x74 /OPT/altera/12.1/nios2eds/bin/gnu/H-i686-pc-linux-gnu/bin/../lib/gcc/nios2-elf/4.1.2/../../../../nios2-elf/lib/mno-hw-mul/libc.a(lib_a-strlen.o)
                0x0200b800                strlen
 .text          0x0200b874       0xbc /OPT/altera/12.1/nios2eds/bin/gnu/H-i686-pc-linux-gnu/bin/../lib/gcc/nios2-elf/4.1.2/../../../../nios2-elf/lib/mno-hw-mul/libc.a(lib_a-strncpy.o)
                0x0200b874                strncpy
 .text          0x0200b930       0x5c /OPT/altera/12.1/nios2eds/bin/gnu/H-i686-pc-linux-gnu/bin/../lib/gcc/nios2-elf/4.1.2/../../../../nios2-elf/lib/mno-hw-mul/libc.a(lib_a-time.o)
                0x0200b930                time
 .text          0x0200b98c        0x8 /OPT/altera/12.1/nios2eds/bin/gnu/H-i686-pc-linux-gnu/bin/../lib/gcc/nios2-elf/4.1.2/../../../../nios2-elf/lib/mno-hw-mul/libc.a(lib_a-tzlock.o)
                0x0200b98c                __tz_lock
                0x0200b990                __tz_unlock
 .text          0x0200b994        0x0 /OPT/altera/12.1/nios2eds/bin/gnu/H-i686-pc-linux-gnu/bin/../lib/gcc/nios2-elf/4.1.2/../../../../nios2-elf/lib/mno-hw-mul/libc.a(lib_a-tzvars.o)
 .text          0x0200b994       0x1c /OPT/altera/12.1/nios2eds/bin/gnu/H-i686-pc-linux-gnu/bin/../lib/gcc/nios2-elf/4.1.2/../../../../nios2-elf/lib/mno-hw-mul/libc.a(lib_a-vfiprintfr_1.o)
                0x0200b994                _vfiprintf_r
 .text          0x0200b9b0     0x1f40 /OPT/altera/12.1/nios2eds/bin/gnu/H-i686-pc-linux-gnu/bin/../lib/gcc/nios2-elf/4.1.2/../../../../nios2-elf/lib/mno-hw-mul/libc.a(lib_a-vfprintf.o)
                0x0200ba08                ___vfprintf_internal_r
                0x0200d8cc                __vfprintf_internal
 .text          0x0200d8f0       0x74 /OPT/altera/12.1/nios2eds/bin/gnu/H-i686-pc-linux-gnu/bin/../lib/gcc/nios2-elf/4.1.2/../../../../nios2-elf/lib/mno-hw-mul/libc.a(lib_a-vsprintf.o)
                0x0200d8f0                _vsprintf_r
                0x0200d940                vsprintf
 .text          0x0200d964      0x14c /OPT/altera/12.1/nios2eds/bin/gnu/H-i686-pc-linux-gnu/bin/../lib/gcc/nios2-elf/4.1.2/../../../../nios2-elf/lib/mno-hw-mul/libc.a(lib_a-wbuf.o)
                0x0200d964                __swbuf_r
                0x0200da94                __swbuf
 .text          0x0200dab0       0x78 /OPT/altera/12.1/nios2eds/bin/gnu/H-i686-pc-linux-gnu/bin/../lib/gcc/nios2-elf/4.1.2/../../../../nios2-elf/lib/mno-hw-mul/libc.a(lib_a-writer.o)
                0x0200dab0                _write_r
 .text          0x0200db28      0x13c /OPT/altera/12.1/nios2eds/bin/gnu/H-i686-pc-linux-gnu/bin/../lib/gcc/nios2-elf/4.1.2/../../../../nios2-elf/lib/mno-hw-mul/libc.a(lib_a-wsetup.o)
                0x0200db28                __swsetup_r
 .text          0x0200dc64      0x134 /OPT/altera/12.1/nios2eds/bin/gnu/H-i686-pc-linux-gnu/bin/../lib/gcc/nios2-elf/4.1.2/../../../../nios2-elf/lib/mno-hw-mul/libc.a(lib_a-__atexit.o)
                0x0200dc64                __register_exitproc
 .text          0x0200dd98      0x1b4 /OPT/altera/12.1/nios2eds/bin/gnu/H-i686-pc-linux-gnu/bin/../lib/gcc/nios2-elf/4.1.2/../../../../nios2-elf/lib/mno-hw-mul/libc.a(lib_a-__call_atexit.o)
                0x0200dd9c                __call_exitprocs
 .text          0x0200df4c       0x14 /OPT/altera/12.1/nios2eds/bin/gnu/H-i686-pc-linux-gnu/bin/../lib/gcc/nios2-elf/4.1.2/../../../../nios2-elf/lib/mno-hw-mul/libc.a(lib_a-asctime.o)
                0x0200df4c                asctime
 .text          0x0200df60       0x90 /OPT/altera/12.1/nios2eds/bin/gnu/H-i686-pc-linux-gnu/bin/../lib/gcc/nios2-elf/4.1.2/../../../../nios2-elf/lib/mno-hw-mul/libc.a(lib_a-asctime_r.o)
                0x0200df60                asctime_r
 .text          0x0200dff0       0x70 /OPT/altera/12.1/nios2eds/bin/gnu/H-i686-pc-linux-gnu/bin/../lib/gcc/nios2-elf/4.1.2/../../../../nios2-elf/lib/mno-hw-mul/libc.a(lib_a-closer.o)
                0x0200dff0                _close_r
 .text          0x0200e060     0x17f8 /OPT/altera/12.1/nios2eds/bin/gnu/H-i686-pc-linux-gnu/bin/../lib/gcc/nios2-elf/4.1.2/../../../../nios2-elf/lib/mno-hw-mul/libc.a(lib_a-dtoa.o)
                0x0200e2a4                _dtoa_r
 .text          0x0200f858       0xa0 /OPT/altera/12.1/nios2eds/bin/gnu/H-i686-pc-linux-gnu/bin/../lib/gcc/nios2-elf/4.1.2/../../../../nios2-elf/lib/mno-hw-mul/libc.a(lib_a-flags.o)
                0x0200f858                __sflags
 .text          0x0200f8f8      0x49c /OPT/altera/12.1/nios2eds/bin/gnu/H-i686-pc-linux-gnu/bin/../lib/gcc/nios2-elf/4.1.2/../../../../nios2-elf/lib/mno-hw-mul/libc.a(lib_a-fvwrite.o)
                0x0200f8f8                __sfvwrite_r
 .text          0x0200fd94       0x74 /OPT/altera/12.1/nios2eds/bin/gnu/H-i686-pc-linux-gnu/bin/../lib/gcc/nios2-elf/4.1.2/../../../../nios2-elf/lib/mno-hw-mul/libc.a(lib_a-gettimeofdayr.o)
                0x0200fd94                _gettimeofday_r
 .text          0x0200fe08        0xc /OPT/altera/12.1/nios2eds/bin/gnu/H-i686-pc-linux-gnu/bin/../lib/gcc/nios2-elf/4.1.2/../../../../nios2-elf/lib/mno-hw-mul/libc.a(lib_a-gettzinfo.o)
                0x0200fe08                __gettzinfo
 .text          0x0200fe14       0x70 /OPT/altera/12.1/nios2eds/bin/gnu/H-i686-pc-linux-gnu/bin/../lib/gcc/nios2-elf/4.1.2/../../../../nios2-elf/lib/mno-hw-mul/libc.a(lib_a-isattyr.o)
                0x0200fe14                _isatty_r
 .text          0x0200fe84       0xc4 /OPT/altera/12.1/nios2eds/bin/gnu/H-i686-pc-linux-gnu/bin/../lib/gcc/nios2-elf/4.1.2/../../../../nios2-elf/lib/mno-hw-mul/libc.a(lib_a-locale.o)
                0x0200fe84                __locale_charset
                0x0200fe8c                _localeconv_r
                0x0200fe98                localeconv
                0x0200fea8                _setlocale_r
                0x0200ff2c                setlocale
 .text          0x0200ff48       0x78 /OPT/altera/12.1/nios2eds/bin/gnu/H-i686-pc-linux-gnu/bin/../lib/gcc/nios2-elf/4.1.2/../../../../nios2-elf/lib/mno-hw-mul/libc.a(lib_a-lseekr.o)
                0x0200ff48                _lseek_r
 .text          0x0200ffc0     0x108c /OPT/altera/12.1/nios2eds/bin/gnu/H-i686-pc-linux-gnu/bin/../lib/gcc/nios2-elf/4.1.2/../../../../nios2-elf/lib/mno-hw-mul/libc.a(lib_a-mprec.o)
                0x0200ffc0                _Bfree
                0x0200ffe8                __hi0bits
                0x02010058                __lo0bits
                0x0201011c                __mcmp
                0x0201017c                __ulp
                0x020101fc                __b2d
                0x0201031c                __ratio
                0x020103cc                _mprec_log10
                0x02010460                __copybits
                0x020104b8                __any_on
                0x02010540                _Balloc
                0x020105fc                __d2b
                0x02010778                __mdiff
                0x02010904                __lshift
                0x02010a50                __multiply
                0x02010ca4                __i2b
                0x02010ce0                __multadd
                0x02010e0c                __pow5mult
                0x02010f2c                __s2b
 .text          0x0201104c       0x78 /OPT/altera/12.1/nios2eds/bin/gnu/H-i686-pc-linux-gnu/bin/../lib/gcc/nios2-elf/4.1.2/../../../../nios2-elf/lib/mno-hw-mul/libc.a(lib_a-readr.o)
                0x0201104c                _read_r
 .text          0x020110c4       0x40 /OPT/altera/12.1/nios2eds/bin/gnu/H-i686-pc-linux-gnu/bin/../lib/gcc/nios2-elf/4.1.2/../../../../nios2-elf/lib/mno-hw-mul/libc.a(lib_a-s_isinfd.o)
                0x020110c4                __isinfd
 .text          0x02011104       0x30 /OPT/altera/12.1/nios2eds/bin/gnu/H-i686-pc-linux-gnu/bin/../lib/gcc/nios2-elf/4.1.2/../../../../nios2-elf/lib/mno-hw-mul/libc.a(lib_a-s_isnand.o)
                0x02011104                __isnand
 .text          0x02011134     0x113c /OPT/altera/12.1/nios2eds/bin/gnu/H-i686-pc-linux-gnu/bin/../lib/gcc/nios2-elf/4.1.2/../../../../nios2-elf/lib/mno-hw-mul/libc.a(lib_a-vfiprintf.o)
                0x0201118c                ___vfiprintf_internal_r
                0x0201224c                __vfiprintf_internal
 .text          0x02012270      0x66c /OPT/altera/12.1/nios2eds/bin/gnu/H-i686-pc-linux-gnu/bin/../lib/gcc/nios2-elf/4.1.2/mno-hw-mul/libgcc.a(_udivdi3.o)
                0x02012270                __udivdi3
 .text          0x020128dc      0x660 /OPT/altera/12.1/nios2eds/bin/gnu/H-i686-pc-linux-gnu/bin/../lib/gcc/nios2-elf/4.1.2/mno-hw-mul/libgcc.a(_umoddi3.o)
                0x020128dc                __umoddi3
 .text          0x02012f3c      0x3c4 /OPT/altera/12.1/nios2eds/bin/gnu/H-i686-pc-linux-gnu/bin/../lib/gcc/nios2-elf/4.1.2/mno-hw-mul/libgcc.a(_mul_df.o)
                0x02012f3c                __muldf3
 .text          0x02013300      0x258 /OPT/altera/12.1/nios2eds/bin/gnu/H-i686-pc-linux-gnu/bin/../lib/gcc/nios2-elf/4.1.2/mno-hw-mul/libgcc.a(_div_df.o)
                0x02013300                __divdf3
 .text          0x02013558       0x88 /OPT/altera/12.1/nios2eds/bin/gnu/H-i686-pc-linux-gnu/bin/../lib/gcc/nios2-elf/4.1.2/mno-hw-mul/libgcc.a(_eq_df.o)
                0x02013558                __eqdf2
 .text          0x020135e0       0x88 /OPT/altera/12.1/nios2eds/bin/gnu/H-i686-pc-linux-gnu/bin/../lib/gcc/nios2-elf/4.1.2/mno-hw-mul/libgcc.a(_ne_df.o)
                0x020135e0                __nedf2
 .text          0x02013668       0x88 /OPT/altera/12.1/nios2eds/bin/gnu/H-i686-pc-linux-gnu/bin/../lib/gcc/nios2-elf/4.1.2/mno-hw-mul/libgcc.a(_gt_df.o)
                0x02013668                __gtdf2
 .text          0x020136f0       0x88 /OPT/altera/12.1/nios2eds/bin/gnu/H-i686-pc-linux-gnu/bin/../lib/gcc/nios2-elf/4.1.2/mno-hw-mul/libgcc.a(_ge_df.o)
                0x020136f0                __gedf2
 .text          0x02013778       0x88 /OPT/altera/12.1/nios2eds/bin/gnu/H-i686-pc-linux-gnu/bin/../lib/gcc/nios2-elf/4.1.2/mno-hw-mul/libgcc.a(_lt_df.o)
                0x02013778                __ltdf2
 .text          0x02013800       0xf8 /OPT/altera/12.1/nios2eds/bin/gnu/H-i686-pc-linux-gnu/bin/../lib/gcc/nios2-elf/4.1.2/mno-hw-mul/libgcc.a(_si_to_df.o)
                0x02013800                __floatsidf
 .text          0x020138f8       0xd8 /OPT/altera/12.1/nios2eds/bin/gnu/H-i686-pc-linux-gnu/bin/../lib/gcc/nios2-elf/4.1.2/mno-hw-mul/libgcc.a(_df_to_si.o)
                0x020138f8                __fixdfsi
 .text          0x020139d0      0x194 /OPT/altera/12.1/nios2eds/bin/gnu/H-i686-pc-linux-gnu/bin/../lib/gcc/nios2-elf/4.1.2/mno-hw-mul/libgcc.a(_usi_to_df.o)
                0x020139d0                __floatunsidf
 .text          0x02013b64      0x124 /OPT/altera/12.1/nios2eds/bin/gnu/H-i686-pc-linux-gnu/bin/../lib/gcc/nios2-elf/4.1.2/mno-hw-mul/libgcc.a(_muldi3.o)
                0x02013b64                __muldi3
 .text          0x02013c88        0x0 /OPT/altera/12.1/nios2eds/bin/gnu/H-i686-pc-linux-gnu/bin/../lib/gcc/nios2-elf/4.1.2/mno-hw-mul/libgcc.a(_clz.o)
 .text          0x02013c88       0x80 /OPT/altera/12.1/nios2eds/bin/gnu/H-i686-pc-linux-gnu/bin/../lib/gcc/nios2-elf/4.1.2/mno-hw-mul/libgcc.a(_clzsi2.o)
                0x02013c88                __clzsi2
 .text          0x02013d08      0x160 ../electronic_engine_control_bsp//libucosii_bsp.a(alt_close.o)
                0x02013d08                close
 .text          0x02013e68       0x2c ../electronic_engine_control_bsp//libucosii_bsp.a(alt_dev.o)
 .text          0x02013e94        0x0 ../electronic_engine_control_bsp//libucosii_bsp.a(alt_errno.o)
 .text          0x02013e94       0x6c ../electronic_engine_control_bsp//libucosii_bsp.a(alt_exit.o)
                0x02013ed4                _exit
 .text          0x02013f00      0x138 ../electronic_engine_control_bsp//libucosii_bsp.a(alt_fstat.o)
                0x02013f00                fstat
 .text          0x02014038       0x20 ../electronic_engine_control_bsp//libucosii_bsp.a(alt_getpid.o)
                0x02014038                getpid
 .text          0x02014058      0x21c ../electronic_engine_control_bsp//libucosii_bsp.a(alt_gettod.o)
                0x02014058                gettimeofday
 .text          0x02014274      0x124 ../electronic_engine_control_bsp//libucosii_bsp.a(alt_isatty.o)
                0x02014274                isatty
 .text          0x02014398      0x1a0 ../electronic_engine_control_bsp//libucosii_bsp.a(alt_kill.o)
                0x02014398                kill
 .text          0x02014538      0x154 ../electronic_engine_control_bsp//libucosii_bsp.a(alt_lseek.o)
                0x02014538                lseek
 .text          0x0201468c       0xc8 ../electronic_engine_control_bsp//libucosii_bsp.a(alt_main.o)
                0x0201468c                alt_main
 .text          0x02014754      0x2e4 ../electronic_engine_control_bsp//libucosii_bsp.a(alt_open.o)
                0x0201484c                open
 .text          0x02014a38      0x184 ../electronic_engine_control_bsp//libucosii_bsp.a(alt_read.o)
                0x02014a38                read
 .text          0x02014bbc       0x78 ../electronic_engine_control_bsp//libucosii_bsp.a(alt_release_fd.o)
                0x02014bbc                alt_release_fd
 .text          0x02014c34       0xbc ../electronic_engine_control_bsp//libucosii_bsp.a(alt_sbrk.o)
                0x02014c34                sbrk
 .text          0x02014cf0      0x1a8 ../electronic_engine_control_bsp//libucosii_bsp.a(alt_tick.o)
                0x02014cf0                alt_alarm_stop
                0x02014d88                alt_tick
 .text          0x02014e98      0x184 ../electronic_engine_control_bsp//libucosii_bsp.a(alt_write.o)
                0x02014e98                write
 .text          0x0201501c      0x108 ../electronic_engine_control_bsp//libucosii_bsp.a(alt_env_lock.o)
                0x0201501c                __env_lock
                0x020150c8                __env_unlock
 .text          0x02015124      0x1d8 ../electronic_engine_control_bsp//libucosii_bsp.a(alt_malloc_lock.o)
                0x02015124                __malloc_lock
                0x0201522c                __malloc_unlock
 .text          0x020152fc     0x2128 ../electronic_engine_control_bsp//libucosii_bsp.a(os_core.o)
                0x020152fc                OSEventNameGet
                0x0201542c                OSEventNameSet
                0x02015570                OSEventPendMulti
                0x02015c24                OSInit
                0x02015c78                OSIntEnter
                0x02015cf4                OSIntExit
                0x02015df4                OSSchedLock
                0x02015e80                OSSchedUnlock
                0x02015f64                OSStart
                0x02015fd4                OSStatInit
                0x02016080                OSTimeTick
                0x020162c0                OSVersion
                0x020162e0                OS_Dummy
                0x020162fc                OS_EventTaskRdy
                0x02016490                OS_EventTaskWait
                0x020165a0                OS_EventTaskWaitMulti
                0x020166f4                OS_EventTaskRemove
                0x020167ac                OS_EventTaskRemoveMulti
                0x020168b0                OS_EventWaitListInit
                0x02016c7c                OS_MemClr
                0x02016cd0                OS_MemCopy
                0x02016d3c                OS_Sched
                0x02016e80                OS_StrCopy
                0x02016f00                OS_StrLen
                0x02016f58                OS_TaskIdle
                0x02016fb4                OS_TaskStat
                0x0201707c                OS_TaskStatStkChk
                0x02017144                OS_TCBInit
 .text          0x02017424      0x18c ../electronic_engine_control_bsp//libucosii_bsp.a(os_dbg.o)
                0x02017424                OSDebugInit
 .text          0x020175b0     0x193c ../electronic_engine_control_bsp//libucosii_bsp.a(os_flag.o)
                0x020175b0                OSFlagAccept
                0x020178e4                OSFlagCreate
                0x02017a20                OSFlagDel
                0x02017cc8                OSFlagNameGet
                0x02017e0c                OSFlagNameSet
                0x02017f60                OSFlagPend
                0x020185a4                OSFlagPendGetFlagsRdy
                0x0201860c                OSFlagPost
                0x020189b4                OSFlagQuery
                0x02018c4c                OS_FlagInit
                0x02018e40                OS_FlagUnlink
 .text          0x02018eec      0x80c ../electronic_engine_control_bsp//libucosii_bsp.a(os_mem.o)
                0x02018eec                OSMemCreate
                0x02019108                OSMemGet
                0x0201920c                OSMemNameGet
                0x02019318                OSMemNameSet
                0x02019438                OSMemPut
                0x02019528                OSMemQuery
                0x02019624                OS_MemInit
 .text          0x020196f8     0x1334 ../electronic_engine_control_bsp//libucosii_bsp.a(os_q.o)
                0x020196f8                OSQAccept
                0x0201984c                OSQCreate
                0x02019a60                OSQDel
                0x02019d60                OSQFlush
                0x02019e28                OSQPend
                0x0201a148                OSQPendAbort
                0x0201a2c4                OSQPost
                0x0201a444                OSQPostFront
                0x0201a5cc                OSQPostOpt
                0x0201a800                OSQQuery
                0x0201a980                OS_QInit
 .text          0x0201aa2c      0xbc8 ../electronic_engine_control_bsp//libucosii_bsp.a(os_sem.o)
                0x0201aa2c                OSSemAccept
                0x0201aaec                OSSemCreate
                0x0201ac00                OSSemDel
                0x0201aea0                OSSemPend
                0x0201b11c                OSSemPendAbort
                0x0201b298                OSSemPost
                0x0201b3c0                OSSemQuery
                0x0201b4f0                OSSemSet
 .text          0x0201b5f4     0x1a40 ../electronic_engine_control_bsp//libucosii_bsp.a(os_task.o)
                0x0201b5f4                OSTaskChangePrio
                0x0201bb68                OSTaskCreate
                0x0201bd3c                OSTaskCreateExt
                0x0201bf3c                OSTaskDel
                0x0201c348                OSTaskDelReq
                0x0201c4b8                OSTaskNameGet
                0x0201c670                OSTaskNameSet
                0x0201c834                OSTaskResume
                0x0201ca4c                OSTaskStkChk
                0x0201cc48                OSTaskSuspend
                0x0201ce74                OSTaskQuery
                0x0201cfb8                OS_TaskStkClr
 .text          0x0201d034      0x5b4 ../electronic_engine_control_bsp//libucosii_bsp.a(os_time.o)
                0x0201d034                OSTimeDly
                0x0201d180                OSTimeDlyHMSM
                0x0201d310                OSTimeDlyResume
                0x0201d520                OSTimeGet
                0x0201d584                OSTimeSet
 .text          0x0201d5e8       0xd4 ../electronic_engine_control_bsp//libucosii_bsp.a(alt_sys_init.o)
                0x0201d5e8                alt_irq_init
                0x0201d61c                alt_sys_init
 .text          0x0201d6bc      0x148 ../electronic_engine_control_bsp//libucosii_bsp.a(altera_avalon_jtag_uart_fd.o)
                0x0201d6bc                altera_avalon_jtag_uart_read_fd
                0x0201d714                altera_avalon_jtag_uart_write_fd
                0x0201d76c                altera_avalon_jtag_uart_close_fd
                0x0201d7b4                altera_avalon_jtag_uart_ioctl_fd
 .text          0x0201d804      0x584 ../electronic_engine_control_bsp//libucosii_bsp.a(altera_avalon_jtag_uart_init.o)
                0x0201d804                altera_avalon_jtag_uart_init
                0x0201dd14                altera_avalon_jtag_uart_close
 .text          0x0201dd88       0xf4 ../electronic_engine_control_bsp//libucosii_bsp.a(altera_avalon_jtag_uart_ioctl.o)
                0x0201dd88                altera_avalon_jtag_uart_ioctl
 .text          0x0201de7c      0x2c0 ../electronic_engine_control_bsp//libucosii_bsp.a(altera_avalon_jtag_uart_read.o)
                0x0201de7c                altera_avalon_jtag_uart_read
 .text          0x0201e13c      0x2dc ../electronic_engine_control_bsp//libucosii_bsp.a(altera_avalon_jtag_uart_write.o)
                0x0201e13c                altera_avalon_jtag_uart_write
 .text          0x0201e418      0x100 ../electronic_engine_control_bsp//libucosii_bsp.a(altera_avalon_timer_sc.o)
                0x0201e488                alt_avalon_timer_sc_init
 .text          0x0201e518      0x180 ../electronic_engine_control_bsp//libucosii_bsp.a(altera_up_avalon_de0_nano_adc.o)
                0x0201e518                alt_up_de0_nano_adc_open_dev
                0x0201e558                alt_up_de0_nano_adc_read
 .text          0x0201e698      0x154 ../electronic_engine_control_bsp//libucosii_bsp.a(alt_alarm_start.o)
                0x0201e698                alt_alarm_start
 .text          0x0201e7ec      0x114 ../electronic_engine_control_bsp//libucosii_bsp.a(alt_dev_llist_insert.o)
                0x0201e7ec                alt_dev_llist_insert
 .text          0x0201e900       0x64 ../electronic_engine_control_bsp//libucosii_bsp.a(alt_do_ctors.o)
                0x0201e900                _do_ctors
 .text          0x0201e964       0x64 ../electronic_engine_control_bsp//libucosii_bsp.a(alt_do_dtors.o)
                0x0201e964                _do_dtors
 .text          0x0201e9c8       0x94 ../electronic_engine_control_bsp//libucosii_bsp.a(alt_find_dev.o)
                0x0201e9c8                alt_find_dev
 .text          0x0201ea5c      0x120 ../electronic_engine_control_bsp//libucosii_bsp.a(alt_find_file.o)
                0x0201ea5c                alt_find_file
 .text          0x0201eb7c      0x104 ../electronic_engine_control_bsp//libucosii_bsp.a(alt_get_fd.o)
                0x0201eb7c                alt_get_fd
 .text          0x0201ec80      0x1d4 ../electronic_engine_control_bsp//libucosii_bsp.a(alt_iic.o)
                0x0201ec80                alt_ic_isr_register
                0x0201ecd0                alt_ic_irq_enable
                0x0201ed6c                alt_ic_irq_disable
                0x0201ee0c                alt_ic_irq_enabled
 .text          0x0201ee54       0xf8 ../electronic_engine_control_bsp//libucosii_bsp.a(alt_iic_isr_register.o)
                0x0201ee54                alt_iic_isr_register
 .text          0x0201ef4c      0x150 ../electronic_engine_control_bsp//libucosii_bsp.a(alt_io_redirect.o)
                0x0201f024                alt_io_redirect
 .text          0x0201f09c        0x0 ../electronic_engine_control_bsp//libucosii_bsp.a(alt_irq_entry.o)
 .text          0x0201f09c        0x0 ../electronic_engine_control_bsp//libucosii_bsp.a(alt_irq_handler.o)
 .text          0x0201f09c        0x0 ../electronic_engine_control_bsp//libucosii_bsp.a(alt_irq_vars.o)
 .text          0x0201f09c       0x20 ../electronic_engine_control_bsp//libucosii_bsp.a(altera_nios2_qsys_irq.o)
                0x0201f09c                altera_nios2_qsys_irq_init
 .text          0x0201f0bc       0xd0 ../electronic_engine_control_bsp//libucosii_bsp.a(os_cpu_a.o)
                0x0201f0bc                OSCtxSw
                0x0201f0bc                OSIntCtxSw
                0x0201f148                OSStartHighRdy
                0x0201f168                OSStartTsk
 .text          0x0201f18c      0x418 ../electronic_engine_control_bsp//libucosii_bsp.a(os_cpu_c.o)
                0x0201f18c                OSTaskStkInit
                0x0201f49c                OSTaskCreateHook
                0x0201f4bc                OSTaskDelHook
                0x0201f4dc                OSTaskSwHook
                0x0201f4f8                OSTaskStatHook
                0x0201f514                OSTimeTickHook
                0x0201f530                OSInitHookBegin
                0x0201f54c                OSInitHookEnd
                0x0201f568                OSTaskIdleHook
                0x0201f584                OSTCBInitHook
 .text          0x0201f5a4        0x0 ../electronic_engine_control_bsp//libucosii_bsp.a(alt_exception_entry.o)
 .text          0x0201f5a4       0x74 /OPT/altera/12.1/nios2eds/bin/gnu/H-i686-pc-linux-gnu/bin/../lib/gcc/nios2-elf/4.1.2/../../../../nios2-elf/lib/mno-hw-mul/libc.a(lib_a-memcmp.o)
                0x0201f5a4                memcmp
 *(.gnu.warning.*)
 *(.fini)
                0x0201f618                PROVIDE (__etext, ABSOLUTE (.))
                0x0201f618                PROVIDE (_etext, ABSOLUTE (.))
                0x0201f618                PROVIDE (etext, ABSOLUTE (.))
 *(.eh_frame_hdr)
                0x0201f618                . = ALIGN (0x4)
                0x0201f618                PROVIDE (__preinit_array_start, ABSOLUTE (.))
 *(.preinit_array)
                0x0201f618                PROVIDE (__preinit_array_end, ABSOLUTE (.))
                0x0201f618                PROVIDE (__init_array_start, ABSOLUTE (.))
 *(.init_array)
                0x0201f618                PROVIDE (__init_array_end, ABSOLUTE (.))
                0x0201f618                PROVIDE (__fini_array_start, ABSOLUTE (.))
 *(.fini_array)
                0x0201f618                PROVIDE (__fini_array_end, ABSOLUTE (.))
 *(.eh_frame)
 *(.gcc_except_table)
 *(.dynamic)
                0x0201f618                PROVIDE (__CTOR_LIST__, ABSOLUTE (.))
 *(.ctors)
 *(SORT(.ctors.*))
 .ctors.65535   0x0201f618        0x4 /OPT/altera/12.1/nios2eds/bin/gnu/H-i686-pc-linux-gnu/bin/../lib/gcc/nios2-elf/4.1.2/../../../../nios2-elf/lib/mno-hw-mul/libc.a(lib_a-__call_atexit.o)
                0x0201f61c                PROVIDE (__CTOR_END__, ABSOLUTE (.))
                0x0201f61c                PROVIDE (__DTOR_LIST__, ABSOLUTE (.))
 *(.dtors)
 *(SORT(.dtors.*))
                0x0201f61c                PROVIDE (__DTOR_END__, ABSOLUTE (.))
 *(.jcr)
                0x0201f61c                . = ALIGN (0x4)

.rodata         0x0201f61c     0x24fc
                0x0201f61c                PROVIDE (__ram_rodata_start, ABSOLUTE (.))
                0x0201f61c                . = ALIGN (0x4)
 *(.rodata .rodata.* .gnu.linkonce.r.*)
 .rodata        0x0201f61c       0x2c obj/default/apps_motor_proc.o
 .rodata        0x0201f648       0x14 obj/default/failure_handler_proc.o
 .rodata        0x0201f65c       0x24 obj/default/main.o
 .rodata        0x0201f680      0x170 obj/default/tests/CuTest.o
 .rodata        0x0201f7f0     0x1aa0 obj/default/tests/memwatch.o
 .rodata        0x02021290       0x48 obj/default/tps_proc.o
 .rodata        0x020212d8       0x24 obj/default/ui_proc.o
 .rodata        0x020212fc       0x14 /OPT/altera/12.1/nios2eds/bin/gnu/H-i686-pc-linux-gnu/bin/../lib/gcc/nios2-elf/4.1.2/mno-hw-mul/libgcc.a(_thenan_df.o)
                0x020212fc                __thenan_df
 .rodata.str1.4
                0x02021310       0x3d /OPT/altera/12.1/nios2eds/bin/gnu/H-i686-pc-linux-gnu/bin/../lib/gcc/nios2-elf/4.1.2/../../../../nios2-elf/lib/mno-hw-mul/libc.a(lib_a-assert.o)
                                 0x44 (size before relaxing)
 .rodata        0x0202134d      0x281 /OPT/altera/12.1/nios2eds/bin/gnu/H-i686-pc-linux-gnu/bin/../lib/gcc/nios2-elf/4.1.2/../../../../nios2-elf/lib/mno-hw-mul/libc.a(lib_a-ctype_.o)
                0x0202134d                _ctype_
 *fill*         0x020215ce        0x2 00
 .rodata.str1.4
                0x020215d0        0x2 /OPT/altera/12.1/nios2eds/bin/gnu/H-i686-pc-linux-gnu/bin/../lib/gcc/nios2-elf/4.1.2/../../../../nios2-elf/lib/mno-hw-mul/libc.a(lib_a-impure.o)
                                  0x4 (size before relaxing)
 *fill*         0x020215d2        0x2 00
 .rodata        0x020215d4       0x60 /OPT/altera/12.1/nios2eds/bin/gnu/H-i686-pc-linux-gnu/bin/../lib/gcc/nios2-elf/4.1.2/../../../../nios2-elf/lib/mno-hw-mul/libc.a(lib_a-mktm_r.o)
 .rodata.str1.4
                0x02021634        0x2 /OPT/altera/12.1/nios2eds/bin/gnu/H-i686-pc-linux-gnu/bin/../lib/gcc/nios2-elf/4.1.2/../../../../nios2-elf/lib/mno-hw-mul/libc.a(lib_a-puts.o)
                                  0x4 (size before relaxing)
 *fill*         0x02021636        0x2 00
 .rodata.str1.4
                0x02021638        0x4 /OPT/altera/12.1/nios2eds/bin/gnu/H-i686-pc-linux-gnu/bin/../lib/gcc/nios2-elf/4.1.2/../../../../nios2-elf/lib/mno-hw-mul/libc.a(lib_a-tzvars.o)
 .rodata.str1.4
                0x0202163c       0x5e /OPT/altera/12.1/nios2eds/bin/gnu/H-i686-pc-linux-gnu/bin/../lib/gcc/nios2-elf/4.1.2/../../../../nios2-elf/lib/mno-hw-mul/libc.a(lib_a-vfprintf.o)
                                 0x60 (size before relaxing)
 .rodata        0x0202169a       0x20 /OPT/altera/12.1/nios2eds/bin/gnu/H-i686-pc-linux-gnu/bin/../lib/gcc/nios2-elf/4.1.2/../../../../nios2-elf/lib/mno-hw-mul/libc.a(lib_a-vfprintf.o)
 *fill*         0x020216ba        0x2 00
 .rodata.str1.4
                0x020216bc       0x20 /OPT/altera/12.1/nios2eds/bin/gnu/H-i686-pc-linux-gnu/bin/../lib/gcc/nios2-elf/4.1.2/../../../../nios2-elf/lib/mno-hw-mul/libc.a(lib_a-asctime_r.o)
 .rodata        0x020216dc       0x39 /OPT/altera/12.1/nios2eds/bin/gnu/H-i686-pc-linux-gnu/bin/../lib/gcc/nios2-elf/4.1.2/../../../../nios2-elf/lib/mno-hw-mul/libc.a(lib_a-asctime_r.o)
 *fill*         0x02021715        0x3 00
 .rodata.str1.4
                0x02021718       0x10 /OPT/altera/12.1/nios2eds/bin/gnu/H-i686-pc-linux-gnu/bin/../lib/gcc/nios2-elf/4.1.2/../../../../nios2-elf/lib/mno-hw-mul/libc.a(lib_a-dtoa.o)
                                 0x14 (size before relaxing)
 .rodata.str1.4
                0x02021728       0x10 /OPT/altera/12.1/nios2eds/bin/gnu/H-i686-pc-linux-gnu/bin/../lib/gcc/nios2-elf/4.1.2/../../../../nios2-elf/lib/mno-hw-mul/libc.a(lib_a-locale.o)
                                 0x18 (size before relaxing)
 .rodata        0x02021738       0x30 /OPT/altera/12.1/nios2eds/bin/gnu/H-i686-pc-linux-gnu/bin/../lib/gcc/nios2-elf/4.1.2/../../../../nios2-elf/lib/mno-hw-mul/libc.a(lib_a-locale.o)
 .rodata        0x02021768      0x124 /OPT/altera/12.1/nios2eds/bin/gnu/H-i686-pc-linux-gnu/bin/../lib/gcc/nios2-elf/4.1.2/../../../../nios2-elf/lib/mno-hw-mul/libc.a(lib_a-mprec.o)
                0x02021768                __mprec_tens
                0x02021830                __mprec_bigtens
                0x02021858                __mprec_tinytens
 .rodata.str1.4
                0x00000000       0x4c /OPT/altera/12.1/nios2eds/bin/gnu/H-i686-pc-linux-gnu/bin/../lib/gcc/nios2-elf/4.1.2/../../../../nios2-elf/lib/mno-hw-mul/libc.a(lib_a-vfiprintf.o)
 .rodata        0x0202188c       0x20 /OPT/altera/12.1/nios2eds/bin/gnu/H-i686-pc-linux-gnu/bin/../lib/gcc/nios2-elf/4.1.2/../../../../nios2-elf/lib/mno-hw-mul/libc.a(lib_a-vfiprintf.o)
 .rodata        0x020218ac      0x100 /OPT/altera/12.1/nios2eds/bin/gnu/H-i686-pc-linux-gnu/bin/../lib/gcc/nios2-elf/4.1.2/mno-hw-mul/libgcc.a(_clz.o)
                0x020218ac                __clz_tab
 .rodata        0x020219ac        0xc ../electronic_engine_control_bsp//libucosii_bsp.a(alt_dev.o)
 .rodata        0x020219b8       0x14 ../electronic_engine_control_bsp//libucosii_bsp.a(alt_main.o)
 .rodata        0x020219cc      0x120 ../electronic_engine_control_bsp//libucosii_bsp.a(os_core.o)
                0x020219cc                OSUnMapTbl
 .rodata        0x02021aec       0x28 ../electronic_engine_control_bsp//libucosii_bsp.a(alt_sys_init.o)
 .rodata        0x02021b14        0x4 ../electronic_engine_control_bsp//libucosii_bsp.a(os_cpu_c.o)
 *(.rodata1)
                0x02021b18                . = ALIGN (0x4)
                0x02021b18                PROVIDE (__ram_rodata_end, ABSOLUTE (.))
                0x0201f61c                PROVIDE (__flash_rodata_start, LOADADDR (.rodata))

.rwdata         0x02021b18     0x1b78
                0x02021b18                PROVIDE (__ram_rwdata_start, ABSOLUTE (.))
                0x02021b18                . = ALIGN (0x4)
 *(.got.plt)
 *(.got)
 *(.data1)
 *(.data .data.* .gnu.linkonce.d.*)
 .data          0x02021b18        0x0 ../electronic_engine_control_bsp//obj/HAL/src/crt0.o
 .data          0x02021b18        0x0 obj/default/apps_motor_proc.o
 .data          0x02021b18        0x0 obj/default/failure_handler_proc.o
 .data          0x02021b18        0x0 obj/default/main.o
 .data          0x02021b18        0x0 obj/default/tests/CuTest.o
 .data          0x02021b18        0xc obj/default/tests/memwatch.o
 .data          0x02021b24        0x0 obj/default/tests/testbench.o
 .data          0x02021b24        0x0 obj/default/tps_proc.o
 .data          0x02021b24        0x0 obj/default/ui_proc.o
 .data          0x02021b24        0x0 obj/default/util.o
 .data          0x02021b24        0x0 /OPT/altera/12.1/nios2eds/bin/gnu/H-i686-pc-linux-gnu/bin/../lib/gcc/nios2-elf/4.1.2/mno-hw-mul/libgcc.a(_addsub_df.o)
 .data          0x02021b24        0x0 /OPT/altera/12.1/nios2eds/bin/gnu/H-i686-pc-linux-gnu/bin/../lib/gcc/nios2-elf/4.1.2/mno-hw-mul/libgcc.a(_le_df.o)
 .data          0x02021b24        0x0 /OPT/altera/12.1/nios2eds/bin/gnu/H-i686-pc-linux-gnu/bin/../lib/gcc/nios2-elf/4.1.2/mno-hw-mul/libgcc.a(_thenan_df.o)
 .data          0x02021b24        0x0 /OPT/altera/12.1/nios2eds/bin/gnu/H-i686-pc-linux-gnu/bin/../lib/gcc/nios2-elf/4.1.2/mno-hw-mul/libgcc.a(lib2-divmod.o)
 .data          0x02021b24        0x0 /OPT/altera/12.1/nios2eds/bin/gnu/H-i686-pc-linux-gnu/bin/../lib/gcc/nios2-elf/4.1.2/mno-hw-mul/libgcc.a(lib2-mul.o)
 .data          0x02021b24        0x0 /OPT/altera/12.1/nios2eds/bin/gnu/H-i686-pc-linux-gnu/bin/../lib/gcc/nios2-elf/4.1.2/mno-hw-mul/libgcc.a(_pack_df.o)
 .data          0x02021b24        0x0 /OPT/altera/12.1/nios2eds/bin/gnu/H-i686-pc-linux-gnu/bin/../lib/gcc/nios2-elf/4.1.2/mno-hw-mul/libgcc.a(_unpack_df.o)
 .data          0x02021b24        0x0 /OPT/altera/12.1/nios2eds/bin/gnu/H-i686-pc-linux-gnu/bin/../lib/gcc/nios2-elf/4.1.2/mno-hw-mul/libgcc.a(_fpcmp_parts_df.o)
 .data          0x02021b24        0x0 /OPT/altera/12.1/nios2eds/bin/gnu/H-i686-pc-linux-gnu/bin/../lib/gcc/nios2-elf/4.1.2/../../../../nios2-elf/lib/mno-hw-mul/libc.a(lib_a-abort.o)
 .data          0x02021b24        0x0 /OPT/altera/12.1/nios2eds/bin/gnu/H-i686-pc-linux-gnu/bin/../lib/gcc/nios2-elf/4.1.2/../../../../nios2-elf/lib/mno-hw-mul/libc.a(lib_a-assert.o)
 .data          0x02021b24        0x0 /OPT/altera/12.1/nios2eds/bin/gnu/H-i686-pc-linux-gnu/bin/../lib/gcc/nios2-elf/4.1.2/../../../../nios2-elf/lib/mno-hw-mul/libc.a(lib_a-atexit.o)
 .data          0x02021b24        0x0 /OPT/altera/12.1/nios2eds/bin/gnu/H-i686-pc-linux-gnu/bin/../lib/gcc/nios2-elf/4.1.2/../../../../nios2-elf/lib/mno-hw-mul/libc.a(lib_a-calloc.o)
 .data          0x02021b24        0x0 /OPT/altera/12.1/nios2eds/bin/gnu/H-i686-pc-linux-gnu/bin/../lib/gcc/nios2-elf/4.1.2/../../../../nios2-elf/lib/mno-hw-mul/libc.a(lib_a-callocr.o)
 .data          0x02021b24        0x0 /OPT/altera/12.1/nios2eds/bin/gnu/H-i686-pc-linux-gnu/bin/../lib/gcc/nios2-elf/4.1.2/../../../../nios2-elf/lib/mno-hw-mul/libc.a(lib_a-ctime.o)
 .data          0x02021b24        0x0 /OPT/altera/12.1/nios2eds/bin/gnu/H-i686-pc-linux-gnu/bin/../lib/gcc/nios2-elf/4.1.2/../../../../nios2-elf/lib/mno-hw-mul/libc.a(lib_a-ctype_.o)
 .data          0x02021b24        0x0 /OPT/altera/12.1/nios2eds/bin/gnu/H-i686-pc-linux-gnu/bin/../lib/gcc/nios2-elf/4.1.2/../../../../nios2-elf/lib/mno-hw-mul/libc.a(lib_a-exit.o)
 .data          0x02021b24        0x0 /OPT/altera/12.1/nios2eds/bin/gnu/H-i686-pc-linux-gnu/bin/../lib/gcc/nios2-elf/4.1.2/../../../../nios2-elf/lib/mno-hw-mul/libc.a(lib_a-fclose.o)
 .data          0x02021b24        0x0 /OPT/altera/12.1/nios2eds/bin/gnu/H-i686-pc-linux-gnu/bin/../lib/gcc/nios2-elf/4.1.2/../../../../nios2-elf/lib/mno-hw-mul/libc.a(lib_a-fflush.o)
 .data          0x02021b24        0x0 /OPT/altera/12.1/nios2eds/bin/gnu/H-i686-pc-linux-gnu/bin/../lib/gcc/nios2-elf/4.1.2/../../../../nios2-elf/lib/mno-hw-mul/libc.a(lib_a-fgets.o)
 .data          0x02021b24        0x0 /OPT/altera/12.1/nios2eds/bin/gnu/H-i686-pc-linux-gnu/bin/../lib/gcc/nios2-elf/4.1.2/../../../../nios2-elf/lib/mno-hw-mul/libc.a(lib_a-findfp.o)
 .data          0x02021b24        0x0 /OPT/altera/12.1/nios2eds/bin/gnu/H-i686-pc-linux-gnu/bin/../lib/gcc/nios2-elf/4.1.2/../../../../nios2-elf/lib/mno-hw-mul/libc.a(lib_a-fiprintf.o)
 .data          0x02021b24        0x0 /OPT/altera/12.1/nios2eds/bin/gnu/H-i686-pc-linux-gnu/bin/../lib/gcc/nios2-elf/4.1.2/../../../../nios2-elf/lib/mno-hw-mul/libc.a(lib_a-fopen.o)
 .data          0x02021b24        0x0 /OPT/altera/12.1/nios2eds/bin/gnu/H-i686-pc-linux-gnu/bin/../lib/gcc/nios2-elf/4.1.2/../../../../nios2-elf/lib/mno-hw-mul/libc.a(lib_a-fprintf.o)
 .data          0x02021b24        0x0 /OPT/altera/12.1/nios2eds/bin/gnu/H-i686-pc-linux-gnu/bin/../lib/gcc/nios2-elf/4.1.2/../../../../nios2-elf/lib/mno-hw-mul/libc.a(lib_a-fputc.o)
 .data          0x02021b24        0x0 /OPT/altera/12.1/nios2eds/bin/gnu/H-i686-pc-linux-gnu/bin/../lib/gcc/nios2-elf/4.1.2/../../../../nios2-elf/lib/mno-hw-mul/libc.a(lib_a-freer.o)
 .data          0x02021b24        0x0 /OPT/altera/12.1/nios2eds/bin/gnu/H-i686-pc-linux-gnu/bin/../lib/gcc/nios2-elf/4.1.2/../../../../nios2-elf/lib/mno-hw-mul/libc.a(lib_a-fseek.o)
 .data          0x02021b24        0x0 /OPT/altera/12.1/nios2eds/bin/gnu/H-i686-pc-linux-gnu/bin/../lib/gcc/nios2-elf/4.1.2/../../../../nios2-elf/lib/mno-hw-mul/libc.a(lib_a-fstatr.o)
 .data          0x02021b24        0x0 /OPT/altera/12.1/nios2eds/bin/gnu/H-i686-pc-linux-gnu/bin/../lib/gcc/nios2-elf/4.1.2/../../../../nios2-elf/lib/mno-hw-mul/libc.a(lib_a-fwalk.o)
 .data          0x02021b24        0x0 /OPT/altera/12.1/nios2eds/bin/gnu/H-i686-pc-linux-gnu/bin/../lib/gcc/nios2-elf/4.1.2/../../../../nios2-elf/lib/mno-hw-mul/libc.a(lib_a-fwrite.o)
 .data          0x02021b24      0x400 /OPT/altera/12.1/nios2eds/bin/gnu/H-i686-pc-linux-gnu/bin/../lib/gcc/nios2-elf/4.1.2/../../../../nios2-elf/lib/mno-hw-mul/libc.a(lib_a-impure.o)
 .data          0x02021f24        0x0 /OPT/altera/12.1/nios2eds/bin/gnu/H-i686-pc-linux-gnu/bin/../lib/gcc/nios2-elf/4.1.2/../../../../nios2-elf/lib/mno-hw-mul/libc.a(lib_a-int_errno.o)
 .data          0x02021f24        0x0 /OPT/altera/12.1/nios2eds/bin/gnu/H-i686-pc-linux-gnu/bin/../lib/gcc/nios2-elf/4.1.2/../../../../nios2-elf/lib/mno-hw-mul/libc.a(lib_a-lcltime.o)
 .data          0x02021f24        0x0 /OPT/altera/12.1/nios2eds/bin/gnu/H-i686-pc-linux-gnu/bin/../lib/gcc/nios2-elf/4.1.2/../../../../nios2-elf/lib/mno-hw-mul/libc.a(lib_a-lcltime_r.o)
 .data          0x02021f24        0x0 /OPT/altera/12.1/nios2eds/bin/gnu/H-i686-pc-linux-gnu/bin/../lib/gcc/nios2-elf/4.1.2/../../../../nios2-elf/lib/mno-hw-mul/libc.a(lib_a-makebuf.o)
 .data          0x02021f24        0x0 /OPT/altera/12.1/nios2eds/bin/gnu/H-i686-pc-linux-gnu/bin/../lib/gcc/nios2-elf/4.1.2/../../../../nios2-elf/lib/mno-hw-mul/libc.a(lib_a-malloc.o)
 .data          0x02021f24      0x408 /OPT/altera/12.1/nios2eds/bin/gnu/H-i686-pc-linux-gnu/bin/../lib/gcc/nios2-elf/4.1.2/../../../../nios2-elf/lib/mno-hw-mul/libc.a(lib_a-mallocr.o)
                0x02021f24                __malloc_av_
 .data          0x0202232c        0x0 /OPT/altera/12.1/nios2eds/bin/gnu/H-i686-pc-linux-gnu/bin/../lib/gcc/nios2-elf/4.1.2/../../../../nios2-elf/lib/mno-hw-mul/libc.a(lib_a-memchr.o)
 .data          0x0202232c        0x0 /OPT/altera/12.1/nios2eds/bin/gnu/H-i686-pc-linux-gnu/bin/../lib/gcc/nios2-elf/4.1.2/../../../../nios2-elf/lib/mno-hw-mul/libc.a(lib_a-memcpy.o)
 .data          0x0202232c        0x0 /OPT/altera/12.1/nios2eds/bin/gnu/H-i686-pc-linux-gnu/bin/../lib/gcc/nios2-elf/4.1.2/../../../../nios2-elf/lib/mno-hw-mul/libc.a(lib_a-memmove.o)
 .data          0x0202232c        0x0 /OPT/altera/12.1/nios2eds/bin/gnu/H-i686-pc-linux-gnu/bin/../lib/gcc/nios2-elf/4.1.2/../../../../nios2-elf/lib/mno-hw-mul/libc.a(lib_a-memset.o)
 .data          0x0202232c        0x0 /OPT/altera/12.1/nios2eds/bin/gnu/H-i686-pc-linux-gnu/bin/../lib/gcc/nios2-elf/4.1.2/../../../../nios2-elf/lib/mno-hw-mul/libc.a(lib_a-mktm_r.o)
 .data          0x0202232c        0x0 /OPT/altera/12.1/nios2eds/bin/gnu/H-i686-pc-linux-gnu/bin/../lib/gcc/nios2-elf/4.1.2/../../../../nios2-elf/lib/mno-hw-mul/libc.a(lib_a-openr.o)
 .data          0x0202232c        0x0 /OPT/altera/12.1/nios2eds/bin/gnu/H-i686-pc-linux-gnu/bin/../lib/gcc/nios2-elf/4.1.2/../../../../nios2-elf/lib/mno-hw-mul/libc.a(lib_a-printf.o)
 .data          0x0202232c        0x0 /OPT/altera/12.1/nios2eds/bin/gnu/H-i686-pc-linux-gnu/bin/../lib/gcc/nios2-elf/4.1.2/../../../../nios2-elf/lib/mno-hw-mul/libc.a(lib_a-putc.o)
 .data          0x0202232c        0x0 /OPT/altera/12.1/nios2eds/bin/gnu/H-i686-pc-linux-gnu/bin/../lib/gcc/nios2-elf/4.1.2/../../../../nios2-elf/lib/mno-hw-mul/libc.a(lib_a-puts.o)
 .data          0x0202232c        0x0 /OPT/altera/12.1/nios2eds/bin/gnu/H-i686-pc-linux-gnu/bin/../lib/gcc/nios2-elf/4.1.2/../../../../nios2-elf/lib/mno-hw-mul/libc.a(lib_a-realloc.o)
 .data          0x0202232c        0x0 /OPT/altera/12.1/nios2eds/bin/gnu/H-i686-pc-linux-gnu/bin/../lib/gcc/nios2-elf/4.1.2/../../../../nios2-elf/lib/mno-hw-mul/libc.a(lib_a-reallocr.o)
 .data          0x0202232c        0x0 /OPT/altera/12.1/nios2eds/bin/gnu/H-i686-pc-linux-gnu/bin/../lib/gcc/nios2-elf/4.1.2/../../../../nios2-elf/lib/mno-hw-mul/libc.a(lib_a-refill.o)
 .data          0x0202232c        0x0 /OPT/altera/12.1/nios2eds/bin/gnu/H-i686-pc-linux-gnu/bin/../lib/gcc/nios2-elf/4.1.2/../../../../nios2-elf/lib/mno-hw-mul/libc.a(lib_a-sbrkr.o)
 .data          0x0202232c        0x0 /OPT/altera/12.1/nios2eds/bin/gnu/H-i686-pc-linux-gnu/bin/../lib/gcc/nios2-elf/4.1.2/../../../../nios2-elf/lib/mno-hw-mul/libc.a(lib_a-setjmp.o)
 .data          0x0202232c        0x0 /OPT/altera/12.1/nios2eds/bin/gnu/H-i686-pc-linux-gnu/bin/../lib/gcc/nios2-elf/4.1.2/../../../../nios2-elf/lib/mno-hw-mul/libc.a(lib_a-signal.o)
 .data          0x0202232c        0x0 /OPT/altera/12.1/nios2eds/bin/gnu/H-i686-pc-linux-gnu/bin/../lib/gcc/nios2-elf/4.1.2/../../../../nios2-elf/lib/mno-hw-mul/libc.a(lib_a-signalr.o)
 .data          0x0202232c        0x0 /OPT/altera/12.1/nios2eds/bin/gnu/H-i686-pc-linux-gnu/bin/../lib/gcc/nios2-elf/4.1.2/../../../../nios2-elf/lib/mno-hw-mul/libc.a(lib_a-sprintf.o)
 .data          0x0202232c        0x0 /OPT/altera/12.1/nios2eds/bin/gnu/H-i686-pc-linux-gnu/bin/../lib/gcc/nios2-elf/4.1.2/../../../../nios2-elf/lib/mno-hw-mul/libc.a(lib_a-stdio.o)
 .data          0x0202232c        0x0 /OPT/altera/12.1/nios2eds/bin/gnu/H-i686-pc-linux-gnu/bin/../lib/gcc/nios2-elf/4.1.2/../../../../nios2-elf/lib/mno-hw-mul/libc.a(lib_a-strcat.o)
 .data          0x0202232c        0x0 /OPT/altera/12.1/nios2eds/bin/gnu/H-i686-pc-linux-gnu/bin/../lib/gcc/nios2-elf/4.1.2/../../../../nios2-elf/lib/mno-hw-mul/libc.a(lib_a-strcmp.o)
 .data          0x0202232c        0x0 /OPT/altera/12.1/nios2eds/bin/gnu/H-i686-pc-linux-gnu/bin/../lib/gcc/nios2-elf/4.1.2/../../../../nios2-elf/lib/mno-hw-mul/libc.a(lib_a-strcpy.o)
 .data          0x0202232c        0x0 /OPT/altera/12.1/nios2eds/bin/gnu/H-i686-pc-linux-gnu/bin/../lib/gcc/nios2-elf/4.1.2/../../../../nios2-elf/lib/mno-hw-mul/libc.a(lib_a-strlen.o)
 .data          0x0202232c        0x0 /OPT/altera/12.1/nios2eds/bin/gnu/H-i686-pc-linux-gnu/bin/../lib/gcc/nios2-elf/4.1.2/../../../../nios2-elf/lib/mno-hw-mul/libc.a(lib_a-strncpy.o)
 .data          0x0202232c        0x0 /OPT/altera/12.1/nios2eds/bin/gnu/H-i686-pc-linux-gnu/bin/../lib/gcc/nios2-elf/4.1.2/../../../../nios2-elf/lib/mno-hw-mul/libc.a(lib_a-time.o)
 .data          0x0202232c        0x0 /OPT/altera/12.1/nios2eds/bin/gnu/H-i686-pc-linux-gnu/bin/../lib/gcc/nios2-elf/4.1.2/../../../../nios2-elf/lib/mno-hw-mul/libc.a(lib_a-tzlock.o)
 .data          0x0202232c        0x0 /OPT/altera/12.1/nios2eds/bin/gnu/H-i686-pc-linux-gnu/bin/../lib/gcc/nios2-elf/4.1.2/../../../../nios2-elf/lib/mno-hw-mul/libc.a(lib_a-tzvars.o)
 .data          0x0202232c        0x0 /OPT/altera/12.1/nios2eds/bin/gnu/H-i686-pc-linux-gnu/bin/../lib/gcc/nios2-elf/4.1.2/../../../../nios2-elf/lib/mno-hw-mul/libc.a(lib_a-vfiprintfr_1.o)
 .data          0x0202232c        0x0 /OPT/altera/12.1/nios2eds/bin/gnu/H-i686-pc-linux-gnu/bin/../lib/gcc/nios2-elf/4.1.2/../../../../nios2-elf/lib/mno-hw-mul/libc.a(lib_a-vfprintf.o)
 .data          0x0202232c        0x0 /OPT/altera/12.1/nios2eds/bin/gnu/H-i686-pc-linux-gnu/bin/../lib/gcc/nios2-elf/4.1.2/../../../../nios2-elf/lib/mno-hw-mul/libc.a(lib_a-vsprintf.o)
 .data          0x0202232c        0x0 /OPT/altera/12.1/nios2eds/bin/gnu/H-i686-pc-linux-gnu/bin/../lib/gcc/nios2-elf/4.1.2/../../../../nios2-elf/lib/mno-hw-mul/libc.a(lib_a-wbuf.o)
 .data          0x0202232c        0x0 /OPT/altera/12.1/nios2eds/bin/gnu/H-i686-pc-linux-gnu/bin/../lib/gcc/nios2-elf/4.1.2/../../../../nios2-elf/lib/mno-hw-mul/libc.a(lib_a-writer.o)
 .data          0x0202232c        0x0 /OPT/altera/12.1/nios2eds/bin/gnu/H-i686-pc-linux-gnu/bin/../lib/gcc/nios2-elf/4.1.2/../../../../nios2-elf/lib/mno-hw-mul/libc.a(lib_a-wsetup.o)
 .data          0x0202232c        0x0 /OPT/altera/12.1/nios2eds/bin/gnu/H-i686-pc-linux-gnu/bin/../lib/gcc/nios2-elf/4.1.2/../../../../nios2-elf/lib/mno-hw-mul/libc.a(lib_a-__atexit.o)
 .data          0x0202232c        0x0 /OPT/altera/12.1/nios2eds/bin/gnu/H-i686-pc-linux-gnu/bin/../lib/gcc/nios2-elf/4.1.2/../../../../nios2-elf/lib/mno-hw-mul/libc.a(lib_a-__call_atexit.o)
 .data          0x0202232c        0x0 /OPT/altera/12.1/nios2eds/bin/gnu/H-i686-pc-linux-gnu/bin/../lib/gcc/nios2-elf/4.1.2/../../../../nios2-elf/lib/mno-hw-mul/libc.a(lib_a-asctime.o)
 .data          0x0202232c        0x0 /OPT/altera/12.1/nios2eds/bin/gnu/H-i686-pc-linux-gnu/bin/../lib/gcc/nios2-elf/4.1.2/../../../../nios2-elf/lib/mno-hw-mul/libc.a(lib_a-asctime_r.o)
 .data          0x0202232c        0x0 /OPT/altera/12.1/nios2eds/bin/gnu/H-i686-pc-linux-gnu/bin/../lib/gcc/nios2-elf/4.1.2/../../../../nios2-elf/lib/mno-hw-mul/libc.a(lib_a-closer.o)
 .data          0x0202232c        0x0 /OPT/altera/12.1/nios2eds/bin/gnu/H-i686-pc-linux-gnu/bin/../lib/gcc/nios2-elf/4.1.2/../../../../nios2-elf/lib/mno-hw-mul/libc.a(lib_a-dtoa.o)
 .data          0x0202232c        0x0 /OPT/altera/12.1/nios2eds/bin/gnu/H-i686-pc-linux-gnu/bin/../lib/gcc/nios2-elf/4.1.2/../../../../nios2-elf/lib/mno-hw-mul/libc.a(lib_a-flags.o)
 .data          0x0202232c        0x0 /OPT/altera/12.1/nios2eds/bin/gnu/H-i686-pc-linux-gnu/bin/../lib/gcc/nios2-elf/4.1.2/../../../../nios2-elf/lib/mno-hw-mul/libc.a(lib_a-fvwrite.o)
 .data          0x0202232c        0x0 /OPT/altera/12.1/nios2eds/bin/gnu/H-i686-pc-linux-gnu/bin/../lib/gcc/nios2-elf/4.1.2/../../../../nios2-elf/lib/mno-hw-mul/libc.a(lib_a-gettimeofdayr.o)
 .data          0x0202232c       0x40 /OPT/altera/12.1/nios2eds/bin/gnu/H-i686-pc-linux-gnu/bin/../lib/gcc/nios2-elf/4.1.2/../../../../nios2-elf/lib/mno-hw-mul/libc.a(lib_a-gettzinfo.o)
 .data          0x0202236c        0x0 /OPT/altera/12.1/nios2eds/bin/gnu/H-i686-pc-linux-gnu/bin/../lib/gcc/nios2-elf/4.1.2/../../../../nios2-elf/lib/mno-hw-mul/libc.a(lib_a-isattyr.o)
 .data          0x0202236c        0xc /OPT/altera/12.1/nios2eds/bin/gnu/H-i686-pc-linux-gnu/bin/../lib/gcc/nios2-elf/4.1.2/../../../../nios2-elf/lib/mno-hw-mul/libc.a(lib_a-locale.o)
                0x0202236c                __lc_ctype
 .data          0x02022378        0x0 /OPT/altera/12.1/nios2eds/bin/gnu/H-i686-pc-linux-gnu/bin/../lib/gcc/nios2-elf/4.1.2/../../../../nios2-elf/lib/mno-hw-mul/libc.a(lib_a-lseekr.o)
 .data          0x02022378        0x0 /OPT/altera/12.1/nios2eds/bin/gnu/H-i686-pc-linux-gnu/bin/../lib/gcc/nios2-elf/4.1.2/../../../../nios2-elf/lib/mno-hw-mul/libc.a(lib_a-mprec.o)
 .data          0x02022378        0x0 /OPT/altera/12.1/nios2eds/bin/gnu/H-i686-pc-linux-gnu/bin/../lib/gcc/nios2-elf/4.1.2/../../../../nios2-elf/lib/mno-hw-mul/libc.a(lib_a-readr.o)
 .data          0x02022378        0x0 /OPT/altera/12.1/nios2eds/bin/gnu/H-i686-pc-linux-gnu/bin/../lib/gcc/nios2-elf/4.1.2/../../../../nios2-elf/lib/mno-hw-mul/libc.a(lib_a-s_isinfd.o)
 .data          0x02022378        0x0 /OPT/altera/12.1/nios2eds/bin/gnu/H-i686-pc-linux-gnu/bin/../lib/gcc/nios2-elf/4.1.2/../../../../nios2-elf/lib/mno-hw-mul/libc.a(lib_a-s_isnand.o)
 .data          0x02022378        0x0 /OPT/altera/12.1/nios2eds/bin/gnu/H-i686-pc-linux-gnu/bin/../lib/gcc/nios2-elf/4.1.2/../../../../nios2-elf/lib/mno-hw-mul/libc.a(lib_a-vfiprintf.o)
 .data          0x02022378        0x0 /OPT/altera/12.1/nios2eds/bin/gnu/H-i686-pc-linux-gnu/bin/../lib/gcc/nios2-elf/4.1.2/mno-hw-mul/libgcc.a(_udivdi3.o)
 .data          0x02022378        0x0 /OPT/altera/12.1/nios2eds/bin/gnu/H-i686-pc-linux-gnu/bin/../lib/gcc/nios2-elf/4.1.2/mno-hw-mul/libgcc.a(_umoddi3.o)
 .data          0x02022378        0x0 /OPT/altera/12.1/nios2eds/bin/gnu/H-i686-pc-linux-gnu/bin/../lib/gcc/nios2-elf/4.1.2/mno-hw-mul/libgcc.a(_mul_df.o)
 .data          0x02022378        0x0 /OPT/altera/12.1/nios2eds/bin/gnu/H-i686-pc-linux-gnu/bin/../lib/gcc/nios2-elf/4.1.2/mno-hw-mul/libgcc.a(_div_df.o)
 .data          0x02022378        0x0 /OPT/altera/12.1/nios2eds/bin/gnu/H-i686-pc-linux-gnu/bin/../lib/gcc/nios2-elf/4.1.2/mno-hw-mul/libgcc.a(_eq_df.o)
 .data          0x02022378        0x0 /OPT/altera/12.1/nios2eds/bin/gnu/H-i686-pc-linux-gnu/bin/../lib/gcc/nios2-elf/4.1.2/mno-hw-mul/libgcc.a(_ne_df.o)
 .data          0x02022378        0x0 /OPT/altera/12.1/nios2eds/bin/gnu/H-i686-pc-linux-gnu/bin/../lib/gcc/nios2-elf/4.1.2/mno-hw-mul/libgcc.a(_gt_df.o)
 .data          0x02022378        0x0 /OPT/altera/12.1/nios2eds/bin/gnu/H-i686-pc-linux-gnu/bin/../lib/gcc/nios2-elf/4.1.2/mno-hw-mul/libgcc.a(_ge_df.o)
 .data          0x02022378        0x0 /OPT/altera/12.1/nios2eds/bin/gnu/H-i686-pc-linux-gnu/bin/../lib/gcc/nios2-elf/4.1.2/mno-hw-mul/libgcc.a(_lt_df.o)
 .data          0x02022378        0x0 /OPT/altera/12.1/nios2eds/bin/gnu/H-i686-pc-linux-gnu/bin/../lib/gcc/nios2-elf/4.1.2/mno-hw-mul/libgcc.a(_si_to_df.o)
 .data          0x02022378        0x0 /OPT/altera/12.1/nios2eds/bin/gnu/H-i686-pc-linux-gnu/bin/../lib/gcc/nios2-elf/4.1.2/mno-hw-mul/libgcc.a(_df_to_si.o)
 .data          0x02022378        0x0 /OPT/altera/12.1/nios2eds/bin/gnu/H-i686-pc-linux-gnu/bin/../lib/gcc/nios2-elf/4.1.2/mno-hw-mul/libgcc.a(_usi_to_df.o)
 .data          0x02022378        0x0 /OPT/altera/12.1/nios2eds/bin/gnu/H-i686-pc-linux-gnu/bin/../lib/gcc/nios2-elf/4.1.2/mno-hw-mul/libgcc.a(_muldi3.o)
 .data          0x02022378        0x0 /OPT/altera/12.1/nios2eds/bin/gnu/H-i686-pc-linux-gnu/bin/../lib/gcc/nios2-elf/4.1.2/mno-hw-mul/libgcc.a(_clz.o)
 .data          0x02022378        0x0 /OPT/altera/12.1/nios2eds/bin/gnu/H-i686-pc-linux-gnu/bin/../lib/gcc/nios2-elf/4.1.2/mno-hw-mul/libgcc.a(_clzsi2.o)
 .data          0x02022378        0x0 ../electronic_engine_control_bsp//libucosii_bsp.a(alt_close.o)
 .data          0x02022378      0x1a8 ../electronic_engine_control_bsp//libucosii_bsp.a(alt_dev.o)
                0x02022378                alt_dev_null
                0x020223a0                alt_fd_list
 .data          0x02022520        0x0 ../electronic_engine_control_bsp//libucosii_bsp.a(alt_errno.o)
 .data          0x02022520        0x0 ../electronic_engine_control_bsp//libucosii_bsp.a(alt_exit.o)
 .data          0x02022520        0x0 ../electronic_engine_control_bsp//libucosii_bsp.a(alt_fstat.o)
 .data          0x02022520        0x0 ../electronic_engine_control_bsp//libucosii_bsp.a(alt_getpid.o)
 .data          0x02022520        0x0 ../electronic_engine_control_bsp//libucosii_bsp.a(alt_gettod.o)
 .data          0x02022520        0x0 ../electronic_engine_control_bsp//libucosii_bsp.a(alt_isatty.o)
 .data          0x02022520        0x0 ../electronic_engine_control_bsp//libucosii_bsp.a(alt_kill.o)
 .data          0x02022520        0x0 ../electronic_engine_control_bsp//libucosii_bsp.a(alt_lseek.o)
 .data          0x02022520        0x0 ../electronic_engine_control_bsp//libucosii_bsp.a(alt_main.o)
 .data          0x02022520        0x0 ../electronic_engine_control_bsp//libucosii_bsp.a(alt_open.o)
 .data          0x02022520        0x0 ../electronic_engine_control_bsp//libucosii_bsp.a(alt_read.o)
 .data          0x02022520        0x0 ../electronic_engine_control_bsp//libucosii_bsp.a(alt_release_fd.o)
 .data          0x02022520        0x0 ../electronic_engine_control_bsp//libucosii_bsp.a(alt_sbrk.o)
 .data          0x02022520        0x0 ../electronic_engine_control_bsp//libucosii_bsp.a(alt_tick.o)
 .data          0x02022520        0x0 ../electronic_engine_control_bsp//libucosii_bsp.a(alt_write.o)
 .data          0x02022520        0x0 ../electronic_engine_control_bsp//libucosii_bsp.a(alt_env_lock.o)
 .data          0x02022520        0x0 ../electronic_engine_control_bsp//libucosii_bsp.a(alt_malloc_lock.o)
 .data          0x02022520        0x0 ../electronic_engine_control_bsp//libucosii_bsp.a(os_core.o)
 .data          0x02022520        0x0 ../electronic_engine_control_bsp//libucosii_bsp.a(os_dbg.o)
 .data          0x02022520        0x0 ../electronic_engine_control_bsp//libucosii_bsp.a(os_flag.o)
 .data          0x02022520        0x0 ../electronic_engine_control_bsp//libucosii_bsp.a(os_mem.o)
 .data          0x02022520        0x0 ../electronic_engine_control_bsp//libucosii_bsp.a(os_q.o)
 .data          0x02022520        0x0 ../electronic_engine_control_bsp//libucosii_bsp.a(os_sem.o)
 .data          0x02022520        0x0 ../electronic_engine_control_bsp//libucosii_bsp.a(os_task.o)
 .data          0x02022520        0x0 ../electronic_engine_control_bsp//libucosii_bsp.a(os_time.o)
 .data          0x02022520     0x1098 ../electronic_engine_control_bsp//libucosii_bsp.a(alt_sys_init.o)
 .data          0x020235b8        0x0 ../electronic_engine_control_bsp//libucosii_bsp.a(altera_avalon_jtag_uart_fd.o)
 .data          0x020235b8        0x0 ../electronic_engine_control_bsp//libucosii_bsp.a(altera_avalon_jtag_uart_init.o)
 .data          0x020235b8        0x0 ../electronic_engine_control_bsp//libucosii_bsp.a(altera_avalon_jtag_uart_ioctl.o)
 .data          0x020235b8        0x0 ../electronic_engine_control_bsp//libucosii_bsp.a(altera_avalon_jtag_uart_read.o)
 .data          0x020235b8        0x0 ../electronic_engine_control_bsp//libucosii_bsp.a(altera_avalon_jtag_uart_write.o)
 .data          0x020235b8        0x0 ../electronic_engine_control_bsp//libucosii_bsp.a(altera_avalon_timer_sc.o)
 .data          0x020235b8        0x0 ../electronic_engine_control_bsp//libucosii_bsp.a(altera_up_avalon_de0_nano_adc.o)
 .data          0x020235b8        0x0 ../electronic_engine_control_bsp//libucosii_bsp.a(alt_alarm_start.o)
 .data          0x020235b8        0x0 ../electronic_engine_control_bsp//libucosii_bsp.a(alt_dev_llist_insert.o)
 .data          0x020235b8        0x0 ../electronic_engine_control_bsp//libucosii_bsp.a(alt_do_ctors.o)
 .data          0x020235b8        0x0 ../electronic_engine_control_bsp//libucosii_bsp.a(alt_do_dtors.o)
 .data          0x020235b8        0x0 ../electronic_engine_control_bsp//libucosii_bsp.a(alt_find_dev.o)
 .data          0x020235b8        0x0 ../electronic_engine_control_bsp//libucosii_bsp.a(alt_find_file.o)
 .data          0x020235b8        0x0 ../electronic_engine_control_bsp//libucosii_bsp.a(alt_get_fd.o)
 .data          0x020235b8        0x0 ../electronic_engine_control_bsp//libucosii_bsp.a(alt_iic.o)
 .data          0x020235b8        0x0 ../electronic_engine_control_bsp//libucosii_bsp.a(alt_iic_isr_register.o)
 .data          0x020235b8        0x0 ../electronic_engine_control_bsp//libucosii_bsp.a(alt_io_redirect.o)
 .data          0x020235b8        0x0 ../electronic_engine_control_bsp//libucosii_bsp.a(alt_irq_entry.o)
 .data          0x020235b8        0x0 ../electronic_engine_control_bsp//libucosii_bsp.a(alt_irq_handler.o)
 .data          0x020235b8        0x0 ../electronic_engine_control_bsp//libucosii_bsp.a(alt_irq_vars.o)
 .data          0x020235b8        0x0 ../electronic_engine_control_bsp//libucosii_bsp.a(altera_nios2_qsys_irq.o)
 .data          0x020235b8        0x0 ../electronic_engine_control_bsp//libucosii_bsp.a(os_cpu_a.o)
 .data          0x020235b8        0x0 ../electronic_engine_control_bsp//libucosii_bsp.a(os_cpu_c.o)
 .data          0x020235b8        0x0 ../electronic_engine_control_bsp//libucosii_bsp.a(alt_exception_entry.o)
 .data          0x020235b8        0x0 /OPT/altera/12.1/nios2eds/bin/gnu/H-i686-pc-linux-gnu/bin/../lib/gcc/nios2-elf/4.1.2/../../../../nios2-elf/lib/mno-hw-mul/libc.a(lib_a-memcmp.o)
                0x0202b5b8                _gp = ABSOLUTE ((. + 0x8000))
                0x0202b5b8                PROVIDE (gp, _gp)
 *(.rwdata .rwdata.*)
 *(.sdata .sdata.* .gnu.linkonce.s.*)
 .sdata         0x020235b8        0x8 obj/default/tests/memwatch.o
 .sdata         0x020235c0        0x4 /OPT/altera/12.1/nios2eds/bin/gnu/H-i686-pc-linux-gnu/bin/../lib/gcc/nios2-elf/4.1.2/../../../../nios2-elf/lib/mno-hw-mul/libc.a(lib_a-ctype_.o)
                0x020235c0                __ctype_ptr
 .sdata         0x020235c4        0x8 /OPT/altera/12.1/nios2eds/bin/gnu/H-i686-pc-linux-gnu/bin/../lib/gcc/nios2-elf/4.1.2/../../../../nios2-elf/lib/mno-hw-mul/libc.a(lib_a-impure.o)
                0x020235c4                _impure_ptr
                0x020235c8                _global_impure_ptr
 .sdata         0x020235cc        0x8 /OPT/altera/12.1/nios2eds/bin/gnu/H-i686-pc-linux-gnu/bin/../lib/gcc/nios2-elf/4.1.2/../../../../nios2-elf/lib/mno-hw-mul/libc.a(lib_a-mallocr.o)
                0x020235cc                __malloc_trim_threshold
                0x020235d0                __malloc_sbrk_base
 .sdata         0x020235d4        0x8 /OPT/altera/12.1/nios2eds/bin/gnu/H-i686-pc-linux-gnu/bin/../lib/gcc/nios2-elf/4.1.2/../../../../nios2-elf/lib/mno-hw-mul/libc.a(lib_a-mktm_r.o)
 .sdata         0x020235dc        0x8 /OPT/altera/12.1/nios2eds/bin/gnu/H-i686-pc-linux-gnu/bin/../lib/gcc/nios2-elf/4.1.2/../../../../nios2-elf/lib/mno-hw-mul/libc.a(lib_a-tzvars.o)
                0x020235dc                _tzname
 .sdata         0x020235e4        0x8 /OPT/altera/12.1/nios2eds/bin/gnu/H-i686-pc-linux-gnu/bin/../lib/gcc/nios2-elf/4.1.2/../../../../nios2-elf/lib/mno-hw-mul/libc.a(lib_a-locale.o)
                0x020235e4                __mb_cur_max
 .sdata         0x020235ec       0x14 ../electronic_engine_control_bsp//libucosii_bsp.a(alt_dev.o)
                0x020235ec                alt_fs_list
                0x020235f4                alt_dev_list
                0x020235fc                alt_max_fd
 .sdata         0x02023600        0x4 ../electronic_engine_control_bsp//libucosii_bsp.a(alt_errno.o)
                0x02023600                alt_errno
 .sdata         0x02023604        0x4 ../electronic_engine_control_bsp//libucosii_bsp.a(alt_sbrk.o)
 .sdata         0x02023608        0x8 ../electronic_engine_control_bsp//libucosii_bsp.a(alt_tick.o)
                0x02023608                alt_alarm_list
 .sdata         0x02023610        0x4 ../electronic_engine_control_bsp//libucosii_bsp.a(alt_env_lock.o)
 .sdata         0x02023614        0x4 ../electronic_engine_control_bsp//libucosii_bsp.a(alt_malloc_lock.o)
 .sdata         0x02023618       0x74 ../electronic_engine_control_bsp//libucosii_bsp.a(os_dbg.o)
                0x02023618                OSDebugEn
                0x0202361c                OSEndiannessTest
                0x02023620                OSEventEn
                0x02023622                OSEventMax
                0x02023624                OSEventNameSize
                0x02023626                OSEventSize
                0x02023628                OSEventTblSize
                0x0202362a                OSEventMultiEn
                0x0202362c                OSFlagEn
                0x0202362e                OSFlagGrpSize
                0x02023630                OSFlagNodeSize
                0x02023632                OSFlagWidth
                0x02023634                OSFlagMax
                0x02023636                OSFlagNameSize
                0x02023638                OSLowestPrio
                0x0202363a                OSMboxEn
                0x0202363c                OSMemEn
                0x0202363e                OSMemMax
                0x02023640                OSMemNameSize
                0x02023642                OSMemSize
                0x02023644                OSMemTblSize
                0x02023646                OSMutexEn
                0x02023648                OSPtrSize
                0x0202364a                OSQEn
                0x0202364c                OSQMax
                0x0202364e                OSQSize
                0x02023650                OSRdyTblSize
                0x02023652                OSSemEn
                0x02023654                OSStkWidth
                0x02023656                OSTaskCreateEn
                0x02023658                OSTaskCreateExtEn
                0x0202365a                OSTaskDelEn
                0x0202365c                OSTaskIdleStkSize
                0x0202365e                OSTaskProfileEn
                0x02023660                OSTaskMax
                0x02023662                OSTaskNameSize
                0x02023664                OSTaskStatEn
                0x02023666                OSTaskStatStkSize
                0x02023668                OSTaskStatStkChkEn
                0x0202366a                OSTaskSwHookEn
                0x0202366c                OSTCBPrioTblMax
                0x0202366e                OSTCBSize
                0x02023670                OSTicksPerSec
                0x02023672                OSTimeTickHookEn
                0x02023674                OSVersionNbr
                0x02023676                OSTmrEn
                0x02023678                OSTmrCfgMax
                0x0202367a                OSTmrCfgNameSize
                0x0202367c                OSTmrCfgWheelSize
                0x0202367e                OSTmrCfgTicksPerSec
                0x02023680                OSTmrSize
                0x02023682                OSTmrTblSize
                0x02023684                OSTmrWheelSize
                0x02023686                OSTmrWheelTblSize
                0x02023688                OSDataSize
 .sdata         0x0202368c        0x4 ../electronic_engine_control_bsp//libucosii_bsp.a(alt_irq_vars.o)
                0x0202368c                alt_priority_mask
 *(.sdata2 .sdata2.* .gnu.linkonce.s2.*)
                0x02023690                . = ALIGN (0x4)
                0x02023690                _edata = ABSOLUTE (.)
                0x02023690                PROVIDE (edata, ABSOLUTE (.))
                0x02023690                PROVIDE (__ram_rwdata_end, ABSOLUTE (.))
                0x02021b18                PROVIDE (__flash_rwdata_start, LOADADDR (.rwdata))

.bss            0x02023690     0xc520
                0x02023690                __bss_start = ABSOLUTE (.)
                0x02023690                PROVIDE (__sbss_start, ABSOLUTE (.))
                0x02023690                PROVIDE (___sbss_start, ABSOLUTE (.))
 *(.dynsbss)
 *(.sbss .sbss.* .gnu.linkonce.sb.*)
 .sbss          0x02023690        0x4 obj/default/apps_motor_proc.o
 .sbss          0x02023694        0xc obj/default/apps_motor_proc.o
                0x02023694                new_tps_reading_available
                0x02023698                expected_tps_reading_q
                0x0202369c                motor_cmd_q
 .sbss          0x020236a0        0x4 obj/default/failure_handler_proc.o
                0x020236a0                failure_code_q
 .sbss          0x020236a4        0x4 obj/default/main.o
                0x020236a4                adc
 .sbss          0x020236a8       0x90 obj/default/tests/memwatch.o
                0x02023734                mwOldSIGSEGV
 .sbss          0x02023738        0x4 obj/default/ui_proc.o
                0x02023738                lcd_msg_q
 .sbss          0x0202373c        0x4 /OPT/altera/12.1/nios2eds/bin/gnu/H-i686-pc-linux-gnu/bin/../lib/gcc/nios2-elf/4.1.2/../../../../nios2-elf/lib/mno-hw-mul/libc.a(lib_a-int_errno.o)
                0x0202373c                errno
 .sbss          0x02023740        0xc /OPT/altera/12.1/nios2eds/bin/gnu/H-i686-pc-linux-gnu/bin/../lib/gcc/nios2-elf/4.1.2/../../../../nios2-elf/lib/mno-hw-mul/libc.a(lib_a-mallocr.o)
                0x02023740                __malloc_top_pad
                0x02023744                __malloc_max_sbrked_mem
                0x02023748                __malloc_max_total_mem
 .sbss          0x0202374c        0x8 /OPT/altera/12.1/nios2eds/bin/gnu/H-i686-pc-linux-gnu/bin/../lib/gcc/nios2-elf/4.1.2/../../../../nios2-elf/lib/mno-hw-mul/libc.a(lib_a-tzvars.o)
                0x0202374c                _daylight
                0x02023750                _timezone
 .sbss          0x02023754        0xc /OPT/altera/12.1/nios2eds/bin/gnu/H-i686-pc-linux-gnu/bin/../lib/gcc/nios2-elf/4.1.2/../../../../nios2-elf/lib/mno-hw-mul/libc.a(lib_a-locale.o)
                0x02023754                __nlocale_changed
                0x02023758                __mlocale_changed
                0x0202375c                _PathLocale
 .sbss          0x02023760        0x4 ../electronic_engine_control_bsp//libucosii_bsp.a(alt_dev.o)
                0x02023760                alt_fd_list_lock
 .sbss          0x02023764       0x10 ../electronic_engine_control_bsp//libucosii_bsp.a(alt_gettod.o)
                0x02023764                alt_timezone
                0x0202376c                alt_resettime
 .sbss          0x02023774        0xc ../electronic_engine_control_bsp//libucosii_bsp.a(alt_main.o)
                0x02023774                alt_argc
                0x02023778                alt_argv
                0x0202377c                alt_envp
 .sbss          0x02023780        0x8 ../electronic_engine_control_bsp//libucosii_bsp.a(alt_tick.o)
                0x02023780                _alt_tick_rate
                0x02023784                _alt_nticks
 .sbss          0x02023788        0x8 ../electronic_engine_control_bsp//libucosii_bsp.a(alt_env_lock.o)
                0x0202378c                alt_envsem
 .sbss          0x02023790        0x8 ../electronic_engine_control_bsp//libucosii_bsp.a(alt_malloc_lock.o)
                0x02023794                alt_heapsem
 .sbss          0x02023798       0x50 ../electronic_engine_control_bsp//libucosii_bsp.a(os_core.o)
                0x02023798                OSLockNesting
                0x02023799                OSRunning
                0x0202379c                OSIdleCtr
                0x020237a0                OSPrioHighRdy
                0x020237a1                OSPrioCur
                0x020237a4                OSTCBList
                0x020237a8                OSTickStepState
                0x020237ac                OSCtxSwCtr
                0x020237b0                OSIdleCtrMax
                0x020237b4                OSTCBFreeList
                0x020237b8                OSCPUUsage
                0x020237b9                OSTaskCtr
                0x020237bc                OSMemFreeList
                0x020237c0                OSTCBHighRdy
                0x020237c4                OSQFreeList
                0x020237c8                OSRdyGrp
                0x020237c9                OSRdyTbl
                0x020237cc                OSEventFreeList
                0x020237d0                OSIntNesting
                0x020237d4                OSTCBCur
                0x020237d8                OSTime
                0x020237dc                OSFlagFreeList
                0x020237e0                OSStatRdy
                0x020237e4                OSIdleCtrRun
 .sbss          0x020237e8        0x4 ../electronic_engine_control_bsp//libucosii_bsp.a(alt_irq_vars.o)
                0x020237e8                alt_irq_active
 *(.sbss2 .sbss2.* .gnu.linkonce.sb2.*)
 *(.scommon)
                0x020237ec                PROVIDE (__sbss_end, ABSOLUTE (.))