Archive member included because of file (symbol)

/OPT/altera/12.1/nios2eds/bin/gnu/H-i686-pc-linux-gnu/bin/../lib/gcc/nios2-elf/4.1.2/mno-hw-mul/libgcc.a(_addsub_df.o)
                              obj/default/tests/CuTest.o (__subdf3)
/OPT/altera/12.1/nios2eds/bin/gnu/H-i686-pc-linux-gnu/bin/../lib/gcc/nios2-elf/4.1.2/mno-hw-mul/libgcc.a(_le_df.o)
                              obj/default/tests/CuTest.o (__ledf2)
/OPT/altera/12.1/nios2eds/bin/gnu/H-i686-pc-linux-gnu/bin/../lib/gcc/nios2-elf/4.1.2/mno-hw-mul/libgcc.a(_thenan_df.o)
                              /OPT/altera/12.1/nios2eds/bin/gnu/H-i686-pc-linux-gnu/bin/../lib/gcc/nios2-elf/4.1.2/mno-hw-mul/libgcc.a(_addsub_df.o) (__thenan_df)
/OPT/altera/12.1/nios2eds/bin/gnu/H-i686-pc-linux-gnu/bin/../lib/gcc/nios2-elf/4.1.2/mno-hw-mul/libgcc.a(lib2-divmod.o)
                              obj/default/apps_task.o (__divsi3)
/OPT/altera/12.1/nios2eds/bin/gnu/H-i686-pc-linux-gnu/bin/../lib/gcc/nios2-elf/4.1.2/mno-hw-mul/libgcc.a(lib2-mul.o)
                              obj/default/apps_task.o (__mulsi3)
/OPT/altera/12.1/nios2eds/bin/gnu/H-i686-pc-linux-gnu/bin/../lib/gcc/nios2-elf/4.1.2/mno-hw-mul/libgcc.a(_pack_df.o)
                              /OPT/altera/12.1/nios2eds/bin/gnu/H-i686-pc-linux-gnu/bin/../lib/gcc/nios2-elf/4.1.2/mno-hw-mul/libgcc.a(_addsub_df.o) (__pack_d)
/OPT/altera/12.1/nios2eds/bin/gnu/H-i686-pc-linux-gnu/bin/../lib/gcc/nios2-elf/4.1.2/mno-hw-mul/libgcc.a(_unpack_df.o)
                              /OPT/altera/12.1/nios2eds/bin/gnu/H-i686-pc-linux-gnu/bin/../lib/gcc/nios2-elf/4.1.2/mno-hw-mul/libgcc.a(_addsub_df.o) (__unpack_d)
/OPT/altera/12.1/nios2eds/bin/gnu/H-i686-pc-linux-gnu/bin/../lib/gcc/nios2-elf/4.1.2/mno-hw-mul/libgcc.a(_fpcmp_parts_df.o)
                              /OPT/altera/12.1/nios2eds/bin/gnu/H-i686-pc-linux-gnu/bin/../lib/gcc/nios2-elf/4.1.2/mno-hw-mul/libgcc.a(_le_df.o) (__fpcmp_parts_d)
/OPT/altera/12.1/nios2eds/bin/gnu/H-i686-pc-linux-gnu/bin/../lib/gcc/nios2-elf/4.1.2/../../../../nios2-elf/lib/mno-hw-mul/libc.a(lib_a-assert.o)
                              obj/default/tests/CuTest.o (__assert_func)
/OPT/altera/12.1/nios2eds/bin/gnu/H-i686-pc-linux-gnu/bin/../lib/gcc/nios2-elf/4.1.2/../../../../nios2-elf/lib/mno-hw-mul/libc.a(lib_a-fiprintf.o)
                              /OPT/altera/12.1/nios2eds/bin/gnu/H-i686-pc-linux-gnu/bin/../lib/gcc/nios2-elf/4.1.2/../../../../nios2-elf/lib/mno-hw-mul/libc.a(lib_a-assert.o) (fiprintf)
/OPT/altera/12.1/nios2eds/bin/gnu/H-i686-pc-linux-gnu/bin/../lib/gcc/nios2-elf/4.1.2/../../../../nios2-elf/lib/mno-hw-mul/libc.a(lib_a-impure.o)
                              /OPT/altera/12.1/nios2eds/bin/gnu/H-i686-pc-linux-gnu/bin/../lib/gcc/nios2-elf/4.1.2/../../../../nios2-elf/lib/mno-hw-mul/libc.a(lib_a-assert.o) (_impure_ptr)
/OPT/altera/12.1/nios2eds/bin/gnu/H-i686-pc-linux-gnu/bin/../lib/gcc/nios2-elf/4.1.2/../../../../nios2-elf/lib/mno-hw-mul/libc.a(lib_a-malloc.o)
                              obj/default/apps_task.o (free)
/OPT/altera/12.1/nios2eds/bin/gnu/H-i686-pc-linux-gnu/bin/../lib/gcc/nios2-elf/4.1.2/../../../../nios2-elf/lib/mno-hw-mul/libc.a(lib_a-mallocr.o)
                              /OPT/altera/12.1/nios2eds/bin/gnu/H-i686-pc-linux-gnu/bin/../lib/gcc/nios2-elf/4.1.2/../../../../nios2-elf/lib/mno-hw-mul/libc.a(lib_a-malloc.o) (_malloc_r)
/OPT/altera/12.1/nios2eds/bin/gnu/H-i686-pc-linux-gnu/bin/../lib/gcc/nios2-elf/4.1.2/../../../../nios2-elf/lib/mno-hw-mul/libc.a(lib_a-memcpy.o)
                              obj/default/tests/CuTest.o (memcpy)
/OPT/altera/12.1/nios2eds/bin/gnu/H-i686-pc-linux-gnu/bin/../lib/gcc/nios2-elf/4.1.2/../../../../nios2-elf/lib/mno-hw-mul/libc.a(lib_a-memmove.o)
                              obj/default/tests/CuTest.o (memmove)
/OPT/altera/12.1/nios2eds/bin/gnu/H-i686-pc-linux-gnu/bin/../lib/gcc/nios2-elf/4.1.2/../../../../nios2-elf/lib/mno-hw-mul/libc.a(lib_a-memset.o)
                              obj/default/tests/CuTest.o (memset)
/OPT/altera/12.1/nios2eds/bin/gnu/H-i686-pc-linux-gnu/bin/../lib/gcc/nios2-elf/4.1.2/../../../../nios2-elf/lib/mno-hw-mul/libc.a(lib_a-printf.o)
                              obj/default/apps_task.o (printf)
/OPT/altera/12.1/nios2eds/bin/gnu/H-i686-pc-linux-gnu/bin/../lib/gcc/nios2-elf/4.1.2/../../../../nios2-elf/lib/mno-hw-mul/libc.a(lib_a-puts.o)
                              obj/default/apps_task.o (puts)
/OPT/altera/12.1/nios2eds/bin/gnu/H-i686-pc-linux-gnu/bin/../lib/gcc/nios2-elf/4.1.2/../../../../nios2-elf/lib/mno-hw-mul/libc.a(lib_a-realloc.o)
                              obj/default/tests/CuTest.o (realloc)
/OPT/altera/12.1/nios2eds/bin/gnu/H-i686-pc-linux-gnu/bin/../lib/gcc/nios2-elf/4.1.2/../../../../nios2-elf/lib/mno-hw-mul/libc.a(lib_a-reallocr.o)
                              /OPT/altera/12.1/nios2eds/bin/gnu/H-i686-pc-linux-gnu/bin/../lib/gcc/nios2-elf/4.1.2/../../../../nios2-elf/lib/mno-hw-mul/libc.a(lib_a-realloc.o) (_realloc_r)
[...]
Memory Configuration

Name             Origin             Length             Attributes
sdram_0          0x02000000         0x02000000
reset            0x04004000         0x00000020
onchip_memory2_0 0x04004020         0x00003fe0
*default*        0x00000000         0xffffffff

Linker script and memory map

LOAD ../electronic_engine_control_bsp//obj/HAL/src/crt0.o
LOAD obj/default/apps_task.o
LOAD obj/default/failure_handler_task.o
LOAD obj/default/main.o
LOAD obj/default/motor_control_task.o
LOAD obj/default/pwm_gen.o
LOAD obj/default/solenoid_task.o
LOAD obj/default/tests/CuTest.o
LOAD obj/default/tests/testbench.o
LOAD obj/default/throttle_data.o
LOAD obj/default/util.o
LOAD /OPT/altera/12.1/nios2eds/bin/gnu/H-i686-pc-linux-gnu/bin/../lib/gcc/nios2-elf/4.1.2/../../../../nios2-elf/lib/mno-hw-mul/libstdc++.a
LOAD /OPT/altera/12.1/nios2eds/bin/gnu/H-i686-pc-linux-gnu/bin/../lib/gcc/nios2-elf/4.1.2/../../../../nios2-elf/lib/mno-hw-mul/libm.a
LOAD /OPT/altera/12.1/nios2eds/bin/gnu/H-i686-pc-linux-gnu/bin/../lib/gcc/nios2-elf/4.1.2/mno-hw-mul/libgcc.a
START GROUP
LOAD /OPT/altera/12.1/nios2eds/bin/gnu/H-i686-pc-linux-gnu/bin/../lib/gcc/nios2-elf/4.1.2/../../../../nios2-elf/lib/mno-hw-mul/libc.a
LOAD /OPT/altera/12.1/nios2eds/bin/gnu/H-i686-pc-linux-gnu/bin/../lib/gcc/nios2-elf/4.1.2/mno-hw-mul/libgcc.a
LOAD ../electronic_engine_control_bsp//libucosii_bsp.a
END GROUP
LOAD /OPT/altera/12.1/nios2eds/bin/gnu/H-i686-pc-linux-gnu/bin/../lib/gcc/nios2-elf/4.1.2/mno-hw-mul/libgcc.a
                0x02000000                __alt_mem_sdram_0 = 0x2000000
                0x04004000                __alt_mem_onchip_memory2_0 = 0x4004000

.entry          0x04004000       0x20
 *(.entry)
 .entry         0x04004000       0x20 ../electronic_engine_control_bsp//obj/HAL/src/crt0.o
                0x04004000                __reset

.exceptions     0x04004020      0x1a0 load address 0x02000000
                0x04004020                PROVIDE (__ram_exceptions_start, ABSOLUTE (.))
                0x04004020                . = ALIGN (0x20)
 *(.irq)
 *(.exceptions.entry.label)
 .exceptions.entry.label
                0x04004020        0x0 ../electronic_engine_control_bsp//libucosii_bsp.a(alt_irq_entry.o)
                0x04004020                alt_irq_entry
 .exceptions.entry.label
                0x04004020        0x0 ../electronic_engine_control_bsp//libucosii_bsp.a(alt_exception_entry.o)
                0x04004020                alt_exception
 *(.exceptions.entry.user)
 *(.exceptions.entry)
 .exceptions.entry
                0x04004020       0x54 ../electronic_engine_control_bsp//libucosii_bsp.a(alt_exception_entry.o)
 *(.exceptions.irqtest.user)
 *(.exceptions.irqtest)
 .exceptions.irqtest
                0x04004074       0x10 ../electronic_engine_control_bsp//libucosii_bsp.a(alt_irq_entry.o)
 *(.exceptions.irqhandler.user)
 *(.exceptions.irqhandler)
 .exceptions.irqhandler
                0x04004084        0x4 ../electronic_engine_control_bsp//libucosii_bsp.a(alt_irq_entry.o)
 *(.exceptions.irqreturn.user)
 *(.exceptions.irqreturn)
 .exceptions.irqreturn
                0x04004088        0x4 ../electronic_engine_control_bsp//libucosii_bsp.a(alt_irq_entry.o)
 *(.exceptions.notirq.label)
 .exceptions.notirq.label
                0x0400408c        0x0 ../electronic_engine_control_bsp//libucosii_bsp.a(alt_irq_entry.o)
 *(.exceptions.notirq.user)
 *(.exceptions.notirq)
 .exceptions.notirq
                0x0400408c        0x8 ../electronic_engine_control_bsp//libucosii_bsp.a(alt_exception_entry.o)
 *(.exceptions.soft.user)
 *(.exceptions.soft)
 *(.exceptions.unknown.user)
 *(.exceptions.unknown)
 .exceptions.unknown
                0x04004094        0x4 ../electronic_engine_control_bsp//libucosii_bsp.a(alt_exception_entry.o)
 *(.exceptions.exit.label)
 .exceptions.exit.label
                0x04004098        0x0 ../electronic_engine_control_bsp//libucosii_bsp.a(alt_irq_entry.o)
 .exceptions.exit.label
                0x04004098        0x0 ../electronic_engine_control_bsp//libucosii_bsp.a(alt_exception_entry.o)
 *(.exceptions.exit.user)
 *(.exceptions.exit)
 .exceptions.exit
                0x04004098       0x54 ../electronic_engine_control_bsp//libucosii_bsp.a(alt_exception_entry.o)
 *(.exceptions)
 .exceptions    0x040040ec       0xd4 ../electronic_engine_control_bsp//libucosii_bsp.a(alt_irq_handler.o)
                0x040040ec                alt_irq_handler
                0x040041c0                PROVIDE (__ram_exceptions_end, ABSOLUTE (.))
                0x02000000                PROVIDE (__flash_exceptions_start, LOADADDR (.exceptions))

.text           0x020001a0    0x19fb0
                0x020001a0                PROVIDE (stext, ABSOLUTE (.))
 *(.interp)
 *(.hash)
 *(.dynsym)
 *(.dynstr)
 *(.gnu.version)
 *(.gnu.version_d)
 *(.gnu.version_r)
 *(.rel.init)
 *(.rela.init)
 *(.rel.text .rel.text.* .rel.gnu.linkonce.t.*)
 *(.rela.text .rela.text.* .rela.gnu.linkonce.t.*)
 *(.rel.fini)
 *(.rela.fini)
 *(.rel.rodata .rel.rodata.* .rel.gnu.linkonce.r.*)
 *(.rela.rodata .rela.rodata.* .rela.gnu.linkonce.r.*)
 *(.rel.data .rel.data.* .rel.gnu.linkonce.d.*)
 *(.rela.data .rela.data.* .rela.gnu.linkonce.d.*)
 *(.rel.tdata .rel.tdata.* .rel.gnu.linkonce.td.*)
 *(.rela.tdata .rela.tdata.* .rela.gnu.linkonce.td.*)
 *(.rel.tbss .rel.tbss.* .rel.gnu.linkonce.tb.*)
 *(.rela.tbss .rela.tbss.* .rela.gnu.linkonce.tb.*)
 *(.rel.ctors)
 *(.rela.ctors)
 *(.rel.dtors)
 *(.rela.dtors)
 *(.rel.got)
 *(.rela.got)
 *(.rel.sdata .rel.sdata.* .rel.gnu.linkonce.s.*)
 *(.rela.sdata .rela.sdata.* .rela.gnu.linkonce.s.*)
 *(.rel.sbss .rel.sbss.* .rel.gnu.linkonce.sb.*)
 *(.rela.sbss .rela.sbss.* .rela.gnu.linkonce.sb.*)
 *(.rel.sdata2 .rel.sdata2.* .rel.gnu.linkonce.s2.*)
 *(.rela.sdata2 .rela.sdata2.* .rela.gnu.linkonce.s2.*)
 *(.rel.sbss2 .rel.sbss2.* .rel.gnu.linkonce.sb2.*)
 *(.rela.sbss2 .rela.sbss2.* .rela.gnu.linkonce.sb2.*)
 *(.rel.bss .rel.bss.* .rel.gnu.linkonce.b.*)
 *(.rela.bss .rela.bss.* .rela.gnu.linkonce.b.*)
 *(.rel.plt)
 *(.rela.plt)
 *(.rel.dyn)
 *(.init)
 *(.plt)
 *(.text .stub .text.* .gnu.linkonce.t.*)
 .text          0x020001a0       0x3c ../electronic_engine_control_bsp//obj/HAL/src/crt0.o
                0x020001a0                _start
 .text          0x020001dc      0x688 obj/default/apps_task.o
                0x020001dc                apps_value_comp_callback
                0x02000274                apps_task
                0x02000648                get_motor_cmd_q
                0x02000668                set_new_motor_position_by_tps
                0x02000724                set_new_motor_position
                0x02000764                hitec_servo_demo
                0x020007d8                get_motor_failure_flag
                0x020007f8                get_apps_task_external_failure_flag
                0x02000818                get_apps_task_failure_resolved_flag
                0x02000838                signal_exit_shift_matching
 .text          0x02000864      0x32c obj/default/failure_handler_task.o
                0x02000864                failure_handler_task
 .text          0x02000b90      0x16c obj/default/main.o
                0x02000b90                main
                0x02000c7c                get_adc
                0x02000c9c                disp_err
                0x02000cdc                get_failure_msg_q
 .text          0x02000cfc      0x544 obj/default/motor_control_task.o
                0x02000cfc                post_new_request
                0x02000d34                increase_throttle
                0x02000d68                decrease_throttle
                0x02000d9c                hold_throttle
                0x02000dd0                watchdog_callback
                0x02000e0c                tps_value_comp_callback
                0x02000ea0                motor_control_task
 .text          0x02001240      0x1c8 obj/default/pwm_gen.o
                0x02001240                enable_pwm_output
                0x02001284                disable_pwm_output
                0x020012c4                set_period
                0x0200130c                set_duty_cycle
                0x02001378                get_new_pwm_module
 .text          0x02001408      0x42c obj/default/solenoid_task.o
                0x0200149c                solenoid_task
                0x0200170c                shift_up
                0x02001738                shift_down
                0x02001764                solenoid_callback
                0x020017c8                get_solenoid_task_external_failure_flag
                0x020017e8                get_solenoid_task_failure_resolved_flag
                0x02001808                signal_shift_start
 .text          0x02001834      0xf20 obj/default/tests/CuTest.o
                0x02001834                CuStrAlloc
                0x0200186c                CuStrCopy
                0x020018c0                CuStringInit
                0x02001924                CuStringNew
                0x02001994                CuStringDelete
                0x020019dc                CuStringResize
                0x02001a30                CuStringAppend
                0x02001ae4                CuStringAppendChar
                0x02001b28                CuStringAppendFormat
                0x02001b54                CuStringInsert
                0x02001c68                CuTestInit
                0x02001cd8                CuTestNew
                0x02001d24                CuTestDelete
                0x02001d6c                CuTestRun
                0x02001e70                CuFail_Line
                0x02001ef4                CuAssert_Line
                0x02001f50                CuAssertStrEquals_LineMsg
                0x02002058                CuAssertIntEquals_LineMsg
                0x020020cc                CuAssertDblEquals_LineMsg
                0x02002194                CuAssertPtrEquals_LineMsg
                0x02002208                CuSuiteInit
                0x02002258                CuSuiteNew
                0x02002294                CuSuiteDelete
                0x02002328                CuSuiteAdd
                0x020023bc                CuSuiteAddSuite
                0x02002438                CuSuiteRun
                0x020024d0                CuSuiteSummary
                0x02002588                CuSuiteDetails
 .text          0x02002754      0x324 obj/default/tests/testbench.o
                0x02002754                Test_int16U_changed_by_threshold
                0x02002830                Test_int16U_differ_by_percent
                0x02002924                CuGetSuite
                0x02002994                run_all_unit_tests
                0x02002a0c                Test_pwm_gen
 .text          0x02002a78      0x2dc obj/default/throttle_data.o
                0x02002a78                throttle_data_init
                0x02002b88                get_tps_from_apps
                0x02002ce4                get_new_rpm_needed
 .text          0x02002d54      0x2b0 obj/default/util.o
                0x02002d54                int32U_changed_by_threshold
                0x02002ddc                int32U_differ_by_percent
                0x02002ee4                get_gear_ratio
                0x02002f58                get_tps_sensor_output_pwm
                0x02002fa0                set_tps_sensor_output
 .text          0x02003004      0x504 /OPT/altera/12.1/nios2eds/bin/gnu/H-i686-pc-linux-gnu/bin/../lib/gcc/nios2-elf/4.1.2/mno-hw-mul/libgcc.a(_addsub_df.o)
                0x02003414                __subdf3
                0x02003494                __adddf3
 .text          0x02003508       0x88 /OPT/altera/12.1/nios2eds/bin/gnu/H-i686-pc-linux-gnu/bin/../lib/gcc/nios2-elf/4.1.2/mno-hw-mul/libgcc.a(_le_df.o)
                0x02003508                __ledf2
 .text          0x02003590        0x0 /OPT/altera/12.1/nios2eds/bin/gnu/H-i686-pc-linux-gnu/bin/../lib/gcc/nios2-elf/4.1.2/mno-hw-mul/libgcc.a(_thenan_df.o)
 .text          0x02003590      0x14c /OPT/altera/12.1/nios2eds/bin/gnu/H-i686-pc-linux-gnu/bin/../lib/gcc/nios2-elf/4.1.2/mno-hw-mul/libgcc.a(lib2-divmod.o)
                0x0200360c                __divsi3
                0x0200366c                __modsi3
                0x020036cc                __udivsi3
                0x020036d4                __umodsi3
 .text          0x020036dc       0x38 /OPT/altera/12.1/nios2eds/bin/gnu/H-i686-pc-linux-gnu/bin/../lib/gcc/nios2-elf/4.1.2/mno-hw-mul/libgcc.a(lib2-mul.o)
                0x020036dc                __mulsi3
 .text          0x02003714      0x314 /OPT/altera/12.1/nios2eds/bin/gnu/H-i686-pc-linux-gnu/bin/../lib/gcc/nios2-elf/4.1.2/mno-hw-mul/libgcc.a(_pack_df.o)
                0x02003714                __pack_d
 .text          0x02003a28      0x138 /OPT/altera/12.1/nios2eds/bin/gnu/H-i686-pc-linux-gnu/bin/../lib/gcc/nios2-elf/4.1.2/mno-hw-mul/libgcc.a(_unpack_df.o)
                0x02003a28                __unpack_d
 .text          0x02003b60       0xc8 /OPT/altera/12.1/nios2eds/bin/gnu/H-i686-pc-linux-gnu/bin/../lib/gcc/nios2-elf/4.1.2/mno-hw-mul/libgcc.a(_fpcmp_parts_df.o)
                0x02003b60                __fpcmp_parts_d
 .text          0x02003c28       0x78 /OPT/altera/12.1/nios2eds/bin/gnu/H-i686-pc-linux-gnu/bin/../lib/gcc/nios2-elf/4.1.2/../../../../nios2-elf/lib/mno-hw-mul/libc.a(lib_a-assert.o)
                0x02003c28                __assert_func
                0x02003c8c                __assert
 .text          0x02003ca0       0x6c /OPT/altera/12.1/nios2eds/bin/gnu/H-i686-pc-linux-gnu/bin/../lib/gcc/nios2-elf/4.1.2/../../../../nios2-elf/lib/mno-hw-mul/libc.a(lib_a-fiprintf.o)
                0x02003ca0                fiprintf
                0x02003ce4                _fiprintf_r
 .text          0x02003d0c        0x0 /OPT/altera/12.1/nios2eds/bin/gnu/H-i686-pc-linux-gnu/bin/../lib/gcc/nios2-elf/4.1.2/../../../../nios2-elf/lib/mno-hw-mul/libc.a(lib_a-impure.o)
 .text          0x02003d0c       0x28 /OPT/altera/12.1/nios2eds/bin/gnu/H-i686-pc-linux-gnu/bin/../lib/gcc/nios2-elf/4.1.2/../../../../nios2-elf/lib/mno-hw-mul/libc.a(lib_a-malloc.o)
                0x02003d0c                free
                0x02003d20                malloc
 .text          0x02003d34      0x740 /OPT/altera/12.1/nios2eds/bin/gnu/H-i686-pc-linux-gnu/bin/../lib/gcc/nios2-elf/4.1.2/../../../../nios2-elf/lib/mno-hw-mul/libc.a(lib_a-mallocr.o)
                0x02003d34                _malloc_r
 .text          0x02004474       0xa0 /OPT/altera/12.1/nios2eds/bin/gnu/H-i686-pc-linux-gnu/bin/../lib/gcc/nios2-elf/4.1.2/../../../../nios2-elf/lib/mno-hw-mul/libc.a(lib_a-memcpy.o)
                0x02004474                memcpy
 .text          0x02004514       0xe0 /OPT/altera/12.1/nios2eds/bin/gnu/H-i686-pc-linux-gnu/bin/../lib/gcc/nios2-elf/4.1.2/../../../../nios2-elf/lib/mno-hw-mul/libc.a(lib_a-memmove.o)
                0x02004514                memmove
 .text          0x020045f4       0x98 /OPT/altera/12.1/nios2eds/bin/gnu/H-i686-pc-linux-gnu/bin/../lib/gcc/nios2-elf/4.1.2/../../../../nios2-elf/lib/mno-hw-mul/libc.a(lib_a-memset.o)
                0x020045f4                memset
 .text          0x0200468c       0x78 /OPT/altera/12.1/nios2eds/bin/gnu/H-i686-pc-linux-gnu/bin/../lib/gcc/nios2-elf/4.1.2/../../../../nios2-elf/lib/mno-hw-mul/libc.a(lib_a-printf.o)
                0x0200468c                printf
                0x020046d0                _printf_r
 .text          0x02004704       0xb4 /OPT/altera/12.1/nios2eds/bin/gnu/H-i686-pc-linux-gnu/bin/../lib/gcc/nios2-elf/4.1.2/../../../../nios2-elf/lib/mno-hw-mul/libc.a(lib_a-puts.o)
                0x02004704                _puts_r
                0x020047a4                puts
 .text          0x020047b8       0x1c /OPT/altera/12.1/nios2eds/bin/gnu/H-i686-pc-linux-gnu/bin/../lib/gcc/nios2-elf/4.1.2/../../../../nios2-elf/lib/mno-hw-mul/libc.a(lib_a-realloc.o)
                0x020047b8                realloc
 .text          0x020047d4      0x5f4 /OPT/altera/12.1/nios2eds/bin/gnu/H-i686-pc-linux-gnu/bin/../lib/gcc/nios2-elf/4.1.2/../../../../nios2-elf/lib/mno-hw-mul/libc.a(lib_a-reallocr.o)
                0x020047d4                _realloc_r
 .text          0x02004dc8       0x70 /OPT/altera/12.1/nios2eds/bin/gnu/H-i686-pc-linux-gnu/bin/../lib/gcc/nios2-elf/4.1.2/../../../../nios2-elf/lib/mno-hw-mul/libc.a(lib_a-sbrkr.o)
                0x02004dc8                _sbrk_r
 .text          0x02004e38       0x78 /OPT/altera/12.1/nios2eds/bin/gnu/H-i686-pc-linux-gnu/bin/../lib/gcc/nios2-elf/4.1.2/../../../../nios2-elf/lib/mno-hw-mul/libc.a(lib_a-setjmp.o)
                0x02004e38                setjmp
                0x02004e70                longjmp
 .text          0x02004eb0       0xd4 /OPT/altera/12.1/nios2eds/bin/gnu/H-i686-pc-linux-gnu/bin/../lib/gcc/nios2-elf/4.1.2/../../../../nios2-elf/lib/mno-hw-mul/libc.a(lib_a-sprintf.o)
                0x02004eb0                sprintf
                0x02004f24                _sprintf_r
 .text          0x02004f84       0x90 /OPT/altera/12.1/nios2eds/bin/gnu/H-i686-pc-linux-gnu/bin/../lib/gcc/nios2-elf/4.1.2/../../../../nios2-elf/lib/mno-hw-mul/libc.a(lib_a-strcat.o)
                0x02004f84                strcat
 .text          0x02005014       0xbc /OPT/altera/12.1/nios2eds/bin/gnu/H-i686-pc-linux-gnu/bin/../lib/gcc/nios2-elf/4.1.2/../../../../nios2-elf/lib/mno-hw-mul/libc.a(lib_a-strcmp.o)
                0x02005014                strcmp
 .text          0x020050d0       0x8c /OPT/altera/12.1/nios2eds/bin/gnu/H-i686-pc-linux-gnu/bin/../lib/gcc/nios2-elf/4.1.2/../../../../nios2-elf/lib/mno-hw-mul/libc.a(lib_a-strcpy.o)
                0x020050d0                strcpy
 .text          0x0200515c       0x74 /OPT/altera/12.1/nios2eds/bin/gnu/H-i686-pc-linux-gnu/bin/../lib/gcc/nios2-elf/4.1.2/../../../../nios2-elf/lib/mno-hw-mul/libc.a(lib_a-strlen.o)
                0x0200515c                strlen
 .text          0x020051d0       0x1c /OPT/altera/12.1/nios2eds/bin/gnu/H-i686-pc-linux-gnu/bin/../lib/gcc/nios2-elf/4.1.2/../../../../nios2-elf/lib/mno-hw-mul/libc.a(lib_a-vfiprintfr_1.o)
                0x020051d0                _vfiprintf_r
 .text          0x020051ec     0x1f40 /OPT/altera/12.1/nios2eds/bin/gnu/H-i686-pc-linux-gnu/bin/../lib/gcc/nios2-elf/4.1.2/../../../../nios2-elf/lib/mno-hw-mul/libc.a(lib_a-vfprintf.o)
                0x02005244                ___vfprintf_internal_r
                0x02007108                __vfprintf_internal
 .text          0x0200712c      0x13c /OPT/altera/12.1/nios2eds/bin/gnu/H-i686-pc-linux-gnu/bin/../lib/gcc/nios2-elf/4.1.2/../../../../nios2-elf/lib/mno-hw-mul/libc.a(lib_a-wsetup.o)
                0x0200712c                __swsetup_r
 .text          0x02007268       0x18 /OPT/altera/12.1/nios2eds/bin/gnu/H-i686-pc-linux-gnu/bin/../lib/gcc/nios2-elf/4.1.2/../../../../nios2-elf/lib/mno-hw-mul/libc.a(lib_a-abort.o)
                0x02007268                abort
 .text          0x02007280     0x17f8 /OPT/altera/12.1/nios2eds/bin/gnu/H-i686-pc-linux-gnu/bin/../lib/gcc/nios2-elf/4.1.2/../../../../nios2-elf/lib/mno-hw-mul/libc.a(lib_a-dtoa.o)
                0x020074c4                _dtoa_r
 .text          0x02008a78      0x230 /OPT/altera/12.1/nios2eds/bin/gnu/H-i686-pc-linux-gnu/bin/../lib/gcc/nios2-elf/4.1.2/../../../../nios2-elf/lib/mno-hw-mul/libc.a(lib_a-fflush.o)
                0x02008a78                _fflush_r
                0x02008c74                fflush
 .text          0x02008ca8      0x2f4 /OPT/altera/12.1/nios2eds/bin/gnu/H-i686-pc-linux-gnu/bin/../lib/gcc/nios2-elf/4.1.2/../../../../nios2-elf/lib/mno-hw-mul/libc.a(lib_a-findfp.o)
                0x02008d00                __sfp_lock_acquire
                0x02008d04                __sfp_lock_release
                0x02008d08                __sinit_lock_acquire
                0x02008d0c                __sinit_lock_release
                0x02008d10                __sinit
                0x02008dc4                __fp_unlock_all
                0x02008ddc                __fp_lock_all
                0x02008df4                _cleanup_r
                0x02008e00                _cleanup
                0x02008e10                __sfmoreglue
                0x02008eac                __sfp
 .text          0x02008f9c      0x440 /OPT/altera/12.1/nios2eds/bin/gnu/H-i686-pc-linux-gnu/bin/../lib/gcc/nios2-elf/4.1.2/../../../../nios2-elf/lib/mno-hw-mul/libc.a(lib_a-freer.o)
                0x02008f9c                _malloc_trim_r
                0x020090c8                _free_r
 .text          0x020093dc      0x49c /OPT/altera/12.1/nios2eds/bin/gnu/H-i686-pc-linux-gnu/bin/../lib/gcc/nios2-elf/4.1.2/../../../../nios2-elf/lib/mno-hw-mul/libc.a(lib_a-fvwrite.o)
                0x020093dc                __sfvwrite_r
 .text          0x02009878      0x180 /OPT/altera/12.1/nios2eds/bin/gnu/H-i686-pc-linux-gnu/bin/../lib/gcc/nios2-elf/4.1.2/../../../../nios2-elf/lib/mno-hw-mul/libc.a(lib_a-fwalk.o)
                0x02009878                _fwalk_reent
                0x02009940                _fwalk
 .text          0x020099f8        0x0 /OPT/altera/12.1/nios2eds/bin/gnu/H-i686-pc-linux-gnu/bin/../lib/gcc/nios2-elf/4.1.2/../../../../nios2-elf/lib/mno-hw-mul/libc.a(lib_a-int_errno.o)
 .text          0x020099f8       0xc4 /OPT/altera/12.1/nios2eds/bin/gnu/H-i686-pc-linux-gnu/bin/../lib/gcc/nios2-elf/4.1.2/../../../../nios2-elf/lib/mno-hw-mul/libc.a(lib_a-locale.o)
                0x020099f8                __locale_charset
                0x02009a00                _localeconv_r
                0x02009a0c                localeconv
                0x02009a1c                _setlocale_r
                0x02009aa0                setlocale
 .text          0x02009abc      0x194 /OPT/altera/12.1/nios2eds/bin/gnu/H-i686-pc-linux-gnu/bin/../lib/gcc/nios2-elf/4.1.2/../../../../nios2-elf/lib/mno-hw-mul/libc.a(lib_a-makebuf.o)
                0x02009abc                __smakebuf_r
 .text          0x02009c50       0xe4 /OPT/altera/12.1/nios2eds/bin/gnu/H-i686-pc-linux-gnu/bin/../lib/gcc/nios2-elf/4.1.2/../../../../nios2-elf/lib/mno-hw-mul/libc.a(lib_a-memchr.o)
                0x02009c50                memchr
 .text          0x02009d34     0x108c /OPT/altera/12.1/nios2eds/bin/gnu/H-i686-pc-linux-gnu/bin/../lib/gcc/nios2-elf/4.1.2/../../../../nios2-elf/lib/mno-hw-mul/libc.a(lib_a-mprec.o)
                0x02009d34                _Bfree
                0x02009d5c                __hi0bits
                0x02009dcc                __lo0bits
                0x02009e90                __mcmp
                0x02009ef0                __ulp
                0x02009f70                __b2d
                0x0200a090                __ratio
                0x0200a140                _mprec_log10
                0x0200a1d4                __copybits
                0x0200a22c                __any_on
                0x0200a2b4                _Balloc
                0x0200a370                __d2b
                0x0200a4ec                __mdiff
                0x0200a678                __lshift
                0x0200a7c4                __multiply
                0x0200aa18                __i2b
                0x0200aa54                __multadd
                0x0200ab80                __pow5mult
                0x0200aca0                __s2b
 .text          0x0200adc0       0x40 /OPT/altera/12.1/nios2eds/bin/gnu/H-i686-pc-linux-gnu/bin/../lib/gcc/nios2-elf/4.1.2/../../../../nios2-elf/lib/mno-hw-mul/libc.a(lib_a-s_isinfd.o)
                0x0200adc0                __isinfd
 .text          0x0200ae00       0x30 /OPT/altera/12.1/nios2eds/bin/gnu/H-i686-pc-linux-gnu/bin/../lib/gcc/nios2-elf/4.1.2/../../../../nios2-elf/lib/mno-hw-mul/libc.a(lib_a-s_isnand.o)
                0x0200ae00                __isnand
 .text          0x0200ae30      0x2d8 /OPT/altera/12.1/nios2eds/bin/gnu/H-i686-pc-linux-gnu/bin/../lib/gcc/nios2-elf/4.1.2/../../../../nios2-elf/lib/mno-hw-mul/libc.a(lib_a-signal.o)
                0x0200ae30                _raise_r
                0x0200aefc                raise
                0x0200af10                _init_signal_r
                0x0200af74                _init_signal
                0x0200af84                __sigtramp_r
                0x0200b038                __sigtramp
                0x0200b04c                _signal_r
                0x0200b0ec                signal
 .text          0x0200b108       0x78 /OPT/altera/12.1/nios2eds/bin/gnu/H-i686-pc-linux-gnu/bin/../lib/gcc/nios2-elf/4.1.2/../../../../nios2-elf/lib/mno-hw-mul/libc.a(lib_a-signalr.o)
                0x0200b108                _getpid_r
                0x0200b10c                _kill_r
 .text          0x0200b180      0x14c /OPT/altera/12.1/nios2eds/bin/gnu/H-i686-pc-linux-gnu/bin/../lib/gcc/nios2-elf/4.1.2/../../../../nios2-elf/lib/mno-hw-mul/libc.a(lib_a-stdio.o)
                0x0200b180                __sclose
                0x0200b188                __sseek
                0x0200b1f0                __swrite
                0x0200b26c                __sread
 .text          0x0200b2cc     0x113c /OPT/altera/12.1/nios2eds/bin/gnu/H-i686-pc-linux-gnu/bin/../lib/gcc/nios2-elf/4.1.2/../../../../nios2-elf/lib/mno-hw-mul/libc.a(lib_a-vfiprintf.o)
                0x0200b324                ___vfiprintf_internal_r
                0x0200c3e4                __vfiprintf_internal
 .text          0x0200c408       0x78 /OPT/altera/12.1/nios2eds/bin/gnu/H-i686-pc-linux-gnu/bin/../lib/gcc/nios2-elf/4.1.2/../../../../nios2-elf/lib/mno-hw-mul/libc.a(lib_a-writer.o)
                0x0200c408                _write_r
 .text          0x0200c480       0xc8 /OPT/altera/12.1/nios2eds/bin/gnu/H-i686-pc-linux-gnu/bin/../lib/gcc/nios2-elf/4.1.2/../../../../nios2-elf/lib/mno-hw-mul/libc.a(lib_a-callocr.o)
                0x0200c480                _calloc_r
 .text          0x0200c548       0x70 /OPT/altera/12.1/nios2eds/bin/gnu/H-i686-pc-linux-gnu/bin/../lib/gcc/nios2-elf/4.1.2/../../../../nios2-elf/lib/mno-hw-mul/libc.a(lib_a-closer.o)
                0x0200c548                _close_r
 .text          0x0200c5b8      0x124 /OPT/altera/12.1/nios2eds/bin/gnu/H-i686-pc-linux-gnu/bin/../lib/gcc/nios2-elf/4.1.2/../../../../nios2-elf/lib/mno-hw-mul/libc.a(lib_a-fclose.o)
                0x0200c5b8                _fclose_r
                0x0200c6c8                fclose
 .text          0x0200c6dc       0x74 /OPT/altera/12.1/nios2eds/bin/gnu/H-i686-pc-linux-gnu/bin/../lib/gcc/nios2-elf/4.1.2/../../../../nios2-elf/lib/mno-hw-mul/libc.a(lib_a-fstatr.o)
                0x0200c6dc                _fstat_r
 .text          0x0200c750       0x70 /OPT/altera/12.1/nios2eds/bin/gnu/H-i686-pc-linux-gnu/bin/../lib/gcc/nios2-elf/4.1.2/../../../../nios2-elf/lib/mno-hw-mul/libc.a(lib_a-isattyr.o)
                0x0200c750                _isatty_r
 .text          0x0200c7c0       0x78 /OPT/altera/12.1/nios2eds/bin/gnu/H-i686-pc-linux-gnu/bin/../lib/gcc/nios2-elf/4.1.2/../../../../nios2-elf/lib/mno-hw-mul/libc.a(lib_a-lseekr.o)
                0x0200c7c0                _lseek_r
 .text          0x0200c838       0x78 /OPT/altera/12.1/nios2eds/bin/gnu/H-i686-pc-linux-gnu/bin/../lib/gcc/nios2-elf/4.1.2/../../../../nios2-elf/lib/mno-hw-mul/libc.a(lib_a-readr.o)
                0x0200c838                _read_r
 .text          0x0200c8b0      0x66c /OPT/altera/12.1/nios2eds/bin/gnu/H-i686-pc-linux-gnu/bin/../lib/gcc/nios2-elf/4.1.2/mno-hw-mul/libgcc.a(_udivdi3.o)
                0x0200c8b0                __udivdi3
 .text          0x0200cf1c      0x660 /OPT/altera/12.1/nios2eds/bin/gnu/H-i686-pc-linux-gnu/bin/../lib/gcc/nios2-elf/4.1.2/mno-hw-mul/libgcc.a(_umoddi3.o)
                0x0200cf1c                __umoddi3
 .text          0x0200d57c      0x3c4 /OPT/altera/12.1/nios2eds/bin/gnu/H-i686-pc-linux-gnu/bin/../lib/gcc/nios2-elf/4.1.2/mno-hw-mul/libgcc.a(_mul_df.o)
                0x0200d57c                __muldf3
 .text          0x0200d940      0x258 /OPT/altera/12.1/nios2eds/bin/gnu/H-i686-pc-linux-gnu/bin/../lib/gcc/nios2-elf/4.1.2/mno-hw-mul/libgcc.a(_div_df.o)
                0x0200d940                __divdf3
 .text          0x0200db98       0x88 /OPT/altera/12.1/nios2eds/bin/gnu/H-i686-pc-linux-gnu/bin/../lib/gcc/nios2-elf/4.1.2/mno-hw-mul/libgcc.a(_eq_df.o)
                0x0200db98                __eqdf2
 .text          0x0200dc20       0x88 /OPT/altera/12.1/nios2eds/bin/gnu/H-i686-pc-linux-gnu/bin/../lib/gcc/nios2-elf/4.1.2/mno-hw-mul/libgcc.a(_ne_df.o)
                0x0200dc20                __nedf2
 .text          0x0200dca8       0x88 /OPT/altera/12.1/nios2eds/bin/gnu/H-i686-pc-linux-gnu/bin/../lib/gcc/nios2-elf/4.1.2/mno-hw-mul/libgcc.a(_gt_df.o)
                0x0200dca8                __gtdf2
 .text          0x0200dd30       0x88 /OPT/altera/12.1/nios2eds/bin/gnu/H-i686-pc-linux-gnu/bin/../lib/gcc/nios2-elf/4.1.2/mno-hw-mul/libgcc.a(_ge_df.o)
                0x0200dd30                __gedf2
 .text          0x0200ddb8       0x88 /OPT/altera/12.1/nios2eds/bin/gnu/H-i686-pc-linux-gnu/bin/../lib/gcc/nios2-elf/4.1.2/mno-hw-mul/libgcc.a(_lt_df.o)
                0x0200ddb8                __ltdf2
 .text          0x0200de40       0xf8 /OPT/altera/12.1/nios2eds/bin/gnu/H-i686-pc-linux-gnu/bin/../lib/gcc/nios2-elf/4.1.2/mno-hw-mul/libgcc.a(_si_to_df.o)
                0x0200de40                __floatsidf
 .text          0x0200df38       0xd8 /OPT/altera/12.1/nios2eds/bin/gnu/H-i686-pc-linux-gnu/bin/../lib/gcc/nios2-elf/4.1.2/mno-hw-mul/libgcc.a(_df_to_si.o)
                0x0200df38                __fixdfsi
 .text          0x0200e010      0x194 /OPT/altera/12.1/nios2eds/bin/gnu/H-i686-pc-linux-gnu/bin/../lib/gcc/nios2-elf/4.1.2/mno-hw-mul/libgcc.a(_usi_to_df.o)
                0x0200e010                __floatunsidf
 .text          0x0200e1a4      0x124 /OPT/altera/12.1/nios2eds/bin/gnu/H-i686-pc-linux-gnu/bin/../lib/gcc/nios2-elf/4.1.2/mno-hw-mul/libgcc.a(_muldi3.o)
                0x0200e1a4                __muldi3
 .text          0x0200e2c8        0x0 /OPT/altera/12.1/nios2eds/bin/gnu/H-i686-pc-linux-gnu/bin/../lib/gcc/nios2-elf/4.1.2/mno-hw-mul/libgcc.a(_clz.o)
 .text          0x0200e2c8       0x80 /OPT/altera/12.1/nios2eds/bin/gnu/H-i686-pc-linux-gnu/bin/../lib/gcc/nios2-elf/4.1.2/mno-hw-mul/libgcc.a(_clzsi2.o)
                0x0200e2c8                __clzsi2
 .text          0x0200e348      0x154 ../electronic_engine_control_bsp//libucosii_bsp.a(alt_alarm_start.o)
                0x0200e348                alt_alarm_start
 .text          0x0200e49c      0x160 ../electronic_engine_control_bsp//libucosii_bsp.a(alt_close.o)
                0x0200e49c                close
 .text          0x0200e5fc       0x2c ../electronic_engine_control_bsp//libucosii_bsp.a(alt_dev.o)
 .text          0x0200e628        0x0 ../electronic_engine_control_bsp//libucosii_bsp.a(alt_errno.o)
 .text          0x0200e628       0x6c ../electronic_engine_control_bsp//libucosii_bsp.a(alt_exit.o)
                0x0200e668                _exit
 .text          0x0200e694      0x138 ../electronic_engine_control_bsp//libucosii_bsp.a(alt_fstat.o)
                0x0200e694                fstat
 .text          0x0200e7cc       0x20 ../electronic_engine_control_bsp//libucosii_bsp.a(alt_getpid.o)
                0x0200e7cc                getpid
 .text          0x0200e7ec      0x1c0 ../electronic_engine_control_bsp//libucosii_bsp.a(alt_irq_register.o)
                0x0200e7ec                alt_irq_register
 .text          0x0200e9ac        0x0 ../electronic_engine_control_bsp//libucosii_bsp.a(alt_irq_vars.o)
 .text          0x0200e9ac      0x124 ../electronic_engine_control_bsp//libucosii_bsp.a(alt_isatty.o)
                0x0200e9ac                isatty
 .text          0x0200ead0      0x1a0 ../electronic_engine_control_bsp//libucosii_bsp.a(alt_kill.o)
                0x0200ead0                kill
 .text          0x0200ec70       0xec ../electronic_engine_control_bsp//libucosii_bsp.a(alt_load.o)
                0x0200ec70                alt_load
 .text          0x0200ed5c      0x154 ../electronic_engine_control_bsp//libucosii_bsp.a(alt_lseek.o)
                0x0200ed5c                lseek
 .text          0x0200eeb0       0xc8 ../electronic_engine_control_bsp//libucosii_bsp.a(alt_main.o)
                0x0200eeb0                alt_main
 .text          0x0200ef78      0x184 ../electronic_engine_control_bsp//libucosii_bsp.a(alt_read.o)
                0x0200ef78                read
 .text          0x0200f0fc       0x78 ../electronic_engine_control_bsp//libucosii_bsp.a(alt_release_fd.o)
                0x0200f0fc                alt_release_fd
 .text          0x0200f174       0xbc ../electronic_engine_control_bsp//libucosii_bsp.a(alt_sbrk.o)
                0x0200f174                sbrk
 .text          0x0200f230      0x1a8 ../electronic_engine_control_bsp//libucosii_bsp.a(alt_tick.o)
                0x0200f230                alt_alarm_stop
                0x0200f2c8                alt_tick
 .text          0x0200f3d8      0x184 ../electronic_engine_control_bsp//libucosii_bsp.a(alt_write.o)
                0x0200f3d8                write
 .text          0x0200f55c      0x108 ../electronic_engine_control_bsp//libucosii_bsp.a(alt_env_lock.o)
                0x0200f55c                __env_lock
                0x0200f608                __env_unlock
 .text          0x0200f664      0x1d8 ../electronic_engine_control_bsp//libucosii_bsp.a(alt_malloc_lock.o)
                0x0200f664                __malloc_lock
                0x0200f76c                __malloc_unlock
 .text          0x0200f83c     0x2128 ../electronic_engine_control_bsp//libucosii_bsp.a(os_core.o)
                0x0200f83c                OSEventNameGet
                0x0200f96c                OSEventNameSet
                0x0200fab0                OSEventPendMulti
                0x02010164                OSInit
                0x020101b8                OSIntEnter
                0x02010234                OSIntExit
                0x02010334                OSSchedLock
                0x020103c0                OSSchedUnlock
                0x020104a4                OSStart
                0x02010514                OSStatInit
                0x020105c0                OSTimeTick
                0x02010800                OSVersion
                0x02010820                OS_Dummy
                0x0201083c                OS_EventTaskRdy
                0x020109d0                OS_EventTaskWait
                0x02010ae0                OS_EventTaskWaitMulti
                0x02010c34                OS_EventTaskRemove
                0x02010cec                OS_EventTaskRemoveMulti
                0x02010df0                OS_EventWaitListInit
                0x020111bc                OS_MemClr
                0x02011210                OS_MemCopy
                0x0201127c                OS_Sched
                0x020113c0                OS_StrCopy
                0x02011440                OS_StrLen
                0x02011498                OS_TaskIdle
                0x020114f4                OS_TaskStat
                0x020115bc                OS_TaskStatStkChk
                0x02011684                OS_TCBInit
 .text          0x02011964      0x18c ../electronic_engine_control_bsp//libucosii_bsp.a(os_dbg.o)
                0x02011964                OSDebugInit
 .text          0x02011af0     0x193c ../electronic_engine_control_bsp//libucosii_bsp.a(os_flag.o)
                0x02011af0                OSFlagAccept
                0x02011e24                OSFlagCreate
                0x02011f60                OSFlagDel
                0x02012208                OSFlagNameGet
                0x0201234c                OSFlagNameSet
                0x020124a0                OSFlagPend
                0x02012ae4                OSFlagPendGetFlagsRdy
                0x02012b4c                OSFlagPost
                0x02012ef4                OSFlagQuery
                0x0201318c                OS_FlagInit
                0x02013380                OS_FlagUnlink
 .text          0x0201342c      0x80c ../electronic_engine_control_bsp//libucosii_bsp.a(os_mem.o)
                0x0201342c                OSMemCreate
                0x02013648                OSMemGet
                0x0201374c                OSMemNameGet
                0x02013858                OSMemNameSet
                0x02013978                OSMemPut
                0x02013a68                OSMemQuery
                0x02013b64                OS_MemInit
 .text          0x02013c38     0x1334 ../electronic_engine_control_bsp//libucosii_bsp.a(os_q.o)
                0x02013c38                OSQAccept
                0x02013d8c                OSQCreate
                0x02013fa0                OSQDel
                0x020142a0                OSQFlush
                0x02014368                OSQPend
                0x02014688                OSQPendAbort
                0x02014804                OSQPost
                0x02014984                OSQPostFront
                0x02014b0c                OSQPostOpt
                0x02014d40                OSQQuery
                0x02014ec0                OS_QInit
 .text          0x02014f6c      0xbc8 ../electronic_engine_control_bsp//libucosii_bsp.a(os_sem.o)
                0x02014f6c                OSSemAccept
                0x0201502c                OSSemCreate
                0x02015140                OSSemDel
                0x020153e0                OSSemPend
                0x0201565c                OSSemPendAbort
                0x020157d8                OSSemPost
                0x02015900                OSSemQuery
                0x02015a30                OSSemSet
 .text          0x02015b34     0x1a40 ../electronic_engine_control_bsp//libucosii_bsp.a(os_task.o)
                0x02015b34                OSTaskChangePrio
                0x020160a8                OSTaskCreate
                0x0201627c                OSTaskCreateExt
                0x0201647c                OSTaskDel
                0x02016888                OSTaskDelReq
                0x020169f8                OSTaskNameGet
                0x02016bb0                OSTaskNameSet
                0x02016d74                OSTaskResume
                0x02016f8c                OSTaskStkChk
                0x02017188                OSTaskSuspend
                0x020173b4                OSTaskQuery
                0x020174f8                OS_TaskStkClr
 .text          0x02017574      0x5b4 ../electronic_engine_control_bsp//libucosii_bsp.a(os_time.o)
                0x02017574                OSTimeDly
                0x020176c0                OSTimeDlyHMSM
                0x02017850                OSTimeDlyResume
                0x02017a60                OSTimeGet
                0x02017ac4                OSTimeSet
 .text          0x02017b28      0x108 ../electronic_engine_control_bsp//libucosii_bsp.a(alt_sys_init.o)
                0x02017b28                alt_irq_init
                0x02017b5c                alt_sys_init
 .text          0x02017c30      0x148 ../electronic_engine_control_bsp//libucosii_bsp.a(altera_avalon_jtag_uart_fd.o)
                0x02017c30                altera_avalon_jtag_uart_read_fd
                0x02017c88                altera_avalon_jtag_uart_write_fd
                0x02017ce0                altera_avalon_jtag_uart_close_fd
                0x02017d28                altera_avalon_jtag_uart_ioctl_fd
 .text          0x02017d78      0x580 ../electronic_engine_control_bsp//libucosii_bsp.a(altera_avalon_jtag_uart_init.o)
                0x02017d78                altera_avalon_jtag_uart_init
                0x02018284                altera_avalon_jtag_uart_close
 .text          0x020182f8       0xf4 ../electronic_engine_control_bsp//libucosii_bsp.a(altera_avalon_jtag_uart_ioctl.o)
                0x020182f8                altera_avalon_jtag_uart_ioctl
 .text          0x020183ec      0x2c0 ../electronic_engine_control_bsp//libucosii_bsp.a(altera_avalon_jtag_uart_read.o)
                0x020183ec                altera_avalon_jtag_uart_read
 .text          0x020186ac      0x2dc ../electronic_engine_control_bsp//libucosii_bsp.a(altera_avalon_jtag_uart_write.o)
                0x020186ac                altera_avalon_jtag_uart_write
 .text          0x02018988       0xfc ../electronic_engine_control_bsp//libucosii_bsp.a(altera_avalon_timer_sc.o)
                0x020189fc                alt_avalon_timer_sc_init
 .text          0x02018a84        0x0 ../electronic_engine_control_bsp//libucosii_bsp.a(altera_avalon_timer_vars.o)
 .text          0x02018a84      0x180 ../electronic_engine_control_bsp//libucosii_bsp.a(altera_up_avalon_de0_nano_adc.o)
                0x02018a84                alt_up_de0_nano_adc_open_dev
                0x02018ac4                alt_up_de0_nano_adc_read
 .text          0x02018c04      0x398 ../electronic_engine_control_bsp//libucosii_bsp.a(altera_up_avalon_rs232.o)
                0x02018c04                alt_up_rs232_enable_read_interrupt
                0x02018c58                alt_up_rs232_disable_read_interrupt
                0x02018cb0                alt_up_rs232_get_used_space_in_read_FIFO
                0x02018cec                alt_up_rs232_get_available_space_in_write_FIFO
                0x02018d2c                alt_up_rs232_check_parity
                0x02018d7c                alt_up_rs232_write_data
                0x02018dc4                alt_up_rs232_read_data
                0x02018e38                alt_up_rs232_read_fd
                0x02018ec8                alt_up_rs232_write_fd
                0x02018f5c                alt_up_rs232_open_dev
 .text          0x02018f9c       0x1c ../electronic_engine_control_bsp//libucosii_bsp.a(alt_dcache_flush_all.o)
                0x02018f9c                alt_dcache_flush_all
 .text          0x02018fb8      0x114 ../electronic_engine_control_bsp//libucosii_bsp.a(alt_dev_llist_insert.o)
                0x02018fb8                alt_dev_llist_insert
 .text          0x020190cc       0x64 ../electronic_engine_control_bsp//libucosii_bsp.a(alt_do_ctors.o)
                0x020190cc                _do_ctors
 .text          0x02019130       0x64 ../electronic_engine_control_bsp//libucosii_bsp.a(alt_do_dtors.o)
                0x02019130                _do_dtors
 .text          0x02019194       0x94 ../electronic_engine_control_bsp//libucosii_bsp.a(alt_find_dev.o)
                0x02019194                alt_find_dev
 .text          0x02019228       0x1c ../electronic_engine_control_bsp//libucosii_bsp.a(alt_icache_flush_all.o)
                0x02019228                alt_icache_flush_all
 .text          0x02019244      0x150 ../electronic_engine_control_bsp//libucosii_bsp.a(alt_io_redirect.o)
                0x0201931c                alt_io_redirect
 .text          0x02019394        0x0 ../electronic_engine_control_bsp//libucosii_bsp.a(alt_irq_entry.o)
 .text          0x02019394        0x0 ../electronic_engine_control_bsp//libucosii_bsp.a(alt_irq_handler.o)
 .text          0x02019394      0x2e4 ../electronic_engine_control_bsp//libucosii_bsp.a(alt_open.o)
                0x0201948c                open
 .text          0x02019678       0x20 ../electronic_engine_control_bsp//libucosii_bsp.a(altera_nios2_qsys_irq.o)
                0x02019678                altera_nios2_qsys_irq_init
 .text          0x02019698       0xd0 ../electronic_engine_control_bsp//libucosii_bsp.a(os_cpu_a.o)
                0x02019698                OSCtxSw
                0x02019698                OSIntCtxSw
                0x02019724                OSStartHighRdy
                0x02019744                OSStartTsk
 .text          0x02019768      0x418 ../electronic_engine_control_bsp//libucosii_bsp.a(os_cpu_c.o)
                0x02019768                OSTaskStkInit
                0x02019a78                OSTaskCreateHook
                0x02019a98                OSTaskDelHook
                0x02019ab8                OSTaskSwHook
                0x02019ad4                OSTaskStatHook
                0x02019af0                OSTimeTickHook
                0x02019b0c                OSInitHookBegin
                0x02019b28                OSInitHookEnd
                0x02019b44                OSTaskIdleHook
                0x02019b60                OSTCBInitHook
 .text          0x02019b80        0x0 ../electronic_engine_control_bsp//libucosii_bsp.a(alt_exception_entry.o)
 .text          0x02019b80      0x120 ../electronic_engine_control_bsp//libucosii_bsp.a(alt_find_file.o)
                0x02019b80                alt_find_file
 .text          0x02019ca0      0x104 ../electronic_engine_control_bsp//libucosii_bsp.a(alt_get_fd.o)
                0x02019ca0                alt_get_fd
 .text          0x02019da4       0x14 /OPT/altera/12.1/nios2eds/bin/gnu/H-i686-pc-linux-gnu/bin/../lib/gcc/nios2-elf/4.1.2/../../../../nios2-elf/lib/mno-hw-mul/libc.a(lib_a-atexit.o)
                0x02019da4                atexit
 .text          0x02019db8       0x38 /OPT/altera/12.1/nios2eds/bin/gnu/H-i686-pc-linux-gnu/bin/../lib/gcc/nios2-elf/4.1.2/../../../../nios2-elf/lib/mno-hw-mul/libc.a(lib_a-exit.o)
                0x02019db8                exit
 .text          0x02019df0       0x74 /OPT/altera/12.1/nios2eds/bin/gnu/H-i686-pc-linux-gnu/bin/../lib/gcc/nios2-elf/4.1.2/../../../../nios2-elf/lib/mno-hw-mul/libc.a(lib_a-memcmp.o)
                0x02019df0                memcmp
 .text          0x02019e64      0x134 /OPT/altera/12.1/nios2eds/bin/gnu/H-i686-pc-linux-gnu/bin/../lib/gcc/nios2-elf/4.1.2/../../../../nios2-elf/lib/mno-hw-mul/libc.a(lib_a-__atexit.o)
                0x02019e64                __register_exitproc
 .text          0x02019f98      0x1b4 /OPT/altera/12.1/nios2eds/bin/gnu/H-i686-pc-linux-gnu/bin/../lib/gcc/nios2-elf/4.1.2/../../../../nios2-elf/lib/mno-hw-mul/libc.a(lib_a-__call_atexit.o)
                0x02019f9c                __call_exitprocs
 *(.gnu.warning.*)
 *(.fini)
                0x0201a14c                PROVIDE (__etext, ABSOLUTE (.))
                0x0201a14c                PROVIDE (_etext, ABSOLUTE (.))
                0x0201a14c                PROVIDE (etext, ABSOLUTE (.))
 *(.eh_frame_hdr)
                0x0201a14c                . = ALIGN (0x4)
                0x0201a14c                PROVIDE (__preinit_array_start, ABSOLUTE (.))
 *(.preinit_array)
                0x0201a14c                PROVIDE (__preinit_array_end, ABSOLUTE (.))
                0x0201a14c                PROVIDE (__init_array_start, ABSOLUTE (.))
 *(.init_array)
                0x0201a14c                PROVIDE (__init_array_end, ABSOLUTE (.))
                0x0201a14c                PROVIDE (__fini_array_start, ABSOLUTE (.))
 *(.fini_array)
                0x0201a14c                PROVIDE (__fini_array_end, ABSOLUTE (.))
 *(.eh_frame)
 *(.gcc_except_table)
 *(.dynamic)
                0x0201a14c                PROVIDE (__CTOR_LIST__, ABSOLUTE (.))
 *(.ctors)
 *(SORT(.ctors.*))
 .ctors.65535   0x0201a14c        0x4 /OPT/altera/12.1/nios2eds/bin/gnu/H-i686-pc-linux-gnu/bin/../lib/gcc/nios2-elf/4.1.2/../../../../nios2-elf/lib/mno-hw-mul/libc.a(lib_a-__call_atexit.o)
                0x0201a150                PROVIDE (__CTOR_END__, ABSOLUTE (.))
                0x0201a150                PROVIDE (__DTOR_LIST__, ABSOLUTE (.))
 *(.dtors)
 *(SORT(.dtors.*))
                0x0201a150                PROVIDE (__DTOR_END__, ABSOLUTE (.))
 *(.jcr)
                0x0201a150                . = ALIGN (0x4)

.rodata         0x0201a150      0x930
                0x0201a150                PROVIDE (__ram_rodata_start, ABSOLUTE (.))
                0x0201a150                . = ALIGN (0x4)
 *(.rodata .rodata.* .gnu.linkonce.r.*)
 .rodata        0x0201a150       0xd0 obj/default/apps_task.o
 .rodata        0x0201a220       0xac obj/default/failure_handler_task.o
 .rodata        0x0201a2cc       0x24 obj/default/main.o
 .rodata        0x0201a2f0       0xb4 obj/default/solenoid_task.o
 .rodata        0x0201a3a4      0x170 obj/default/tests/CuTest.o
 .rodata        0x0201a514       0x80 obj/default/tests/testbench.o
 .rodata        0x0201a594       0x14 /OPT/altera/12.1/nios2eds/bin/gnu/H-i686-pc-linux-gnu/bin/../lib/gcc/nios2-elf/4.1.2/mno-hw-mul/libgcc.a(_thenan_df.o)
                0x0201a594                __thenan_df
 .rodata.str1.4
                0x0201a5a8       0x3d /OPT/altera/12.1/nios2eds/bin/gnu/H-i686-pc-linux-gnu/bin/../lib/gcc/nios2-elf/4.1.2/../../../../nios2-elf/lib/mno-hw-mul/libc.a(lib_a-assert.o)
                                 0x44 (size before relaxing)
 *fill*         0x0201a5e5        0x3 00
 .rodata.str1.4
                0x0201a5e8        0x2 /OPT/altera/12.1/nios2eds/bin/gnu/H-i686-pc-linux-gnu/bin/../lib/gcc/nios2-elf/4.1.2/../../../../nios2-elf/lib/mno-hw-mul/libc.a(lib_a-impure.o)
                                  0x4 (size before relaxing)
 *fill*         0x0201a5ea        0x2 00
 .rodata.str1.4
                0x0201a5ec        0x2 /OPT/altera/12.1/nios2eds/bin/gnu/H-i686-pc-linux-gnu/bin/../lib/gcc/nios2-elf/4.1.2/../../../../nios2-elf/lib/mno-hw-mul/libc.a(lib_a-puts.o)
                                  0x4 (size before relaxing)
 *fill*         0x0201a5ee        0x2 00
 .rodata.str1.4
                0x0201a5f0       0x5e /OPT/altera/12.1/nios2eds/bin/gnu/H-i686-pc-linux-gnu/bin/../lib/gcc/nios2-elf/4.1.2/../../../../nios2-elf/lib/mno-hw-mul/libc.a(lib_a-vfprintf.o)
                                 0x60 (size before relaxing)
 .rodata        0x0201a64e       0x20 /OPT/altera/12.1/nios2eds/bin/gnu/H-i686-pc-linux-gnu/bin/../lib/gcc/nios2-elf/4.1.2/../../../../nios2-elf/lib/mno-hw-mul/libc.a(lib_a-vfprintf.o)
 *fill*         0x0201a66e        0x2 00
 .rodata.str1.4
                0x0201a670       0x10 /OPT/altera/12.1/nios2eds/bin/gnu/H-i686-pc-linux-gnu/bin/../lib/gcc/nios2-elf/4.1.2/../../../../nios2-elf/lib/mno-hw-mul/libc.a(lib_a-dtoa.o)
                                 0x14 (size before relaxing)
 .rodata.str1.4
                0x0201a680       0x10 /OPT/altera/12.1/nios2eds/bin/gnu/H-i686-pc-linux-gnu/bin/../lib/gcc/nios2-elf/4.1.2/../../../../nios2-elf/lib/mno-hw-mul/libc.a(lib_a-locale.o)
                                 0x18 (size before relaxing)
 .rodata        0x0201a690       0x30 /OPT/altera/12.1/nios2eds/bin/gnu/H-i686-pc-linux-gnu/bin/../lib/gcc/nios2-elf/4.1.2/../../../../nios2-elf/lib/mno-hw-mul/libc.a(lib_a-locale.o)
 .rodata        0x0201a6c0      0x124 /OPT/altera/12.1/nios2eds/bin/gnu/H-i686-pc-linux-gnu/bin/../lib/gcc/nios2-elf/4.1.2/../../../../nios2-elf/lib/mno-hw-mul/libc.a(lib_a-mprec.o)
                0x0201a6c0                __mprec_tens
                0x0201a788                __mprec_bigtens
                0x0201a7b0                __mprec_tinytens
 .rodata.str1.4
                0x00000000       0x4c /OPT/altera/12.1/nios2eds/bin/gnu/H-i686-pc-linux-gnu/bin/../lib/gcc/nios2-elf/4.1.2/../../../../nios2-elf/lib/mno-hw-mul/libc.a(lib_a-vfiprintf.o)
 .rodata        0x0201a7e4       0x20 /OPT/altera/12.1/nios2eds/bin/gnu/H-i686-pc-linux-gnu/bin/../lib/gcc/nios2-elf/4.1.2/../../../../nios2-elf/lib/mno-hw-mul/libc.a(lib_a-vfiprintf.o)
 .rodata        0x0201a804      0x100 /OPT/altera/12.1/nios2eds/bin/gnu/H-i686-pc-linux-gnu/bin/../lib/gcc/nios2-elf/4.1.2/mno-hw-mul/libgcc.a(_clz.o)
                0x0201a804                __clz_tab
 .rodata        0x0201a904        0xc ../electronic_engine_control_bsp//libucosii_bsp.a(alt_dev.o)
 .rodata        0x0201a910       0x14 ../electronic_engine_control_bsp//libucosii_bsp.a(alt_main.o)
 .rodata        0x0201a924      0x120 ../electronic_engine_control_bsp//libucosii_bsp.a(os_core.o)
                0x0201a924                OSUnMapTbl
 .rodata        0x0201aa44       0x38 ../electronic_engine_control_bsp//libucosii_bsp.a(alt_sys_init.o)
 .rodata        0x0201aa7c        0x4 ../electronic_engine_control_bsp//libucosii_bsp.a(os_cpu_c.o)
 *(.rodata1)
                0x0201aa80                . = ALIGN (0x4)
                0x0201aa80                PROVIDE (__ram_rodata_end, ABSOLUTE (.))
                0x0201a150                PROVIDE (__flash_rodata_start, LOADADDR (.rodata))

.rwdata         0x0201aa80     0x1b40 load address 0x0201c5c0
                0x0201aa80                PROVIDE (__ram_rwdata_start, ABSOLUTE (.))
                0x0201aa80                . = ALIGN (0x4)
 *(.got.plt)
 *(.got)
 *(.data1)
 *(.data .data.* .gnu.linkonce.d.*)
 .data          0x0201aa80        0x0 ../electronic_engine_control_bsp//obj/HAL/src/crt0.o
 .data          0x0201aa80        0x0 obj/default/apps_task.o
 .data          0x0201aa80        0x0 obj/default/failure_handler_task.o
 .data          0x0201aa80        0x0 obj/default/main.o
 .data          0x0201aa80        0x0 obj/default/motor_control_task.o
 .data          0x0201aa80        0x0 obj/default/pwm_gen.o
 .data          0x0201aa80        0x0 obj/default/solenoid_task.o
 .data          0x0201aa80        0x0 obj/default/tests/CuTest.o
 .data          0x0201aa80        0x0 obj/default/tests/testbench.o
 .data          0x0201aa80        0x0 obj/default/throttle_data.o
 .data          0x0201aa80        0x0 obj/default/util.o
 .data          0x0201aa80        0x0 /OPT/altera/12.1/nios2eds/bin/gnu/H-i686-pc-linux-gnu/bin/../lib/gcc/nios2-elf/4.1.2/mno-hw-mul/libgcc.a(_addsub_df.o)
 .data          0x0201aa80        0x0 /OPT/altera/12.1/nios2eds/bin/gnu/H-i686-pc-linux-gnu/bin/../lib/gcc/nios2-elf/4.1.2/mno-hw-mul/libgcc.a(_le_df.o)
 .data          0x0201aa80        0x0 /OPT/altera/12.1/nios2eds/bin/gnu/H-i686-pc-linux-gnu/bin/../lib/gcc/nios2-elf/4.1.2/mno-hw-mul/libgcc.a(_thenan_df.o)
 .data          0x0201aa80        0x0 /OPT/altera/12.1/nios2eds/bin/gnu/H-i686-pc-linux-gnu/bin/../lib/gcc/nios2-elf/4.1.2/mno-hw-mul/libgcc.a(lib2-divmod.o)
 .data          0x0201aa80        0x0 /OPT/altera/12.1/nios2eds/bin/gnu/H-i686-pc-linux-gnu/bin/../lib/gcc/nios2-elf/4.1.2/mno-hw-mul/libgcc.a(lib2-mul.o)
 .data          0x0201aa80        0x0 /OPT/altera/12.1/nios2eds/bin/gnu/H-i686-pc-linux-gnu/bin/../lib/gcc/nios2-elf/4.1.2/mno-hw-mul/libgcc.a(_pack_df.o)
 .data          0x0201aa80        0x0 /OPT/altera/12.1/nios2eds/bin/gnu/H-i686-pc-linux-gnu/bin/../lib/gcc/nios2-elf/4.1.2/mno-hw-mul/libgcc.a(_unpack_df.o)
 .data          0x0201aa80        0x0 /OPT/altera/12.1/nios2eds/bin/gnu/H-i686-pc-linux-gnu/bin/../lib/gcc/nios2-elf/4.1.2/mno-hw-mul/libgcc.a(_fpcmp_parts_df.o)
 .data          0x0201aa80        0x0 /OPT/altera/12.1/nios2eds/bin/gnu/H-i686-pc-linux-gnu/bin/../lib/gcc/nios2-elf/4.1.2/../../../../nios2-elf/lib/mno-hw-mul/libc.a(lib_a-assert.o)
 .data          0x0201aa80        0x0 /OPT/altera/12.1/nios2eds/bin/gnu/H-i686-pc-linux-gnu/bin/../lib/gcc/nios2-elf/4.1.2/../../../../nios2-elf/lib/mno-hw-mul/libc.a(lib_a-fiprintf.o)
 .data          0x0201aa80      0x400 /OPT/altera/12.1/nios2eds/bin/gnu/H-i686-pc-linux-gnu/bin/../lib/gcc/nios2-elf/4.1.2/../../../../nios2-elf/lib/mno-hw-mul/libc.a(lib_a-impure.o)
 .data          0x0201ae80        0x0 /OPT/altera/12.1/nios2eds/bin/gnu/H-i686-pc-linux-gnu/bin/../lib/gcc/nios2-elf/4.1.2/../../../../nios2-elf/lib/mno-hw-mul/libc.a(lib_a-malloc.o)
 .data          0x0201ae80      0x408 /OPT/altera/12.1/nios2eds/bin/gnu/H-i686-pc-linux-gnu/bin/../lib/gcc/nios2-elf/4.1.2/../../../../nios2-elf/lib/mno-hw-mul/libc.a(lib_a-mallocr.o)
                0x0201ae80                __malloc_av_
 .data          0x0201b288        0x0 /OPT/altera/12.1/nios2eds/bin/gnu/H-i686-pc-linux-gnu/bin/../lib/gcc/nios2-elf/4.1.2/../../../../nios2-elf/lib/mno-hw-mul/libc.a(lib_a-memcpy.o)
 .data          0x0201b288        0x0 /OPT/altera/12.1/nios2eds/bin/gnu/H-i686-pc-linux-gnu/bin/../lib/gcc/nios2-elf/4.1.2/../../../../nios2-elf/lib/mno-hw-mul/libc.a(lib_a-memmove.o)
 .data          0x0201b288        0x0 /OPT/altera/12.1/nios2eds/bin/gnu/H-i686-pc-linux-gnu/bin/../lib/gcc/nios2-elf/4.1.2/../../../../nios2-elf/lib/mno-hw-mul/libc.a(lib_a-memset.o)
 .data          0x0201b288        0x0 /OPT/altera/12.1/nios2eds/bin/gnu/H-i686-pc-linux-gnu/bin/../lib/gcc/nios2-elf/4.1.2/../../../../nios2-elf/lib/mno-hw-mul/libc.a(lib_a-printf.o)
 .data          0x0201b288        0x0 /OPT/altera/12.1/nios2eds/bin/gnu/H-i686-pc-linux-gnu/bin/../lib/gcc/nios2-elf/4.1.2/../../../../nios2-elf/lib/mno-hw-mul/libc.a(lib_a-puts.o)
 .data          0x0201b288        0x0 /OPT/altera/12.1/nios2eds/bin/gnu/H-i686-pc-linux-gnu/bin/../lib/gcc/nios2-elf/4.1.2/../../../../nios2-elf/lib/mno-hw-mul/libc.a(lib_a-realloc.o)
 .data          0x0201b288        0x0 /OPT/altera/12.1/nios2eds/bin/gnu/H-i686-pc-linux-gnu/bin/../lib/gcc/nios2-elf/4.1.2/../../../../nios2-elf/lib/mno-hw-mul/libc.a(lib_a-reallocr.o)
 .data          0x0201b288        0x0 /OPT/altera/12.1/nios2eds/bin/gnu/H-i686-pc-linux-gnu/bin/../lib/gcc/nios2-elf/4.1.2/../../../../nios2-elf/lib/mno-hw-mul/libc.a(lib_a-sbrkr.o)
 .data          0x0201b288        0x0 /OPT/altera/12.1/nios2eds/bin/gnu/H-i686-pc-linux-gnu/bin/../lib/gcc/nios2-elf/4.1.2/../../../../nios2-elf/lib/mno-hw-mul/libc.a(lib_a-setjmp.o)
 .data          0x0201b288        0x0 /OPT/altera/12.1/nios2eds/bin/gnu/H-i686-pc-linux-gnu/bin/../lib/gcc/nios2-elf/4.1.2/../../../../nios2-elf/lib/mno-hw-mul/libc.a(lib_a-sprintf.o)
 .data          0x0201b288        0x0 /OPT/altera/12.1/nios2eds/bin/gnu/H-i686-pc-linux-gnu/bin/../lib/gcc/nios2-elf/4.1.2/../../../../nios2-elf/lib/mno-hw-mul/libc.a(lib_a-strcat.o)
 .data          0x0201b288        0x0 /OPT/altera/12.1/nios2eds/bin/gnu/H-i686-pc-linux-gnu/bin/../lib/gcc/nios2-elf/4.1.2/../../../../nios2-elf/lib/mno-hw-mul/libc.a(lib_a-strcmp.o)
 .data          0x0201b288        0x0 /OPT/altera/12.1/nios2eds/bin/gnu/H-i686-pc-linux-gnu/bin/../lib/gcc/nios2-elf/4.1.2/../../../../nios2-elf/lib/mno-hw-mul/libc.a(lib_a-strcpy.o)
 .data          0x0201b288        0x0 /OPT/altera/12.1/nios2eds/bin/gnu/H-i686-pc-linux-gnu/bin/../lib/gcc/nios2-elf/4.1.2/../../../../nios2-elf/lib/mno-hw-mul/libc.a(lib_a-strlen.o)
 .data          0x0201b288        0x0 /OPT/altera/12.1/nios2eds/bin/gnu/H-i686-pc-linux-gnu/bin/../lib/gcc/nios2-elf/4.1.2/../../../../nios2-elf/lib/mno-hw-mul/libc.a(lib_a-vfiprintfr_1.o)
 .data          0x0201b288        0x0 /OPT/altera/12.1/nios2eds/bin/gnu/H-i686-pc-linux-gnu/bin/../lib/gcc/nios2-elf/4.1.2/../../../../nios2-elf/lib/mno-hw-mul/libc.a(lib_a-vfprintf.o)
 .data          0x0201b288        0x0 /OPT/altera/12.1/nios2eds/bin/gnu/H-i686-pc-linux-gnu/bin/../lib/gcc/nios2-elf/4.1.2/../../../../nios2-elf/lib/mno-hw-mul/libc.a(lib_a-wsetup.o)
 .data          0x0201b288        0x0 /OPT/altera/12.1/nios2eds/bin/gnu/H-i686-pc-linux-gnu/bin/../lib/gcc/nios2-elf/4.1.2/../../../../nios2-elf/lib/mno-hw-mul/libc.a(lib_a-abort.o)
 .data          0x0201b288        0x0 /OPT/altera/12.1/nios2eds/bin/gnu/H-i686-pc-linux-gnu/bin/../lib/gcc/nios2-elf/4.1.2/../../../../nios2-elf/lib/mno-hw-mul/libc.a(lib_a-dtoa.o)
 .data          0x0201b288        0x0 /OPT/altera/12.1/nios2eds/bin/gnu/H-i686-pc-linux-gnu/bin/../lib/gcc/nios2-elf/4.1.2/../../../../nios2-elf/lib/mno-hw-mul/libc.a(lib_a-fflush.o)
 .data          0x0201b288        0x0 /OPT/altera/12.1/nios2eds/bin/gnu/H-i686-pc-linux-gnu/bin/../lib/gcc/nios2-elf/4.1.2/../../../../nios2-elf/lib/mno-hw-mul/libc.a(lib_a-findfp.o)
 .data          0x0201b288        0x0 /OPT/altera/12.1/nios2eds/bin/gnu/H-i686-pc-linux-gnu/bin/../lib/gcc/nios2-elf/4.1.2/../../../../nios2-elf/lib/mno-hw-mul/libc.a(lib_a-freer.o)
 .data          0x0201b288        0x0 /OPT/altera/12.1/nios2eds/bin/gnu/H-i686-pc-linux-gnu/bin/../lib/gcc/nios2-elf/4.1.2/../../../../nios2-elf/lib/mno-hw-mul/libc.a(lib_a-fvwrite.o)
 .data          0x0201b288        0x0 /OPT/altera/12.1/nios2eds/bin/gnu/H-i686-pc-linux-gnu/bin/../lib/gcc/nios2-elf/4.1.2/../../../../nios2-elf/lib/mno-hw-mul/libc.a(lib_a-fwalk.o)
 .data          0x0201b288        0x0 /OPT/altera/12.1/nios2eds/bin/gnu/H-i686-pc-linux-gnu/bin/../lib/gcc/nios2-elf/4.1.2/../../../../nios2-elf/lib/mno-hw-mul/libc.a(lib_a-int_errno.o)
 .data          0x0201b288        0xc /OPT/altera/12.1/nios2eds/bin/gnu/H-i686-pc-linux-gnu/bin/../lib/gcc/nios2-elf/4.1.2/../../../../nios2-elf/lib/mno-hw-mul/libc.a(lib_a-locale.o)
                0x0201b288                __lc_ctype
 .data          0x0201b294        0x0 /OPT/altera/12.1/nios2eds/bin/gnu/H-i686-pc-linux-gnu/bin/../lib/gcc/nios2-elf/4.1.2/../../../../nios2-elf/lib/mno-hw-mul/libc.a(lib_a-makebuf.o)
 .data          0x0201b294        0x0 /OPT/altera/12.1/nios2eds/bin/gnu/H-i686-pc-linux-gnu/bin/../lib/gcc/nios2-elf/4.1.2/../../../../nios2-elf/lib/mno-hw-mul/libc.a(lib_a-memchr.o)
 .data          0x0201b294        0x0 /OPT/altera/12.1/nios2eds/bin/gnu/H-i686-pc-linux-gnu/bin/../lib/gcc/nios2-elf/4.1.2/../../../../nios2-elf/lib/mno-hw-mul/libc.a(lib_a-mprec.o)
 .data          0x0201b294        0x0 /OPT/altera/12.1/nios2eds/bin/gnu/H-i686-pc-linux-gnu/bin/../lib/gcc/nios2-elf/4.1.2/../../../../nios2-elf/lib/mno-hw-mul/libc.a(lib_a-s_isinfd.o)
 .data          0x0201b294        0x0 /OPT/altera/12.1/nios2eds/bin/gnu/H-i686-pc-linux-gnu/bin/../lib/gcc/nios2-elf/4.1.2/../../../../nios2-elf/lib/mno-hw-mul/libc.a(lib_a-s_isnand.o)
 .data          0x0201b294        0x0 /OPT/altera/12.1/nios2eds/bin/gnu/H-i686-pc-linux-gnu/bin/../lib/gcc/nios2-elf/4.1.2/../../../../nios2-elf/lib/mno-hw-mul/libc.a(lib_a-signal.o)
 .data          0x0201b294        0x0 /OPT/altera/12.1/nios2eds/bin/gnu/H-i686-pc-linux-gnu/bin/../lib/gcc/nios2-elf/4.1.2/../../../../nios2-elf/lib/mno-hw-mul/libc.a(lib_a-signalr.o)
 .data          0x0201b294        0x0 /OPT/altera/12.1/nios2eds/bin/gnu/H-i686-pc-linux-gnu/bin/../lib/gcc/nios2-elf/4.1.2/../../../../nios2-elf/lib/mno-hw-mul/libc.a(lib_a-stdio.o)
 .data          0x0201b294        0x0 /OPT/altera/12.1/nios2eds/bin/gnu/H-i686-pc-linux-gnu/bin/../lib/gcc/nios2-elf/4.1.2/../../../../nios2-elf/lib/mno-hw-mul/libc.a(lib_a-vfiprintf.o)
 .data          0x0201b294        0x0 /OPT/altera/12.1/nios2eds/bin/gnu/H-i686-pc-linux-gnu/bin/../lib/gcc/nios2-elf/4.1.2/../../../../nios2-elf/lib/mno-hw-mul/libc.a(lib_a-writer.o)
 .data          0x0201b294        0x0 /OPT/altera/12.1/nios2eds/bin/gnu/H-i686-pc-linux-gnu/bin/../lib/gcc/nios2-elf/4.1.2/../../../../nios2-elf/lib/mno-hw-mul/libc.a(lib_a-callocr.o)
 .data          0x0201b294        0x0 /OPT/altera/12.1/nios2eds/bin/gnu/H-i686-pc-linux-gnu/bin/../lib/gcc/nios2-elf/4.1.2/../../../../nios2-elf/lib/mno-hw-mul/libc.a(lib_a-closer.o)
 .data          0x0201b294        0x0 /OPT/altera/12.1/nios2eds/bin/gnu/H-i686-pc-linux-gnu/bin/../lib/gcc/nios2-elf/4.1.2/../../../../nios2-elf/lib/mno-hw-mul/libc.a(lib_a-fclose.o)
 .data          0x0201b294        0x0 /OPT/altera/12.1/nios2eds/bin/gnu/H-i686-pc-linux-gnu/bin/../lib/gcc/nios2-elf/4.1.2/../../../../nios2-elf/lib/mno-hw-mul/libc.a(lib_a-fstatr.o)
 .data          0x0201b294        0x0 /OPT/altera/12.1/nios2eds/bin/gnu/H-i686-pc-linux-gnu/bin/../lib/gcc/nios2-elf/4.1.2/../../../../nios2-elf/lib/mno-hw-mul/libc.a(lib_a-isattyr.o)
 .data          0x0201b294        0x0 /OPT/altera/12.1/nios2eds/bin/gnu/H-i686-pc-linux-gnu/bin/../lib/gcc/nios2-elf/4.1.2/../../../../nios2-elf/lib/mno-hw-mul/libc.a(lib_a-lseekr.o)
 .data          0x0201b294        0x0 /OPT/altera/12.1/nios2eds/bin/gnu/H-i686-pc-linux-gnu/bin/../lib/gcc/nios2-elf/4.1.2/../../../../nios2-elf/lib/mno-hw-mul/libc.a(lib_a-readr.o)
 .data          0x0201b294        0x0 /OPT/altera/12.1/nios2eds/bin/gnu/H-i686-pc-linux-gnu/bin/../lib/gcc/nios2-elf/4.1.2/mno-hw-mul/libgcc.a(_udivdi3.o)
 .data          0x0201b294        0x0 /OPT/altera/12.1/nios2eds/bin/gnu/H-i686-pc-linux-gnu/bin/../lib/gcc/nios2-elf/4.1.2/mno-hw-mul/libgcc.a(_umoddi3.o)
 .data          0x0201b294        0x0 /OPT/altera/12.1/nios2eds/bin/gnu/H-i686-pc-linux-gnu/bin/../lib/gcc/nios2-elf/4.1.2/mno-hw-mul/libgcc.a(_mul_df.o)
 .data          0x0201b294        0x0 /OPT/altera/12.1/nios2eds/bin/gnu/H-i686-pc-linux-gnu/bin/../lib/gcc/nios2-elf/4.1.2/mno-hw-mul/libgcc.a(_div_df.o)
 .data          0x0201b294        0x0 /OPT/altera/12.1/nios2eds/bin/gnu/H-i686-pc-linux-gnu/bin/../lib/gcc/nios2-elf/4.1.2/mno-hw-mul/libgcc.a(_eq_df.o)
 .data          0x0201b294        0x0 /OPT/altera/12.1/nios2eds/bin/gnu/H-i686-pc-linux-gnu/bin/../lib/gcc/nios2-elf/4.1.2/mno-hw-mul/libgcc.a(_ne_df.o)
 .data          0x0201b294        0x0 /OPT/altera/12.1/nios2eds/bin/gnu/H-i686-pc-linux-gnu/bin/../lib/gcc/nios2-elf/4.1.2/mno-hw-mul/libgcc.a(_gt_df.o)
 .data          0x0201b294        0x0 /OPT/altera/12.1/nios2eds/bin/gnu/H-i686-pc-linux-gnu/bin/../lib/gcc/nios2-elf/4.1.2/mno-hw-mul/libgcc.a(_ge_df.o)
 .data          0x0201b294        0x0 /OPT/altera/12.1/nios2eds/bin/gnu/H-i686-pc-linux-gnu/bin/../lib/gcc/nios2-elf/4.1.2/mno-hw-mul/libgcc.a(_lt_df.o)
 .data          0x0201b294        0x0 /OPT/altera/12.1/nios2eds/bin/gnu/H-i686-pc-linux-gnu/bin/../lib/gcc/nios2-elf/4.1.2/mno-hw-mul/libgcc.a(_si_to_df.o)
 .data          0x0201b294        0x0 /OPT/altera/12.1/nios2eds/bin/gnu/H-i686-pc-linux-gnu/bin/../lib/gcc/nios2-elf/4.1.2/mno-hw-mul/libgcc.a(_df_to_si.o)
 .data          0x0201b294        0x0 /OPT/altera/12.1/nios2eds/bin/gnu/H-i686-pc-linux-gnu/bin/../lib/gcc/nios2-elf/4.1.2/mno-hw-mul/libgcc.a(_usi_to_df.o)
 .data          0x0201b294        0x0 /OPT/altera/12.1/nios2eds/bin/gnu/H-i686-pc-linux-gnu/bin/../lib/gcc/nios2-elf/4.1.2/mno-hw-mul/libgcc.a(_muldi3.o)
 .data          0x0201b294        0x0 /OPT/altera/12.1/nios2eds/bin/gnu/H-i686-pc-linux-gnu/bin/../lib/gcc/nios2-elf/4.1.2/mno-hw-mul/libgcc.a(_clz.o)
 .data          0x0201b294        0x0 /OPT/altera/12.1/nios2eds/bin/gnu/H-i686-pc-linux-gnu/bin/../lib/gcc/nios2-elf/4.1.2/mno-hw-mul/libgcc.a(_clzsi2.o)
 .data          0x0201b294        0x0 ../electronic_engine_control_bsp//libucosii_bsp.a(alt_alarm_start.o)
 .data          0x0201b294        0x0 ../electronic_engine_control_bsp//libucosii_bsp.a(alt_close.o)
 .data          0x0201b294      0x1a8 ../electronic_engine_control_bsp//libucosii_bsp.a(alt_dev.o)
                0x0201b294                alt_dev_null
                0x0201b2bc                alt_fd_list
 .data          0x0201b43c        0x0 ../electronic_engine_control_bsp//libucosii_bsp.a(alt_errno.o)
 .data          0x0201b43c        0x0 ../electronic_engine_control_bsp//libucosii_bsp.a(alt_exit.o)
 .data          0x0201b43c        0x0 ../electronic_engine_control_bsp//libucosii_bsp.a(alt_fstat.o)
 .data          0x0201b43c        0x0 ../electronic_engine_control_bsp//libucosii_bsp.a(alt_getpid.o)
 .data          0x0201b43c        0x0 ../electronic_engine_control_bsp//libucosii_bsp.a(alt_irq_register.o)
 .data          0x0201b43c        0x0 ../electronic_engine_control_bsp//libucosii_bsp.a(alt_irq_vars.o)
 .data          0x0201b43c        0x0 ../electronic_engine_control_bsp//libucosii_bsp.a(alt_isatty.o)
 .data          0x0201b43c        0x0 ../electronic_engine_control_bsp//libucosii_bsp.a(alt_kill.o)
 .data          0x0201b43c        0x0 ../electronic_engine_control_bsp//libucosii_bsp.a(alt_load.o)
 .data          0x0201b43c        0x0 ../electronic_engine_control_bsp//libucosii_bsp.a(alt_lseek.o)
 .data          0x0201b43c        0x0 ../electronic_engine_control_bsp//libucosii_bsp.a(alt_main.o)
 .data          0x0201b43c        0x0 ../electronic_engine_control_bsp//libucosii_bsp.a(alt_read.o)
 .data          0x0201b43c        0x0 ../electronic_engine_control_bsp//libucosii_bsp.a(alt_release_fd.o)
 .data          0x0201b43c        0x0 ../electronic_engine_control_bsp//libucosii_bsp.a(alt_sbrk.o)
 .data          0x0201b43c        0x0 ../electronic_engine_control_bsp//libucosii_bsp.a(alt_tick.o)
 .data          0x0201b43c        0x0 ../electronic_engine_control_bsp//libucosii_bsp.a(alt_write.o)
 .data          0x0201b43c        0x0 ../electronic_engine_control_bsp//libucosii_bsp.a(alt_env_lock.o)
 .data          0x0201b43c        0x0 ../electronic_engine_control_bsp//libucosii_bsp.a(alt_malloc_lock.o)
 .data          0x0201b43c        0x0 ../electronic_engine_control_bsp//libucosii_bsp.a(os_core.o)
 .data          0x0201b43c        0x0 ../electronic_engine_control_bsp//libucosii_bsp.a(os_dbg.o)
 .data          0x0201b43c        0x0 ../electronic_engine_control_bsp//libucosii_bsp.a(os_flag.o)
 .data          0x0201b43c        0x0 ../electronic_engine_control_bsp//libucosii_bsp.a(os_mem.o)
 .data          0x0201b43c        0x0 ../electronic_engine_control_bsp//libucosii_bsp.a(os_q.o)
 .data          0x0201b43c        0x0 ../electronic_engine_control_bsp//libucosii_bsp.a(os_sem.o)
 .data          0x0201b43c        0x0 ../electronic_engine_control_bsp//libucosii_bsp.a(os_task.o)
 .data          0x0201b43c        0x0 ../electronic_engine_control_bsp//libucosii_bsp.a(os_time.o)
 .data          0x0201b43c     0x10c4 ../electronic_engine_control_bsp//libucosii_bsp.a(alt_sys_init.o)
 .data          0x0201c500        0x0 ../electronic_engine_control_bsp//libucosii_bsp.a(altera_avalon_jtag_uart_fd.o)
 .data          0x0201c500        0x0 ../electronic_engine_control_bsp//libucosii_bsp.a(altera_avalon_jtag_uart_init.o)
 .data          0x0201c500        0x0 ../electronic_engine_control_bsp//libucosii_bsp.a(altera_avalon_jtag_uart_ioctl.o)
 .data          0x0201c500        0x0 ../electronic_engine_control_bsp//libucosii_bsp.a(altera_avalon_jtag_uart_read.o)
 .data          0x0201c500        0x0 ../electronic_engine_control_bsp//libucosii_bsp.a(altera_avalon_jtag_uart_write.o)
 .data          0x0201c500        0x0 ../electronic_engine_control_bsp//libucosii_bsp.a(altera_avalon_timer_sc.o)
 .data          0x0201c500        0x0 ../electronic_engine_control_bsp//libucosii_bsp.a(altera_avalon_timer_vars.o)
 .data          0x0201c500        0x0 ../electronic_engine_control_bsp//libucosii_bsp.a(altera_up_avalon_de0_nano_adc.o)
 .data          0x0201c500        0x0 ../electronic_engine_control_bsp//libucosii_bsp.a(altera_up_avalon_rs232.o)
 .data          0x0201c500        0x0 ../electronic_engine_control_bsp//libucosii_bsp.a(alt_dcache_flush_all.o)
 .data          0x0201c500        0x0 ../electronic_engine_control_bsp//libucosii_bsp.a(alt_dev_llist_insert.o)
 .data          0x0201c500        0x0 ../electronic_engine_control_bsp//libucosii_bsp.a(alt_do_ctors.o)
 .data          0x0201c500        0x0 ../electronic_engine_control_bsp//libucosii_bsp.a(alt_do_dtors.o)
 .data          0x0201c500        0x0 ../electronic_engine_control_bsp//libucosii_bsp.a(alt_find_dev.o)
 .data          0x0201c500        0x0 ../electronic_engine_control_bsp//libucosii_bsp.a(alt_icache_flush_all.o)
 .data          0x0201c500        0x0 ../electronic_engine_control_bsp//libucosii_bsp.a(alt_io_redirect.o)
 .data          0x0201c500        0x0 ../electronic_engine_control_bsp//libucosii_bsp.a(alt_irq_entry.o)
 .data          0x0201c500        0x0 ../electronic_engine_control_bsp//libucosii_bsp.a(alt_irq_handler.o)
 .data          0x0201c500        0x0 ../electronic_engine_control_bsp//libucosii_bsp.a(alt_open.o)
 .data          0x0201c500        0x0 ../electronic_engine_control_bsp//libucosii_bsp.a(altera_nios2_qsys_irq.o)
 .data          0x0201c500        0x0 ../electronic_engine_control_bsp//libucosii_bsp.a(os_cpu_a.o)
 .data          0x0201c500        0x0 ../electronic_engine_control_bsp//libucosii_bsp.a(os_cpu_c.o)
 .data          0x0201c500        0x0 ../electronic_engine_control_bsp//libucosii_bsp.a(alt_exception_entry.o)
 .data          0x0201c500        0x0 ../electronic_engine_control_bsp//libucosii_bsp.a(alt_find_file.o)
 .data          0x0201c500        0x0 ../electronic_engine_control_bsp//libucosii_bsp.a(alt_get_fd.o)
 .data          0x0201c500        0x0 /OPT/altera/12.1/nios2eds/bin/gnu/H-i686-pc-linux-gnu/bin/../lib/gcc/nios2-elf/4.1.2/../../../../nios2-elf/lib/mno-hw-mul/libc.a(lib_a-atexit.o)
 .data          0x0201c500        0x0 /OPT/altera/12.1/nios2eds/bin/gnu/H-i686-pc-linux-gnu/bin/../lib/gcc/nios2-elf/4.1.2/../../../../nios2-elf/lib/mno-hw-mul/libc.a(lib_a-exit.o)
 .data          0x0201c500        0x0 /OPT/altera/12.1/nios2eds/bin/gnu/H-i686-pc-linux-gnu/bin/../lib/gcc/nios2-elf/4.1.2/../../../../nios2-elf/lib/mno-hw-mul/libc.a(lib_a-memcmp.o)
 .data          0x0201c500        0x0 /OPT/altera/12.1/nios2eds/bin/gnu/H-i686-pc-linux-gnu/bin/../lib/gcc/nios2-elf/4.1.2/../../../../nios2-elf/lib/mno-hw-mul/libc.a(lib_a-__atexit.o)
 .data          0x0201c500        0x0 /OPT/altera/12.1/nios2eds/bin/gnu/H-i686-pc-linux-gnu/bin/../lib/gcc/nios2-elf/4.1.2/../../../../nios2-elf/lib/mno-hw-mul/libc.a(lib_a-__call_atexit.o)
                0x02024500                _gp = ABSOLUTE ((. + 0x8000))
                0x02024500                PROVIDE (gp, _gp)
 *(.rwdata .rwdata.*)
 *(.sdata .sdata.* .gnu.linkonce.s.*)
 .sdata         0x0201c500        0x2 obj/default/motor_control_task.o
                0x0201c500                timeout_failure_encountered
                0x0201c501                tps_failure_encountered
 *fill*         0x0201c502        0x2 00
 .sdata         0x0201c504        0x8 /OPT/altera/12.1/nios2eds/bin/gnu/H-i686-pc-linux-gnu/bin/../lib/gcc/nios2-elf/4.1.2/../../../../nios2-elf/lib/mno-hw-mul/libc.a(lib_a-impure.o)
                0x0201c504                _impure_ptr
                0x0201c508                _global_impure_ptr
 .sdata         0x0201c50c        0x8 /OPT/altera/12.1/nios2eds/bin/gnu/H-i686-pc-linux-gnu/bin/../lib/gcc/nios2-elf/4.1.2/../../../../nios2-elf/lib/mno-hw-mul/libc.a(lib_a-mallocr.o)
                0x0201c50c                __malloc_trim_threshold
                0x0201c510                __malloc_sbrk_base
 .sdata         0x0201c514        0x8 /OPT/altera/12.1/nios2eds/bin/gnu/H-i686-pc-linux-gnu/bin/../lib/gcc/nios2-elf/4.1.2/../../../../nios2-elf/lib/mno-hw-mul/libc.a(lib_a-locale.o)
                0x0201c514                __mb_cur_max
 .sdata         0x0201c51c       0x14 ../electronic_engine_control_bsp//libucosii_bsp.a(alt_dev.o)
                0x0201c51c                alt_fs_list
                0x0201c524                alt_dev_list
                0x0201c52c                alt_max_fd
 .sdata         0x0201c530        0x4 ../electronic_engine_control_bsp//libucosii_bsp.a(alt_errno.o)
                0x0201c530                alt_errno
 .sdata         0x0201c534        0x4 ../electronic_engine_control_bsp//libucosii_bsp.a(alt_irq_vars.o)
                0x0201c534                alt_priority_mask
 .sdata         0x0201c538        0x4 ../electronic_engine_control_bsp//libucosii_bsp.a(alt_sbrk.o)
 .sdata         0x0201c53c        0x8 ../electronic_engine_control_bsp//libucosii_bsp.a(alt_tick.o)
                0x0201c53c                alt_alarm_list
 .sdata         0x0201c544        0x4 ../electronic_engine_control_bsp//libucosii_bsp.a(alt_env_lock.o)
 .sdata         0x0201c548        0x4 ../electronic_engine_control_bsp//libucosii_bsp.a(alt_malloc_lock.o)
 .sdata         0x0201c54c       0x74 ../electronic_engine_control_bsp//libucosii_bsp.a(os_dbg.o)
                0x0201c54c                OSDebugEn
                0x0201c550                OSEndiannessTest
                0x0201c554                OSEventEn
                0x0201c556                OSEventMax
                0x0201c558                OSEventNameSize
                0x0201c55a                OSEventSize
                0x0201c55c                OSEventTblSize
                0x0201c55e                OSEventMultiEn
                0x0201c560                OSFlagEn
                0x0201c562                OSFlagGrpSize
                0x0201c564                OSFlagNodeSize
                0x0201c566                OSFlagWidth
                0x0201c568                OSFlagMax
                0x0201c56a                OSFlagNameSize
                0x0201c56c                OSLowestPrio
                0x0201c56e                OSMboxEn
                0x0201c570                OSMemEn
                0x0201c572                OSMemMax
                0x0201c574                OSMemNameSize
                0x0201c576                OSMemSize
                0x0201c578                OSMemTblSize
                0x0201c57a                OSMutexEn
                0x0201c57c                OSPtrSize
                0x0201c57e                OSQEn
                0x0201c580                OSQMax
                0x0201c582                OSQSize
                0x0201c584                OSRdyTblSize
                0x0201c586                OSSemEn
                0x0201c588                OSStkWidth
                0x0201c58a                OSTaskCreateEn
                0x0201c58c                OSTaskCreateExtEn
                0x0201c58e                OSTaskDelEn
                0x0201c590                OSTaskIdleStkSize
                0x0201c592                OSTaskProfileEn
                0x0201c594                OSTaskMax
                0x0201c596                OSTaskNameSize
                0x0201c598                OSTaskStatEn
                0x0201c59a                OSTaskStatStkSize
                0x0201c59c                OSTaskStatStkChkEn
                0x0201c59e                OSTaskSwHookEn
                0x0201c5a0                OSTCBPrioTblMax
                0x0201c5a2                OSTCBSize
                0x0201c5a4                OSTicksPerSec
                0x0201c5a6                OSTimeTickHookEn
                0x0201c5a8                OSVersionNbr
                0x0201c5aa                OSTmrEn
                0x0201c5ac                OSTmrCfgMax
                0x0201c5ae                OSTmrCfgNameSize
                0x0201c5b0                OSTmrCfgWheelSize
                0x0201c5b2                OSTmrCfgTicksPerSec
                0x0201c5b4                OSTmrSize
                0x0201c5b6                OSTmrTblSize
                0x0201c5b8                OSTmrWheelSize
                0x0201c5ba                OSTmrWheelTblSize
                0x0201c5bc                OSDataSize
 *(.sdata2 .sdata2.* .gnu.linkonce.s2.*)
                0x0201c5c0                . = ALIGN (0x4)
                0x0201c5c0                _edata = ABSOLUTE (.)
                0x0201c5c0                PROVIDE (edata, ABSOLUTE (.))
                0x0201c5c0                PROVIDE (__ram_rwdata_end, ABSOLUTE (.))
                0x0201c5c0                PROVIDE (__flash_rwdata_start, LOADADDR (.rwdata))

.bss            0x0201e100     0xbbc4
                0x0201e100                __bss_start = ABSOLUTE (.)
                0x0201e100                PROVIDE (__sbss_start, ABSOLUTE (.))
                0x0201e100                PROVIDE (___sbss_start, ABSOLUTE (.))
 *(.dynsbss)
 *(.sbss .sbss.* .gnu.linkonce.sb.*)
 .sbss          0x0201e100        0x4 obj/default/apps_task.o
 .sbss          0x0201e104       0x24 obj/default/apps_task.o
                0x0201e104                failure_msg_q
                0x0201e108                apps_failure_resolved_flag
                0x0201e10c                expected_tps_value
                0x0201e110                motor_tps_failure_flag
                0x0201e114                apps_external_failure_flag
                0x0201e118                adc
                0x0201e11c                apps_failure_flag
                0x0201e120                exit_shift_matching_flag
                0x0201e124                motor_cmd_q
 .sbss          0x0201e128        0x4 obj/default/main.o
                0x0201e128                failure_code_q
 .sbss          0x0201e12c       0x10 obj/default/motor_control_task.o
                0x0201e12c                watchdog
                0x0201e130                request_q
                0x0201e134                tps_check_alarm
                0x0201e138                req_result_q
 .sbss          0x0201e13c       0x20 obj/default/solenoid_task.o
                0x0201e140                rpm_reached_flag
                0x0201e144                solenoid_external_failure_flag
                0x0201e148                solenoid_failure_resolved_flag
                0x0201e14c                alarm
                0x0201e150                btn_input_q
                0x0201e154                free_alarm_flag
                0x0201e158                timer_active_flag
 .sbss          0x0201e15c        0xc /OPT/altera/12.1/nios2eds/bin/gnu/H-i686-pc-linux-gnu/bin/../lib/gcc/nios2-elf/4.1.2/../../../../nios2-elf/lib/mno-hw-mul/libc.a(lib_a-mallocr.o)
                0x0201e15c                __malloc_top_pad
                0x0201e160                __malloc_max_sbrked_mem
                0x0201e164                __malloc_max_total_mem
 .sbss          0x0201e168        0x4 /OPT/altera/12.1/nios2eds/bin/gnu/H-i686-pc-linux-gnu/bin/../lib/gcc/nios2-elf/4.1.2/../../../../nios2-elf/lib/mno-hw-mul/libc.a(lib_a-int_errno.o)
                0x0201e168                errno
 .sbss          0x0201e16c        0xc /OPT/altera/12.1/nios2eds/bin/gnu/H-i686-pc-linux-gnu/bin/../lib/gcc/nios2-elf/4.1.2/../../../../nios2-elf/lib/mno-hw-mul/libc.a(lib_a-locale.o)
                0x0201e16c                __nlocale_changed
                0x0201e170                __mlocale_changed
                0x0201e174                _PathLocale
 .sbss          0x0201e178        0x4 ../electronic_engine_control_bsp//libucosii_bsp.a(alt_dev.o)
                0x0201e178                alt_fd_list_lock
 .sbss          0x0201e17c        0x4 ../electronic_engine_control_bsp//libucosii_bsp.a(alt_irq_vars.o)
                0x0201e17c                alt_irq_active
 .sbss          0x0201e180        0xc ../electronic_engine_control_bsp//libucosii_bsp.a(alt_main.o)
                0x0201e180                alt_argc
                0x0201e184                alt_argv
                0x0201e188                alt_envp
 .sbss          0x0201e18c        0x8 ../electronic_engine_control_bsp//libucosii_bsp.a(alt_tick.o)
                0x0201e18c                _alt_tick_rate
                0x0201e190                _alt_nticks
 .sbss          0x0201e194        0x8 ../electronic_engine_control_bsp//libucosii_bsp.a(alt_env_lock.o)
                0x0201e198                alt_envsem
 .sbss          0x0201e19c        0x8 ../electronic_engine_control_bsp//libucosii_bsp.a(alt_malloc_lock.o)
                0x0201e1a0                alt_heapsem
 .sbss          0x0201e1a4       0x50 ../electronic_engine_control_bsp//libucosii_bsp.a(os_core.o)
                0x0201e1a4                OSLockNesting
                0x0201e1a5                OSRunning
                0x0201e1a8                OSIdleCtr
                0x0201e1ac                OSPrioHighRdy
                0x0201e1ad                OSPrioCur
                0x0201e1b0                OSTCBList
                0x0201e1b4                OSTickStepState
                0x0201e1b8                OSCtxSwCtr
                0x0201e1bc                OSIdleCtrMax
                0x0201e1c0                OSTCBFreeList
                0x0201e1c4                OSCPUUsage
                0x0201e1c5                OSTaskCtr
                0x0201e1c8                OSMemFreeList
                0x0201e1cc                OSTCBHighRdy
                0x0201e1d0                OSQFreeList
                0x0201e1d4                OSRdyGrp
                0x0201e1d5                OSRdyTbl
                0x0201e1d8                OSEventFreeList
                0x0201e1dc                OSIntNesting
                0x0201e1e0                OSTCBCur
                0x0201e1e4                OSTime
                0x0201e1e8                OSFlagFreeList
                0x0201e1ec                OSStatRdy
                0x0201e1f0                OSIdleCtrRun
 .sbss          0x0201e1f4        0x8 ../electronic_engine_control_bsp//libucosii_bsp.a(altera_avalon_timer_vars.o)
                0x0201e1f4                altera_avalon_timer_ts_base
                0x0201e1f8                altera_avalon_timer_ts_freq
 *(.sbss2 .sbss2.* .gnu.linkonce.sb2.*)
 *(.scommon)
                0x0201e1fc                PROVIDE (__sbss_end, ABSOLUTE (.))
                0x0201e1fc                PROVIDE (___sbss_end, ABSOLUTE (.))
 *(.dynbss)
 *(.bss .bss.* .gnu.linkonce.b.*)
 .bss           0x0201e1fc        0x0 ../electronic_engine_control_bsp//obj/HAL/src/crt0.o
 .bss           0x0201e1fc        0x0 obj/default/apps_task.o
 .bss           0x0201e1fc        0x0 obj/default/failure_handler_task.o
 .bss           0x0201e1fc        0x0 obj/default/main.o
 .bss           0x0201e1fc        0x0 obj/default/motor_control_task.o
 .bss           0x0201e1fc        0x0 obj/default/pwm_gen.o
 .bss           0x0201e1fc        0x0 obj/default/solenoid_task.o
 .bss           0x0201e1fc        0x0 obj/default/tests/CuTest.o
 .bss           0x0201e1fc        0x0 obj/default/tests/testbench.o
 .bss           0x0201e1fc        0x0 obj/default/throttle_data.o
 .bss           0x0201e1fc        0x0 obj/default/util.o
 .bss           0x0201e1fc        0x0 /OPT/altera/12.1/nios2eds/bin/gnu/H-i686-pc-linux-gnu/bin/../lib/gcc/nios2-elf/4.1.2/mno-hw-mul/libgcc.a(_addsub_df.o)
 .bss           0x0201e1fc        0x0 /OPT/altera/12.1/nios2eds/bin/gnu/H-i686-pc-linux-gnu/bin/../lib/gcc/nios2-elf/4.1.2/mno-hw-mul/libgcc.a(_le_df.o)
 .bss           0x0201e1fc        0x0 /OPT/altera/12.1/nios2eds/bin/gnu/H-i686-pc-linux-gnu/bin/../lib/gcc/nios2-elf/4.1.2/mno-hw-mul/libgcc.a(_thenan_df.o)
 .bss           0x0201e1fc        0x0 /OPT/altera/12.1/nios2eds/bin/gnu/H-i686-pc-linux-gnu/bin/../lib/gcc/nios2-elf/4.1.2/mno-hw-mul/libgcc.a(lib2-divmod.o)
 .bss           0x0201e1fc        0x0 /OPT/altera/12.1/nios2eds/bin/gnu/H-i686-pc-linux-gnu/bin/../lib/gcc/nios2-elf/4.1.2/mno-hw-mul/libgcc.a(lib2-mul.o)
 .bss           0x0201e1fc        0x0 /OPT/altera/12.1/nios2eds/bin/gnu/H-i686-pc-linux-gnu/bin/../lib/gcc/nios2-elf/4.1.2/mno-hw-mul/libgcc.a(_pack_df.o)
 .bss           0x0201e1fc        0x0 /OPT/altera/12.1/nios2eds/bin/gnu/H-i686-pc-linux-gnu/bin/../lib/gcc/nios2-elf/4.1.2/mno-hw-mul/libgcc.a(_unpack_df.o)
 .bss           0x0201e1fc        0x0 /OPT/altera/12.1/nios2eds/bin/gnu/H-i686-pc-linux-gnu/bin/../lib/gcc/nios2-elf/4.1.2/mno-hw-mul/libgcc.a(_fpcmp_parts_df.o)
 .bss           0x0201e1fc        0x0 /OPT/altera/12.1/nios2eds/bin/gnu/H-i686-pc-linux-gnu/bin/../lib/gcc/nios2-elf/4.1.2/../../../../nios2-elf/lib/mno-hw-mul/libc.a(lib_a-assert.o)
 .bss           0x0201e1fc        0x0 /OPT/altera/12.1/nios2eds/bin/gnu/H-i686-pc-linux-gnu/bin/../lib/gcc/nios2-elf/4.1.2/../../../../nios2-elf/lib/mno-hw-mul/libc.a(lib_a-fiprintf.o)
 .bss           0x0201e1fc        0x0 /OPT/altera/12.1/nios2eds/bin/gnu/H-i686-pc-linux-gnu/bin/../lib/gcc/nios2-elf/4.1.2/../../../../nios2-elf/lib/mno-hw-mul/libc.a(lib_a-impure.o)
 .bss           0x0201e1fc        0x0 /OPT/altera/12.1/nios2eds/bin/gnu/H-i686-pc-linux-gnu/bin/../lib/gcc/nios2-elf/4.1.2/../../../../nios2-elf/lib/mno-hw-mul/libc.a(lib_a-malloc.o)
 .bss           0x0201e1fc       0x28 /OPT/altera/12.1/nios2eds/bin/gnu/H-i686-pc-linux-gnu/bin/../lib/gcc/nios2-elf/4.1.2/../../../../nios2-elf/lib/mno-hw-mul/libc.a(lib_a-mallocr.o)
                0x0201e1fc                __malloc_current_mallinfo
 .bss           0x0201e224        0x0 /OPT/altera/12.1/nios2eds/bin/gnu/H-i686-pc-linux-gnu/bin/../lib/gcc/nios2-elf/4.1.2/../../../../nios2-elf/lib/mno-hw-mul/libc.a(lib_a-memcpy.o)
 .bss           0x0201e224        0x0 /OPT/altera/12.1/nios2eds/bin/gnu/H-i686-pc-linux-gnu/bin/../lib/gcc/nios2-elf/4.1.2/../../../../nios2-elf/lib/mno-hw-mul/libc.a(lib_a-memmove.o)
 .bss           0x0201e224        0x0 /OPT/altera/12.1/nios2eds/bin/gnu/H-i686-pc-linux-gnu/bin/../lib/gcc/nios2-elf/4.1.2/../../../../nios2-elf/lib/mno-hw-mul/libc.a(lib_a-memset.o)
 .bss           0x0201e224        0x0 /OPT/altera/12.1/nios2eds/bin/gnu/H-i686-pc-linux-gnu/bin/../lib/gcc/nios2-elf/4.1.2/../../../../nios2-elf/lib/mno-hw-mul/libc.a(lib_a-printf.o)
 .bss           0x0201e224        0x0 /OPT/altera/12.1/nios2eds/bin/gnu/H-i686-pc-linux-gnu/bin/../lib/gcc/nios2-elf/4.1.2/../../../../nios2-elf/lib/mno-hw-mul/libc.a(lib_a-puts.o)
 .bss           0x0201e224        0x0 /OPT/altera/12.1/nios2eds/bin/gnu/H-i686-pc-linux-gnu/bin/../lib/gcc/nios2-elf/4.1.2/../../../../nios2-elf/lib/mno-hw-mul/libc.a(lib_a-realloc.o)
 .bss           0x0201e224        0x0 /OPT/altera/12.1/nios2eds/bin/gnu/H-i686-pc-linux-gnu/bin/../lib/gcc/nios2-elf/4.1.2/../../../../nios2-elf/lib/mno-hw-mul/libc.a(lib_a-reallocr.o)
 .bss           0x0201e224        0x0 /OPT/altera/12.1/nios2eds/bin/gnu/H-i686-pc-linux-gnu/bin/../lib/gcc/nios2-elf/4.1.2/../../../../nios2-elf/lib/mno-hw-mul/libc.a(lib_a-sbrkr.o)
 .bss           0x0201e224        0x0 /OPT/altera/12.1/nios2eds/bin/gnu/H-i686-pc-linux-gnu/bin/../lib/gcc/nios2-elf/4.1.2/../../../../nios2-elf/lib/mno-hw-mul/libc.a(lib_a-setjmp.o)
 .bss           0x0201e224        0x0 /OPT/altera/12.1/nios2eds/bin/gnu/H-i686-pc-linux-gnu/bin/../lib/gcc/nios2-elf/4.1.2/../../../../nios2-elf/lib/mno-hw-mul/libc.a(lib_a-sprintf.o)
 .bss           0x0201e224        0x0 /OPT/altera/12.1/nios2eds/bin/gnu/H-i686-pc-linux-gnu/bin/../lib/gcc/nios2-elf/4.1.2/../../../../nios2-elf/lib/mno-hw-mul/libc.a(lib_a-strcat.o)
 .bss           0x0201e224        0x0 /OPT/altera/12.1/nios2eds/bin/gnu/H-i686-pc-linux-gnu/bin/../lib/gcc/nios2-elf/4.1.2/../../../../nios2-elf/lib/mno-hw-mul/libc.a(lib_a-strcmp.o)
 .bss           0x0201e224        0x0 /OPT/altera/12.1/nios2eds/bin/gnu/H-i686-pc-linux-gnu/bin/../lib/gcc/nios2-elf/4.1.2/../../../../nios2-elf/lib/mno-hw-mul/libc.a(lib_a-strcpy.o)
 .bss           0x0201e224        0x0 /OPT/altera/12.1/nios2eds/bin/gnu/H-i686-pc-linux-gnu/bin/../lib/gcc/nios2-elf/4.1.2/../../../../nios2-elf/lib/mno-hw-mul/libc.a(lib_a-strlen.o)
 .bss           0x0201e224        0x0 /OPT/altera/12.1/nios2eds/bin/gnu/H-i686-pc-linux-gnu/bin/../lib/gcc/nios2-elf/4.1.2/../../../../nios2-elf/lib/mno-hw-mul/libc.a(lib_a-vfiprintfr_1.o)
 .bss           0x0201e224        0x0 /OPT/altera/12.1/nios2eds/bin/gnu/H-i686-pc-linux-gnu/bin/../lib/gcc/nios2-elf/4.1.2/../../../../nios2-elf/lib/mno-hw-mul/libc.a(lib_a-vfprintf.o)
 .bss           0x0201e224        0x0 /OPT/altera/12.1/nios2eds/bin/gnu/H-i686-pc-linux-gnu/bin/../lib/gcc/nios2-elf/4.1.2/../../../../nios2-elf/lib/mno-hw-mul/libc.a(lib_a-wsetup.o)
 .bss           0x0201e224        0x0 /OPT/altera/12.1/nios2eds/bin/gnu/H-i686-pc-linux-gnu/bin/../lib/gcc/nios2-elf/4.1.2/../../../../nios2-elf/lib/mno-hw-mul/libc.a(lib_a-abort.o)
 .bss           0x0201e224        0x0 /OPT/altera/12.1/nios2eds/bin/gnu/H-i686-pc-linux-gnu/bin/../lib/gcc/nios2-elf/4.1.2/../../../../nios2-elf/lib/mno-hw-mul/libc.a(lib_a-dtoa.o)
 .bss           0x0201e224        0x0 /OPT/altera/12.1/nios2eds/bin/gnu/H-i686-pc-linux-gnu/bin/../lib/gcc/nios2-elf/4.1.2/../../../../nios2-elf/lib/mno-hw-mul/libc.a(lib_a-fflush.o)
 .bss           0x0201e224        0x0 /OPT/altera/12.1/nios2eds/bin/gnu/H-i686-pc-linux-gnu/bin/../lib/gcc/nios2-elf/4.1.2/../../../../nios2-elf/lib/mno-hw-mul/libc.a(lib_a-findfp.o)
 .bss           0x0201e224        0x0 /OPT/altera/12.1/nios2eds/bin/gnu/H-i686-pc-linux-gnu/bin/../lib/gcc/nios2-elf/4.1.2/../../../../nios2-elf/lib/mno-hw-mul/libc.a(lib_a-freer.o)
 .bss           0x0201e224        0x0 /OPT/altera/12.1/nios2eds/bin/gnu/H-i686-pc-linux-gnu/bin/../lib/gcc/nios2-elf/4.1.2/../../../../nios2-elf/lib/mno-hw-mul/libc.a(lib_a-fvwrite.o)
 .bss           0x0201e224        0x0 /OPT/altera/12.1/nios2eds/bin/gnu/H-i686-pc-linux-gnu/bin/../lib/gcc/nios2-elf/4.1.2/../../../../nios2-elf/lib/mno-hw-mul/libc.a(lib_a-fwalk.o)
 .bss           0x0201e224        0x0 /OPT/altera/12.1/nios2eds/bin/gnu/H-i686-pc-linux-gnu/bin/../lib/gcc/nios2-elf/4.1.2/../../../../nios2-elf/lib/mno-hw-mul/libc.a(lib_a-int_errno.o)
 .bss           0x0201e224        0x0 /OPT/altera/12.1/nios2eds/bin/gnu/H-i686-pc-linux-gnu/bin/../lib/gcc/nios2-elf/4.1.2/../../../../nios2-elf/lib/mno-hw-mul/libc.a(lib_a-locale.o)
 .bss           0x0201e224        0x0 /OPT/altera/12.1/nios2eds/bin/gnu/H-i686-pc-linux-gnu/bin/../lib/gcc/nios2-elf/4.1.2/../../../../nios2-elf/lib/mno-hw-mul/libc.a(lib_a-makebuf.o)
 .bss           0x0201e224        0x0 /OPT/altera/12.1/nios2eds/bin/gnu/H-i686-pc-linux-gnu/bin/../lib/gcc/nios2-elf/4.1.2/../../../../nios2-elf/lib/mno-hw-mul/libc.a(lib_a-memchr.o)
 .bss           0x0201e224        0x0 /OPT/altera/12.1/nios2eds/bin/gnu/H-i686-pc-linux-gnu/bin/../lib/gcc/nios2-elf/4.1.2/../../../../nios2-elf/lib/mno-hw-mul/libc.a(lib_a-mprec.o)
 .bss           0x0201e224        0x0 /OPT/altera/12.1/nios2eds/bin/gnu/H-i686-pc-linux-gnu/bin/../lib/gcc/nios2-elf/4.1.2/../../../../nios2-elf/lib/mno-hw-mul/libc.a(lib_a-s_isinfd.o)
 .bss           0x0201e224        0x0 /OPT/altera/12.1/nios2eds/bin/gnu/H-i686-pc-linux-gnu/bin/../lib/gcc/nios2-elf/4.1.2/../../../../nios2-elf/lib/mno-hw-mul/libc.a(lib_a-s_isnand.o)
 .bss           0x0201e224        0x0 /OPT/altera/12.1/nios2eds/bin/gnu/H-i686-pc-linux-gnu/bin/../lib/gcc/nios2-elf/4.1.2/../../../../nios2-elf/lib/mno-hw-mul/libc.a(lib_a-signal.o)
 .bss           0x0201e224        0x0 /OPT/altera/12.1/nios2eds/bin/gnu/H-i686-pc-linux-gnu/bin/../lib/gcc/nios2-elf/4.1.2/../../../../nios2-elf/lib/mno-hw-mul/libc.a(lib_a-signalr.o)
 .bss           0x0201e224        0x0 /OPT/altera/12.1/nios2eds/bin/gnu/H-i686-pc-linux-gnu/bin/../lib/gcc/nios2-elf/4.1.2/../../../../nios2-elf/lib/mno-hw-mul/libc.a(lib_a-stdio.o)
 .bss           0x0201e224        0x0 /OPT/altera/12.1/nios2eds/bin/gnu/H-i686-pc-linux-gnu/bin/../lib/gcc/nios2-elf/4.1.2/../../../../nios2-elf/lib/mno-hw-mul/libc.a(lib_a-vfiprintf.o)
 .bss           0x0201e224        0x0 /OPT/altera/12.1/nios2eds/bin/gnu/H-i686-pc-linux-gnu/bin/../lib/gcc/nios2-elf/4.1.2/../../../../nios2-elf/lib/mno-hw-mul/libc.a(lib_a-writer.o)
 .bss           0x0201e224        0x0 /OPT/altera/12.1/nios2eds/bin/gnu/H-i686-pc-linux-gnu/bin/../lib/gcc/nios2-elf/4.1.2/../../../../nios2-elf/lib/mno-hw-mul/libc.a(lib_a-callocr.o)
 .bss           0x0201e224        0x0 /OPT/altera/12.1/nios2eds/bin/gnu/H-i686-pc-linux-gnu/bin/../lib/gcc/nios2-elf/4.1.2/../../../../nios2-elf/lib/mno-hw-mul/libc.a(lib_a-closer.o)
 .bss           0x0201e224        0x0 /OPT/altera/12.1/nios2eds/bin/gnu/H-i686-pc-linux-gnu/bin/../lib/gcc/nios2-elf/4.1.2/../../../../nios2-elf/lib/mno-hw-mul/libc.a(lib_a-fclose.o)
 .bss           0x0201e224        0x0 /OPT/altera/12.1/nios2eds/bin/gnu/H-i686-pc-linux-gnu/bin/../lib/gcc/nios2-elf/4.1.2/../../../../nios2-elf/lib/mno-hw-mul/libc.a(lib_a-fstatr.o)
 .bss           0x0201e224        0x0 /OPT/altera/12.1/nios2eds/bin/gnu/H-i686-pc-linux-gnu/bin/../lib/gcc/nios2-elf/4.1.2/../../../../nios2-elf/lib/mno-hw-mul/libc.a(lib_a-isattyr.o)