Archive member included because of file (symbol)

/OPT/altera/12.1/nios2eds/bin/gnu/H-i686-pc-linux-gnu/bin/../lib/gcc/nios2-elf/4.1.2/mno-hw-mul/libgcc.a(_addsub_df.o)
                              obj/default/tests/CuTest.o (__subdf3)
/OPT/altera/12.1/nios2eds/bin/gnu/H-i686-pc-linux-gnu/bin/../lib/gcc/nios2-elf/4.1.2/mno-hw-mul/libgcc.a(_le_df.o)
                              obj/default/tests/CuTest.o (__ledf2)
/OPT/altera/12.1/nios2eds/bin/gnu/H-i686-pc-linux-gnu/bin/../lib/gcc/nios2-elf/4.1.2/mno-hw-mul/libgcc.a(_thenan_df.o)
                              /OPT/altera/12.1/nios2eds/bin/gnu/H-i686-pc-linux-gnu/bin/../lib/gcc/nios2-elf/4.1.2/mno-hw-mul/libgcc.a(_addsub_df.o) (__thenan_df)
/OPT/altera/12.1/nios2eds/bin/gnu/H-i686-pc-linux-gnu/bin/../lib/gcc/nios2-elf/4.1.2/mno-hw-mul/libgcc.a(lib2-divmod.o)
                              obj/default/apps_motor_proc.o (__divsi3)
/OPT/altera/12.1/nios2eds/bin/gnu/H-i686-pc-linux-gnu/bin/../lib/gcc/nios2-elf/4.1.2/mno-hw-mul/libgcc.a(lib2-mul.o)
                              obj/default/apps_motor_proc.o (__mulsi3)
/OPT/altera/12.1/nios2eds/bin/gnu/H-i686-pc-linux-gnu/bin/../lib/gcc/nios2-elf/4.1.2/mno-hw-mul/libgcc.a(_pack_df.o)
                              /OPT/altera/12.1/nios2eds/bin/gnu/H-i686-pc-linux-gnu/bin/../lib/gcc/nios2-elf/4.1.2/mno-hw-mul/libgcc.a(_addsub_df.o) (__pack_d)
/OPT/altera/12.1/nios2eds/bin/gnu/H-i686-pc-linux-gnu/bin/../lib/gcc/nios2-elf/4.1.2/mno-hw-mul/libgcc.a(_unpack_df.o)
                              /OPT/altera/12.1/nios2eds/bin/gnu/H-i686-pc-linux-gnu/bin/../lib/gcc/nios2-elf/4.1.2/mno-hw-mul/libgcc.a(_addsub_df.o) (__unpack_d)
/OPT/altera/12.1/nios2eds/bin/gnu/H-i686-pc-linux-gnu/bin/../lib/gcc/nios2-elf/4.1.2/mno-hw-mul/libgcc.a(_fpcmp_parts_df.o)
                              /OPT/altera/12.1/nios2eds/bin/gnu/H-i686-pc-linux-gnu/bin/../lib/gcc/nios2-elf/4.1.2/mno-hw-mul/libgcc.a(_le_df.o) (__fpcmp_parts_d)
/OPT/altera/12.1/nios2eds/bin/gnu/H-i686-pc-linux-gnu/bin/../lib/gcc/nios2-elf/4.1.2/../../../../nios2-elf/lib/mno-hw-mul/libc.a(lib_a-assert.o)
                              obj/default/tests/CuTest.o (__assert_func)
/OPT/altera/12.1/nios2eds/bin/gnu/H-i686-pc-linux-gnu/bin/../lib/gcc/nios2-elf/4.1.2/../../../../nios2-elf/lib/mno-hw-mul/libc.a(lib_a-fiprintf.o)
                              /OPT/altera/12.1/nios2eds/bin/gnu/H-i686-pc-linux-gnu/bin/../lib/gcc/nios2-elf/4.1.2/../../../../nios2-elf/lib/mno-hw-mul/libc.a(lib_a-assert.o) (fiprintf)
/OPT/altera/12.1/nios2eds/bin/gnu/H-i686-pc-linux-gnu/bin/../lib/gcc/nios2-elf/4.1.2/../../../../nios2-elf/lib/mno-hw-mul/libc.a(lib_a-impure.o)
                              /OPT/altera/12.1/nios2eds/bin/gnu/H-i686-pc-linux-gnu/bin/../lib/gcc/nios2-elf/4.1.2/../../../../nios2-elf/lib/mno-hw-mul/libc.a(lib_a-assert.o) (_impure_ptr)
/OPT/altera/12.1/nios2eds/bin/gnu/H-i686-pc-linux-gnu/bin/../lib/gcc/nios2-elf/4.1.2/../../../../nios2-elf/lib/mno-hw-mul/libc.a(lib_a-malloc.o)
                              obj/default/apps_motor_proc.o (free)
/OPT/altera/12.1/nios2eds/bin/gnu/H-i686-pc-linux-gnu/bin/../lib/gcc/nios2-elf/4.1.2/../../../../nios2-elf/lib/mno-hw-mul/libc.a(lib_a-mallocr.o)
                              /OPT/altera/12.1/nios2eds/bin/gnu/H-i686-pc-linux-gnu/bin/../lib/gcc/nios2-elf/4.1.2/../../../../nios2-elf/lib/mno-hw-mul/libc.a(lib_a-malloc.o) (_malloc_r)
/OPT/altera/12.1/nios2eds/bin/gnu/H-i686-pc-linux-gnu/bin/../lib/gcc/nios2-elf/4.1.2/../../../../nios2-elf/lib/mno-hw-mul/libc.a(lib_a-memcpy.o)
                              obj/default/tests/CuTest.o (memcpy)
/OPT/altera/12.1/nios2eds/bin/gnu/H-i686-pc-linux-gnu/bin/../lib/gcc/nios2-elf/4.1.2/../../../../nios2-elf/lib/mno-hw-mul/libc.a(lib_a-memmove.o)
                              obj/default/tests/CuTest.o (memmove)
/OPT/altera/12.1/nios2eds/bin/gnu/H-i686-pc-linux-gnu/bin/../lib/gcc/nios2-elf/4.1.2/../../../../nios2-elf/lib/mno-hw-mul/libc.a(lib_a-memset.o)
                              obj/default/tests/CuTest.o (memset)
/OPT/altera/12.1/nios2eds/bin/gnu/H-i686-pc-linux-gnu/bin/../lib/gcc/nios2-elf/4.1.2/../../../../nios2-elf/lib/mno-hw-mul/libc.a(lib_a-printf.o)
                              obj/default/apps_motor_proc.o (printf)
/OPT/altera/12.1/nios2eds/bin/gnu/H-i686-pc-linux-gnu/bin/../lib/gcc/nios2-elf/4.1.2/../../../../nios2-elf/lib/mno-hw-mul/libc.a(lib_a-puts.o)
                              obj/default/apps_motor_proc.o (puts)
/OPT/altera/12.1/nios2eds/bin/gnu/H-i686-pc-linux-gnu/bin/../lib/gcc/nios2-elf/4.1.2/../../../../nios2-elf/lib/mno-hw-mul/libc.a(lib_a-realloc.o)
                              obj/default/tests/CuTest.o (realloc)
/OPT/altera/12.1/nios2eds/bin/gnu/H-i686-pc-linux-gnu/bin/../lib/gcc/nios2-elf/4.1.2/../../../../nios2-elf/lib/mno-hw-mul/libc.a(lib_a-reallocr.o)
                              /OPT/altera/12.1/nios2eds/bin/gnu/H-i686-pc-linux-gnu/bin/../lib/gcc/nios2-elf/4.1.2/../../../../nios2-elf/lib/mno-hw-mul/libc.a(lib_a-realloc.o) (_realloc_r)
[...]
Memory Configuration

Name             Origin             Length             Attributes
sdram_0          0x02000000         0x02000000
reset            0x04004000         0x00000020
onchip_memory2_0 0x04004020         0x00003fe0
*default*        0x00000000         0xffffffff

Linker script and memory map

LOAD ../electronic_engine_control_bsp//obj/HAL/src/crt0.o
LOAD obj/default/apps_motor_proc.o
LOAD obj/default/failure_handler_proc.o
LOAD obj/default/main.o
LOAD obj/default/pwm_gen.o
LOAD obj/default/solenoid_proc.o
LOAD obj/default/tests/CuTest.o
LOAD obj/default/tests/testbench.o
LOAD obj/default/throttle_data.o
LOAD obj/default/tps_proc.o
LOAD obj/default/util.o
LOAD /OPT/altera/12.1/nios2eds/bin/gnu/H-i686-pc-linux-gnu/bin/../lib/gcc/nios2-elf/4.1.2/../../../../nios2-elf/lib/mno-hw-mul/libstdc++.a
LOAD /OPT/altera/12.1/nios2eds/bin/gnu/H-i686-pc-linux-gnu/bin/../lib/gcc/nios2-elf/4.1.2/../../../../nios2-elf/lib/mno-hw-mul/libm.a
LOAD /OPT/altera/12.1/nios2eds/bin/gnu/H-i686-pc-linux-gnu/bin/../lib/gcc/nios2-elf/4.1.2/mno-hw-mul/libgcc.a
START GROUP
LOAD /OPT/altera/12.1/nios2eds/bin/gnu/H-i686-pc-linux-gnu/bin/../lib/gcc/nios2-elf/4.1.2/../../../../nios2-elf/lib/mno-hw-mul/libc.a
LOAD /OPT/altera/12.1/nios2eds/bin/gnu/H-i686-pc-linux-gnu/bin/../lib/gcc/nios2-elf/4.1.2/mno-hw-mul/libgcc.a
LOAD ../electronic_engine_control_bsp//libucosii_bsp.a
END GROUP
LOAD /OPT/altera/12.1/nios2eds/bin/gnu/H-i686-pc-linux-gnu/bin/../lib/gcc/nios2-elf/4.1.2/mno-hw-mul/libgcc.a
                0x02000000                __alt_mem_sdram_0 = 0x2000000
                0x04004000                __alt_mem_onchip_memory2_0 = 0x4004000

.entry          0x04004000       0x20
 *(.entry)
 .entry         0x04004000       0x20 ../electronic_engine_control_bsp//obj/HAL/src/crt0.o
                0x04004000                __reset

.exceptions     0x04004020      0x1a0 load address 0x02000000
                0x04004020                PROVIDE (__ram_exceptions_start, ABSOLUTE (.))
                0x04004020                . = ALIGN (0x20)
 *(.irq)
 *(.exceptions.entry.label)
 .exceptions.entry.label
                0x04004020        0x0 ../electronic_engine_control_bsp//libucosii_bsp.a(alt_irq_entry.o)
                0x04004020                alt_irq_entry
 .exceptions.entry.label
                0x04004020        0x0 ../electronic_engine_control_bsp//libucosii_bsp.a(alt_exception_entry.o)
                0x04004020                alt_exception
 *(.exceptions.entry.user)
 *(.exceptions.entry)
 .exceptions.entry
                0x04004020       0x54 ../electronic_engine_control_bsp//libucosii_bsp.a(alt_exception_entry.o)
 *(.exceptions.irqtest.user)
 *(.exceptions.irqtest)
 .exceptions.irqtest
                0x04004074       0x10 ../electronic_engine_control_bsp//libucosii_bsp.a(alt_irq_entry.o)
 *(.exceptions.irqhandler.user)
 *(.exceptions.irqhandler)
 .exceptions.irqhandler
                0x04004084        0x4 ../electronic_engine_control_bsp//libucosii_bsp.a(alt_irq_entry.o)
 *(.exceptions.irqreturn.user)
 *(.exceptions.irqreturn)
 .exceptions.irqreturn
                0x04004088        0x4 ../electronic_engine_control_bsp//libucosii_bsp.a(alt_irq_entry.o)
 *(.exceptions.notirq.label)
 .exceptions.notirq.label
                0x0400408c        0x0 ../electronic_engine_control_bsp//libucosii_bsp.a(alt_irq_entry.o)
 *(.exceptions.notirq.user)
 *(.exceptions.notirq)
 .exceptions.notirq
                0x0400408c        0x8 ../electronic_engine_control_bsp//libucosii_bsp.a(alt_exception_entry.o)
 *(.exceptions.soft.user)
 *(.exceptions.soft)
 *(.exceptions.unknown.user)
 *(.exceptions.unknown)
 .exceptions.unknown
                0x04004094        0x4 ../electronic_engine_control_bsp//libucosii_bsp.a(alt_exception_entry.o)
 *(.exceptions.exit.label)
 .exceptions.exit.label
                0x04004098        0x0 ../electronic_engine_control_bsp//libucosii_bsp.a(alt_irq_entry.o)
 .exceptions.exit.label
                0x04004098        0x0 ../electronic_engine_control_bsp//libucosii_bsp.a(alt_exception_entry.o)
 *(.exceptions.exit.user)
 *(.exceptions.exit)
 .exceptions.exit
                0x04004098       0x54 ../electronic_engine_control_bsp//libucosii_bsp.a(alt_exception_entry.o)
 *(.exceptions)
 .exceptions    0x040040ec       0xd4 ../electronic_engine_control_bsp//libucosii_bsp.a(alt_irq_handler.o)
                0x040040ec                alt_irq_handler
                0x040041c0                PROVIDE (__ram_exceptions_end, ABSOLUTE (.))
                0x02000000                PROVIDE (__flash_exceptions_start, LOADADDR (.exceptions))

.text           0x020001a0    0x19edc
                0x020001a0                PROVIDE (stext, ABSOLUTE (.))
 *(.interp)
 *(.hash)
 *(.dynsym)
 *(.dynstr)
 *(.gnu.version)
 *(.gnu.version_d)
 *(.gnu.version_r)
 *(.rel.init)
 *(.rela.init)
 *(.rel.text .rel.text.* .rel.gnu.linkonce.t.*)
 *(.rela.text .rela.text.* .rela.gnu.linkonce.t.*)
 *(.rel.fini)
 *(.rela.fini)
 *(.rel.rodata .rel.rodata.* .rel.gnu.linkonce.r.*)
 *(.rela.rodata .rela.rodata.* .rela.gnu.linkonce.r.*)
 *(.rel.data .rel.data.* .rel.gnu.linkonce.d.*)
 *(.rela.data .rela.data.* .rela.gnu.linkonce.d.*)
 *(.rel.tdata .rel.tdata.* .rel.gnu.linkonce.td.*)
 *(.rela.tdata .rela.tdata.* .rela.gnu.linkonce.td.*)
 *(.rel.tbss .rel.tbss.* .rel.gnu.linkonce.tb.*)
 *(.rela.tbss .rela.tbss.* .rela.gnu.linkonce.tb.*)
 *(.rel.ctors)
 *(.rela.ctors)
 *(.rel.dtors)
 *(.rela.dtors)
 *(.rel.got)
 *(.rela.got)
 *(.rel.sdata .rel.sdata.* .rel.gnu.linkonce.s.*)
 *(.rela.sdata .rela.sdata.* .rela.gnu.linkonce.s.*)
 *(.rel.sbss .rel.sbss.* .rel.gnu.linkonce.sb.*)
 *(.rela.sbss .rela.sbss.* .rela.gnu.linkonce.sb.*)
 *(.rel.sdata2 .rel.sdata2.* .rel.gnu.linkonce.s2.*)
 *(.rela.sdata2 .rela.sdata2.* .rela.gnu.linkonce.s2.*)
 *(.rel.sbss2 .rel.sbss2.* .rel.gnu.linkonce.sb2.*)
 *(.rela.sbss2 .rela.sbss2.* .rela.gnu.linkonce.sb2.*)
 *(.rel.bss .rel.bss.* .rel.gnu.linkonce.b.*)
 *(.rela.bss .rela.bss.* .rela.gnu.linkonce.b.*)
 *(.rel.plt)
 *(.rela.plt)
 *(.rel.dyn)
 *(.init)
 *(.plt)
 *(.text .stub .text.* .gnu.linkonce.t.*)
 .text          0x020001a0       0x3c ../electronic_engine_control_bsp//obj/HAL/src/crt0.o
                0x020001a0                _start
 .text          0x020001dc      0x6bc obj/default/apps_motor_proc.o
                0x020001dc                apps_motor_task
                0x02000668                get_expected_motor_pos_q
                0x02000688                get_motor_cmd_q
                0x020006a8                get_expected_tps_reading
                0x020006cc                set_new_motor_position
                0x02000704                set_new_motor_position_by_tps
                0x0200073c                hitec_servo_demo
                0x020007b0                apps_value_comp_callback
                0x020007d4                motor_pos_check_callback
                0x0200080c                get_motor_failure_flag
                0x0200082c                get_apps_motor_task_external_failure_flag
                0x0200084c                get_apps_motor_task_failure_resolved_flag
                0x0200086c                signal_exit_shift_matching
 .text          0x02000898      0x190 obj/default/failure_handler_proc.o
                0x02000898                failure_handler_task
 .text          0x02000a28      0x128 obj/default/main.o
                0x02000a28                main
                0x02000ad0                get_adc
                0x02000af0                disp_err
                0x02000b30                get_failure_msg_q
 .text          0x02000b50      0x1f0 obj/default/pwm_gen.o
                0x02000c6c                set_period
                0x02000ca0                set_duty_cycle
                0x02000cd8                get_period
                0x02000d0c                get_duty_cycle
 .text          0x02000d40      0x410 obj/default/solenoid_proc.o
                0x02000dd4                solenoid_task
                0x02001028                shift_up
                0x02001054                shift_down
                0x02001080                solenoid_callback
                0x020010e4                get_solenoid_task_external_failure_flag
                0x02001104                get_solenoid_task_failure_resolved_flag
                0x02001124                signal_shift_start
 .text          0x02001150      0xf20 obj/default/tests/CuTest.o
                0x02001150                CuStrAlloc
                0x02001188                CuStrCopy
                0x020011dc                CuStringInit
                0x02001240                CuStringNew
                0x020012b0                CuStringDelete
                0x020012f8                CuStringResize
                0x0200134c                CuStringAppend
                0x02001400                CuStringAppendChar
                0x02001444                CuStringAppendFormat
                0x02001470                CuStringInsert
                0x02001584                CuTestInit
                0x020015f4                CuTestNew
                0x02001640                CuTestDelete
                0x02001688                CuTestRun
                0x0200178c                CuFail_Line
                0x02001810                CuAssert_Line
                0x0200186c                CuAssertStrEquals_LineMsg
                0x02001974                CuAssertIntEquals_LineMsg
                0x020019e8                CuAssertDblEquals_LineMsg
                0x02001ab0                CuAssertPtrEquals_LineMsg
                0x02001b24                CuSuiteInit
                0x02001b74                CuSuiteNew
                0x02001bb0                CuSuiteDelete
                0x02001c44                CuSuiteAdd
                0x02001cd8                CuSuiteAddSuite
                0x02001d54                CuSuiteRun
                0x02001dec                CuSuiteSummary
                0x02001ea4                CuSuiteDetails
 .text          0x02002070      0x368 obj/default/tests/testbench.o
                0x02002070                Test_int16U_changed_by_threshold
                0x0200214c                Test_int16U_differ_by_percent
                0x02002234                CuGetSuite
                0x020022a4                run_all_unit_tests
                0x0200231c                Test_pwm_gen
                0x02002358                Test_pwm_gen_sweep
 .text          0x020023d8      0x2fc obj/default/throttle_data.o
                0x020023d8                throttle_data_init
                0x02002588                get_duty_cycle_for_angle
                0x020025d4                get_throttle_pos_for_RPM_gear
                0x02002664                get_new_RPM_needed
 .text          0x020026d4      0x3d8 obj/default/tps_proc.o
                0x020026d4                tps_task
                0x02002988                tps_value_comp_callback
                0x02002a6c                get_tps_task_failure_resolved_flag
                0x02002a8c                get_tps_task_external_failure_flag
 .text          0x02002aac      0x204 obj/default/util.o
                0x02002aac                int16U_changed_by_threshold
                0x02002b34                int16U_differ_by_percent
                0x02002c3c                get_gear_ratio
 .text          0x02002cb0      0x504 /OPT/altera/12.1/nios2eds/bin/gnu/H-i686-pc-linux-gnu/bin/../lib/gcc/nios2-elf/4.1.2/mno-hw-mul/libgcc.a(_addsub_df.o)
                0x020030c0                __subdf3
                0x02003140                __adddf3
 .text          0x020031b4       0x88 /OPT/altera/12.1/nios2eds/bin/gnu/H-i686-pc-linux-gnu/bin/../lib/gcc/nios2-elf/4.1.2/mno-hw-mul/libgcc.a(_le_df.o)
                0x020031b4                __ledf2
 .text          0x0200323c        0x0 /OPT/altera/12.1/nios2eds/bin/gnu/H-i686-pc-linux-gnu/bin/../lib/gcc/nios2-elf/4.1.2/mno-hw-mul/libgcc.a(_thenan_df.o)
 .text          0x0200323c      0x14c /OPT/altera/12.1/nios2eds/bin/gnu/H-i686-pc-linux-gnu/bin/../lib/gcc/nios2-elf/4.1.2/mno-hw-mul/libgcc.a(lib2-divmod.o)
                0x020032b8                __divsi3
                0x02003318                __modsi3
                0x02003378                __udivsi3
                0x02003380                __umodsi3
 .text          0x02003388       0x38 /OPT/altera/12.1/nios2eds/bin/gnu/H-i686-pc-linux-gnu/bin/../lib/gcc/nios2-elf/4.1.2/mno-hw-mul/libgcc.a(lib2-mul.o)
                0x02003388                __mulsi3
 .text          0x020033c0      0x314 /OPT/altera/12.1/nios2eds/bin/gnu/H-i686-pc-linux-gnu/bin/../lib/gcc/nios2-elf/4.1.2/mno-hw-mul/libgcc.a(_pack_df.o)
                0x020033c0                __pack_d
 .text          0x020036d4      0x138 /OPT/altera/12.1/nios2eds/bin/gnu/H-i686-pc-linux-gnu/bin/../lib/gcc/nios2-elf/4.1.2/mno-hw-mul/libgcc.a(_unpack_df.o)
                0x020036d4                __unpack_d
 .text          0x0200380c       0xc8 /OPT/altera/12.1/nios2eds/bin/gnu/H-i686-pc-linux-gnu/bin/../lib/gcc/nios2-elf/4.1.2/mno-hw-mul/libgcc.a(_fpcmp_parts_df.o)
                0x0200380c                __fpcmp_parts_d
 .text          0x020038d4       0x78 /OPT/altera/12.1/nios2eds/bin/gnu/H-i686-pc-linux-gnu/bin/../lib/gcc/nios2-elf/4.1.2/../../../../nios2-elf/lib/mno-hw-mul/libc.a(lib_a-assert.o)
                0x020038d4                __assert_func
                0x02003938                __assert
 .text          0x0200394c       0x6c /OPT/altera/12.1/nios2eds/bin/gnu/H-i686-pc-linux-gnu/bin/../lib/gcc/nios2-elf/4.1.2/../../../../nios2-elf/lib/mno-hw-mul/libc.a(lib_a-fiprintf.o)
                0x0200394c                fiprintf
                0x02003990                _fiprintf_r
 .text          0x020039b8        0x0 /OPT/altera/12.1/nios2eds/bin/gnu/H-i686-pc-linux-gnu/bin/../lib/gcc/nios2-elf/4.1.2/../../../../nios2-elf/lib/mno-hw-mul/libc.a(lib_a-impure.o)
 .text          0x020039b8       0x28 /OPT/altera/12.1/nios2eds/bin/gnu/H-i686-pc-linux-gnu/bin/../lib/gcc/nios2-elf/4.1.2/../../../../nios2-elf/lib/mno-hw-mul/libc.a(lib_a-malloc.o)
                0x020039b8                free
                0x020039cc                malloc
 .text          0x020039e0      0x740 /OPT/altera/12.1/nios2eds/bin/gnu/H-i686-pc-linux-gnu/bin/../lib/gcc/nios2-elf/4.1.2/../../../../nios2-elf/lib/mno-hw-mul/libc.a(lib_a-mallocr.o)
                0x020039e0                _malloc_r
 .text          0x02004120       0xa0 /OPT/altera/12.1/nios2eds/bin/gnu/H-i686-pc-linux-gnu/bin/../lib/gcc/nios2-elf/4.1.2/../../../../nios2-elf/lib/mno-hw-mul/libc.a(lib_a-memcpy.o)
                0x02004120                memcpy
 .text          0x020041c0       0xe0 /OPT/altera/12.1/nios2eds/bin/gnu/H-i686-pc-linux-gnu/bin/../lib/gcc/nios2-elf/4.1.2/../../../../nios2-elf/lib/mno-hw-mul/libc.a(lib_a-memmove.o)
                0x020041c0                memmove
 .text          0x020042a0       0x98 /OPT/altera/12.1/nios2eds/bin/gnu/H-i686-pc-linux-gnu/bin/../lib/gcc/nios2-elf/4.1.2/../../../../nios2-elf/lib/mno-hw-mul/libc.a(lib_a-memset.o)
                0x020042a0                memset
 .text          0x02004338       0x78 /OPT/altera/12.1/nios2eds/bin/gnu/H-i686-pc-linux-gnu/bin/../lib/gcc/nios2-elf/4.1.2/../../../../nios2-elf/lib/mno-hw-mul/libc.a(lib_a-printf.o)
                0x02004338                printf
                0x0200437c                _printf_r
 .text          0x020043b0       0xb4 /OPT/altera/12.1/nios2eds/bin/gnu/H-i686-pc-linux-gnu/bin/../lib/gcc/nios2-elf/4.1.2/../../../../nios2-elf/lib/mno-hw-mul/libc.a(lib_a-puts.o)
                0x020043b0                _puts_r
                0x02004450                puts
 .text          0x02004464       0x1c /OPT/altera/12.1/nios2eds/bin/gnu/H-i686-pc-linux-gnu/bin/../lib/gcc/nios2-elf/4.1.2/../../../../nios2-elf/lib/mno-hw-mul/libc.a(lib_a-realloc.o)
                0x02004464                realloc
 .text          0x02004480      0x5f4 /OPT/altera/12.1/nios2eds/bin/gnu/H-i686-pc-linux-gnu/bin/../lib/gcc/nios2-elf/4.1.2/../../../../nios2-elf/lib/mno-hw-mul/libc.a(lib_a-reallocr.o)
                0x02004480                _realloc_r
 .text          0x02004a74       0x70 /OPT/altera/12.1/nios2eds/bin/gnu/H-i686-pc-linux-gnu/bin/../lib/gcc/nios2-elf/4.1.2/../../../../nios2-elf/lib/mno-hw-mul/libc.a(lib_a-sbrkr.o)
                0x02004a74                _sbrk_r
 *fill*         0x02004ae4        0x4 3a880100
 .text          0x02004ae8       0x78 /OPT/altera/12.1/nios2eds/bin/gnu/H-i686-pc-linux-gnu/bin/../lib/gcc/nios2-elf/4.1.2/../../../../nios2-elf/lib/mno-hw-mul/libc.a(lib_a-setjmp.o)
                0x02004ae8                setjmp
                0x02004b20                longjmp
 .text          0x02004b60       0xd4 /OPT/altera/12.1/nios2eds/bin/gnu/H-i686-pc-linux-gnu/bin/../lib/gcc/nios2-elf/4.1.2/../../../../nios2-elf/lib/mno-hw-mul/libc.a(lib_a-sprintf.o)
                0x02004b60                sprintf
                0x02004bd4                _sprintf_r
 .text          0x02004c34       0x90 /OPT/altera/12.1/nios2eds/bin/gnu/H-i686-pc-linux-gnu/bin/../lib/gcc/nios2-elf/4.1.2/../../../../nios2-elf/lib/mno-hw-mul/libc.a(lib_a-strcat.o)
                0x02004c34                strcat
 .text          0x02004cc4       0xbc /OPT/altera/12.1/nios2eds/bin/gnu/H-i686-pc-linux-gnu/bin/../lib/gcc/nios2-elf/4.1.2/../../../../nios2-elf/lib/mno-hw-mul/libc.a(lib_a-strcmp.o)
                0x02004cc4                strcmp
 .text          0x02004d80       0x8c /OPT/altera/12.1/nios2eds/bin/gnu/H-i686-pc-linux-gnu/bin/../lib/gcc/nios2-elf/4.1.2/../../../../nios2-elf/lib/mno-hw-mul/libc.a(lib_a-strcpy.o)
                0x02004d80                strcpy
 .text          0x02004e0c       0x74 /OPT/altera/12.1/nios2eds/bin/gnu/H-i686-pc-linux-gnu/bin/../lib/gcc/nios2-elf/4.1.2/../../../../nios2-elf/lib/mno-hw-mul/libc.a(lib_a-strlen.o)
                0x02004e0c                strlen
 .text          0x02004e80       0x1c /OPT/altera/12.1/nios2eds/bin/gnu/H-i686-pc-linux-gnu/bin/../lib/gcc/nios2-elf/4.1.2/../../../../nios2-elf/lib/mno-hw-mul/libc.a(lib_a-vfiprintfr_1.o)
                0x02004e80                _vfiprintf_r
 .text          0x02004e9c     0x1f40 /OPT/altera/12.1/nios2eds/bin/gnu/H-i686-pc-linux-gnu/bin/../lib/gcc/nios2-elf/4.1.2/../../../../nios2-elf/lib/mno-hw-mul/libc.a(lib_a-vfprintf.o)
                0x02004ef4                ___vfprintf_internal_r
                0x02006db8                __vfprintf_internal
 .text          0x02006ddc      0x13c /OPT/altera/12.1/nios2eds/bin/gnu/H-i686-pc-linux-gnu/bin/../lib/gcc/nios2-elf/4.1.2/../../../../nios2-elf/lib/mno-hw-mul/libc.a(lib_a-wsetup.o)
                0x02006ddc                __swsetup_r
 .text          0x02006f18       0x18 /OPT/altera/12.1/nios2eds/bin/gnu/H-i686-pc-linux-gnu/bin/../lib/gcc/nios2-elf/4.1.2/../../../../nios2-elf/lib/mno-hw-mul/libc.a(lib_a-abort.o)
                0x02006f18                abort
 .text          0x02006f30     0x17f8 /OPT/altera/12.1/nios2eds/bin/gnu/H-i686-pc-linux-gnu/bin/../lib/gcc/nios2-elf/4.1.2/../../../../nios2-elf/lib/mno-hw-mul/libc.a(lib_a-dtoa.o)
                0x02007174                _dtoa_r
 .text          0x02008728      0x230 /OPT/altera/12.1/nios2eds/bin/gnu/H-i686-pc-linux-gnu/bin/../lib/gcc/nios2-elf/4.1.2/../../../../nios2-elf/lib/mno-hw-mul/libc.a(lib_a-fflush.o)
                0x02008728                _fflush_r
                0x02008924                fflush
 .text          0x02008958      0x2f4 /OPT/altera/12.1/nios2eds/bin/gnu/H-i686-pc-linux-gnu/bin/../lib/gcc/nios2-elf/4.1.2/../../../../nios2-elf/lib/mno-hw-mul/libc.a(lib_a-findfp.o)
                0x020089b0                __sfp_lock_acquire
                0x020089b4                __sfp_lock_release
                0x020089b8                __sinit_lock_acquire
                0x020089bc                __sinit_lock_release
                0x020089c0                __sinit
                0x02008a74                __fp_unlock_all
                0x02008a8c                __fp_lock_all
                0x02008aa4                _cleanup_r
                0x02008ab0                _cleanup
                0x02008ac0                __sfmoreglue
                0x02008b5c                __sfp
 .text          0x02008c4c      0x440 /OPT/altera/12.1/nios2eds/bin/gnu/H-i686-pc-linux-gnu/bin/../lib/gcc/nios2-elf/4.1.2/../../../../nios2-elf/lib/mno-hw-mul/libc.a(lib_a-freer.o)
                0x02008c4c                _malloc_trim_r
                0x02008d78                _free_r
 .text          0x0200908c      0x49c /OPT/altera/12.1/nios2eds/bin/gnu/H-i686-pc-linux-gnu/bin/../lib/gcc/nios2-elf/4.1.2/../../../../nios2-elf/lib/mno-hw-mul/libc.a(lib_a-fvwrite.o)
                0x0200908c                __sfvwrite_r
 .text          0x02009528      0x180 /OPT/altera/12.1/nios2eds/bin/gnu/H-i686-pc-linux-gnu/bin/../lib/gcc/nios2-elf/4.1.2/../../../../nios2-elf/lib/mno-hw-mul/libc.a(lib_a-fwalk.o)
                0x02009528                _fwalk_reent
                0x020095f0                _fwalk
 .text          0x020096a8        0x0 /OPT/altera/12.1/nios2eds/bin/gnu/H-i686-pc-linux-gnu/bin/../lib/gcc/nios2-elf/4.1.2/../../../../nios2-elf/lib/mno-hw-mul/libc.a(lib_a-int_errno.o)
 .text          0x020096a8       0xc4 /OPT/altera/12.1/nios2eds/bin/gnu/H-i686-pc-linux-gnu/bin/../lib/gcc/nios2-elf/4.1.2/../../../../nios2-elf/lib/mno-hw-mul/libc.a(lib_a-locale.o)
                0x020096a8                __locale_charset
                0x020096b0                _localeconv_r
                0x020096bc                localeconv
                0x020096cc                _setlocale_r
                0x02009750                setlocale
 .text          0x0200976c      0x194 /OPT/altera/12.1/nios2eds/bin/gnu/H-i686-pc-linux-gnu/bin/../lib/gcc/nios2-elf/4.1.2/../../../../nios2-elf/lib/mno-hw-mul/libc.a(lib_a-makebuf.o)
                0x0200976c                __smakebuf_r
 .text          0x02009900       0xe4 /OPT/altera/12.1/nios2eds/bin/gnu/H-i686-pc-linux-gnu/bin/../lib/gcc/nios2-elf/4.1.2/../../../../nios2-elf/lib/mno-hw-mul/libc.a(lib_a-memchr.o)
                0x02009900                memchr
 .text          0x020099e4     0x108c /OPT/altera/12.1/nios2eds/bin/gnu/H-i686-pc-linux-gnu/bin/../lib/gcc/nios2-elf/4.1.2/../../../../nios2-elf/lib/mno-hw-mul/libc.a(lib_a-mprec.o)
                0x020099e4                _Bfree
                0x02009a0c                __hi0bits
                0x02009a7c                __lo0bits
                0x02009b40                __mcmp
                0x02009ba0                __ulp
                0x02009c20                __b2d
                0x02009d40                __ratio
                0x02009df0                _mprec_log10
                0x02009e84                __copybits
                0x02009edc                __any_on
                0x02009f64                _Balloc
                0x0200a020                __d2b
                0x0200a19c                __mdiff
                0x0200a328                __lshift
                0x0200a474                __multiply
                0x0200a6c8                __i2b
                0x0200a704                __multadd
                0x0200a830                __pow5mult
                0x0200a950                __s2b
 .text          0x0200aa70       0x40 /OPT/altera/12.1/nios2eds/bin/gnu/H-i686-pc-linux-gnu/bin/../lib/gcc/nios2-elf/4.1.2/../../../../nios2-elf/lib/mno-hw-mul/libc.a(lib_a-s_isinfd.o)
                0x0200aa70                __isinfd
 .text          0x0200aab0       0x30 /OPT/altera/12.1/nios2eds/bin/gnu/H-i686-pc-linux-gnu/bin/../lib/gcc/nios2-elf/4.1.2/../../../../nios2-elf/lib/mno-hw-mul/libc.a(lib_a-s_isnand.o)
                0x0200aab0                __isnand
 .text          0x0200aae0      0x2d8 /OPT/altera/12.1/nios2eds/bin/gnu/H-i686-pc-linux-gnu/bin/../lib/gcc/nios2-elf/4.1.2/../../../../nios2-elf/lib/mno-hw-mul/libc.a(lib_a-signal.o)
                0x0200aae0                _raise_r
                0x0200abac                raise
                0x0200abc0                _init_signal_r
                0x0200ac24                _init_signal
                0x0200ac34                __sigtramp_r
                0x0200ace8                __sigtramp
                0x0200acfc                _signal_r
                0x0200ad9c                signal
 .text          0x0200adb8       0x78 /OPT/altera/12.1/nios2eds/bin/gnu/H-i686-pc-linux-gnu/bin/../lib/gcc/nios2-elf/4.1.2/../../../../nios2-elf/lib/mno-hw-mul/libc.a(lib_a-signalr.o)
                0x0200adb8                _getpid_r
                0x0200adbc                _kill_r
 .text          0x0200ae30      0x14c /OPT/altera/12.1/nios2eds/bin/gnu/H-i686-pc-linux-gnu/bin/../lib/gcc/nios2-elf/4.1.2/../../../../nios2-elf/lib/mno-hw-mul/libc.a(lib_a-stdio.o)
                0x0200ae30                __sclose
                0x0200ae38                __sseek
                0x0200aea0                __swrite
                0x0200af1c                __sread
 .text          0x0200af7c     0x113c /OPT/altera/12.1/nios2eds/bin/gnu/H-i686-pc-linux-gnu/bin/../lib/gcc/nios2-elf/4.1.2/../../../../nios2-elf/lib/mno-hw-mul/libc.a(lib_a-vfiprintf.o)
                0x0200afd4                ___vfiprintf_internal_r
                0x0200c094                __vfiprintf_internal
 .text          0x0200c0b8       0x78 /OPT/altera/12.1/nios2eds/bin/gnu/H-i686-pc-linux-gnu/bin/../lib/gcc/nios2-elf/4.1.2/../../../../nios2-elf/lib/mno-hw-mul/libc.a(lib_a-writer.o)
                0x0200c0b8                _write_r
 .text          0x0200c130       0xc8 /OPT/altera/12.1/nios2eds/bin/gnu/H-i686-pc-linux-gnu/bin/../lib/gcc/nios2-elf/4.1.2/../../../../nios2-elf/lib/mno-hw-mul/libc.a(lib_a-callocr.o)
                0x0200c130                _calloc_r
 .text          0x0200c1f8       0x70 /OPT/altera/12.1/nios2eds/bin/gnu/H-i686-pc-linux-gnu/bin/../lib/gcc/nios2-elf/4.1.2/../../../../nios2-elf/lib/mno-hw-mul/libc.a(lib_a-closer.o)
                0x0200c1f8                _close_r
 .text          0x0200c268      0x124 /OPT/altera/12.1/nios2eds/bin/gnu/H-i686-pc-linux-gnu/bin/../lib/gcc/nios2-elf/4.1.2/../../../../nios2-elf/lib/mno-hw-mul/libc.a(lib_a-fclose.o)
                0x0200c268                _fclose_r
                0x0200c378                fclose
 .text          0x0200c38c       0x74 /OPT/altera/12.1/nios2eds/bin/gnu/H-i686-pc-linux-gnu/bin/../lib/gcc/nios2-elf/4.1.2/../../../../nios2-elf/lib/mno-hw-mul/libc.a(lib_a-fstatr.o)
                0x0200c38c                _fstat_r
 .text          0x0200c400       0x70 /OPT/altera/12.1/nios2eds/bin/gnu/H-i686-pc-linux-gnu/bin/../lib/gcc/nios2-elf/4.1.2/../../../../nios2-elf/lib/mno-hw-mul/libc.a(lib_a-isattyr.o)
                0x0200c400                _isatty_r
 .text          0x0200c470       0x78 /OPT/altera/12.1/nios2eds/bin/gnu/H-i686-pc-linux-gnu/bin/../lib/gcc/nios2-elf/4.1.2/../../../../nios2-elf/lib/mno-hw-mul/libc.a(lib_a-lseekr.o)
                0x0200c470                _lseek_r
 .text          0x0200c4e8       0x78 /OPT/altera/12.1/nios2eds/bin/gnu/H-i686-pc-linux-gnu/bin/../lib/gcc/nios2-elf/4.1.2/../../../../nios2-elf/lib/mno-hw-mul/libc.a(lib_a-readr.o)
                0x0200c4e8                _read_r
 .text          0x0200c560      0x66c /OPT/altera/12.1/nios2eds/bin/gnu/H-i686-pc-linux-gnu/bin/../lib/gcc/nios2-elf/4.1.2/mno-hw-mul/libgcc.a(_udivdi3.o)
                0x0200c560                __udivdi3
 .text          0x0200cbcc      0x660 /OPT/altera/12.1/nios2eds/bin/gnu/H-i686-pc-linux-gnu/bin/../lib/gcc/nios2-elf/4.1.2/mno-hw-mul/libgcc.a(_umoddi3.o)
                0x0200cbcc                __umoddi3
 .text          0x0200d22c      0x3c4 /OPT/altera/12.1/nios2eds/bin/gnu/H-i686-pc-linux-gnu/bin/../lib/gcc/nios2-elf/4.1.2/mno-hw-mul/libgcc.a(_mul_df.o)
                0x0200d22c                __muldf3
 .text          0x0200d5f0      0x258 /OPT/altera/12.1/nios2eds/bin/gnu/H-i686-pc-linux-gnu/bin/../lib/gcc/nios2-elf/4.1.2/mno-hw-mul/libgcc.a(_div_df.o)
                0x0200d5f0                __divdf3
 .text          0x0200d848       0x88 /OPT/altera/12.1/nios2eds/bin/gnu/H-i686-pc-linux-gnu/bin/../lib/gcc/nios2-elf/4.1.2/mno-hw-mul/libgcc.a(_eq_df.o)
                0x0200d848                __eqdf2
 .text          0x0200d8d0       0x88 /OPT/altera/12.1/nios2eds/bin/gnu/H-i686-pc-linux-gnu/bin/../lib/gcc/nios2-elf/4.1.2/mno-hw-mul/libgcc.a(_ne_df.o)
                0x0200d8d0                __nedf2
 .text          0x0200d958       0x88 /OPT/altera/12.1/nios2eds/bin/gnu/H-i686-pc-linux-gnu/bin/../lib/gcc/nios2-elf/4.1.2/mno-hw-mul/libgcc.a(_gt_df.o)
                0x0200d958                __gtdf2
 .text          0x0200d9e0       0x88 /OPT/altera/12.1/nios2eds/bin/gnu/H-i686-pc-linux-gnu/bin/../lib/gcc/nios2-elf/4.1.2/mno-hw-mul/libgcc.a(_ge_df.o)
                0x0200d9e0                __gedf2
 .text          0x0200da68       0x88 /OPT/altera/12.1/nios2eds/bin/gnu/H-i686-pc-linux-gnu/bin/../lib/gcc/nios2-elf/4.1.2/mno-hw-mul/libgcc.a(_lt_df.o)
                0x0200da68                __ltdf2
 .text          0x0200daf0       0xf8 /OPT/altera/12.1/nios2eds/bin/gnu/H-i686-pc-linux-gnu/bin/../lib/gcc/nios2-elf/4.1.2/mno-hw-mul/libgcc.a(_si_to_df.o)
                0x0200daf0                __floatsidf
 .text          0x0200dbe8       0xd8 /OPT/altera/12.1/nios2eds/bin/gnu/H-i686-pc-linux-gnu/bin/../lib/gcc/nios2-elf/4.1.2/mno-hw-mul/libgcc.a(_df_to_si.o)
                0x0200dbe8                __fixdfsi
 .text          0x0200dcc0      0x194 /OPT/altera/12.1/nios2eds/bin/gnu/H-i686-pc-linux-gnu/bin/../lib/gcc/nios2-elf/4.1.2/mno-hw-mul/libgcc.a(_usi_to_df.o)
                0x0200dcc0                __floatunsidf
 .text          0x0200de54      0x124 /OPT/altera/12.1/nios2eds/bin/gnu/H-i686-pc-linux-gnu/bin/../lib/gcc/nios2-elf/4.1.2/mno-hw-mul/libgcc.a(_muldi3.o)
                0x0200de54                __muldi3
 .text          0x0200df78        0x0 /OPT/altera/12.1/nios2eds/bin/gnu/H-i686-pc-linux-gnu/bin/../lib/gcc/nios2-elf/4.1.2/mno-hw-mul/libgcc.a(_clz.o)
 .text          0x0200df78       0x80 /OPT/altera/12.1/nios2eds/bin/gnu/H-i686-pc-linux-gnu/bin/../lib/gcc/nios2-elf/4.1.2/mno-hw-mul/libgcc.a(_clzsi2.o)
                0x0200df78                __clzsi2
 .text          0x0200dff8      0x154 ../electronic_engine_control_bsp//libucosii_bsp.a(alt_alarm_start.o)
                0x0200dff8                alt_alarm_start
 .text          0x0200e14c      0x160 ../electronic_engine_control_bsp//libucosii_bsp.a(alt_close.o)
                0x0200e14c                close
 .text          0x0200e2ac       0x2c ../electronic_engine_control_bsp//libucosii_bsp.a(alt_dev.o)
 .text          0x0200e2d8        0x0 ../electronic_engine_control_bsp//libucosii_bsp.a(alt_errno.o)
 .text          0x0200e2d8       0x6c ../electronic_engine_control_bsp//libucosii_bsp.a(alt_exit.o)
                0x0200e318                _exit
 .text          0x0200e344      0x138 ../electronic_engine_control_bsp//libucosii_bsp.a(alt_fstat.o)
                0x0200e344                fstat
 .text          0x0200e47c       0x20 ../electronic_engine_control_bsp//libucosii_bsp.a(alt_getpid.o)
                0x0200e47c                getpid
 .text          0x0200e49c      0x1c0 ../electronic_engine_control_bsp//libucosii_bsp.a(alt_irq_register.o)
                0x0200e49c                alt_irq_register
 .text          0x0200e65c        0x0 ../electronic_engine_control_bsp//libucosii_bsp.a(alt_irq_vars.o)
 .text          0x0200e65c      0x124 ../electronic_engine_control_bsp//libucosii_bsp.a(alt_isatty.o)
                0x0200e65c                isatty
 .text          0x0200e780      0x1a0 ../electronic_engine_control_bsp//libucosii_bsp.a(alt_kill.o)
                0x0200e780                kill
 .text          0x0200e920       0xec ../electronic_engine_control_bsp//libucosii_bsp.a(alt_load.o)
                0x0200e920                alt_load
 .text          0x0200ea0c      0x154 ../electronic_engine_control_bsp//libucosii_bsp.a(alt_lseek.o)
                0x0200ea0c                lseek
 .text          0x0200eb60       0xc8 ../electronic_engine_control_bsp//libucosii_bsp.a(alt_main.o)
                0x0200eb60                alt_main
 .text          0x0200ec28      0x184 ../electronic_engine_control_bsp//libucosii_bsp.a(alt_read.o)
                0x0200ec28                read
 .text          0x0200edac       0x78 ../electronic_engine_control_bsp//libucosii_bsp.a(alt_release_fd.o)
                0x0200edac                alt_release_fd
 .text          0x0200ee24       0xbc ../electronic_engine_control_bsp//libucosii_bsp.a(alt_sbrk.o)
                0x0200ee24                sbrk
 .text          0x0200eee0      0x1a8 ../electronic_engine_control_bsp//libucosii_bsp.a(alt_tick.o)
                0x0200eee0                alt_alarm_stop
                0x0200ef78                alt_tick
 .text          0x0200f088      0x120 ../electronic_engine_control_bsp//libucosii_bsp.a(alt_usleep.o)
                0x0200f088                usleep
 .text          0x0200f1a8      0x184 ../electronic_engine_control_bsp//libucosii_bsp.a(alt_write.o)
                0x0200f1a8                write
 .text          0x0200f32c      0x108 ../electronic_engine_control_bsp//libucosii_bsp.a(alt_env_lock.o)
                0x0200f32c                __env_lock
                0x0200f3d8                __env_unlock
 .text          0x0200f434      0x1d8 ../electronic_engine_control_bsp//libucosii_bsp.a(alt_malloc_lock.o)
                0x0200f434                __malloc_lock
                0x0200f53c                __malloc_unlock
 .text          0x0200f60c     0x2128 ../electronic_engine_control_bsp//libucosii_bsp.a(os_core.o)
                0x0200f60c                OSEventNameGet
                0x0200f73c                OSEventNameSet
                0x0200f880                OSEventPendMulti
                0x0200ff34                OSInit
                0x0200ff88                OSIntEnter
                0x02010004                OSIntExit
                0x02010104                OSSchedLock
                0x02010190                OSSchedUnlock
                0x02010274                OSStart
                0x020102e4                OSStatInit
                0x02010390                OSTimeTick
                0x020105d0                OSVersion
                0x020105f0                OS_Dummy
                0x0201060c                OS_EventTaskRdy
                0x020107a0                OS_EventTaskWait
                0x020108b0                OS_EventTaskWaitMulti
                0x02010a04                OS_EventTaskRemove
                0x02010abc                OS_EventTaskRemoveMulti
                0x02010bc0                OS_EventWaitListInit
                0x02010f8c                OS_MemClr
                0x02010fe0                OS_MemCopy
                0x0201104c                OS_Sched
                0x02011190                OS_StrCopy
                0x02011210                OS_StrLen
                0x02011268                OS_TaskIdle
                0x020112c4                OS_TaskStat
                0x0201138c                OS_TaskStatStkChk
                0x02011454                OS_TCBInit
 .text          0x02011734      0x18c ../electronic_engine_control_bsp//libucosii_bsp.a(os_dbg.o)
                0x02011734                OSDebugInit
 .text          0x020118c0     0x193c ../electronic_engine_control_bsp//libucosii_bsp.a(os_flag.o)
                0x020118c0                OSFlagAccept
                0x02011bf4                OSFlagCreate
                0x02011d30                OSFlagDel
                0x02011fd8                OSFlagNameGet
                0x0201211c                OSFlagNameSet
                0x02012270                OSFlagPend
                0x020128b4                OSFlagPendGetFlagsRdy
                0x0201291c                OSFlagPost
                0x02012cc4                OSFlagQuery
                0x02012f5c                OS_FlagInit
                0x02013150                OS_FlagUnlink
 .text          0x020131fc      0x80c ../electronic_engine_control_bsp//libucosii_bsp.a(os_mem.o)
                0x020131fc                OSMemCreate
                0x02013418                OSMemGet
                0x0201351c                OSMemNameGet
                0x02013628                OSMemNameSet
                0x02013748                OSMemPut
                0x02013838                OSMemQuery
                0x02013934                OS_MemInit
 .text          0x02013a08     0x1334 ../electronic_engine_control_bsp//libucosii_bsp.a(os_q.o)
                0x02013a08                OSQAccept
                0x02013b5c                OSQCreate
                0x02013d70                OSQDel
                0x02014070                OSQFlush
                0x02014138                OSQPend
                0x02014458                OSQPendAbort
                0x020145d4                OSQPost
                0x02014754                OSQPostFront
                0x020148dc                OSQPostOpt
                0x02014b10                OSQQuery
                0x02014c90                OS_QInit
 .text          0x02014d3c      0xbc8 ../electronic_engine_control_bsp//libucosii_bsp.a(os_sem.o)
                0x02014d3c                OSSemAccept
                0x02014dfc                OSSemCreate
                0x02014f10                OSSemDel
                0x020151b0                OSSemPend
                0x0201542c                OSSemPendAbort
                0x020155a8                OSSemPost
                0x020156d0                OSSemQuery
                0x02015800                OSSemSet
 .text          0x02015904     0x1a40 ../electronic_engine_control_bsp//libucosii_bsp.a(os_task.o)
                0x02015904                OSTaskChangePrio
                0x02015e78                OSTaskCreate
                0x0201604c                OSTaskCreateExt
                0x0201624c                OSTaskDel
                0x02016658                OSTaskDelReq
                0x020167c8                OSTaskNameGet
                0x02016980                OSTaskNameSet
                0x02016b44                OSTaskResume
                0x02016d5c                OSTaskStkChk
                0x02016f58                OSTaskSuspend
                0x02017184                OSTaskQuery
                0x020172c8                OS_TaskStkClr
 .text          0x02017344      0x5b4 ../electronic_engine_control_bsp//libucosii_bsp.a(os_time.o)
                0x02017344                OSTimeDly
                0x02017490                OSTimeDlyHMSM
                0x02017620                OSTimeDlyResume
                0x02017830                OSTimeGet
                0x02017894                OSTimeSet
 .text          0x020178f8      0x108 ../electronic_engine_control_bsp//libucosii_bsp.a(alt_sys_init.o)
                0x020178f8                alt_irq_init
                0x0201792c                alt_sys_init
 .text          0x02017a00      0x148 ../electronic_engine_control_bsp//libucosii_bsp.a(altera_avalon_jtag_uart_fd.o)
                0x02017a00                altera_avalon_jtag_uart_read_fd
                0x02017a58                altera_avalon_jtag_uart_write_fd
                0x02017ab0                altera_avalon_jtag_uart_close_fd
                0x02017af8                altera_avalon_jtag_uart_ioctl_fd
 .text          0x02017b48      0x580 ../electronic_engine_control_bsp//libucosii_bsp.a(altera_avalon_jtag_uart_init.o)
                0x02017b48                altera_avalon_jtag_uart_init
                0x02018054                altera_avalon_jtag_uart_close
 .text          0x020180c8       0xf4 ../electronic_engine_control_bsp//libucosii_bsp.a(altera_avalon_jtag_uart_ioctl.o)
                0x020180c8                altera_avalon_jtag_uart_ioctl
 .text          0x020181bc      0x2c0 ../electronic_engine_control_bsp//libucosii_bsp.a(altera_avalon_jtag_uart_read.o)
                0x020181bc                altera_avalon_jtag_uart_read
 .text          0x0201847c      0x2dc ../electronic_engine_control_bsp//libucosii_bsp.a(altera_avalon_jtag_uart_write.o)
                0x0201847c                altera_avalon_jtag_uart_write
 .text          0x02018758       0xfc ../electronic_engine_control_bsp//libucosii_bsp.a(altera_avalon_timer_sc.o)
                0x020187cc                alt_avalon_timer_sc_init
 .text          0x02018854        0x0 ../electronic_engine_control_bsp//libucosii_bsp.a(altera_avalon_timer_vars.o)
 .text          0x02018854      0x180 ../electronic_engine_control_bsp//libucosii_bsp.a(altera_up_avalon_de0_nano_adc.o)
                0x02018854                alt_up_de0_nano_adc_open_dev
                0x02018894                alt_up_de0_nano_adc_read
 .text          0x020189d4      0x398 ../electronic_engine_control_bsp//libucosii_bsp.a(altera_up_avalon_rs232.o)
                0x020189d4                alt_up_rs232_enable_read_interrupt
                0x02018a28                alt_up_rs232_disable_read_interrupt
                0x02018a80                alt_up_rs232_get_used_space_in_read_FIFO
                0x02018abc                alt_up_rs232_get_available_space_in_write_FIFO
                0x02018afc                alt_up_rs232_check_parity
                0x02018b4c                alt_up_rs232_write_data
                0x02018b94                alt_up_rs232_read_data
                0x02018c08                alt_up_rs232_read_fd
                0x02018c98                alt_up_rs232_write_fd
                0x02018d2c                alt_up_rs232_open_dev
 .text          0x02018d6c      0x15c ../electronic_engine_control_bsp//libucosii_bsp.a(alt_busy_sleep.o)
                0x02018d6c                alt_busy_sleep
 .text          0x02018ec8       0x1c ../electronic_engine_control_bsp//libucosii_bsp.a(alt_dcache_flush_all.o)
                0x02018ec8                alt_dcache_flush_all
 .text          0x02018ee4      0x114 ../electronic_engine_control_bsp//libucosii_bsp.a(alt_dev_llist_insert.o)
                0x02018ee4                alt_dev_llist_insert
 .text          0x02018ff8       0x64 ../electronic_engine_control_bsp//libucosii_bsp.a(alt_do_ctors.o)
                0x02018ff8                _do_ctors
 .text          0x0201905c       0x64 ../electronic_engine_control_bsp//libucosii_bsp.a(alt_do_dtors.o)
                0x0201905c                _do_dtors
 .text          0x020190c0       0x94 ../electronic_engine_control_bsp//libucosii_bsp.a(alt_find_dev.o)
                0x020190c0                alt_find_dev
 .text          0x02019154       0x1c ../electronic_engine_control_bsp//libucosii_bsp.a(alt_icache_flush_all.o)
                0x02019154                alt_icache_flush_all
 .text          0x02019170      0x150 ../electronic_engine_control_bsp//libucosii_bsp.a(alt_io_redirect.o)
                0x02019248                alt_io_redirect
 .text          0x020192c0        0x0 ../electronic_engine_control_bsp//libucosii_bsp.a(alt_irq_entry.o)
 .text          0x020192c0        0x0 ../electronic_engine_control_bsp//libucosii_bsp.a(alt_irq_handler.o)
 .text          0x020192c0      0x2e4 ../electronic_engine_control_bsp//libucosii_bsp.a(alt_open.o)
                0x020193b8                open
 .text          0x020195a4       0x20 ../electronic_engine_control_bsp//libucosii_bsp.a(altera_nios2_qsys_irq.o)
                0x020195a4                altera_nios2_qsys_irq_init
 .text          0x020195c4       0xd0 ../electronic_engine_control_bsp//libucosii_bsp.a(os_cpu_a.o)
                0x020195c4                OSCtxSw
                0x020195c4                OSIntCtxSw
                0x02019650                OSStartHighRdy
                0x02019670                OSStartTsk
 .text          0x02019694      0x418 ../electronic_engine_control_bsp//libucosii_bsp.a(os_cpu_c.o)
                0x02019694                OSTaskStkInit
                0x020199a4                OSTaskCreateHook
                0x020199c4                OSTaskDelHook
                0x020199e4                OSTaskSwHook
                0x02019a00                OSTaskStatHook
                0x02019a1c                OSTimeTickHook
                0x02019a38                OSInitHookBegin
                0x02019a54                OSInitHookEnd
                0x02019a70                OSTaskIdleHook
                0x02019a8c                OSTCBInitHook
 .text          0x02019aac        0x0 ../electronic_engine_control_bsp//libucosii_bsp.a(alt_exception_entry.o)
 .text          0x02019aac      0x120 ../electronic_engine_control_bsp//libucosii_bsp.a(alt_find_file.o)
                0x02019aac                alt_find_file
 .text          0x02019bcc      0x104 ../electronic_engine_control_bsp//libucosii_bsp.a(alt_get_fd.o)
                0x02019bcc                alt_get_fd
 .text          0x02019cd0       0x14 /OPT/altera/12.1/nios2eds/bin/gnu/H-i686-pc-linux-gnu/bin/../lib/gcc/nios2-elf/4.1.2/../../../../nios2-elf/lib/mno-hw-mul/libc.a(lib_a-atexit.o)
                0x02019cd0                atexit
 .text          0x02019ce4       0x38 /OPT/altera/12.1/nios2eds/bin/gnu/H-i686-pc-linux-gnu/bin/../lib/gcc/nios2-elf/4.1.2/../../../../nios2-elf/lib/mno-hw-mul/libc.a(lib_a-exit.o)
                0x02019ce4                exit
 .text          0x02019d1c       0x74 /OPT/altera/12.1/nios2eds/bin/gnu/H-i686-pc-linux-gnu/bin/../lib/gcc/nios2-elf/4.1.2/../../../../nios2-elf/lib/mno-hw-mul/libc.a(lib_a-memcmp.o)
                0x02019d1c                memcmp
 .text          0x02019d90      0x134 /OPT/altera/12.1/nios2eds/bin/gnu/H-i686-pc-linux-gnu/bin/../lib/gcc/nios2-elf/4.1.2/../../../../nios2-elf/lib/mno-hw-mul/libc.a(lib_a-__atexit.o)
                0x02019d90                __register_exitproc
 .text          0x02019ec4      0x1b4 /OPT/altera/12.1/nios2eds/bin/gnu/H-i686-pc-linux-gnu/bin/../lib/gcc/nios2-elf/4.1.2/../../../../nios2-elf/lib/mno-hw-mul/libc.a(lib_a-__call_atexit.o)
                0x02019ec8                __call_exitprocs
 *(.gnu.warning.*)
 *(.fini)
                0x0201a078                PROVIDE (__etext, ABSOLUTE (.))
                0x0201a078                PROVIDE (_etext, ABSOLUTE (.))
                0x0201a078                PROVIDE (etext, ABSOLUTE (.))
 *(.eh_frame_hdr)
                0x0201a078                . = ALIGN (0x4)
                0x0201a078                PROVIDE (__preinit_array_start, ABSOLUTE (.))
 *(.preinit_array)
                0x0201a078                PROVIDE (__preinit_array_end, ABSOLUTE (.))
                0x0201a078                PROVIDE (__init_array_start, ABSOLUTE (.))
 *(.init_array)
                0x0201a078                PROVIDE (__init_array_end, ABSOLUTE (.))
                0x0201a078                PROVIDE (__fini_array_start, ABSOLUTE (.))
 *(.fini_array)
                0x0201a078                PROVIDE (__fini_array_end, ABSOLUTE (.))
 *(.eh_frame)
 *(.gcc_except_table)
 *(.dynamic)
                0x0201a078                PROVIDE (__CTOR_LIST__, ABSOLUTE (.))
 *(.ctors)
 *(SORT(.ctors.*))
 .ctors.65535   0x0201a078        0x4 /OPT/altera/12.1/nios2eds/bin/gnu/H-i686-pc-linux-gnu/bin/../lib/gcc/nios2-elf/4.1.2/../../../../nios2-elf/lib/mno-hw-mul/libc.a(lib_a-__call_atexit.o)
                0x0201a07c                PROVIDE (__CTOR_END__, ABSOLUTE (.))
                0x0201a07c                PROVIDE (__DTOR_LIST__, ABSOLUTE (.))
 *(.dtors)
 *(SORT(.dtors.*))
                0x0201a07c                PROVIDE (__DTOR_END__, ABSOLUTE (.))
 *(.jcr)
                0x0201a07c                . = ALIGN (0x4)

.rodata         0x0201a07c      0x9c8
                0x0201a07c                PROVIDE (__ram_rodata_start, ABSOLUTE (.))
                0x0201a07c                . = ALIGN (0x4)
 *(.rodata .rodata.* .gnu.linkonce.r.*)
 .rodata        0x0201a07c       0xdc obj/default/apps_motor_proc.o
 .rodata        0x0201a158       0xa8 obj/default/failure_handler_proc.o
 .rodata        0x0201a200       0x24 obj/default/main.o
 .rodata        0x0201a224       0xd0 obj/default/solenoid_proc.o
 .rodata        0x0201a2f4      0x170 obj/default/tests/CuTest.o
 .rodata        0x0201a464       0x80 obj/default/tests/testbench.o
 .rodata        0x0201a4e4       0x74 obj/default/tps_proc.o
 .rodata        0x0201a558       0x14 /OPT/altera/12.1/nios2eds/bin/gnu/H-i686-pc-linux-gnu/bin/../lib/gcc/nios2-elf/4.1.2/mno-hw-mul/libgcc.a(_thenan_df.o)
                0x0201a558                __thenan_df
 .rodata.str1.4
                0x0201a56c       0x3d /OPT/altera/12.1/nios2eds/bin/gnu/H-i686-pc-linux-gnu/bin/../lib/gcc/nios2-elf/4.1.2/../../../../nios2-elf/lib/mno-hw-mul/libc.a(lib_a-assert.o)
                                 0x44 (size before relaxing)
 *fill*         0x0201a5a9        0x3 00
 .rodata.str1.4
                0x0201a5ac        0x2 /OPT/altera/12.1/nios2eds/bin/gnu/H-i686-pc-linux-gnu/bin/../lib/gcc/nios2-elf/4.1.2/../../../../nios2-elf/lib/mno-hw-mul/libc.a(lib_a-impure.o)
                                  0x4 (size before relaxing)
 *fill*         0x0201a5ae        0x2 00
 .rodata.str1.4
                0x0201a5b0        0x2 /OPT/altera/12.1/nios2eds/bin/gnu/H-i686-pc-linux-gnu/bin/../lib/gcc/nios2-elf/4.1.2/../../../../nios2-elf/lib/mno-hw-mul/libc.a(lib_a-puts.o)
                                  0x4 (size before relaxing)
 *fill*         0x0201a5b2        0x2 00
 .rodata.str1.4
                0x0201a5b4       0x5e /OPT/altera/12.1/nios2eds/bin/gnu/H-i686-pc-linux-gnu/bin/../lib/gcc/nios2-elf/4.1.2/../../../../nios2-elf/lib/mno-hw-mul/libc.a(lib_a-vfprintf.o)
                                 0x60 (size before relaxing)
 .rodata        0x0201a612       0x20 /OPT/altera/12.1/nios2eds/bin/gnu/H-i686-pc-linux-gnu/bin/../lib/gcc/nios2-elf/4.1.2/../../../../nios2-elf/lib/mno-hw-mul/libc.a(lib_a-vfprintf.o)
 *fill*         0x0201a632        0x2 00
 .rodata.str1.4
                0x0201a634       0x10 /OPT/altera/12.1/nios2eds/bin/gnu/H-i686-pc-linux-gnu/bin/../lib/gcc/nios2-elf/4.1.2/../../../../nios2-elf/lib/mno-hw-mul/libc.a(lib_a-dtoa.o)
                                 0x14 (size before relaxing)
 .rodata.str1.4
                0x0201a644       0x10 /OPT/altera/12.1/nios2eds/bin/gnu/H-i686-pc-linux-gnu/bin/../lib/gcc/nios2-elf/4.1.2/../../../../nios2-elf/lib/mno-hw-mul/libc.a(lib_a-locale.o)
                                 0x18 (size before relaxing)
 .rodata        0x0201a654       0x30 /OPT/altera/12.1/nios2eds/bin/gnu/H-i686-pc-linux-gnu/bin/../lib/gcc/nios2-elf/4.1.2/../../../../nios2-elf/lib/mno-hw-mul/libc.a(lib_a-locale.o)
 .rodata        0x0201a684      0x124 /OPT/altera/12.1/nios2eds/bin/gnu/H-i686-pc-linux-gnu/bin/../lib/gcc/nios2-elf/4.1.2/../../../../nios2-elf/lib/mno-hw-mul/libc.a(lib_a-mprec.o)
                0x0201a684                __mprec_tens
                0x0201a74c                __mprec_bigtens
                0x0201a774                __mprec_tinytens
 .rodata.str1.4
                0x00000000       0x4c /OPT/altera/12.1/nios2eds/bin/gnu/H-i686-pc-linux-gnu/bin/../lib/gcc/nios2-elf/4.1.2/../../../../nios2-elf/lib/mno-hw-mul/libc.a(lib_a-vfiprintf.o)
 .rodata        0x0201a7a8       0x20 /OPT/altera/12.1/nios2eds/bin/gnu/H-i686-pc-linux-gnu/bin/../lib/gcc/nios2-elf/4.1.2/../../../../nios2-elf/lib/mno-hw-mul/libc.a(lib_a-vfiprintf.o)
 .rodata        0x0201a7c8      0x100 /OPT/altera/12.1/nios2eds/bin/gnu/H-i686-pc-linux-gnu/bin/../lib/gcc/nios2-elf/4.1.2/mno-hw-mul/libgcc.a(_clz.o)
                0x0201a7c8                __clz_tab
 .rodata        0x0201a8c8        0xc ../electronic_engine_control_bsp//libucosii_bsp.a(alt_dev.o)
 .rodata        0x0201a8d4       0x14 ../electronic_engine_control_bsp//libucosii_bsp.a(alt_main.o)
 .rodata        0x0201a8e8      0x120 ../electronic_engine_control_bsp//libucosii_bsp.a(os_core.o)
                0x0201a8e8                OSUnMapTbl
 .rodata        0x0201aa08       0x38 ../electronic_engine_control_bsp//libucosii_bsp.a(alt_sys_init.o)
 .rodata        0x0201aa40        0x4 ../electronic_engine_control_bsp//libucosii_bsp.a(os_cpu_c.o)
 *(.rodata1)
                0x0201aa44                . = ALIGN (0x4)
                0x0201aa44                PROVIDE (__ram_rodata_end, ABSOLUTE (.))
                0x0201a07c                PROVIDE (__flash_rodata_start, LOADADDR (.rodata))

.rwdata         0x0201aa44     0x1b3c load address 0x0201c580
                0x0201aa44                PROVIDE (__ram_rwdata_start, ABSOLUTE (.))
                0x0201aa44                . = ALIGN (0x4)
 *(.got.plt)
 *(.got)
 *(.data1)
 *(.data .data.* .gnu.linkonce.d.*)
 .data          0x0201aa44        0x0 ../electronic_engine_control_bsp//obj/HAL/src/crt0.o
 .data          0x0201aa44        0x0 obj/default/apps_motor_proc.o
 .data          0x0201aa44        0x0 obj/default/failure_handler_proc.o
 .data          0x0201aa44        0x0 obj/default/main.o
 .data          0x0201aa44        0x0 obj/default/pwm_gen.o
 .data          0x0201aa44        0x0 obj/default/solenoid_proc.o
 .data          0x0201aa44        0x0 obj/default/tests/CuTest.o
 .data          0x0201aa44        0x0 obj/default/tests/testbench.o
 .data          0x0201aa44        0x0 obj/default/throttle_data.o
 .data          0x0201aa44        0x0 obj/default/tps_proc.o
 .data          0x0201aa44        0x0 obj/default/util.o
 .data          0x0201aa44        0x0 /OPT/altera/12.1/nios2eds/bin/gnu/H-i686-pc-linux-gnu/bin/../lib/gcc/nios2-elf/4.1.2/mno-hw-mul/libgcc.a(_addsub_df.o)
 .data          0x0201aa44        0x0 /OPT/altera/12.1/nios2eds/bin/gnu/H-i686-pc-linux-gnu/bin/../lib/gcc/nios2-elf/4.1.2/mno-hw-mul/libgcc.a(_le_df.o)
 .data          0x0201aa44        0x0 /OPT/altera/12.1/nios2eds/bin/gnu/H-i686-pc-linux-gnu/bin/../lib/gcc/nios2-elf/4.1.2/mno-hw-mul/libgcc.a(_thenan_df.o)
 .data          0x0201aa44        0x0 /OPT/altera/12.1/nios2eds/bin/gnu/H-i686-pc-linux-gnu/bin/../lib/gcc/nios2-elf/4.1.2/mno-hw-mul/libgcc.a(lib2-divmod.o)
 .data          0x0201aa44        0x0 /OPT/altera/12.1/nios2eds/bin/gnu/H-i686-pc-linux-gnu/bin/../lib/gcc/nios2-elf/4.1.2/mno-hw-mul/libgcc.a(lib2-mul.o)
 .data          0x0201aa44        0x0 /OPT/altera/12.1/nios2eds/bin/gnu/H-i686-pc-linux-gnu/bin/../lib/gcc/nios2-elf/4.1.2/mno-hw-mul/libgcc.a(_pack_df.o)
 .data          0x0201aa44        0x0 /OPT/altera/12.1/nios2eds/bin/gnu/H-i686-pc-linux-gnu/bin/../lib/gcc/nios2-elf/4.1.2/mno-hw-mul/libgcc.a(_unpack_df.o)
 .data          0x0201aa44        0x0 /OPT/altera/12.1/nios2eds/bin/gnu/H-i686-pc-linux-gnu/bin/../lib/gcc/nios2-elf/4.1.2/mno-hw-mul/libgcc.a(_fpcmp_parts_df.o)
 .data          0x0201aa44        0x0 /OPT/altera/12.1/nios2eds/bin/gnu/H-i686-pc-linux-gnu/bin/../lib/gcc/nios2-elf/4.1.2/../../../../nios2-elf/lib/mno-hw-mul/libc.a(lib_a-assert.o)
 .data          0x0201aa44        0x0 /OPT/altera/12.1/nios2eds/bin/gnu/H-i686-pc-linux-gnu/bin/../lib/gcc/nios2-elf/4.1.2/../../../../nios2-elf/lib/mno-hw-mul/libc.a(lib_a-fiprintf.o)
 .data          0x0201aa44      0x400 /OPT/altera/12.1/nios2eds/bin/gnu/H-i686-pc-linux-gnu/bin/../lib/gcc/nios2-elf/4.1.2/../../../../nios2-elf/lib/mno-hw-mul/libc.a(lib_a-impure.o)
 .data          0x0201ae44        0x0 /OPT/altera/12.1/nios2eds/bin/gnu/H-i686-pc-linux-gnu/bin/../lib/gcc/nios2-elf/4.1.2/../../../../nios2-elf/lib/mno-hw-mul/libc.a(lib_a-malloc.o)
 .data          0x0201ae44      0x408 /OPT/altera/12.1/nios2eds/bin/gnu/H-i686-pc-linux-gnu/bin/../lib/gcc/nios2-elf/4.1.2/../../../../nios2-elf/lib/mno-hw-mul/libc.a(lib_a-mallocr.o)
                0x0201ae44                __malloc_av_
 .data          0x0201b24c        0x0 /OPT/altera/12.1/nios2eds/bin/gnu/H-i686-pc-linux-gnu/bin/../lib/gcc/nios2-elf/4.1.2/../../../../nios2-elf/lib/mno-hw-mul/libc.a(lib_a-memcpy.o)
 .data          0x0201b24c        0x0 /OPT/altera/12.1/nios2eds/bin/gnu/H-i686-pc-linux-gnu/bin/../lib/gcc/nios2-elf/4.1.2/../../../../nios2-elf/lib/mno-hw-mul/libc.a(lib_a-memmove.o)
 .data          0x0201b24c        0x0 /OPT/altera/12.1/nios2eds/bin/gnu/H-i686-pc-linux-gnu/bin/../lib/gcc/nios2-elf/4.1.2/../../../../nios2-elf/lib/mno-hw-mul/libc.a(lib_a-memset.o)
 .data          0x0201b24c        0x0 /OPT/altera/12.1/nios2eds/bin/gnu/H-i686-pc-linux-gnu/bin/../lib/gcc/nios2-elf/4.1.2/../../../../nios2-elf/lib/mno-hw-mul/libc.a(lib_a-printf.o)
 .data          0x0201b24c        0x0 /OPT/altera/12.1/nios2eds/bin/gnu/H-i686-pc-linux-gnu/bin/../lib/gcc/nios2-elf/4.1.2/../../../../nios2-elf/lib/mno-hw-mul/libc.a(lib_a-puts.o)
 .data          0x0201b24c        0x0 /OPT/altera/12.1/nios2eds/bin/gnu/H-i686-pc-linux-gnu/bin/../lib/gcc/nios2-elf/4.1.2/../../../../nios2-elf/lib/mno-hw-mul/libc.a(lib_a-realloc.o)
 .data          0x0201b24c        0x0 /OPT/altera/12.1/nios2eds/bin/gnu/H-i686-pc-linux-gnu/bin/../lib/gcc/nios2-elf/4.1.2/../../../../nios2-elf/lib/mno-hw-mul/libc.a(lib_a-reallocr.o)
 .data          0x0201b24c        0x0 /OPT/altera/12.1/nios2eds/bin/gnu/H-i686-pc-linux-gnu/bin/../lib/gcc/nios2-elf/4.1.2/../../../../nios2-elf/lib/mno-hw-mul/libc.a(lib_a-sbrkr.o)
 .data          0x0201b24c        0x0 /OPT/altera/12.1/nios2eds/bin/gnu/H-i686-pc-linux-gnu/bin/../lib/gcc/nios2-elf/4.1.2/../../../../nios2-elf/lib/mno-hw-mul/libc.a(lib_a-setjmp.o)
 .data          0x0201b24c        0x0 /OPT/altera/12.1/nios2eds/bin/gnu/H-i686-pc-linux-gnu/bin/../lib/gcc/nios2-elf/4.1.2/../../../../nios2-elf/lib/mno-hw-mul/libc.a(lib_a-sprintf.o)
 .data          0x0201b24c        0x0 /OPT/altera/12.1/nios2eds/bin/gnu/H-i686-pc-linux-gnu/bin/../lib/gcc/nios2-elf/4.1.2/../../../../nios2-elf/lib/mno-hw-mul/libc.a(lib_a-strcat.o)
 .data          0x0201b24c        0x0 /OPT/altera/12.1/nios2eds/bin/gnu/H-i686-pc-linux-gnu/bin/../lib/gcc/nios2-elf/4.1.2/../../../../nios2-elf/lib/mno-hw-mul/libc.a(lib_a-strcmp.o)
 .data          0x0201b24c        0x0 /OPT/altera/12.1/nios2eds/bin/gnu/H-i686-pc-linux-gnu/bin/../lib/gcc/nios2-elf/4.1.2/../../../../nios2-elf/lib/mno-hw-mul/libc.a(lib_a-strcpy.o)
 .data          0x0201b24c        0x0 /OPT/altera/12.1/nios2eds/bin/gnu/H-i686-pc-linux-gnu/bin/../lib/gcc/nios2-elf/4.1.2/../../../../nios2-elf/lib/mno-hw-mul/libc.a(lib_a-strlen.o)
 .data          0x0201b24c        0x0 /OPT/altera/12.1/nios2eds/bin/gnu/H-i686-pc-linux-gnu/bin/../lib/gcc/nios2-elf/4.1.2/../../../../nios2-elf/lib/mno-hw-mul/libc.a(lib_a-vfiprintfr_1.o)
 .data          0x0201b24c        0x0 /OPT/altera/12.1/nios2eds/bin/gnu/H-i686-pc-linux-gnu/bin/../lib/gcc/nios2-elf/4.1.2/../../../../nios2-elf/lib/mno-hw-mul/libc.a(lib_a-vfprintf.o)
 .data          0x0201b24c        0x0 /OPT/altera/12.1/nios2eds/bin/gnu/H-i686-pc-linux-gnu/bin/../lib/gcc/nios2-elf/4.1.2/../../../../nios2-elf/lib/mno-hw-mul/libc.a(lib_a-wsetup.o)
 .data          0x0201b24c        0x0 /OPT/altera/12.1/nios2eds/bin/gnu/H-i686-pc-linux-gnu/bin/../lib/gcc/nios2-elf/4.1.2/../../../../nios2-elf/lib/mno-hw-mul/libc.a(lib_a-abort.o)
 .data          0x0201b24c        0x0 /OPT/altera/12.1/nios2eds/bin/gnu/H-i686-pc-linux-gnu/bin/../lib/gcc/nios2-elf/4.1.2/../../../../nios2-elf/lib/mno-hw-mul/libc.a(lib_a-dtoa.o)
 .data          0x0201b24c        0x0 /OPT/altera/12.1/nios2eds/bin/gnu/H-i686-pc-linux-gnu/bin/../lib/gcc/nios2-elf/4.1.2/../../../../nios2-elf/lib/mno-hw-mul/libc.a(lib_a-fflush.o)
 .data          0x0201b24c        0x0 /OPT/altera/12.1/nios2eds/bin/gnu/H-i686-pc-linux-gnu/bin/../lib/gcc/nios2-elf/4.1.2/../../../../nios2-elf/lib/mno-hw-mul/libc.a(lib_a-findfp.o)
 .data          0x0201b24c        0x0 /OPT/altera/12.1/nios2eds/bin/gnu/H-i686-pc-linux-gnu/bin/../lib/gcc/nios2-elf/4.1.2/../../../../nios2-elf/lib/mno-hw-mul/libc.a(lib_a-freer.o)
 .data          0x0201b24c        0x0 /OPT/altera/12.1/nios2eds/bin/gnu/H-i686-pc-linux-gnu/bin/../lib/gcc/nios2-elf/4.1.2/../../../../nios2-elf/lib/mno-hw-mul/libc.a(lib_a-fvwrite.o)
 .data          0x0201b24c        0x0 /OPT/altera/12.1/nios2eds/bin/gnu/H-i686-pc-linux-gnu/bin/../lib/gcc/nios2-elf/4.1.2/../../../../nios2-elf/lib/mno-hw-mul/libc.a(lib_a-fwalk.o)
 .data          0x0201b24c        0x0 /OPT/altera/12.1/nios2eds/bin/gnu/H-i686-pc-linux-gnu/bin/../lib/gcc/nios2-elf/4.1.2/../../../../nios2-elf/lib/mno-hw-mul/libc.a(lib_a-int_errno.o)
 .data          0x0201b24c        0xc /OPT/altera/12.1/nios2eds/bin/gnu/H-i686-pc-linux-gnu/bin/../lib/gcc/nios2-elf/4.1.2/../../../../nios2-elf/lib/mno-hw-mul/libc.a(lib_a-locale.o)
                0x0201b24c                __lc_ctype
 .data          0x0201b258        0x0 /OPT/altera/12.1/nios2eds/bin/gnu/H-i686-pc-linux-gnu/bin/../lib/gcc/nios2-elf/4.1.2/../../../../nios2-elf/lib/mno-hw-mul/libc.a(lib_a-makebuf.o)
 .data          0x0201b258        0x0 /OPT/altera/12.1/nios2eds/bin/gnu/H-i686-pc-linux-gnu/bin/../lib/gcc/nios2-elf/4.1.2/../../../../nios2-elf/lib/mno-hw-mul/libc.a(lib_a-memchr.o)
 .data          0x0201b258        0x0 /OPT/altera/12.1/nios2eds/bin/gnu/H-i686-pc-linux-gnu/bin/../lib/gcc/nios2-elf/4.1.2/../../../../nios2-elf/lib/mno-hw-mul/libc.a(lib_a-mprec.o)
 .data          0x0201b258        0x0 /OPT/altera/12.1/nios2eds/bin/gnu/H-i686-pc-linux-gnu/bin/../lib/gcc/nios2-elf/4.1.2/../../../../nios2-elf/lib/mno-hw-mul/libc.a(lib_a-s_isinfd.o)
 .data          0x0201b258        0x0 /OPT/altera/12.1/nios2eds/bin/gnu/H-i686-pc-linux-gnu/bin/../lib/gcc/nios2-elf/4.1.2/../../../../nios2-elf/lib/mno-hw-mul/libc.a(lib_a-s_isnand.o)
 .data          0x0201b258        0x0 /OPT/altera/12.1/nios2eds/bin/gnu/H-i686-pc-linux-gnu/bin/../lib/gcc/nios2-elf/4.1.2/../../../../nios2-elf/lib/mno-hw-mul/libc.a(lib_a-signal.o)
 .data          0x0201b258        0x0 /OPT/altera/12.1/nios2eds/bin/gnu/H-i686-pc-linux-gnu/bin/../lib/gcc/nios2-elf/4.1.2/../../../../nios2-elf/lib/mno-hw-mul/libc.a(lib_a-signalr.o)
 .data          0x0201b258        0x0 /OPT/altera/12.1/nios2eds/bin/gnu/H-i686-pc-linux-gnu/bin/../lib/gcc/nios2-elf/4.1.2/../../../../nios2-elf/lib/mno-hw-mul/libc.a(lib_a-stdio.o)
 .data          0x0201b258        0x0 /OPT/altera/12.1/nios2eds/bin/gnu/H-i686-pc-linux-gnu/bin/../lib/gcc/nios2-elf/4.1.2/../../../../nios2-elf/lib/mno-hw-mul/libc.a(lib_a-vfiprintf.o)
 .data          0x0201b258        0x0 /OPT/altera/12.1/nios2eds/bin/gnu/H-i686-pc-linux-gnu/bin/../lib/gcc/nios2-elf/4.1.2/../../../../nios2-elf/lib/mno-hw-mul/libc.a(lib_a-writer.o)
 .data          0x0201b258        0x0 /OPT/altera/12.1/nios2eds/bin/gnu/H-i686-pc-linux-gnu/bin/../lib/gcc/nios2-elf/4.1.2/../../../../nios2-elf/lib/mno-hw-mul/libc.a(lib_a-callocr.o)
 .data          0x0201b258        0x0 /OPT/altera/12.1/nios2eds/bin/gnu/H-i686-pc-linux-gnu/bin/../lib/gcc/nios2-elf/4.1.2/../../../../nios2-elf/lib/mno-hw-mul/libc.a(lib_a-closer.o)
 .data          0x0201b258        0x0 /OPT/altera/12.1/nios2eds/bin/gnu/H-i686-pc-linux-gnu/bin/../lib/gcc/nios2-elf/4.1.2/../../../../nios2-elf/lib/mno-hw-mul/libc.a(lib_a-fclose.o)
 .data          0x0201b258        0x0 /OPT/altera/12.1/nios2eds/bin/gnu/H-i686-pc-linux-gnu/bin/../lib/gcc/nios2-elf/4.1.2/../../../../nios2-elf/lib/mno-hw-mul/libc.a(lib_a-fstatr.o)
 .data          0x0201b258        0x0 /OPT/altera/12.1/nios2eds/bin/gnu/H-i686-pc-linux-gnu/bin/../lib/gcc/nios2-elf/4.1.2/../../../../nios2-elf/lib/mno-hw-mul/libc.a(lib_a-isattyr.o)
 .data          0x0201b258        0x0 /OPT/altera/12.1/nios2eds/bin/gnu/H-i686-pc-linux-gnu/bin/../lib/gcc/nios2-elf/4.1.2/../../../../nios2-elf/lib/mno-hw-mul/libc.a(lib_a-lseekr.o)
 .data          0x0201b258        0x0 /OPT/altera/12.1/nios2eds/bin/gnu/H-i686-pc-linux-gnu/bin/../lib/gcc/nios2-elf/4.1.2/../../../../nios2-elf/lib/mno-hw-mul/libc.a(lib_a-readr.o)
 .data          0x0201b258        0x0 /OPT/altera/12.1/nios2eds/bin/gnu/H-i686-pc-linux-gnu/bin/../lib/gcc/nios2-elf/4.1.2/mno-hw-mul/libgcc.a(_udivdi3.o)
 .data          0x0201b258        0x0 /OPT/altera/12.1/nios2eds/bin/gnu/H-i686-pc-linux-gnu/bin/../lib/gcc/nios2-elf/4.1.2/mno-hw-mul/libgcc.a(_umoddi3.o)
 .data          0x0201b258        0x0 /OPT/altera/12.1/nios2eds/bin/gnu/H-i686-pc-linux-gnu/bin/../lib/gcc/nios2-elf/4.1.2/mno-hw-mul/libgcc.a(_mul_df.o)
 .data          0x0201b258        0x0 /OPT/altera/12.1/nios2eds/bin/gnu/H-i686-pc-linux-gnu/bin/../lib/gcc/nios2-elf/4.1.2/mno-hw-mul/libgcc.a(_div_df.o)
 .data          0x0201b258        0x0 /OPT/altera/12.1/nios2eds/bin/gnu/H-i686-pc-linux-gnu/bin/../lib/gcc/nios2-elf/4.1.2/mno-hw-mul/libgcc.a(_eq_df.o)
 .data          0x0201b258        0x0 /OPT/altera/12.1/nios2eds/bin/gnu/H-i686-pc-linux-gnu/bin/../lib/gcc/nios2-elf/4.1.2/mno-hw-mul/libgcc.a(_ne_df.o)
 .data          0x0201b258        0x0 /OPT/altera/12.1/nios2eds/bin/gnu/H-i686-pc-linux-gnu/bin/../lib/gcc/nios2-elf/4.1.2/mno-hw-mul/libgcc.a(_gt_df.o)
 .data          0x0201b258        0x0 /OPT/altera/12.1/nios2eds/bin/gnu/H-i686-pc-linux-gnu/bin/../lib/gcc/nios2-elf/4.1.2/mno-hw-mul/libgcc.a(_ge_df.o)
 .data          0x0201b258        0x0 /OPT/altera/12.1/nios2eds/bin/gnu/H-i686-pc-linux-gnu/bin/../lib/gcc/nios2-elf/4.1.2/mno-hw-mul/libgcc.a(_lt_df.o)
 .data          0x0201b258        0x0 /OPT/altera/12.1/nios2eds/bin/gnu/H-i686-pc-linux-gnu/bin/../lib/gcc/nios2-elf/4.1.2/mno-hw-mul/libgcc.a(_si_to_df.o)
 .data          0x0201b258        0x0 /OPT/altera/12.1/nios2eds/bin/gnu/H-i686-pc-linux-gnu/bin/../lib/gcc/nios2-elf/4.1.2/mno-hw-mul/libgcc.a(_df_to_si.o)
 .data          0x0201b258        0x0 /OPT/altera/12.1/nios2eds/bin/gnu/H-i686-pc-linux-gnu/bin/../lib/gcc/nios2-elf/4.1.2/mno-hw-mul/libgcc.a(_usi_to_df.o)
 .data          0x0201b258        0x0 /OPT/altera/12.1/nios2eds/bin/gnu/H-i686-pc-linux-gnu/bin/../lib/gcc/nios2-elf/4.1.2/mno-hw-mul/libgcc.a(_muldi3.o)
 .data          0x0201b258        0x0 /OPT/altera/12.1/nios2eds/bin/gnu/H-i686-pc-linux-gnu/bin/../lib/gcc/nios2-elf/4.1.2/mno-hw-mul/libgcc.a(_clz.o)
 .data          0x0201b258        0x0 /OPT/altera/12.1/nios2eds/bin/gnu/H-i686-pc-linux-gnu/bin/../lib/gcc/nios2-elf/4.1.2/mno-hw-mul/libgcc.a(_clzsi2.o)
 .data          0x0201b258        0x0 ../electronic_engine_control_bsp//libucosii_bsp.a(alt_alarm_start.o)
 .data          0x0201b258        0x0 ../electronic_engine_control_bsp//libucosii_bsp.a(alt_close.o)
 .data          0x0201b258      0x1a8 ../electronic_engine_control_bsp//libucosii_bsp.a(alt_dev.o)
                0x0201b258                alt_dev_null
                0x0201b280                alt_fd_list
 .data          0x0201b400        0x0 ../electronic_engine_control_bsp//libucosii_bsp.a(alt_errno.o)
 .data          0x0201b400        0x0 ../electronic_engine_control_bsp//libucosii_bsp.a(alt_exit.o)
 .data          0x0201b400        0x0 ../electronic_engine_control_bsp//libucosii_bsp.a(alt_fstat.o)
 .data          0x0201b400        0x0 ../electronic_engine_control_bsp//libucosii_bsp.a(alt_getpid.o)
 .data          0x0201b400        0x0 ../electronic_engine_control_bsp//libucosii_bsp.a(alt_irq_register.o)
 .data          0x0201b400        0x0 ../electronic_engine_control_bsp//libucosii_bsp.a(alt_irq_vars.o)
 .data          0x0201b400        0x0 ../electronic_engine_control_bsp//libucosii_bsp.a(alt_isatty.o)
 .data          0x0201b400        0x0 ../electronic_engine_control_bsp//libucosii_bsp.a(alt_kill.o)
 .data          0x0201b400        0x0 ../electronic_engine_control_bsp//libucosii_bsp.a(alt_load.o)
 .data          0x0201b400        0x0 ../electronic_engine_control_bsp//libucosii_bsp.a(alt_lseek.o)
 .data          0x0201b400        0x0 ../electronic_engine_control_bsp//libucosii_bsp.a(alt_main.o)
 .data          0x0201b400        0x0 ../electronic_engine_control_bsp//libucosii_bsp.a(alt_read.o)
 .data          0x0201b400        0x0 ../electronic_engine_control_bsp//libucosii_bsp.a(alt_release_fd.o)
 .data          0x0201b400        0x0 ../electronic_engine_control_bsp//libucosii_bsp.a(alt_sbrk.o)
 .data          0x0201b400        0x0 ../electronic_engine_control_bsp//libucosii_bsp.a(alt_tick.o)
 .data          0x0201b400        0x0 ../electronic_engine_control_bsp//libucosii_bsp.a(alt_usleep.o)
 .data          0x0201b400        0x0 ../electronic_engine_control_bsp//libucosii_bsp.a(alt_write.o)
 .data          0x0201b400        0x0 ../electronic_engine_control_bsp//libucosii_bsp.a(alt_env_lock.o)
 .data          0x0201b400        0x0 ../electronic_engine_control_bsp//libucosii_bsp.a(alt_malloc_lock.o)
 .data          0x0201b400        0x0 ../electronic_engine_control_bsp//libucosii_bsp.a(os_core.o)
 .data          0x0201b400        0x0 ../electronic_engine_control_bsp//libucosii_bsp.a(os_dbg.o)
 .data          0x0201b400        0x0 ../electronic_engine_control_bsp//libucosii_bsp.a(os_flag.o)
 .data          0x0201b400        0x0 ../electronic_engine_control_bsp//libucosii_bsp.a(os_mem.o)
 .data          0x0201b400        0x0 ../electronic_engine_control_bsp//libucosii_bsp.a(os_q.o)
 .data          0x0201b400        0x0 ../electronic_engine_control_bsp//libucosii_bsp.a(os_sem.o)
 .data          0x0201b400        0x0 ../electronic_engine_control_bsp//libucosii_bsp.a(os_task.o)
 .data          0x0201b400        0x0 ../electronic_engine_control_bsp//libucosii_bsp.a(os_time.o)
 .data          0x0201b400     0x10c4 ../electronic_engine_control_bsp//libucosii_bsp.a(alt_sys_init.o)
 .data          0x0201c4c4        0x0 ../electronic_engine_control_bsp//libucosii_bsp.a(altera_avalon_jtag_uart_fd.o)
 .data          0x0201c4c4        0x0 ../electronic_engine_control_bsp//libucosii_bsp.a(altera_avalon_jtag_uart_init.o)
 .data          0x0201c4c4        0x0 ../electronic_engine_control_bsp//libucosii_bsp.a(altera_avalon_jtag_uart_ioctl.o)
 .data          0x0201c4c4        0x0 ../electronic_engine_control_bsp//libucosii_bsp.a(altera_avalon_jtag_uart_read.o)
 .data          0x0201c4c4        0x0 ../electronic_engine_control_bsp//libucosii_bsp.a(altera_avalon_jtag_uart_write.o)
 .data          0x0201c4c4        0x0 ../electronic_engine_control_bsp//libucosii_bsp.a(altera_avalon_timer_sc.o)
 .data          0x0201c4c4        0x0 ../electronic_engine_control_bsp//libucosii_bsp.a(altera_avalon_timer_vars.o)
 .data          0x0201c4c4        0x0 ../electronic_engine_control_bsp//libucosii_bsp.a(altera_up_avalon_de0_nano_adc.o)
 .data          0x0201c4c4        0x0 ../electronic_engine_control_bsp//libucosii_bsp.a(altera_up_avalon_rs232.o)
 .data          0x0201c4c4        0x0 ../electronic_engine_control_bsp//libucosii_bsp.a(alt_busy_sleep.o)
 .data          0x0201c4c4        0x0 ../electronic_engine_control_bsp//libucosii_bsp.a(alt_dcache_flush_all.o)
 .data          0x0201c4c4        0x0 ../electronic_engine_control_bsp//libucosii_bsp.a(alt_dev_llist_insert.o)
 .data          0x0201c4c4        0x0 ../electronic_engine_control_bsp//libucosii_bsp.a(alt_do_ctors.o)
 .data          0x0201c4c4        0x0 ../electronic_engine_control_bsp//libucosii_bsp.a(alt_do_dtors.o)
 .data          0x0201c4c4        0x0 ../electronic_engine_control_bsp//libucosii_bsp.a(alt_find_dev.o)
 .data          0x0201c4c4        0x0 ../electronic_engine_control_bsp//libucosii_bsp.a(alt_icache_flush_all.o)
 .data          0x0201c4c4        0x0 ../electronic_engine_control_bsp//libucosii_bsp.a(alt_io_redirect.o)
 .data          0x0201c4c4        0x0 ../electronic_engine_control_bsp//libucosii_bsp.a(alt_irq_entry.o)
 .data          0x0201c4c4        0x0 ../electronic_engine_control_bsp//libucosii_bsp.a(alt_irq_handler.o)
 .data          0x0201c4c4        0x0 ../electronic_engine_control_bsp//libucosii_bsp.a(alt_open.o)
 .data          0x0201c4c4        0x0 ../electronic_engine_control_bsp//libucosii_bsp.a(altera_nios2_qsys_irq.o)
 .data          0x0201c4c4        0x0 ../electronic_engine_control_bsp//libucosii_bsp.a(os_cpu_a.o)
 .data          0x0201c4c4        0x0 ../electronic_engine_control_bsp//libucosii_bsp.a(os_cpu_c.o)
 .data          0x0201c4c4        0x0 ../electronic_engine_control_bsp//libucosii_bsp.a(alt_exception_entry.o)
 .data          0x0201c4c4        0x0 ../electronic_engine_control_bsp//libucosii_bsp.a(alt_find_file.o)
 .data          0x0201c4c4        0x0 ../electronic_engine_control_bsp//libucosii_bsp.a(alt_get_fd.o)
 .data          0x0201c4c4        0x0 /OPT/altera/12.1/nios2eds/bin/gnu/H-i686-pc-linux-gnu/bin/../lib/gcc/nios2-elf/4.1.2/../../../../nios2-elf/lib/mno-hw-mul/libc.a(lib_a-atexit.o)
 .data          0x0201c4c4        0x0 /OPT/altera/12.1/nios2eds/bin/gnu/H-i686-pc-linux-gnu/bin/../lib/gcc/nios2-elf/4.1.2/../../../../nios2-elf/lib/mno-hw-mul/libc.a(lib_a-exit.o)
 .data          0x0201c4c4        0x0 /OPT/altera/12.1/nios2eds/bin/gnu/H-i686-pc-linux-gnu/bin/../lib/gcc/nios2-elf/4.1.2/../../../../nios2-elf/lib/mno-hw-mul/libc.a(lib_a-memcmp.o)
 .data          0x0201c4c4        0x0 /OPT/altera/12.1/nios2eds/bin/gnu/H-i686-pc-linux-gnu/bin/../lib/gcc/nios2-elf/4.1.2/../../../../nios2-elf/lib/mno-hw-mul/libc.a(lib_a-__atexit.o)
 .data          0x0201c4c4        0x0 /OPT/altera/12.1/nios2eds/bin/gnu/H-i686-pc-linux-gnu/bin/../lib/gcc/nios2-elf/4.1.2/../../../../nios2-elf/lib/mno-hw-mul/libc.a(lib_a-__call_atexit.o)
                0x020244c4                _gp = ABSOLUTE ((. + 0x8000))
                0x020244c4                PROVIDE (gp, _gp)
 *(.rwdata .rwdata.*)
 *(.sdata .sdata.* .gnu.linkonce.s.*)
 .sdata         0x0201c4c4        0x8 /OPT/altera/12.1/nios2eds/bin/gnu/H-i686-pc-linux-gnu/bin/../lib/gcc/nios2-elf/4.1.2/../../../../nios2-elf/lib/mno-hw-mul/libc.a(lib_a-impure.o)
                0x0201c4c4                _impure_ptr
                0x0201c4c8                _global_impure_ptr
 .sdata         0x0201c4cc        0x8 /OPT/altera/12.1/nios2eds/bin/gnu/H-i686-pc-linux-gnu/bin/../lib/gcc/nios2-elf/4.1.2/../../../../nios2-elf/lib/mno-hw-mul/libc.a(lib_a-mallocr.o)
                0x0201c4cc                __malloc_trim_threshold
                0x0201c4d0                __malloc_sbrk_base
 .sdata         0x0201c4d4        0x8 /OPT/altera/12.1/nios2eds/bin/gnu/H-i686-pc-linux-gnu/bin/../lib/gcc/nios2-elf/4.1.2/../../../../nios2-elf/lib/mno-hw-mul/libc.a(lib_a-locale.o)
                0x0201c4d4                __mb_cur_max
 .sdata         0x0201c4dc       0x14 ../electronic_engine_control_bsp//libucosii_bsp.a(alt_dev.o)
                0x0201c4dc                alt_fs_list
                0x0201c4e4                alt_dev_list
                0x0201c4ec                alt_max_fd
 .sdata         0x0201c4f0        0x4 ../electronic_engine_control_bsp//libucosii_bsp.a(alt_errno.o)
                0x0201c4f0                alt_errno
 .sdata         0x0201c4f4        0x4 ../electronic_engine_control_bsp//libucosii_bsp.a(alt_irq_vars.o)
                0x0201c4f4                alt_priority_mask
 .sdata         0x0201c4f8        0x4 ../electronic_engine_control_bsp//libucosii_bsp.a(alt_sbrk.o)
 .sdata         0x0201c4fc        0x8 ../electronic_engine_control_bsp//libucosii_bsp.a(alt_tick.o)
                0x0201c4fc                alt_alarm_list
 .sdata         0x0201c504        0x4 ../electronic_engine_control_bsp//libucosii_bsp.a(alt_env_lock.o)
 .sdata         0x0201c508        0x4 ../electronic_engine_control_bsp//libucosii_bsp.a(alt_malloc_lock.o)
 .sdata         0x0201c50c       0x74 ../electronic_engine_control_bsp//libucosii_bsp.a(os_dbg.o)
                0x0201c50c                OSDebugEn
                0x0201c510                OSEndiannessTest
                0x0201c514                OSEventEn
                0x0201c516                OSEventMax
                0x0201c518                OSEventNameSize
                0x0201c51a                OSEventSize
                0x0201c51c                OSEventTblSize
                0x0201c51e                OSEventMultiEn
                0x0201c520                OSFlagEn
                0x0201c522                OSFlagGrpSize
                0x0201c524                OSFlagNodeSize
                0x0201c526                OSFlagWidth
                0x0201c528                OSFlagMax
                0x0201c52a                OSFlagNameSize
                0x0201c52c                OSLowestPrio
                0x0201c52e                OSMboxEn
                0x0201c530                OSMemEn
                0x0201c532                OSMemMax
                0x0201c534                OSMemNameSize
                0x0201c536                OSMemSize
                0x0201c538                OSMemTblSize
                0x0201c53a                OSMutexEn
                0x0201c53c                OSPtrSize
                0x0201c53e                OSQEn
                0x0201c540                OSQMax
                0x0201c542                OSQSize
                0x0201c544                OSRdyTblSize
                0x0201c546                OSSemEn
                0x0201c548                OSStkWidth
                0x0201c54a                OSTaskCreateEn
                0x0201c54c                OSTaskCreateExtEn
                0x0201c54e                OSTaskDelEn
                0x0201c550                OSTaskIdleStkSize
                0x0201c552                OSTaskProfileEn
                0x0201c554                OSTaskMax
                0x0201c556                OSTaskNameSize
                0x0201c558                OSTaskStatEn
                0x0201c55a                OSTaskStatStkSize
                0x0201c55c                OSTaskStatStkChkEn
                0x0201c55e                OSTaskSwHookEn
                0x0201c560                OSTCBPrioTblMax
                0x0201c562                OSTCBSize
                0x0201c564                OSTicksPerSec
                0x0201c566                OSTimeTickHookEn
                0x0201c568                OSVersionNbr
                0x0201c56a                OSTmrEn
                0x0201c56c                OSTmrCfgMax
                0x0201c56e                OSTmrCfgNameSize
                0x0201c570                OSTmrCfgWheelSize
                0x0201c572                OSTmrCfgTicksPerSec
                0x0201c574                OSTmrSize
                0x0201c576                OSTmrTblSize
                0x0201c578                OSTmrWheelSize
                0x0201c57a                OSTmrWheelTblSize
                0x0201c57c                OSDataSize
 *(.sdata2 .sdata2.* .gnu.linkonce.s2.*)
                0x0201c580                . = ALIGN (0x4)
                0x0201c580                _edata = ABSOLUTE (.)
                0x0201c580                PROVIDE (edata, ABSOLUTE (.))
                0x0201c580                PROVIDE (__ram_rwdata_end, ABSOLUTE (.))
                0x0201c580                PROVIDE (__flash_rwdata_start, LOADADDR (.rwdata))

.bss            0x0201e0bc     0xbd14
                0x0201e0bc                __bss_start = ABSOLUTE (.)
                0x0201e0bc                PROVIDE (__sbss_start, ABSOLUTE (.))
                0x0201e0bc                PROVIDE (___sbss_start, ABSOLUTE (.))
 *(.dynsbss)
 *(.sbss .sbss.* .gnu.linkonce.sb.*)
 .sbss          0x0201e0bc        0x4 obj/default/apps_motor_proc.o
 .sbss          0x0201e0c0       0x28 obj/default/apps_motor_proc.o
                0x0201e0c0                failure_msg_q
                0x0201e0c4                failure_resolved_flag
                0x0201e0c8                expected_tps_value
                0x0201e0cc                motor_failure_flag
                0x0201e0d0                external_failure_flag
                0x0201e0d4                adc
                0x0201e0d8                expected_tps_reading_q
                0x0201e0dc                apps_failure_flag
                0x0201e0e0                exit_shift_matching_flag
                0x0201e0e4                motor_cmd_q
 .sbss          0x0201e0e8        0x4 obj/default/main.o
                0x0201e0e8                failure_code_q
 .sbss          0x0201e0ec        0x8 obj/default/pwm_gen.o
 .sbss          0x0201e0f4       0x18 obj/default/solenoid_proc.o
                0x0201e0f8                rpm_reached_flag
                0x0201e0fc                alarm
                0x0201e100                btn_input_q
                0x0201e104                free_alarm_flag
                0x0201e108                timer_active_flag
 .sbss          0x0201e10c        0x8 obj/default/tps_proc.o
                0x0201e10c                curr_expected_pos
                0x0201e110                tps_failure_flag
 .sbss          0x0201e114        0xc /OPT/altera/12.1/nios2eds/bin/gnu/H-i686-pc-linux-gnu/bin/../lib/gcc/nios2-elf/4.1.2/../../../../nios2-elf/lib/mno-hw-mul/libc.a(lib_a-mallocr.o)
                0x0201e114                __malloc_top_pad
                0x0201e118                __malloc_max_sbrked_mem
                0x0201e11c                __malloc_max_total_mem
 .sbss          0x0201e120        0x4 /OPT/altera/12.1/nios2eds/bin/gnu/H-i686-pc-linux-gnu/bin/../lib/gcc/nios2-elf/4.1.2/../../../../nios2-elf/lib/mno-hw-mul/libc.a(lib_a-int_errno.o)
                0x0201e120                errno
 .sbss          0x0201e124        0xc /OPT/altera/12.1/nios2eds/bin/gnu/H-i686-pc-linux-gnu/bin/../lib/gcc/nios2-elf/4.1.2/../../../../nios2-elf/lib/mno-hw-mul/libc.a(lib_a-locale.o)
                0x0201e124                __nlocale_changed
                0x0201e128                __mlocale_changed
                0x0201e12c                _PathLocale
 .sbss          0x0201e130        0x4 ../electronic_engine_control_bsp//libucosii_bsp.a(alt_dev.o)
                0x0201e130                alt_fd_list_lock
 .sbss          0x0201e134        0x4 ../electronic_engine_control_bsp//libucosii_bsp.a(alt_irq_vars.o)
                0x0201e134                alt_irq_active
 .sbss          0x0201e138        0xc ../electronic_engine_control_bsp//libucosii_bsp.a(alt_main.o)
                0x0201e138                alt_argc
                0x0201e13c                alt_argv
                0x0201e140                alt_envp
 .sbss          0x0201e144        0x8 ../electronic_engine_control_bsp//libucosii_bsp.a(alt_tick.o)
                0x0201e144                _alt_tick_rate
                0x0201e148                _alt_nticks
 .sbss          0x0201e14c        0x8 ../electronic_engine_control_bsp//libucosii_bsp.a(alt_env_lock.o)
                0x0201e150                alt_envsem
 .sbss          0x0201e154        0x8 ../electronic_engine_control_bsp//libucosii_bsp.a(alt_malloc_lock.o)
                0x0201e158                alt_heapsem
 .sbss          0x0201e15c       0x50 ../electronic_engine_control_bsp//libucosii_bsp.a(os_core.o)
                0x0201e15c                OSLockNesting
                0x0201e15d                OSRunning
                0x0201e160                OSIdleCtr
                0x0201e164                OSPrioHighRdy
                0x0201e165                OSPrioCur
                0x0201e168                OSTCBList
                0x0201e16c                OSTickStepState
                0x0201e170                OSCtxSwCtr
                0x0201e174                OSIdleCtrMax
                0x0201e178                OSTCBFreeList
                0x0201e17c                OSCPUUsage
                0x0201e17d                OSTaskCtr
                0x0201e180                OSMemFreeList
                0x0201e184                OSTCBHighRdy
                0x0201e188                OSQFreeList
                0x0201e18c                OSRdyGrp
                0x0201e18d                OSRdyTbl
                0x0201e190                OSEventFreeList
                0x0201e194                OSIntNesting
                0x0201e198                OSTCBCur
                0x0201e19c                OSTime
                0x0201e1a0                OSFlagFreeList
                0x0201e1a4                OSStatRdy
                0x0201e1a8                OSIdleCtrRun
 .sbss          0x0201e1ac        0x8 ../electronic_engine_control_bsp//libucosii_bsp.a(altera_avalon_timer_vars.o)
                0x0201e1ac                altera_avalon_timer_ts_base
                0x0201e1b0                altera_avalon_timer_ts_freq
 *(.sbss2 .sbss2.* .gnu.linkonce.sb2.*)
 *(.scommon)
                0x0201e1b4                PROVIDE (__sbss_end, ABSOLUTE (.))
                0x0201e1b4                PROVIDE (___sbss_end, ABSOLUTE (.))
 *(.dynbss)
 *(.bss .bss.* .gnu.linkonce.b.*)
 .bss           0x0201e1b4        0x0 ../electronic_engine_control_bsp//obj/HAL/src/crt0.o
 .bss           0x0201e1b4        0x0 obj/default/apps_motor_proc.o
 .bss           0x0201e1b4        0x0 obj/default/failure_handler_proc.o
 .bss           0x0201e1b4        0x0 obj/default/main.o
 .bss           0x0201e1b4        0x0 obj/default/pwm_gen.o
 .bss           0x0201e1b4        0x0 obj/default/solenoid_proc.o
 .bss           0x0201e1b4        0x0 obj/default/tests/CuTest.o
 .bss           0x0201e1b4        0x0 obj/default/tests/testbench.o
 .bss           0x0201e1b4        0x0 obj/default/throttle_data.o
 .bss           0x0201e1b4        0x0 obj/default/tps_proc.o
 .bss           0x0201e1b4        0x0 obj/default/util.o
 .bss           0x0201e1b4        0x0 /OPT/altera/12.1/nios2eds/bin/gnu/H-i686-pc-linux-gnu/bin/../lib/gcc/nios2-elf/4.1.2/mno-hw-mul/libgcc.a(_addsub_df.o)
 .bss           0x0201e1b4        0x0 /OPT/altera/12.1/nios2eds/bin/gnu/H-i686-pc-linux-gnu/bin/../lib/gcc/nios2-elf/4.1.2/mno-hw-mul/libgcc.a(_le_df.o)
 .bss           0x0201e1b4        0x0 /OPT/altera/12.1/nios2eds/bin/gnu/H-i686-pc-linux-gnu/bin/../lib/gcc/nios2-elf/4.1.2/mno-hw-mul/libgcc.a(_thenan_df.o)
 .bss           0x0201e1b4        0x0 /OPT/altera/12.1/nios2eds/bin/gnu/H-i686-pc-linux-gnu/bin/../lib/gcc/nios2-elf/4.1.2/mno-hw-mul/libgcc.a(lib2-divmod.o)
 .bss           0x0201e1b4        0x0 /OPT/altera/12.1/nios2eds/bin/gnu/H-i686-pc-linux-gnu/bin/../lib/gcc/nios2-elf/4.1.2/mno-hw-mul/libgcc.a(lib2-mul.o)
 .bss           0x0201e1b4        0x0 /OPT/altera/12.1/nios2eds/bin/gnu/H-i686-pc-linux-gnu/bin/../lib/gcc/nios2-elf/4.1.2/mno-hw-mul/libgcc.a(_pack_df.o)
 .bss           0x0201e1b4        0x0 /OPT/altera/12.1/nios2eds/bin/gnu/H-i686-pc-linux-gnu/bin/../lib/gcc/nios2-elf/4.1.2/mno-hw-mul/libgcc.a(_unpack_df.o)
 .bss           0x0201e1b4        0x0 /OPT/altera/12.1/nios2eds/bin/gnu/H-i686-pc-linux-gnu/bin/../lib/gcc/nios2-elf/4.1.2/mno-hw-mul/libgcc.a(_fpcmp_parts_df.o)
 .bss           0x0201e1b4        0x0 /OPT/altera/12.1/nios2eds/bin/gnu/H-i686-pc-linux-gnu/bin/../lib/gcc/nios2-elf/4.1.2/../../../../nios2-elf/lib/mno-hw-mul/libc.a(lib_a-assert.o)
 .bss           0x0201e1b4        0x0 /OPT/altera/12.1/nios2eds/bin/gnu/H-i686-pc-linux-gnu/bin/../lib/gcc/nios2-elf/4.1.2/../../../../nios2-elf/lib/mno-hw-mul/libc.a(lib_a-fiprintf.o)
 .bss           0x0201e1b4        0x0 /OPT/altera/12.1/nios2eds/bin/gnu/H-i686-pc-linux-gnu/bin/../lib/gcc/nios2-elf/4.1.2/../../../../nios2-elf/lib/mno-hw-mul/libc.a(lib_a-impure.o)
 .bss           0x0201e1b4        0x0 /OPT/altera/12.1/nios2eds/bin/gnu/H-i686-pc-linux-gnu/bin/../lib/gcc/nios2-elf/4.1.2/../../../../nios2-elf/lib/mno-hw-mul/libc.a(lib_a-malloc.o)
 .bss           0x0201e1b4       0x28 /OPT/altera/12.1/nios2eds/bin/gnu/H-i686-pc-linux-gnu/bin/../lib/gcc/nios2-elf/4.1.2/../../../../nios2-elf/lib/mno-hw-mul/libc.a(lib_a-mallocr.o)
                0x0201e1b4                __malloc_current_mallinfo
 .bss           0x0201e1dc        0x0 /OPT/altera/12.1/nios2eds/bin/gnu/H-i686-pc-linux-gnu/bin/../lib/gcc/nios2-elf/4.1.2/../../../../nios2-elf/lib/mno-hw-mul/libc.a(lib_a-memcpy.o)
 .bss           0x0201e1dc        0x0 /OPT/altera/12.1/nios2eds/bin/gnu/H-i686-pc-linux-gnu/bin/../lib/gcc/nios2-elf/4.1.2/../../../../nios2-elf/lib/mno-hw-mul/libc.a(lib_a-memmove.o)
 .bss           0x0201e1dc        0x0 /OPT/altera/12.1/nios2eds/bin/gnu/H-i686-pc-linux-gnu/bin/../lib/gcc/nios2-elf/4.1.2/../../../../nios2-elf/lib/mno-hw-mul/libc.a(lib_a-memset.o)
 .bss           0x0201e1dc        0x0 /OPT/altera/12.1/nios2eds/bin/gnu/H-i686-pc-linux-gnu/bin/../lib/gcc/nios2-elf/4.1.2/../../../../nios2-elf/lib/mno-hw-mul/libc.a(lib_a-printf.o)
 .bss           0x0201e1dc        0x0 /OPT/altera/12.1/nios2eds/bin/gnu/H-i686-pc-linux-gnu/bin/../lib/gcc/nios2-elf/4.1.2/../../../../nios2-elf/lib/mno-hw-mul/libc.a(lib_a-puts.o)
 .bss           0x0201e1dc        0x0 /OPT/altera/12.1/nios2eds/bin/gnu/H-i686-pc-linux-gnu/bin/../lib/gcc/nios2-elf/4.1.2/../../../../nios2-elf/lib/mno-hw-mul/libc.a(lib_a-realloc.o)
 .bss           0x0201e1dc        0x0 /OPT/altera/12.1/nios2eds/bin/gnu/H-i686-pc-linux-gnu/bin/../lib/gcc/nios2-elf/4.1.2/../../../../nios2-elf/lib/mno-hw-mul/libc.a(lib_a-reallocr.o)
 .bss           0x0201e1dc        0x0 /OPT/altera/12.1/nios2eds/bin/gnu/H-i686-pc-linux-gnu/bin/../lib/gcc/nios2-elf/4.1.2/../../../../nios2-elf/lib/mno-hw-mul/libc.a(lib_a-sbrkr.o)
 .bss           0x0201e1dc        0x0 /OPT/altera/12.1/nios2eds/bin/gnu/H-i686-pc-linux-gnu/bin/../lib/gcc/nios2-elf/4.1.2/../../../../nios2-elf/lib/mno-hw-mul/libc.a(lib_a-setjmp.o)
 .bss           0x0201e1dc        0x0 /OPT/altera/12.1/nios2eds/bin/gnu/H-i686-pc-linux-gnu/bin/../lib/gcc/nios2-elf/4.1.2/../../../../nios2-elf/lib/mno-hw-mul/libc.a(lib_a-sprintf.o)
 .bss           0x0201e1dc        0x0 /OPT/altera/12.1/nios2eds/bin/gnu/H-i686-pc-linux-gnu/bin/../lib/gcc/nios2-elf/4.1.2/../../../../nios2-elf/lib/mno-hw-mul/libc.a(lib_a-strcat.o)
 .bss           0x0201e1dc        0x0 /OPT/altera/12.1/nios2eds/bin/gnu/H-i686-pc-linux-gnu/bin/../lib/gcc/nios2-elf/4.1.2/../../../../nios2-elf/lib/mno-hw-mul/libc.a(lib_a-strcmp.o)
 .bss           0x0201e1dc        0x0 /OPT/altera/12.1/nios2eds/bin/gnu/H-i686-pc-linux-gnu/bin/../lib/gcc/nios2-elf/4.1.2/../../../../nios2-elf/lib/mno-hw-mul/libc.a(lib_a-strcpy.o)
 .bss           0x0201e1dc        0x0 /OPT/altera/12.1/nios2eds/bin/gnu/H-i686-pc-linux-gnu/bin/../lib/gcc/nios2-elf/4.1.2/../../../../nios2-elf/lib/mno-hw-mul/libc.a(lib_a-strlen.o)
 .bss           0x0201e1dc        0x0 /OPT/altera/12.1/nios2eds/bin/gnu/H-i686-pc-linux-gnu/bin/../lib/gcc/nios2-elf/4.1.2/../../../../nios2-elf/lib/mno-hw-mul/libc.a(lib_a-vfiprintfr_1.o)
 .bss           0x0201e1dc        0x0 /OPT/altera/12.1/nios2eds/bin/gnu/H-i686-pc-linux-gnu/bin/../lib/gcc/nios2-elf/4.1.2/../../../../nios2-elf/lib/mno-hw-mul/libc.a(lib_a-vfprintf.o)
 .bss           0x0201e1dc        0x0 /OPT/altera/12.1/nios2eds/bin/gnu/H-i686-pc-linux-gnu/bin/../lib/gcc/nios2-elf/4.1.2/../../../../nios2-elf/lib/mno-hw-mul/libc.a(lib_a-wsetup.o)
 .bss           0x0201e1dc        0x0 /OPT/altera/12.1/nios2eds/bin/gnu/H-i686-pc-linux-gnu/bin/../lib/gcc/nios2-elf/4.1.2/../../../../nios2-elf/lib/mno-hw-mul/libc.a(lib_a-abort.o)
 .bss           0x0201e1dc        0x0 /OPT/altera/12.1/nios2eds/bin/gnu/H-i686-pc-linux-gnu/bin/../lib/gcc/nios2-elf/4.1.2/../../../../nios2-elf/lib/mno-hw-mul/libc.a(lib_a-dtoa.o)
 .bss           0x0201e1dc        0x0 /OPT/altera/12.1/nios2eds/bin/gnu/H-i686-pc-linux-gnu/bin/../lib/gcc/nios2-elf/4.1.2/../../../../nios2-elf/lib/mno-hw-mul/libc.a(lib_a-fflush.o)
 .bss           0x0201e1dc        0x0 /OPT/altera/12.1/nios2eds/bin/gnu/H-i686-pc-linux-gnu/bin/../lib/gcc/nios2-elf/4.1.2/../../../../nios2-elf/lib/mno-hw-mul/libc.a(lib_a-findfp.o)
 .bss           0x0201e1dc        0x0 /OPT/altera/12.1/nios2eds/bin/gnu/H-i686-pc-linux-gnu/bin/../lib/gcc/nios2-elf/4.1.2/../../../../nios2-elf/lib/mno-hw-mul/libc.a(lib_a-freer.o)
 .bss           0x0201e1dc        0x0 /OPT/altera/12.1/nios2eds/bin/gnu/H-i686-pc-linux-gnu/bin/../lib/gcc/nios2-elf/4.1.2/../../../../nios2-elf/lib/mno-hw-mul/libc.a(lib_a-fvwrite.o)
 .bss           0x0201e1dc        0x0 /OPT/altera/12.1/nios2eds/bin/gnu/H-i686-pc-linux-gnu/bin/../lib/gcc/nios2-elf/4.1.2/../../../../nios2-elf/lib/mno-hw-mul/libc.a(lib_a-fwalk.o)
 .bss           0x0201e1dc        0x0 /OPT/altera/12.1/nios2eds/bin/gnu/H-i686-pc-linux-gnu/bin/../lib/gcc/nios2-elf/4.1.2/../../../../nios2-elf/lib/mno-hw-mul/libc.a(lib_a-int_errno.o)
 .bss           0x0201e1dc        0x0 /OPT/altera/12.1/nios2eds/bin/gnu/H-i686-pc-linux-gnu/bin/../lib/gcc/nios2-elf/4.1.2/../../../../nios2-elf/lib/mno-hw-mul/libc.a(lib_a-locale.o)
 .bss           0x0201e1dc        0x0 /OPT/altera/12.1/nios2eds/bin/gnu/H-i686-pc-linux-gnu/bin/../lib/gcc/nios2-elf/4.1.2/../../../../nios2-elf/lib/mno-hw-mul/libc.a(lib_a-makebuf.o)
 .bss           0x0201e1dc        0x0 /OPT/altera/12.1/nios2eds/bin/gnu/H-i686-pc-linux-gnu/bin/../lib/gcc/nios2-elf/4.1.2/../../../../nios2-elf/lib/mno-hw-mul/libc.a(lib_a-memchr.o)
 .bss           0x0201e1dc        0x0 /OPT/altera/12.1/nios2eds/bin/gnu/H-i686-pc-linux-gnu/bin/../lib/gcc/nios2-elf/4.1.2/../../../../nios2-elf/lib/mno-hw-mul/libc.a(lib_a-mprec.o)
 .bss           0x0201e1dc        0x0 /OPT/altera/12.1/nios2eds/bin/gnu/H-i686-pc-linux-gnu/bin/../lib/gcc/nios2-elf/4.1.2/../../../../nios2-elf/lib/mno-hw-mul/libc.a(lib_a-s_isinfd.o)
 .bss           0x0201e1dc        0x0 /OPT/altera/12.1/nios2eds/bin/gnu/H-i686-pc-linux-gnu/bin/../lib/gcc/nios2-elf/4.1.2/../../../../nios2-elf/lib/mno-hw-mul/libc.a(lib_a-s_isnand.o)
 .bss           0x0201e1dc        0x0 /OPT/altera/12.1/nios2eds/bin/gnu/H-i686-pc-linux-gnu/bin/../lib/gcc/nios2-elf/4.1.2/../../../../nios2-elf/lib/mno-hw-mul/libc.a(lib_a-signal.o)
 .bss           0x0201e1dc        0x0 /OPT/altera/12.1/nios2eds/bin/gnu/H-i686-pc-linux-gnu/bin/../lib/gcc/nios2-elf/4.1.2/../../../../nios2-elf/lib/mno-hw-mul/libc.a(lib_a-signalr.o)
 .bss           0x0201e1dc        0x0 /OPT/altera/12.1/nios2eds/bin/gnu/H-i686-pc-linux-gnu/bin/../lib/gcc/nios2-elf/4.1.2/../../../../nios2-elf/lib/mno-hw-mul/libc.a(lib_a-stdio.o)
 .bss           0x0201e1dc        0x0 /OPT/altera/12.1/nios2eds/bin/gnu/H-i686-pc-linux-gnu/bin/../lib/gcc/nios2-elf/4.1.2/../../../../nios2-elf/lib/mno-hw-mul/libc.a(lib_a-vfiprintf.o)
 .bss           0x0201e1dc        0x0 /OPT/altera/12.1/nios2eds/bin/gnu/H-i686-pc-linux-gnu/bin/../lib/gcc/nios2-elf/4.1.2/../../../../nios2-elf/lib/mno-hw-mul/libc.a(lib_a-writer.o)
 .bss           0x0201e1dc        0x0 /OPT/altera/12.1/nios2eds/bin/gnu/H-i686-pc-linux-gnu/bin/../lib/gcc/nios2-elf/4.1.2/../../../../nios2-elf/lib/mno-hw-mul/libc.a(lib_a-callocr.o)
 .bss           0x0201e1dc        0x0 /OPT/altera/12.1/nios2eds/bin/gnu/H-i686-pc-linux-gnu/bin/../lib/gcc/nios2-elf/4.1.2/../../../../nios2-elf/lib/mno-hw-mul/libc.a(lib_a-closer.o)
 .bss           0x0201e1dc        0x0 /OPT/altera/12.1/nios2eds/bin/gnu/H-i686-pc-linux-gnu/bin/../lib/gcc/nios2-elf/4.1.2/../../../../nios2-elf/lib/mno-hw-mul/libc.a(lib_a-fclose.o)
 .bss           0x0201e1dc        0x0 /OPT/altera/12.1/nios2eds/bin/gnu/H-i686-pc-linux-gnu/bin/../lib/gcc/nios2-elf/4.1.2/../../../../nios2-elf/lib/mno-hw-mul/libc.a(lib_a-fstatr.o)