Archive member included because of file (symbol)

/OPT/altera/12.1/nios2eds/bin/gnu/H-i686-pc-linux-gnu/bin/../lib/gcc/nios2-elf/4.1.2/mno-hw-mul/libgcc.a(_addsub_df.o)
                              obj/default/tests/CuTest.o (__subdf3)
/OPT/altera/12.1/nios2eds/bin/gnu/H-i686-pc-linux-gnu/bin/../lib/gcc/nios2-elf/4.1.2/mno-hw-mul/libgcc.a(_le_df.o)
                              obj/default/tests/CuTest.o (__ledf2)
/OPT/altera/12.1/nios2eds/bin/gnu/H-i686-pc-linux-gnu/bin/../lib/gcc/nios2-elf/4.1.2/mno-hw-mul/libgcc.a(_thenan_df.o)
                              /OPT/altera/12.1/nios2eds/bin/gnu/H-i686-pc-linux-gnu/bin/../lib/gcc/nios2-elf/4.1.2/mno-hw-mul/libgcc.a(_addsub_df.o) (__thenan_df)
/OPT/altera/12.1/nios2eds/bin/gnu/H-i686-pc-linux-gnu/bin/../lib/gcc/nios2-elf/4.1.2/mno-hw-mul/libgcc.a(lib2-divmod.o)
                              obj/default/apps_task.o (__divsi3)
/OPT/altera/12.1/nios2eds/bin/gnu/H-i686-pc-linux-gnu/bin/../lib/gcc/nios2-elf/4.1.2/mno-hw-mul/libgcc.a(lib2-mul.o)
                              obj/default/apps_task.o (__mulsi3)
/OPT/altera/12.1/nios2eds/bin/gnu/H-i686-pc-linux-gnu/bin/../lib/gcc/nios2-elf/4.1.2/mno-hw-mul/libgcc.a(_pack_df.o)
                              /OPT/altera/12.1/nios2eds/bin/gnu/H-i686-pc-linux-gnu/bin/../lib/gcc/nios2-elf/4.1.2/mno-hw-mul/libgcc.a(_addsub_df.o) (__pack_d)
/OPT/altera/12.1/nios2eds/bin/gnu/H-i686-pc-linux-gnu/bin/../lib/gcc/nios2-elf/4.1.2/mno-hw-mul/libgcc.a(_unpack_df.o)
                              /OPT/altera/12.1/nios2eds/bin/gnu/H-i686-pc-linux-gnu/bin/../lib/gcc/nios2-elf/4.1.2/mno-hw-mul/libgcc.a(_addsub_df.o) (__unpack_d)
/OPT/altera/12.1/nios2eds/bin/gnu/H-i686-pc-linux-gnu/bin/../lib/gcc/nios2-elf/4.1.2/mno-hw-mul/libgcc.a(_fpcmp_parts_df.o)
                              /OPT/altera/12.1/nios2eds/bin/gnu/H-i686-pc-linux-gnu/bin/../lib/gcc/nios2-elf/4.1.2/mno-hw-mul/libgcc.a(_le_df.o) (__fpcmp_parts_d)
/OPT/altera/12.1/nios2eds/bin/gnu/H-i686-pc-linux-gnu/bin/../lib/gcc/nios2-elf/4.1.2/../../../../nios2-elf/lib/mno-hw-mul/libc.a(lib_a-assert.o)
                              obj/default/tests/CuTest.o (__assert_func)
/OPT/altera/12.1/nios2eds/bin/gnu/H-i686-pc-linux-gnu/bin/../lib/gcc/nios2-elf/4.1.2/../../../../nios2-elf/lib/mno-hw-mul/libc.a(lib_a-fiprintf.o)
                              /OPT/altera/12.1/nios2eds/bin/gnu/H-i686-pc-linux-gnu/bin/../lib/gcc/nios2-elf/4.1.2/../../../../nios2-elf/lib/mno-hw-mul/libc.a(lib_a-assert.o) (fiprintf)
/OPT/altera/12.1/nios2eds/bin/gnu/H-i686-pc-linux-gnu/bin/../lib/gcc/nios2-elf/4.1.2/../../../../nios2-elf/lib/mno-hw-mul/libc.a(lib_a-impure.o)
                              /OPT/altera/12.1/nios2eds/bin/gnu/H-i686-pc-linux-gnu/bin/../lib/gcc/nios2-elf/4.1.2/../../../../nios2-elf/lib/mno-hw-mul/libc.a(lib_a-assert.o) (_impure_ptr)
/OPT/altera/12.1/nios2eds/bin/gnu/H-i686-pc-linux-gnu/bin/../lib/gcc/nios2-elf/4.1.2/../../../../nios2-elf/lib/mno-hw-mul/libc.a(lib_a-malloc.o)
                              obj/default/apps_task.o (free)
/OPT/altera/12.1/nios2eds/bin/gnu/H-i686-pc-linux-gnu/bin/../lib/gcc/nios2-elf/4.1.2/../../../../nios2-elf/lib/mno-hw-mul/libc.a(lib_a-mallocr.o)
                              /OPT/altera/12.1/nios2eds/bin/gnu/H-i686-pc-linux-gnu/bin/../lib/gcc/nios2-elf/4.1.2/../../../../nios2-elf/lib/mno-hw-mul/libc.a(lib_a-malloc.o) (_malloc_r)
/OPT/altera/12.1/nios2eds/bin/gnu/H-i686-pc-linux-gnu/bin/../lib/gcc/nios2-elf/4.1.2/../../../../nios2-elf/lib/mno-hw-mul/libc.a(lib_a-memcpy.o)
                              obj/default/tests/CuTest.o (memcpy)
/OPT/altera/12.1/nios2eds/bin/gnu/H-i686-pc-linux-gnu/bin/../lib/gcc/nios2-elf/4.1.2/../../../../nios2-elf/lib/mno-hw-mul/libc.a(lib_a-memmove.o)
                              obj/default/tests/CuTest.o (memmove)
/OPT/altera/12.1/nios2eds/bin/gnu/H-i686-pc-linux-gnu/bin/../lib/gcc/nios2-elf/4.1.2/../../../../nios2-elf/lib/mno-hw-mul/libc.a(lib_a-memset.o)
                              obj/default/tests/CuTest.o (memset)
/OPT/altera/12.1/nios2eds/bin/gnu/H-i686-pc-linux-gnu/bin/../lib/gcc/nios2-elf/4.1.2/../../../../nios2-elf/lib/mno-hw-mul/libc.a(lib_a-printf.o)
                              obj/default/apps_task.o (printf)
/OPT/altera/12.1/nios2eds/bin/gnu/H-i686-pc-linux-gnu/bin/../lib/gcc/nios2-elf/4.1.2/../../../../nios2-elf/lib/mno-hw-mul/libc.a(lib_a-putchar.o)
                              obj/default/mem_manager.o (putchar)
/OPT/altera/12.1/nios2eds/bin/gnu/H-i686-pc-linux-gnu/bin/../lib/gcc/nios2-elf/4.1.2/../../../../nios2-elf/lib/mno-hw-mul/libc.a(lib_a-puts.o)
                              obj/default/apps_task.o (puts)
/OPT/altera/12.1/nios2eds/bin/gnu/H-i686-pc-linux-gnu/bin/../lib/gcc/nios2-elf/4.1.2/../../../../nios2-elf/lib/mno-hw-mul/libc.a(lib_a-realloc.o)
                              obj/default/tests/CuTest.o (realloc)
/OPT/altera/12.1/nios2eds/bin/gnu/H-i686-pc-linux-gnu/bin/../lib/gcc/nios2-elf/4.1.2/../../../../nios2-elf/lib/mno-hw-mul/libc.a(lib_a-reallocr.o)
[...]
Memory Configuration

Name             Origin             Length             Attributes
sdram_0          0x02000000         0x02000000
reset            0x04004000         0x00000020
onchip_memory2_0 0x04004020         0x00003fe0
*default*        0x00000000         0xffffffff

Linker script and memory map

LOAD ../electronic_engine_control_bsp//obj/HAL/src/crt0.o
LOAD obj/default/apps_task.o
LOAD obj/default/eng_trans_data.o
LOAD obj/default/failure_handler_task.o
LOAD obj/default/main.o
LOAD obj/default/mem_manager.o
LOAD obj/default/motor_control_task.o
LOAD obj/default/pwm_gen.o
LOAD obj/default/solenoid_task.o
LOAD obj/default/tests/CuTest.o
LOAD obj/default/tests/testbench.o
LOAD obj/default/throttle_data.o
LOAD obj/default/util.o
LOAD /OPT/altera/12.1/nios2eds/bin/gnu/H-i686-pc-linux-gnu/bin/../lib/gcc/nios2-elf/4.1.2/../../../../nios2-elf/lib/mno-hw-mul/libstdc++.a
LOAD /OPT/altera/12.1/nios2eds/bin/gnu/H-i686-pc-linux-gnu/bin/../lib/gcc/nios2-elf/4.1.2/../../../../nios2-elf/lib/mno-hw-mul/libm.a
LOAD /OPT/altera/12.1/nios2eds/bin/gnu/H-i686-pc-linux-gnu/bin/../lib/gcc/nios2-elf/4.1.2/mno-hw-mul/libgcc.a
START GROUP
LOAD /OPT/altera/12.1/nios2eds/bin/gnu/H-i686-pc-linux-gnu/bin/../lib/gcc/nios2-elf/4.1.2/../../../../nios2-elf/lib/mno-hw-mul/libc.a
LOAD /OPT/altera/12.1/nios2eds/bin/gnu/H-i686-pc-linux-gnu/bin/../lib/gcc/nios2-elf/4.1.2/mno-hw-mul/libgcc.a
LOAD ../electronic_engine_control_bsp//libucosii_bsp.a
END GROUP
LOAD /OPT/altera/12.1/nios2eds/bin/gnu/H-i686-pc-linux-gnu/bin/../lib/gcc/nios2-elf/4.1.2/mno-hw-mul/libgcc.a
                0x02000000                __alt_mem_sdram_0 = 0x2000000
                0x04004000                __alt_mem_onchip_memory2_0 = 0x4004000

.entry          0x04004000       0x20
 *(.entry)
 .entry         0x04004000       0x20 ../electronic_engine_control_bsp//obj/HAL/src/crt0.o
                0x04004000                __reset

.exceptions     0x04004020      0x1a0 load address 0x02000000
                0x04004020                PROVIDE (__ram_exceptions_start, ABSOLUTE (.))
                0x04004020                . = ALIGN (0x20)
 *(.irq)
 *(.exceptions.entry.label)
 .exceptions.entry.label
                0x04004020        0x0 ../electronic_engine_control_bsp//libucosii_bsp.a(alt_irq_entry.o)
                0x04004020                alt_irq_entry
 .exceptions.entry.label
                0x04004020        0x0 ../electronic_engine_control_bsp//libucosii_bsp.a(alt_exception_entry.o)
                0x04004020                alt_exception
 *(.exceptions.entry.user)
 *(.exceptions.entry)
 .exceptions.entry
                0x04004020       0x54 ../electronic_engine_control_bsp//libucosii_bsp.a(alt_exception_entry.o)
 *(.exceptions.irqtest.user)
 *(.exceptions.irqtest)
 .exceptions.irqtest
                0x04004074       0x10 ../electronic_engine_control_bsp//libucosii_bsp.a(alt_irq_entry.o)
 *(.exceptions.irqhandler.user)
 *(.exceptions.irqhandler)
 .exceptions.irqhandler
                0x04004084        0x4 ../electronic_engine_control_bsp//libucosii_bsp.a(alt_irq_entry.o)
 *(.exceptions.irqreturn.user)
 *(.exceptions.irqreturn)
 .exceptions.irqreturn
                0x04004088        0x4 ../electronic_engine_control_bsp//libucosii_bsp.a(alt_irq_entry.o)
 *(.exceptions.notirq.label)
 .exceptions.notirq.label
                0x0400408c        0x0 ../electronic_engine_control_bsp//libucosii_bsp.a(alt_irq_entry.o)
 *(.exceptions.notirq.user)
 *(.exceptions.notirq)
 .exceptions.notirq
                0x0400408c        0x8 ../electronic_engine_control_bsp//libucosii_bsp.a(alt_exception_entry.o)
 *(.exceptions.soft.user)
 *(.exceptions.soft)
 *(.exceptions.unknown.user)
 *(.exceptions.unknown)
 .exceptions.unknown
                0x04004094        0x4 ../electronic_engine_control_bsp//libucosii_bsp.a(alt_exception_entry.o)
 *(.exceptions.exit.label)
 .exceptions.exit.label
                0x04004098        0x0 ../electronic_engine_control_bsp//libucosii_bsp.a(alt_irq_entry.o)
 .exceptions.exit.label
                0x04004098        0x0 ../electronic_engine_control_bsp//libucosii_bsp.a(alt_exception_entry.o)
 *(.exceptions.exit.user)
 *(.exceptions.exit)
 .exceptions.exit
                0x04004098       0x54 ../electronic_engine_control_bsp//libucosii_bsp.a(alt_exception_entry.o)
 *(.exceptions)
 .exceptions    0x040040ec       0xd4 ../electronic_engine_control_bsp//libucosii_bsp.a(alt_irq_handler.o)
                0x040040ec                alt_irq_handler
                0x040041c0                PROVIDE (__ram_exceptions_end, ABSOLUTE (.))
                0x02000000                PROVIDE (__flash_exceptions_start, LOADADDR (.exceptions))

.text           0x020001a0    0x1b0e8
                0x020001a0                PROVIDE (stext, ABSOLUTE (.))
 *(.interp)
 *(.hash)
 *(.dynsym)
 *(.dynstr)
 *(.gnu.version)
 *(.gnu.version_d)
 *(.gnu.version_r)
 *(.rel.init)
 *(.rela.init)
 *(.rel.text .rel.text.* .rel.gnu.linkonce.t.*)
 *(.rela.text .rela.text.* .rela.gnu.linkonce.t.*)
 *(.rel.fini)
 *(.rela.fini)
 *(.rel.rodata .rel.rodata.* .rel.gnu.linkonce.r.*)
 *(.rela.rodata .rela.rodata.* .rela.gnu.linkonce.r.*)
 *(.rel.data .rel.data.* .rel.gnu.linkonce.d.*)
 *(.rela.data .rela.data.* .rela.gnu.linkonce.d.*)
 *(.rel.tdata .rel.tdata.* .rel.gnu.linkonce.td.*)
 *(.rela.tdata .rela.tdata.* .rela.gnu.linkonce.td.*)
 *(.rel.tbss .rel.tbss.* .rel.gnu.linkonce.tb.*)
 *(.rela.tbss .rela.tbss.* .rela.gnu.linkonce.tb.*)
 *(.rel.ctors)
 *(.rela.ctors)
 *(.rel.dtors)
 *(.rela.dtors)
 *(.rel.got)
 *(.rela.got)
 *(.rel.sdata .rel.sdata.* .rel.gnu.linkonce.s.*)
 *(.rela.sdata .rela.sdata.* .rela.gnu.linkonce.s.*)
 *(.rel.sbss .rel.sbss.* .rel.gnu.linkonce.sb.*)
 *(.rela.sbss .rela.sbss.* .rela.gnu.linkonce.sb.*)
 *(.rel.sdata2 .rel.sdata2.* .rel.gnu.linkonce.s2.*)
 *(.rela.sdata2 .rela.sdata2.* .rela.gnu.linkonce.s2.*)
 *(.rel.sbss2 .rel.sbss2.* .rel.gnu.linkonce.sb2.*)
 *(.rela.sbss2 .rela.sbss2.* .rela.gnu.linkonce.sb2.*)
 *(.rel.bss .rel.bss.* .rel.gnu.linkonce.b.*)
 *(.rela.bss .rela.bss.* .rela.gnu.linkonce.b.*)
 *(.rel.plt)
 *(.rela.plt)
 *(.rel.dyn)
 *(.init)
 *(.plt)
 *(.text .stub .text.* .gnu.linkonce.t.*)
 .text          0x020001a0       0x3c ../electronic_engine_control_bsp//obj/HAL/src/crt0.o
                0x020001a0                _start
 .text          0x020001dc      0x688 obj/default/apps_task.o
                0x020001dc                apps_value_comp_callback
                0x02000274                apps_task
                0x0200064c                get_motor_cmd_q
                0x0200066c                set_new_motor_position_by_tps
                0x02000724                set_new_motor_position
                0x02000764                hitec_servo_demo
                0x020007d8                get_motor_failure_flag
                0x020007f8                get_apps_task_external_failure_flag
                0x02000818                get_apps_task_failure_resolved_flag
                0x02000838                signal_exit_shift_matching
 .text          0x02000864      0x10c obj/default/eng_trans_data.o
                0x02000864                get_gear_ratio
                0x020008d8                get_RPM
                0x02000950                output_curr_gear
 .text          0x02000970      0x32c obj/default/failure_handler_task.o
                0x02000970                failure_handler_task
 .text          0x02000c9c      0x270 obj/default/main.o
                0x02000c9c                test_task
                0x02000d2c                main
                0x02000e8c                get_adc
                0x02000eac                disp_err
                0x02000eec                get_failure_msg_q
 .text          0x02000f0c      0x570 obj/default/mem_manager.o
                0x02000f0c                init
                0x02000fbc                request_lock
                0x0200100c                release_lock
                0x02001038                get_new_allocation_id
                0x020010b0                request_malloc
                0x020011fc                free_existing_malloc
                0x02001330                print_malloc_status
 .text          0x0200147c      0x65c obj/default/motor_control_task.o
                0x0200147c                post_new_request
                0x020014b4                set_throttle_by_duty_cycle
                0x020014fc                increase_throttle_by_feedback
                0x02001580                decrease_throttle
                0x020015c4                watchdog_callback
                0x02001600                tps_value_comp_callback
                0x0200168c                motor_control_task
 .text          0x02001ad8      0x210 obj/default/pwm_gen.o
                0x02001ad8                enable_pwm_output
                0x02001b1c                disable_pwm_output
                0x02001b5c                set_period
                0x02001bb4                set_duty_cycle
                0x02001c58                get_new_pwm_module
 .text          0x02001ce8      0x514 obj/default/solenoid_task.o
                0x02001d7c                solenoid_task
                0x020020c0                shift_up
                0x020020ec                shift_down
                0x02002118                solenoid_callback
                0x02002190                get_solenoid_task_external_failure_flag
                0x020021b0                get_solenoid_task_failure_resolved_flag
                0x020021d0                signal_shift_start
 .text          0x020021fc      0xf20 obj/default/tests/CuTest.o
                0x020021fc                CuStrAlloc
                0x02002234                CuStrCopy
                0x02002288                CuStringInit
                0x020022ec                CuStringNew
                0x0200235c                CuStringDelete
                0x020023a4                CuStringResize
                0x020023f8                CuStringAppend
                0x020024ac                CuStringAppendChar
                0x020024f0                CuStringAppendFormat
                0x0200251c                CuStringInsert
                0x02002630                CuTestInit
                0x020026a0                CuTestNew
                0x020026ec                CuTestDelete
                0x02002734                CuTestRun
                0x02002838                CuFail_Line
                0x020028bc                CuAssert_Line
                0x02002918                CuAssertStrEquals_LineMsg
                0x02002a20                CuAssertIntEquals_LineMsg
                0x02002a94                CuAssertDblEquals_LineMsg
                0x02002b5c                CuAssertPtrEquals_LineMsg
                0x02002bd0                CuSuiteInit
                0x02002c20                CuSuiteNew
                0x02002c5c                CuSuiteDelete
                0x02002cf0                CuSuiteAdd
                0x02002d84                CuSuiteAddSuite
                0x02002e00                CuSuiteRun
                0x02002e98                CuSuiteSummary
                0x02002f50                CuSuiteDetails
 .text          0x0200311c      0x460 obj/default/tests/testbench.o
                0x0200311c                Test_int16U_changed_by_threshold
                0x020031f8                Test_int16U_differ_by_percent
                0x020032ec                CuGetSuite
                0x0200335c                run_all_unit_tests
                0x020033d4                Test_pwm_gen
                0x0200343c                Test_throttle_open
                0x020034dc                Test_throttle_close
 .text          0x0200357c      0x4b4 obj/default/throttle_data.o
                0x0200357c                throttle_data_init
                0x02003748                get_throttle_open_deg_from_apps
                0x0200381c                get_throttle_open_deg_from_tps
                0x020038f0                get_new_rpm_needed
                0x02003960                get_duty_cycle_from_throttle_open_deg
                0x020039b0                get_duty_cycle_from_throttle_close_deg
                0x020039e0                get_tps_from_throttle_open_deg
 .text          0x02003a30      0x23c obj/default/util.o
                0x02003a30                int32U_changed_by_threshold
                0x02003ab8                int32U_differ_by_percent
                0x02003bc0                get_tps_sensor_output_pwm
                0x02003c08                set_tps_sensor_output
 .text          0x02003c6c      0x504 /OPT/altera/12.1/nios2eds/bin/gnu/H-i686-pc-linux-gnu/bin/../lib/gcc/nios2-elf/4.1.2/mno-hw-mul/libgcc.a(_addsub_df.o)
                0x0200407c                __subdf3
                0x020040fc                __adddf3
 .text          0x02004170       0x88 /OPT/altera/12.1/nios2eds/bin/gnu/H-i686-pc-linux-gnu/bin/../lib/gcc/nios2-elf/4.1.2/mno-hw-mul/libgcc.a(_le_df.o)
                0x02004170                __ledf2
 .text          0x020041f8        0x0 /OPT/altera/12.1/nios2eds/bin/gnu/H-i686-pc-linux-gnu/bin/../lib/gcc/nios2-elf/4.1.2/mno-hw-mul/libgcc.a(_thenan_df.o)
 .text          0x020041f8      0x14c /OPT/altera/12.1/nios2eds/bin/gnu/H-i686-pc-linux-gnu/bin/../lib/gcc/nios2-elf/4.1.2/mno-hw-mul/libgcc.a(lib2-divmod.o)
                0x02004274                __divsi3
                0x020042d4                __modsi3
                0x02004334                __udivsi3
                0x0200433c                __umodsi3
 .text          0x02004344       0x38 /OPT/altera/12.1/nios2eds/bin/gnu/H-i686-pc-linux-gnu/bin/../lib/gcc/nios2-elf/4.1.2/mno-hw-mul/libgcc.a(lib2-mul.o)
                0x02004344                __mulsi3
 .text          0x0200437c      0x314 /OPT/altera/12.1/nios2eds/bin/gnu/H-i686-pc-linux-gnu/bin/../lib/gcc/nios2-elf/4.1.2/mno-hw-mul/libgcc.a(_pack_df.o)
                0x0200437c                __pack_d
 .text          0x02004690      0x138 /OPT/altera/12.1/nios2eds/bin/gnu/H-i686-pc-linux-gnu/bin/../lib/gcc/nios2-elf/4.1.2/mno-hw-mul/libgcc.a(_unpack_df.o)
                0x02004690                __unpack_d
 .text          0x020047c8       0xc8 /OPT/altera/12.1/nios2eds/bin/gnu/H-i686-pc-linux-gnu/bin/../lib/gcc/nios2-elf/4.1.2/mno-hw-mul/libgcc.a(_fpcmp_parts_df.o)
                0x020047c8                __fpcmp_parts_d
 .text          0x02004890       0x78 /OPT/altera/12.1/nios2eds/bin/gnu/H-i686-pc-linux-gnu/bin/../lib/gcc/nios2-elf/4.1.2/../../../../nios2-elf/lib/mno-hw-mul/libc.a(lib_a-assert.o)
                0x02004890                __assert_func
                0x020048f4                __assert
 .text          0x02004908       0x6c /OPT/altera/12.1/nios2eds/bin/gnu/H-i686-pc-linux-gnu/bin/../lib/gcc/nios2-elf/4.1.2/../../../../nios2-elf/lib/mno-hw-mul/libc.a(lib_a-fiprintf.o)
                0x02004908                fiprintf
                0x0200494c                _fiprintf_r
 .text          0x02004974        0x0 /OPT/altera/12.1/nios2eds/bin/gnu/H-i686-pc-linux-gnu/bin/../lib/gcc/nios2-elf/4.1.2/../../../../nios2-elf/lib/mno-hw-mul/libc.a(lib_a-impure.o)
 .text          0x02004974       0x28 /OPT/altera/12.1/nios2eds/bin/gnu/H-i686-pc-linux-gnu/bin/../lib/gcc/nios2-elf/4.1.2/../../../../nios2-elf/lib/mno-hw-mul/libc.a(lib_a-malloc.o)
                0x02004974                free
                0x02004988                malloc
 .text          0x0200499c      0x740 /OPT/altera/12.1/nios2eds/bin/gnu/H-i686-pc-linux-gnu/bin/../lib/gcc/nios2-elf/4.1.2/../../../../nios2-elf/lib/mno-hw-mul/libc.a(lib_a-mallocr.o)
                0x0200499c                _malloc_r
 .text          0x020050dc       0xa0 /OPT/altera/12.1/nios2eds/bin/gnu/H-i686-pc-linux-gnu/bin/../lib/gcc/nios2-elf/4.1.2/../../../../nios2-elf/lib/mno-hw-mul/libc.a(lib_a-memcpy.o)
                0x020050dc                memcpy
 .text          0x0200517c       0xe0 /OPT/altera/12.1/nios2eds/bin/gnu/H-i686-pc-linux-gnu/bin/../lib/gcc/nios2-elf/4.1.2/../../../../nios2-elf/lib/mno-hw-mul/libc.a(lib_a-memmove.o)
                0x0200517c                memmove
 .text          0x0200525c       0x98 /OPT/altera/12.1/nios2eds/bin/gnu/H-i686-pc-linux-gnu/bin/../lib/gcc/nios2-elf/4.1.2/../../../../nios2-elf/lib/mno-hw-mul/libc.a(lib_a-memset.o)
                0x0200525c                memset
 .text          0x020052f4       0x78 /OPT/altera/12.1/nios2eds/bin/gnu/H-i686-pc-linux-gnu/bin/../lib/gcc/nios2-elf/4.1.2/../../../../nios2-elf/lib/mno-hw-mul/libc.a(lib_a-printf.o)
                0x020052f4                printf
                0x02005338                _printf_r
 .text          0x0200536c       0x24 /OPT/altera/12.1/nios2eds/bin/gnu/H-i686-pc-linux-gnu/bin/../lib/gcc/nios2-elf/4.1.2/../../../../nios2-elf/lib/mno-hw-mul/libc.a(lib_a-putchar.o)
                0x0200536c                putchar
                0x02005388                _putchar_r
 .text          0x02005390       0xb4 /OPT/altera/12.1/nios2eds/bin/gnu/H-i686-pc-linux-gnu/bin/../lib/gcc/nios2-elf/4.1.2/../../../../nios2-elf/lib/mno-hw-mul/libc.a(lib_a-puts.o)
                0x02005390                _puts_r
                0x02005430                puts
 .text          0x02005444       0x1c /OPT/altera/12.1/nios2eds/bin/gnu/H-i686-pc-linux-gnu/bin/../lib/gcc/nios2-elf/4.1.2/../../../../nios2-elf/lib/mno-hw-mul/libc.a(lib_a-realloc.o)
                0x02005444                realloc
 .text          0x02005460      0x5f4 /OPT/altera/12.1/nios2eds/bin/gnu/H-i686-pc-linux-gnu/bin/../lib/gcc/nios2-elf/4.1.2/../../../../nios2-elf/lib/mno-hw-mul/libc.a(lib_a-reallocr.o)
                0x02005460                _realloc_r
 .text          0x02005a54       0x70 /OPT/altera/12.1/nios2eds/bin/gnu/H-i686-pc-linux-gnu/bin/../lib/gcc/nios2-elf/4.1.2/../../../../nios2-elf/lib/mno-hw-mul/libc.a(lib_a-sbrkr.o)
                0x02005a54                _sbrk_r
 *fill*         0x02005ac4        0x4 3a880100
 .text          0x02005ac8       0x78 /OPT/altera/12.1/nios2eds/bin/gnu/H-i686-pc-linux-gnu/bin/../lib/gcc/nios2-elf/4.1.2/../../../../nios2-elf/lib/mno-hw-mul/libc.a(lib_a-setjmp.o)
                0x02005ac8                setjmp
                0x02005b00                longjmp
 .text          0x02005b40      0x170 /OPT/altera/12.1/nios2eds/bin/gnu/H-i686-pc-linux-gnu/bin/../lib/gcc/nios2-elf/4.1.2/../../../../nios2-elf/lib/mno-hw-mul/libc.a(lib_a-snprintf.o)
                0x02005b40                snprintf
                0x02005bfc                _snprintf_r
 .text          0x02005cb0       0xd4 /OPT/altera/12.1/nios2eds/bin/gnu/H-i686-pc-linux-gnu/bin/../lib/gcc/nios2-elf/4.1.2/../../../../nios2-elf/lib/mno-hw-mul/libc.a(lib_a-sprintf.o)
                0x02005cb0                sprintf
                0x02005d24                _sprintf_r
 .text          0x02005d84       0x90 /OPT/altera/12.1/nios2eds/bin/gnu/H-i686-pc-linux-gnu/bin/../lib/gcc/nios2-elf/4.1.2/../../../../nios2-elf/lib/mno-hw-mul/libc.a(lib_a-strcat.o)
                0x02005d84                strcat
 .text          0x02005e14       0xbc /OPT/altera/12.1/nios2eds/bin/gnu/H-i686-pc-linux-gnu/bin/../lib/gcc/nios2-elf/4.1.2/../../../../nios2-elf/lib/mno-hw-mul/libc.a(lib_a-strcmp.o)
                0x02005e14                strcmp
 .text          0x02005ed0       0x8c /OPT/altera/12.1/nios2eds/bin/gnu/H-i686-pc-linux-gnu/bin/../lib/gcc/nios2-elf/4.1.2/../../../../nios2-elf/lib/mno-hw-mul/libc.a(lib_a-strcpy.o)
                0x02005ed0                strcpy
 .text          0x02005f5c       0x74 /OPT/altera/12.1/nios2eds/bin/gnu/H-i686-pc-linux-gnu/bin/../lib/gcc/nios2-elf/4.1.2/../../../../nios2-elf/lib/mno-hw-mul/libc.a(lib_a-strlen.o)
                0x02005f5c                strlen
 .text          0x02005fd0       0x1c /OPT/altera/12.1/nios2eds/bin/gnu/H-i686-pc-linux-gnu/bin/../lib/gcc/nios2-elf/4.1.2/../../../../nios2-elf/lib/mno-hw-mul/libc.a(lib_a-vfiprintfr_1.o)
                0x02005fd0                _vfiprintf_r
 .text          0x02005fec     0x1f40 /OPT/altera/12.1/nios2eds/bin/gnu/H-i686-pc-linux-gnu/bin/../lib/gcc/nios2-elf/4.1.2/../../../../nios2-elf/lib/mno-hw-mul/libc.a(lib_a-vfprintf.o)
                0x02006044                ___vfprintf_internal_r
                0x02007f08                __vfprintf_internal
 .text          0x02007f2c      0x13c /OPT/altera/12.1/nios2eds/bin/gnu/H-i686-pc-linux-gnu/bin/../lib/gcc/nios2-elf/4.1.2/../../../../nios2-elf/lib/mno-hw-mul/libc.a(lib_a-wsetup.o)
                0x02007f2c                __swsetup_r
 .text          0x02008068       0x18 /OPT/altera/12.1/nios2eds/bin/gnu/H-i686-pc-linux-gnu/bin/../lib/gcc/nios2-elf/4.1.2/../../../../nios2-elf/lib/mno-hw-mul/libc.a(lib_a-abort.o)
                0x02008068                abort
 .text          0x02008080     0x17f8 /OPT/altera/12.1/nios2eds/bin/gnu/H-i686-pc-linux-gnu/bin/../lib/gcc/nios2-elf/4.1.2/../../../../nios2-elf/lib/mno-hw-mul/libc.a(lib_a-dtoa.o)
                0x020082c4                _dtoa_r
 .text          0x02009878      0x230 /OPT/altera/12.1/nios2eds/bin/gnu/H-i686-pc-linux-gnu/bin/../lib/gcc/nios2-elf/4.1.2/../../../../nios2-elf/lib/mno-hw-mul/libc.a(lib_a-fflush.o)
                0x02009878                _fflush_r
                0x02009a74                fflush
 .text          0x02009aa8      0x2f4 /OPT/altera/12.1/nios2eds/bin/gnu/H-i686-pc-linux-gnu/bin/../lib/gcc/nios2-elf/4.1.2/../../../../nios2-elf/lib/mno-hw-mul/libc.a(lib_a-findfp.o)
                0x02009b00                __sfp_lock_acquire
                0x02009b04                __sfp_lock_release
                0x02009b08                __sinit_lock_acquire
                0x02009b0c                __sinit_lock_release
                0x02009b10                __sinit
                0x02009bc4                __fp_unlock_all
                0x02009bdc                __fp_lock_all
                0x02009bf4                _cleanup_r
                0x02009c00                _cleanup
                0x02009c10                __sfmoreglue
                0x02009cac                __sfp
 .text          0x02009d9c      0x440 /OPT/altera/12.1/nios2eds/bin/gnu/H-i686-pc-linux-gnu/bin/../lib/gcc/nios2-elf/4.1.2/../../../../nios2-elf/lib/mno-hw-mul/libc.a(lib_a-freer.o)
                0x02009d9c                _malloc_trim_r
                0x02009ec8                _free_r
 .text          0x0200a1dc      0x49c /OPT/altera/12.1/nios2eds/bin/gnu/H-i686-pc-linux-gnu/bin/../lib/gcc/nios2-elf/4.1.2/../../../../nios2-elf/lib/mno-hw-mul/libc.a(lib_a-fvwrite.o)
                0x0200a1dc                __sfvwrite_r
 .text          0x0200a678      0x180 /OPT/altera/12.1/nios2eds/bin/gnu/H-i686-pc-linux-gnu/bin/../lib/gcc/nios2-elf/4.1.2/../../../../nios2-elf/lib/mno-hw-mul/libc.a(lib_a-fwalk.o)
                0x0200a678                _fwalk_reent
                0x0200a740                _fwalk
 .text          0x0200a7f8        0x0 /OPT/altera/12.1/nios2eds/bin/gnu/H-i686-pc-linux-gnu/bin/../lib/gcc/nios2-elf/4.1.2/../../../../nios2-elf/lib/mno-hw-mul/libc.a(lib_a-int_errno.o)
 .text          0x0200a7f8       0xc4 /OPT/altera/12.1/nios2eds/bin/gnu/H-i686-pc-linux-gnu/bin/../lib/gcc/nios2-elf/4.1.2/../../../../nios2-elf/lib/mno-hw-mul/libc.a(lib_a-locale.o)
                0x0200a7f8                __locale_charset
                0x0200a800                _localeconv_r
                0x0200a80c                localeconv
                0x0200a81c                _setlocale_r
                0x0200a8a0                setlocale
 .text          0x0200a8bc      0x194 /OPT/altera/12.1/nios2eds/bin/gnu/H-i686-pc-linux-gnu/bin/../lib/gcc/nios2-elf/4.1.2/../../../../nios2-elf/lib/mno-hw-mul/libc.a(lib_a-makebuf.o)
                0x0200a8bc                __smakebuf_r
 .text          0x0200aa50       0xe4 /OPT/altera/12.1/nios2eds/bin/gnu/H-i686-pc-linux-gnu/bin/../lib/gcc/nios2-elf/4.1.2/../../../../nios2-elf/lib/mno-hw-mul/libc.a(lib_a-memchr.o)
                0x0200aa50                memchr
 .text          0x0200ab34     0x108c /OPT/altera/12.1/nios2eds/bin/gnu/H-i686-pc-linux-gnu/bin/../lib/gcc/nios2-elf/4.1.2/../../../../nios2-elf/lib/mno-hw-mul/libc.a(lib_a-mprec.o)
                0x0200ab34                _Bfree
                0x0200ab5c                __hi0bits
                0x0200abcc                __lo0bits
                0x0200ac90                __mcmp
                0x0200acf0                __ulp
                0x0200ad70                __b2d
                0x0200ae90                __ratio
                0x0200af40                _mprec_log10
                0x0200afd4                __copybits
                0x0200b02c                __any_on
                0x0200b0b4                _Balloc
                0x0200b170                __d2b
                0x0200b2ec                __mdiff
                0x0200b478                __lshift
                0x0200b5c4                __multiply
                0x0200b818                __i2b
                0x0200b854                __multadd
                0x0200b980                __pow5mult
                0x0200baa0                __s2b
 .text          0x0200bbc0      0x1ec /OPT/altera/12.1/nios2eds/bin/gnu/H-i686-pc-linux-gnu/bin/../lib/gcc/nios2-elf/4.1.2/../../../../nios2-elf/lib/mno-hw-mul/libc.a(lib_a-putc.o)
                0x0200bbc0                putc
                0x0200bcc4                _putc_r
 .text          0x0200bdac       0x40 /OPT/altera/12.1/nios2eds/bin/gnu/H-i686-pc-linux-gnu/bin/../lib/gcc/nios2-elf/4.1.2/../../../../nios2-elf/lib/mno-hw-mul/libc.a(lib_a-s_isinfd.o)
                0x0200bdac                __isinfd
 .text          0x0200bdec       0x30 /OPT/altera/12.1/nios2eds/bin/gnu/H-i686-pc-linux-gnu/bin/../lib/gcc/nios2-elf/4.1.2/../../../../nios2-elf/lib/mno-hw-mul/libc.a(lib_a-s_isnand.o)
                0x0200bdec                __isnand
 .text          0x0200be1c      0x2d8 /OPT/altera/12.1/nios2eds/bin/gnu/H-i686-pc-linux-gnu/bin/../lib/gcc/nios2-elf/4.1.2/../../../../nios2-elf/lib/mno-hw-mul/libc.a(lib_a-signal.o)
                0x0200be1c                _raise_r
                0x0200bee8                raise
                0x0200befc                _init_signal_r
                0x0200bf60                _init_signal
                0x0200bf70                __sigtramp_r
                0x0200c024                __sigtramp
                0x0200c038                _signal_r
                0x0200c0d8                signal
 .text          0x0200c0f4       0x78 /OPT/altera/12.1/nios2eds/bin/gnu/H-i686-pc-linux-gnu/bin/../lib/gcc/nios2-elf/4.1.2/../../../../nios2-elf/lib/mno-hw-mul/libc.a(lib_a-signalr.o)
                0x0200c0f4                _getpid_r
                0x0200c0f8                _kill_r
 .text          0x0200c16c      0x14c /OPT/altera/12.1/nios2eds/bin/gnu/H-i686-pc-linux-gnu/bin/../lib/gcc/nios2-elf/4.1.2/../../../../nios2-elf/lib/mno-hw-mul/libc.a(lib_a-stdio.o)
                0x0200c16c                __sclose
                0x0200c174                __sseek
                0x0200c1dc                __swrite
                0x0200c258                __sread
 .text          0x0200c2b8     0x113c /OPT/altera/12.1/nios2eds/bin/gnu/H-i686-pc-linux-gnu/bin/../lib/gcc/nios2-elf/4.1.2/../../../../nios2-elf/lib/mno-hw-mul/libc.a(lib_a-vfiprintf.o)
                0x0200c310                ___vfiprintf_internal_r
                0x0200d3d0                __vfiprintf_internal
 .text          0x0200d3f4      0x14c /OPT/altera/12.1/nios2eds/bin/gnu/H-i686-pc-linux-gnu/bin/../lib/gcc/nios2-elf/4.1.2/../../../../nios2-elf/lib/mno-hw-mul/libc.a(lib_a-wbuf.o)
                0x0200d3f4                __swbuf_r
                0x0200d524                __swbuf
 .text          0x0200d540       0x78 /OPT/altera/12.1/nios2eds/bin/gnu/H-i686-pc-linux-gnu/bin/../lib/gcc/nios2-elf/4.1.2/../../../../nios2-elf/lib/mno-hw-mul/libc.a(lib_a-writer.o)
                0x0200d540                _write_r
 .text          0x0200d5b8       0xc8 /OPT/altera/12.1/nios2eds/bin/gnu/H-i686-pc-linux-gnu/bin/../lib/gcc/nios2-elf/4.1.2/../../../../nios2-elf/lib/mno-hw-mul/libc.a(lib_a-callocr.o)
                0x0200d5b8                _calloc_r
 .text          0x0200d680       0x70 /OPT/altera/12.1/nios2eds/bin/gnu/H-i686-pc-linux-gnu/bin/../lib/gcc/nios2-elf/4.1.2/../../../../nios2-elf/lib/mno-hw-mul/libc.a(lib_a-closer.o)
                0x0200d680                _close_r
 .text          0x0200d6f0      0x124 /OPT/altera/12.1/nios2eds/bin/gnu/H-i686-pc-linux-gnu/bin/../lib/gcc/nios2-elf/4.1.2/../../../../nios2-elf/lib/mno-hw-mul/libc.a(lib_a-fclose.o)
                0x0200d6f0                _fclose_r
                0x0200d800                fclose
 .text          0x0200d814       0x74 /OPT/altera/12.1/nios2eds/bin/gnu/H-i686-pc-linux-gnu/bin/../lib/gcc/nios2-elf/4.1.2/../../../../nios2-elf/lib/mno-hw-mul/libc.a(lib_a-fstatr.o)
                0x0200d814                _fstat_r
 .text          0x0200d888       0x70 /OPT/altera/12.1/nios2eds/bin/gnu/H-i686-pc-linux-gnu/bin/../lib/gcc/nios2-elf/4.1.2/../../../../nios2-elf/lib/mno-hw-mul/libc.a(lib_a-isattyr.o)
                0x0200d888                _isatty_r
 .text          0x0200d8f8       0x78 /OPT/altera/12.1/nios2eds/bin/gnu/H-i686-pc-linux-gnu/bin/../lib/gcc/nios2-elf/4.1.2/../../../../nios2-elf/lib/mno-hw-mul/libc.a(lib_a-lseekr.o)
                0x0200d8f8                _lseek_r
 .text          0x0200d970       0x78 /OPT/altera/12.1/nios2eds/bin/gnu/H-i686-pc-linux-gnu/bin/../lib/gcc/nios2-elf/4.1.2/../../../../nios2-elf/lib/mno-hw-mul/libc.a(lib_a-readr.o)
                0x0200d970                _read_r
 .text          0x0200d9e8      0x66c /OPT/altera/12.1/nios2eds/bin/gnu/H-i686-pc-linux-gnu/bin/../lib/gcc/nios2-elf/4.1.2/mno-hw-mul/libgcc.a(_udivdi3.o)
                0x0200d9e8                __udivdi3
 .text          0x0200e054      0x660 /OPT/altera/12.1/nios2eds/bin/gnu/H-i686-pc-linux-gnu/bin/../lib/gcc/nios2-elf/4.1.2/mno-hw-mul/libgcc.a(_umoddi3.o)
                0x0200e054                __umoddi3
 .text          0x0200e6b4      0x3c4 /OPT/altera/12.1/nios2eds/bin/gnu/H-i686-pc-linux-gnu/bin/../lib/gcc/nios2-elf/4.1.2/mno-hw-mul/libgcc.a(_mul_df.o)
                0x0200e6b4                __muldf3
 .text          0x0200ea78      0x258 /OPT/altera/12.1/nios2eds/bin/gnu/H-i686-pc-linux-gnu/bin/../lib/gcc/nios2-elf/4.1.2/mno-hw-mul/libgcc.a(_div_df.o)
                0x0200ea78                __divdf3
 .text          0x0200ecd0       0x88 /OPT/altera/12.1/nios2eds/bin/gnu/H-i686-pc-linux-gnu/bin/../lib/gcc/nios2-elf/4.1.2/mno-hw-mul/libgcc.a(_eq_df.o)
                0x0200ecd0                __eqdf2
 .text          0x0200ed58       0x88 /OPT/altera/12.1/nios2eds/bin/gnu/H-i686-pc-linux-gnu/bin/../lib/gcc/nios2-elf/4.1.2/mno-hw-mul/libgcc.a(_ne_df.o)
                0x0200ed58                __nedf2
 .text          0x0200ede0       0x88 /OPT/altera/12.1/nios2eds/bin/gnu/H-i686-pc-linux-gnu/bin/../lib/gcc/nios2-elf/4.1.2/mno-hw-mul/libgcc.a(_gt_df.o)
                0x0200ede0                __gtdf2
 .text          0x0200ee68       0x88 /OPT/altera/12.1/nios2eds/bin/gnu/H-i686-pc-linux-gnu/bin/../lib/gcc/nios2-elf/4.1.2/mno-hw-mul/libgcc.a(_ge_df.o)
                0x0200ee68                __gedf2
 .text          0x0200eef0       0x88 /OPT/altera/12.1/nios2eds/bin/gnu/H-i686-pc-linux-gnu/bin/../lib/gcc/nios2-elf/4.1.2/mno-hw-mul/libgcc.a(_lt_df.o)
                0x0200eef0                __ltdf2
 .text          0x0200ef78       0xf8 /OPT/altera/12.1/nios2eds/bin/gnu/H-i686-pc-linux-gnu/bin/../lib/gcc/nios2-elf/4.1.2/mno-hw-mul/libgcc.a(_si_to_df.o)
                0x0200ef78                __floatsidf
 .text          0x0200f070       0xd8 /OPT/altera/12.1/nios2eds/bin/gnu/H-i686-pc-linux-gnu/bin/../lib/gcc/nios2-elf/4.1.2/mno-hw-mul/libgcc.a(_df_to_si.o)
                0x0200f070                __fixdfsi
 .text          0x0200f148      0x194 /OPT/altera/12.1/nios2eds/bin/gnu/H-i686-pc-linux-gnu/bin/../lib/gcc/nios2-elf/4.1.2/mno-hw-mul/libgcc.a(_usi_to_df.o)
                0x0200f148                __floatunsidf
 .text          0x0200f2dc      0x124 /OPT/altera/12.1/nios2eds/bin/gnu/H-i686-pc-linux-gnu/bin/../lib/gcc/nios2-elf/4.1.2/mno-hw-mul/libgcc.a(_muldi3.o)
                0x0200f2dc                __muldi3
 .text          0x0200f400        0x0 /OPT/altera/12.1/nios2eds/bin/gnu/H-i686-pc-linux-gnu/bin/../lib/gcc/nios2-elf/4.1.2/mno-hw-mul/libgcc.a(_clz.o)
 .text          0x0200f400       0x80 /OPT/altera/12.1/nios2eds/bin/gnu/H-i686-pc-linux-gnu/bin/../lib/gcc/nios2-elf/4.1.2/mno-hw-mul/libgcc.a(_clzsi2.o)
                0x0200f400                __clzsi2
 .text          0x0200f480      0x154 ../electronic_engine_control_bsp//libucosii_bsp.a(alt_alarm_start.o)
                0x0200f480                alt_alarm_start
 .text          0x0200f5d4      0x160 ../electronic_engine_control_bsp//libucosii_bsp.a(alt_close.o)
                0x0200f5d4                close
 .text          0x0200f734       0x2c ../electronic_engine_control_bsp//libucosii_bsp.a(alt_dev.o)
 .text          0x0200f760        0x0 ../electronic_engine_control_bsp//libucosii_bsp.a(alt_errno.o)
 .text          0x0200f760       0x6c ../electronic_engine_control_bsp//libucosii_bsp.a(alt_exit.o)
                0x0200f7a0                _exit
 .text          0x0200f7cc      0x138 ../electronic_engine_control_bsp//libucosii_bsp.a(alt_fstat.o)
                0x0200f7cc                fstat
 .text          0x0200f904       0x20 ../electronic_engine_control_bsp//libucosii_bsp.a(alt_getpid.o)
                0x0200f904                getpid
 .text          0x0200f924      0x1c0 ../electronic_engine_control_bsp//libucosii_bsp.a(alt_irq_register.o)
                0x0200f924                alt_irq_register
 .text          0x0200fae4        0x0 ../electronic_engine_control_bsp//libucosii_bsp.a(alt_irq_vars.o)
 .text          0x0200fae4      0x124 ../electronic_engine_control_bsp//libucosii_bsp.a(alt_isatty.o)
                0x0200fae4                isatty
 .text          0x0200fc08      0x1a0 ../electronic_engine_control_bsp//libucosii_bsp.a(alt_kill.o)
                0x0200fc08                kill
 .text          0x0200fda8       0xec ../electronic_engine_control_bsp//libucosii_bsp.a(alt_load.o)
                0x0200fda8                alt_load
 .text          0x0200fe94      0x154 ../electronic_engine_control_bsp//libucosii_bsp.a(alt_lseek.o)
                0x0200fe94                lseek
 .text          0x0200ffe8       0xc8 ../electronic_engine_control_bsp//libucosii_bsp.a(alt_main.o)
                0x0200ffe8                alt_main
 .text          0x020100b0      0x184 ../electronic_engine_control_bsp//libucosii_bsp.a(alt_read.o)
                0x020100b0                read
 .text          0x02010234       0x78 ../electronic_engine_control_bsp//libucosii_bsp.a(alt_release_fd.o)
                0x02010234                alt_release_fd
 .text          0x020102ac       0xbc ../electronic_engine_control_bsp//libucosii_bsp.a(alt_sbrk.o)
                0x020102ac                sbrk
 .text          0x02010368      0x1a8 ../electronic_engine_control_bsp//libucosii_bsp.a(alt_tick.o)
                0x02010368                alt_alarm_stop
                0x02010400                alt_tick
 .text          0x02010510      0x184 ../electronic_engine_control_bsp//libucosii_bsp.a(alt_write.o)
                0x02010510                write
 .text          0x02010694      0x108 ../electronic_engine_control_bsp//libucosii_bsp.a(alt_env_lock.o)
                0x02010694                __env_lock
                0x02010740                __env_unlock
 .text          0x0201079c      0x1d8 ../electronic_engine_control_bsp//libucosii_bsp.a(alt_malloc_lock.o)
                0x0201079c                __malloc_lock
                0x020108a4                __malloc_unlock
 .text          0x02010974     0x2128 ../electronic_engine_control_bsp//libucosii_bsp.a(os_core.o)
                0x02010974                OSEventNameGet
                0x02010aa4                OSEventNameSet
                0x02010be8                OSEventPendMulti
                0x0201129c                OSInit
                0x020112f0                OSIntEnter
                0x0201136c                OSIntExit
                0x0201146c                OSSchedLock
                0x020114f8                OSSchedUnlock
                0x020115dc                OSStart
                0x0201164c                OSStatInit
                0x020116f8                OSTimeTick
                0x02011938                OSVersion
                0x02011958                OS_Dummy
                0x02011974                OS_EventTaskRdy
                0x02011b08                OS_EventTaskWait
                0x02011c18                OS_EventTaskWaitMulti
                0x02011d6c                OS_EventTaskRemove
                0x02011e24                OS_EventTaskRemoveMulti
                0x02011f28                OS_EventWaitListInit
                0x020122f4                OS_MemClr
                0x02012348                OS_MemCopy
                0x020123b4                OS_Sched
                0x020124f8                OS_StrCopy
                0x02012578                OS_StrLen
                0x020125d0                OS_TaskIdle
                0x0201262c                OS_TaskStat
                0x020126f4                OS_TaskStatStkChk
                0x020127bc                OS_TCBInit
 .text          0x02012a9c      0x18c ../electronic_engine_control_bsp//libucosii_bsp.a(os_dbg.o)
                0x02012a9c                OSDebugInit
 .text          0x02012c28     0x193c ../electronic_engine_control_bsp//libucosii_bsp.a(os_flag.o)
                0x02012c28                OSFlagAccept
                0x02012f5c                OSFlagCreate
                0x02013098                OSFlagDel
                0x02013340                OSFlagNameGet
                0x02013484                OSFlagNameSet
                0x020135d8                OSFlagPend
                0x02013c1c                OSFlagPendGetFlagsRdy
                0x02013c84                OSFlagPost
                0x0201402c                OSFlagQuery
                0x020142c4                OS_FlagInit
                0x020144b8                OS_FlagUnlink
 .text          0x02014564      0x80c ../electronic_engine_control_bsp//libucosii_bsp.a(os_mem.o)
                0x02014564                OSMemCreate
                0x02014780                OSMemGet
                0x02014884                OSMemNameGet
                0x02014990                OSMemNameSet
                0x02014ab0                OSMemPut
                0x02014ba0                OSMemQuery
                0x02014c9c                OS_MemInit
 .text          0x02014d70     0x1334 ../electronic_engine_control_bsp//libucosii_bsp.a(os_q.o)
                0x02014d70                OSQAccept
                0x02014ec4                OSQCreate
                0x020150d8                OSQDel
                0x020153d8                OSQFlush
                0x020154a0                OSQPend
                0x020157c0                OSQPendAbort
                0x0201593c                OSQPost
                0x02015abc                OSQPostFront
                0x02015c44                OSQPostOpt
                0x02015e78                OSQQuery
                0x02015ff8                OS_QInit
 .text          0x020160a4      0xbc8 ../electronic_engine_control_bsp//libucosii_bsp.a(os_sem.o)
                0x020160a4                OSSemAccept
                0x02016164                OSSemCreate
                0x02016278                OSSemDel
                0x02016518                OSSemPend
                0x02016794                OSSemPendAbort
                0x02016910                OSSemPost
                0x02016a38                OSSemQuery
                0x02016b68                OSSemSet
 .text          0x02016c6c     0x1a40 ../electronic_engine_control_bsp//libucosii_bsp.a(os_task.o)
                0x02016c6c                OSTaskChangePrio
                0x020171e0                OSTaskCreate
                0x020173b4                OSTaskCreateExt
                0x020175b4                OSTaskDel
                0x020179c0                OSTaskDelReq
                0x02017b30                OSTaskNameGet
                0x02017ce8                OSTaskNameSet
                0x02017eac                OSTaskResume
                0x020180c4                OSTaskStkChk
                0x020182c0                OSTaskSuspend
                0x020184ec                OSTaskQuery
                0x02018630                OS_TaskStkClr
 .text          0x020186ac      0x5b4 ../electronic_engine_control_bsp//libucosii_bsp.a(os_time.o)
                0x020186ac                OSTimeDly
                0x020187f8                OSTimeDlyHMSM
                0x02018988                OSTimeDlyResume
                0x02018b98                OSTimeGet
                0x02018bfc                OSTimeSet
 .text          0x02018c60      0x108 ../electronic_engine_control_bsp//libucosii_bsp.a(alt_sys_init.o)
                0x02018c60                alt_irq_init
                0x02018c94                alt_sys_init
 .text          0x02018d68      0x148 ../electronic_engine_control_bsp//libucosii_bsp.a(altera_avalon_jtag_uart_fd.o)
                0x02018d68                altera_avalon_jtag_uart_read_fd
                0x02018dc0                altera_avalon_jtag_uart_write_fd
                0x02018e18                altera_avalon_jtag_uart_close_fd
                0x02018e60                altera_avalon_jtag_uart_ioctl_fd
 .text          0x02018eb0      0x580 ../electronic_engine_control_bsp//libucosii_bsp.a(altera_avalon_jtag_uart_init.o)
                0x02018eb0                altera_avalon_jtag_uart_init
                0x020193bc                altera_avalon_jtag_uart_close
 .text          0x02019430       0xf4 ../electronic_engine_control_bsp//libucosii_bsp.a(altera_avalon_jtag_uart_ioctl.o)
                0x02019430                altera_avalon_jtag_uart_ioctl
 .text          0x02019524      0x2c0 ../electronic_engine_control_bsp//libucosii_bsp.a(altera_avalon_jtag_uart_read.o)
                0x02019524                altera_avalon_jtag_uart_read
 .text          0x020197e4      0x2dc ../electronic_engine_control_bsp//libucosii_bsp.a(altera_avalon_jtag_uart_write.o)
                0x020197e4                altera_avalon_jtag_uart_write
 .text          0x02019ac0       0xfc ../electronic_engine_control_bsp//libucosii_bsp.a(altera_avalon_timer_sc.o)
                0x02019b34                alt_avalon_timer_sc_init
 .text          0x02019bbc        0x0 ../electronic_engine_control_bsp//libucosii_bsp.a(altera_avalon_timer_vars.o)
 .text          0x02019bbc      0x180 ../electronic_engine_control_bsp//libucosii_bsp.a(altera_up_avalon_de0_nano_adc.o)
                0x02019bbc                alt_up_de0_nano_adc_open_dev
                0x02019bfc                alt_up_de0_nano_adc_read
 .text          0x02019d3c      0x398 ../electronic_engine_control_bsp//libucosii_bsp.a(altera_up_avalon_rs232.o)
                0x02019d3c                alt_up_rs232_enable_read_interrupt
                0x02019d90                alt_up_rs232_disable_read_interrupt
                0x02019de8                alt_up_rs232_get_used_space_in_read_FIFO
                0x02019e24                alt_up_rs232_get_available_space_in_write_FIFO
                0x02019e64                alt_up_rs232_check_parity
                0x02019eb4                alt_up_rs232_write_data
                0x02019efc                alt_up_rs232_read_data
                0x02019f70                alt_up_rs232_read_fd
                0x0201a000                alt_up_rs232_write_fd
                0x0201a094                alt_up_rs232_open_dev
 .text          0x0201a0d4       0x1c ../electronic_engine_control_bsp//libucosii_bsp.a(alt_dcache_flush_all.o)
                0x0201a0d4                alt_dcache_flush_all
 .text          0x0201a0f0      0x114 ../electronic_engine_control_bsp//libucosii_bsp.a(alt_dev_llist_insert.o)
                0x0201a0f0                alt_dev_llist_insert
 .text          0x0201a204       0x64 ../electronic_engine_control_bsp//libucosii_bsp.a(alt_do_ctors.o)
                0x0201a204                _do_ctors
 .text          0x0201a268       0x64 ../electronic_engine_control_bsp//libucosii_bsp.a(alt_do_dtors.o)
                0x0201a268                _do_dtors
 .text          0x0201a2cc       0x94 ../electronic_engine_control_bsp//libucosii_bsp.a(alt_find_dev.o)
                0x0201a2cc                alt_find_dev
 .text          0x0201a360       0x1c ../electronic_engine_control_bsp//libucosii_bsp.a(alt_icache_flush_all.o)
                0x0201a360                alt_icache_flush_all
 .text          0x0201a37c      0x150 ../electronic_engine_control_bsp//libucosii_bsp.a(alt_io_redirect.o)
                0x0201a454                alt_io_redirect
 .text          0x0201a4cc        0x0 ../electronic_engine_control_bsp//libucosii_bsp.a(alt_irq_entry.o)
 .text          0x0201a4cc        0x0 ../electronic_engine_control_bsp//libucosii_bsp.a(alt_irq_handler.o)
 .text          0x0201a4cc      0x2e4 ../electronic_engine_control_bsp//libucosii_bsp.a(alt_open.o)
                0x0201a5c4                open
 .text          0x0201a7b0       0x20 ../electronic_engine_control_bsp//libucosii_bsp.a(altera_nios2_qsys_irq.o)
                0x0201a7b0                altera_nios2_qsys_irq_init
 .text          0x0201a7d0       0xd0 ../electronic_engine_control_bsp//libucosii_bsp.a(os_cpu_a.o)
                0x0201a7d0                OSCtxSw
                0x0201a7d0                OSIntCtxSw
                0x0201a85c                OSStartHighRdy
                0x0201a87c                OSStartTsk
 .text          0x0201a8a0      0x418 ../electronic_engine_control_bsp//libucosii_bsp.a(os_cpu_c.o)
                0x0201a8a0                OSTaskStkInit
                0x0201abb0                OSTaskCreateHook
                0x0201abd0                OSTaskDelHook
                0x0201abf0                OSTaskSwHook
                0x0201ac0c                OSTaskStatHook
                0x0201ac28                OSTimeTickHook
                0x0201ac44                OSInitHookBegin
                0x0201ac60                OSInitHookEnd
                0x0201ac7c                OSTaskIdleHook
                0x0201ac98                OSTCBInitHook
 .text          0x0201acb8        0x0 ../electronic_engine_control_bsp//libucosii_bsp.a(alt_exception_entry.o)
 .text          0x0201acb8      0x120 ../electronic_engine_control_bsp//libucosii_bsp.a(alt_find_file.o)
                0x0201acb8                alt_find_file
 .text          0x0201add8      0x104 ../electronic_engine_control_bsp//libucosii_bsp.a(alt_get_fd.o)
                0x0201add8                alt_get_fd
 .text          0x0201aedc       0x14 /OPT/altera/12.1/nios2eds/bin/gnu/H-i686-pc-linux-gnu/bin/../lib/gcc/nios2-elf/4.1.2/../../../../nios2-elf/lib/mno-hw-mul/libc.a(lib_a-atexit.o)
                0x0201aedc                atexit
 .text          0x0201aef0       0x38 /OPT/altera/12.1/nios2eds/bin/gnu/H-i686-pc-linux-gnu/bin/../lib/gcc/nios2-elf/4.1.2/../../../../nios2-elf/lib/mno-hw-mul/libc.a(lib_a-exit.o)
                0x0201aef0                exit
 .text          0x0201af28       0x74 /OPT/altera/12.1/nios2eds/bin/gnu/H-i686-pc-linux-gnu/bin/../lib/gcc/nios2-elf/4.1.2/../../../../nios2-elf/lib/mno-hw-mul/libc.a(lib_a-memcmp.o)
                0x0201af28                memcmp
 .text          0x0201af9c      0x134 /OPT/altera/12.1/nios2eds/bin/gnu/H-i686-pc-linux-gnu/bin/../lib/gcc/nios2-elf/4.1.2/../../../../nios2-elf/lib/mno-hw-mul/libc.a(lib_a-__atexit.o)
                0x0201af9c                __register_exitproc
 .text          0x0201b0d0      0x1b4 /OPT/altera/12.1/nios2eds/bin/gnu/H-i686-pc-linux-gnu/bin/../lib/gcc/nios2-elf/4.1.2/../../../../nios2-elf/lib/mno-hw-mul/libc.a(lib_a-__call_atexit.o)
                0x0201b0d4                __call_exitprocs
 *(.gnu.warning.*)
 *(.fini)
                0x0201b284                PROVIDE (__etext, ABSOLUTE (.))
                0x0201b284                PROVIDE (_etext, ABSOLUTE (.))
                0x0201b284                PROVIDE (etext, ABSOLUTE (.))
 *(.eh_frame_hdr)
                0x0201b284                . = ALIGN (0x4)
                0x0201b284                PROVIDE (__preinit_array_start, ABSOLUTE (.))
 *(.preinit_array)
                0x0201b284                PROVIDE (__preinit_array_end, ABSOLUTE (.))
                0x0201b284                PROVIDE (__init_array_start, ABSOLUTE (.))
 *(.init_array)
                0x0201b284                PROVIDE (__init_array_end, ABSOLUTE (.))
                0x0201b284                PROVIDE (__fini_array_start, ABSOLUTE (.))
 *(.fini_array)
                0x0201b284                PROVIDE (__fini_array_end, ABSOLUTE (.))
 *(.eh_frame)
 *(.gcc_except_table)
 *(.dynamic)
                0x0201b284                PROVIDE (__CTOR_LIST__, ABSOLUTE (.))
 *(.ctors)
 *(SORT(.ctors.*))
 .ctors.65535   0x0201b284        0x4 /OPT/altera/12.1/nios2eds/bin/gnu/H-i686-pc-linux-gnu/bin/../lib/gcc/nios2-elf/4.1.2/../../../../nios2-elf/lib/mno-hw-mul/libc.a(lib_a-__call_atexit.o)
                0x0201b288                PROVIDE (__CTOR_END__, ABSOLUTE (.))
                0x0201b288                PROVIDE (__DTOR_LIST__, ABSOLUTE (.))
 *(.dtors)
 *(SORT(.dtors.*))
                0x0201b288                PROVIDE (__DTOR_END__, ABSOLUTE (.))
 *(.jcr)
                0x0201b288                . = ALIGN (0x4)

.rodata         0x0201b288      0xb48
                0x0201b288                PROVIDE (__ram_rodata_start, ABSOLUTE (.))
                0x0201b288                . = ALIGN (0x4)
 *(.rodata .rodata.* .gnu.linkonce.r.*)
 .rodata        0x0201b288       0xec obj/default/apps_task.o
 .rodata        0x0201b374       0xac obj/default/failure_handler_task.o
 .rodata        0x0201b420       0x5c obj/default/main.o
 .rodata        0x0201b47c      0x14c obj/default/mem_manager.o
 .rodata        0x0201b5c8      0x12c obj/default/solenoid_task.o
 .rodata        0x0201b6f4      0x170 obj/default/tests/CuTest.o
 .rodata        0x0201b864       0x80 obj/default/tests/testbench.o
 .rodata        0x0201b8e4       0x14 /OPT/altera/12.1/nios2eds/bin/gnu/H-i686-pc-linux-gnu/bin/../lib/gcc/nios2-elf/4.1.2/mno-hw-mul/libgcc.a(_thenan_df.o)
                0x0201b8e4                __thenan_df
 .rodata.str1.4
                0x0201b8f8       0x3d /OPT/altera/12.1/nios2eds/bin/gnu/H-i686-pc-linux-gnu/bin/../lib/gcc/nios2-elf/4.1.2/../../../../nios2-elf/lib/mno-hw-mul/libc.a(lib_a-assert.o)
                                 0x44 (size before relaxing)
 *fill*         0x0201b935        0x3 00
 .rodata.str1.4
                0x0201b938        0x2 /OPT/altera/12.1/nios2eds/bin/gnu/H-i686-pc-linux-gnu/bin/../lib/gcc/nios2-elf/4.1.2/../../../../nios2-elf/lib/mno-hw-mul/libc.a(lib_a-impure.o)
                                  0x4 (size before relaxing)
 *fill*         0x0201b93a        0x2 00
 .rodata.str1.4
                0x0201b93c        0x2 /OPT/altera/12.1/nios2eds/bin/gnu/H-i686-pc-linux-gnu/bin/../lib/gcc/nios2-elf/4.1.2/../../../../nios2-elf/lib/mno-hw-mul/libc.a(lib_a-puts.o)
                                  0x4 (size before relaxing)
 *fill*         0x0201b93e        0x2 00
 .rodata.str1.4
                0x0201b940       0x5e /OPT/altera/12.1/nios2eds/bin/gnu/H-i686-pc-linux-gnu/bin/../lib/gcc/nios2-elf/4.1.2/../../../../nios2-elf/lib/mno-hw-mul/libc.a(lib_a-vfprintf.o)
                                 0x60 (size before relaxing)
 .rodata        0x0201b99e       0x20 /OPT/altera/12.1/nios2eds/bin/gnu/H-i686-pc-linux-gnu/bin/../lib/gcc/nios2-elf/4.1.2/../../../../nios2-elf/lib/mno-hw-mul/libc.a(lib_a-vfprintf.o)
 *fill*         0x0201b9be        0x2 00
 .rodata.str1.4
                0x0201b9c0       0x10 /OPT/altera/12.1/nios2eds/bin/gnu/H-i686-pc-linux-gnu/bin/../lib/gcc/nios2-elf/4.1.2/../../../../nios2-elf/lib/mno-hw-mul/libc.a(lib_a-dtoa.o)
                                 0x14 (size before relaxing)
 .rodata.str1.4
                0x0201b9d0       0x10 /OPT/altera/12.1/nios2eds/bin/gnu/H-i686-pc-linux-gnu/bin/../lib/gcc/nios2-elf/4.1.2/../../../../nios2-elf/lib/mno-hw-mul/libc.a(lib_a-locale.o)
                                 0x18 (size before relaxing)
 .rodata        0x0201b9e0       0x30 /OPT/altera/12.1/nios2eds/bin/gnu/H-i686-pc-linux-gnu/bin/../lib/gcc/nios2-elf/4.1.2/../../../../nios2-elf/lib/mno-hw-mul/libc.a(lib_a-locale.o)
 .rodata        0x0201ba10      0x124 /OPT/altera/12.1/nios2eds/bin/gnu/H-i686-pc-linux-gnu/bin/../lib/gcc/nios2-elf/4.1.2/../../../../nios2-elf/lib/mno-hw-mul/libc.a(lib_a-mprec.o)
                0x0201ba10                __mprec_tens
                0x0201bad8                __mprec_bigtens
                0x0201bb00                __mprec_tinytens
 .rodata.str1.4
                0x00000000       0x4c /OPT/altera/12.1/nios2eds/bin/gnu/H-i686-pc-linux-gnu/bin/../lib/gcc/nios2-elf/4.1.2/../../../../nios2-elf/lib/mno-hw-mul/libc.a(lib_a-vfiprintf.o)
 .rodata        0x0201bb34       0x20 /OPT/altera/12.1/nios2eds/bin/gnu/H-i686-pc-linux-gnu/bin/../lib/gcc/nios2-elf/4.1.2/../../../../nios2-elf/lib/mno-hw-mul/libc.a(lib_a-vfiprintf.o)
 .rodata        0x0201bb54      0x100 /OPT/altera/12.1/nios2eds/bin/gnu/H-i686-pc-linux-gnu/bin/../lib/gcc/nios2-elf/4.1.2/mno-hw-mul/libgcc.a(_clz.o)
                0x0201bb54                __clz_tab
 .rodata        0x0201bc54        0xc ../electronic_engine_control_bsp//libucosii_bsp.a(alt_dev.o)
 .rodata        0x0201bc60       0x14 ../electronic_engine_control_bsp//libucosii_bsp.a(alt_main.o)
 .rodata        0x0201bc74      0x120 ../electronic_engine_control_bsp//libucosii_bsp.a(os_core.o)
                0x0201bc74                OSUnMapTbl
 .rodata        0x0201bd94       0x38 ../electronic_engine_control_bsp//libucosii_bsp.a(alt_sys_init.o)
 .rodata        0x0201bdcc        0x4 ../electronic_engine_control_bsp//libucosii_bsp.a(os_cpu_c.o)
 *(.rodata1)
                0x0201bdd0                . = ALIGN (0x4)
                0x0201bdd0                PROVIDE (__ram_rodata_end, ABSOLUTE (.))
                0x0201b288                PROVIDE (__flash_rodata_start, LOADADDR (.rodata))

.rwdata         0x0201bdd0     0x1b40 load address 0x0201d910
                0x0201bdd0                PROVIDE (__ram_rwdata_start, ABSOLUTE (.))
                0x0201bdd0                . = ALIGN (0x4)
 *(.got.plt)
 *(.got)
 *(.data1)
 *(.data .data.* .gnu.linkonce.d.*)
 .data          0x0201bdd0        0x0 ../electronic_engine_control_bsp//obj/HAL/src/crt0.o
 .data          0x0201bdd0        0x0 obj/default/apps_task.o
 .data          0x0201bdd0        0x0 obj/default/eng_trans_data.o
 .data          0x0201bdd0        0x0 obj/default/failure_handler_task.o
 .data          0x0201bdd0        0x0 obj/default/main.o
 .data          0x0201bdd0        0x0 obj/default/mem_manager.o
 .data          0x0201bdd0        0x0 obj/default/motor_control_task.o
 .data          0x0201bdd0        0x0 obj/default/pwm_gen.o
 .data          0x0201bdd0        0x0 obj/default/solenoid_task.o
 .data          0x0201bdd0        0x0 obj/default/tests/CuTest.o
 .data          0x0201bdd0        0x0 obj/default/tests/testbench.o
 .data          0x0201bdd0        0x0 obj/default/throttle_data.o
 .data          0x0201bdd0        0x0 obj/default/util.o
 .data          0x0201bdd0        0x0 /OPT/altera/12.1/nios2eds/bin/gnu/H-i686-pc-linux-gnu/bin/../lib/gcc/nios2-elf/4.1.2/mno-hw-mul/libgcc.a(_addsub_df.o)
 .data          0x0201bdd0        0x0 /OPT/altera/12.1/nios2eds/bin/gnu/H-i686-pc-linux-gnu/bin/../lib/gcc/nios2-elf/4.1.2/mno-hw-mul/libgcc.a(_le_df.o)
 .data          0x0201bdd0        0x0 /OPT/altera/12.1/nios2eds/bin/gnu/H-i686-pc-linux-gnu/bin/../lib/gcc/nios2-elf/4.1.2/mno-hw-mul/libgcc.a(_thenan_df.o)
 .data          0x0201bdd0        0x0 /OPT/altera/12.1/nios2eds/bin/gnu/H-i686-pc-linux-gnu/bin/../lib/gcc/nios2-elf/4.1.2/mno-hw-mul/libgcc.a(lib2-divmod.o)
 .data          0x0201bdd0        0x0 /OPT/altera/12.1/nios2eds/bin/gnu/H-i686-pc-linux-gnu/bin/../lib/gcc/nios2-elf/4.1.2/mno-hw-mul/libgcc.a(lib2-mul.o)
 .data          0x0201bdd0        0x0 /OPT/altera/12.1/nios2eds/bin/gnu/H-i686-pc-linux-gnu/bin/../lib/gcc/nios2-elf/4.1.2/mno-hw-mul/libgcc.a(_pack_df.o)
 .data          0x0201bdd0        0x0 /OPT/altera/12.1/nios2eds/bin/gnu/H-i686-pc-linux-gnu/bin/../lib/gcc/nios2-elf/4.1.2/mno-hw-mul/libgcc.a(_unpack_df.o)
 .data          0x0201bdd0        0x0 /OPT/altera/12.1/nios2eds/bin/gnu/H-i686-pc-linux-gnu/bin/../lib/gcc/nios2-elf/4.1.2/mno-hw-mul/libgcc.a(_fpcmp_parts_df.o)
 .data          0x0201bdd0        0x0 /OPT/altera/12.1/nios2eds/bin/gnu/H-i686-pc-linux-gnu/bin/../lib/gcc/nios2-elf/4.1.2/../../../../nios2-elf/lib/mno-hw-mul/libc.a(lib_a-assert.o)
 .data          0x0201bdd0        0x0 /OPT/altera/12.1/nios2eds/bin/gnu/H-i686-pc-linux-gnu/bin/../lib/gcc/nios2-elf/4.1.2/../../../../nios2-elf/lib/mno-hw-mul/libc.a(lib_a-fiprintf.o)
 .data          0x0201bdd0      0x400 /OPT/altera/12.1/nios2eds/bin/gnu/H-i686-pc-linux-gnu/bin/../lib/gcc/nios2-elf/4.1.2/../../../../nios2-elf/lib/mno-hw-mul/libc.a(lib_a-impure.o)
 .data          0x0201c1d0        0x0 /OPT/altera/12.1/nios2eds/bin/gnu/H-i686-pc-linux-gnu/bin/../lib/gcc/nios2-elf/4.1.2/../../../../nios2-elf/lib/mno-hw-mul/libc.a(lib_a-malloc.o)
 .data          0x0201c1d0      0x408 /OPT/altera/12.1/nios2eds/bin/gnu/H-i686-pc-linux-gnu/bin/../lib/gcc/nios2-elf/4.1.2/../../../../nios2-elf/lib/mno-hw-mul/libc.a(lib_a-mallocr.o)
                0x0201c1d0                __malloc_av_
 .data          0x0201c5d8        0x0 /OPT/altera/12.1/nios2eds/bin/gnu/H-i686-pc-linux-gnu/bin/../lib/gcc/nios2-elf/4.1.2/../../../../nios2-elf/lib/mno-hw-mul/libc.a(lib_a-memcpy.o)
 .data          0x0201c5d8        0x0 /OPT/altera/12.1/nios2eds/bin/gnu/H-i686-pc-linux-gnu/bin/../lib/gcc/nios2-elf/4.1.2/../../../../nios2-elf/lib/mno-hw-mul/libc.a(lib_a-memmove.o)
 .data          0x0201c5d8        0x0 /OPT/altera/12.1/nios2eds/bin/gnu/H-i686-pc-linux-gnu/bin/../lib/gcc/nios2-elf/4.1.2/../../../../nios2-elf/lib/mno-hw-mul/libc.a(lib_a-memset.o)
 .data          0x0201c5d8        0x0 /OPT/altera/12.1/nios2eds/bin/gnu/H-i686-pc-linux-gnu/bin/../lib/gcc/nios2-elf/4.1.2/../../../../nios2-elf/lib/mno-hw-mul/libc.a(lib_a-printf.o)
 .data          0x0201c5d8        0x0 /OPT/altera/12.1/nios2eds/bin/gnu/H-i686-pc-linux-gnu/bin/../lib/gcc/nios2-elf/4.1.2/../../../../nios2-elf/lib/mno-hw-mul/libc.a(lib_a-putchar.o)
 .data          0x0201c5d8        0x0 /OPT/altera/12.1/nios2eds/bin/gnu/H-i686-pc-linux-gnu/bin/../lib/gcc/nios2-elf/4.1.2/../../../../nios2-elf/lib/mno-hw-mul/libc.a(lib_a-puts.o)
 .data          0x0201c5d8        0x0 /OPT/altera/12.1/nios2eds/bin/gnu/H-i686-pc-linux-gnu/bin/../lib/gcc/nios2-elf/4.1.2/../../../../nios2-elf/lib/mno-hw-mul/libc.a(lib_a-realloc.o)
 .data          0x0201c5d8        0x0 /OPT/altera/12.1/nios2eds/bin/gnu/H-i686-pc-linux-gnu/bin/../lib/gcc/nios2-elf/4.1.2/../../../../nios2-elf/lib/mno-hw-mul/libc.a(lib_a-reallocr.o)
 .data          0x0201c5d8        0x0 /OPT/altera/12.1/nios2eds/bin/gnu/H-i686-pc-linux-gnu/bin/../lib/gcc/nios2-elf/4.1.2/../../../../nios2-elf/lib/mno-hw-mul/libc.a(lib_a-sbrkr.o)
 .data          0x0201c5d8        0x0 /OPT/altera/12.1/nios2eds/bin/gnu/H-i686-pc-linux-gnu/bin/../lib/gcc/nios2-elf/4.1.2/../../../../nios2-elf/lib/mno-hw-mul/libc.a(lib_a-setjmp.o)
 .data          0x0201c5d8        0x0 /OPT/altera/12.1/nios2eds/bin/gnu/H-i686-pc-linux-gnu/bin/../lib/gcc/nios2-elf/4.1.2/../../../../nios2-elf/lib/mno-hw-mul/libc.a(lib_a-snprintf.o)
 .data          0x0201c5d8        0x0 /OPT/altera/12.1/nios2eds/bin/gnu/H-i686-pc-linux-gnu/bin/../lib/gcc/nios2-elf/4.1.2/../../../../nios2-elf/lib/mno-hw-mul/libc.a(lib_a-sprintf.o)
 .data          0x0201c5d8        0x0 /OPT/altera/12.1/nios2eds/bin/gnu/H-i686-pc-linux-gnu/bin/../lib/gcc/nios2-elf/4.1.2/../../../../nios2-elf/lib/mno-hw-mul/libc.a(lib_a-strcat.o)
 .data          0x0201c5d8        0x0 /OPT/altera/12.1/nios2eds/bin/gnu/H-i686-pc-linux-gnu/bin/../lib/gcc/nios2-elf/4.1.2/../../../../nios2-elf/lib/mno-hw-mul/libc.a(lib_a-strcmp.o)
 .data          0x0201c5d8        0x0 /OPT/altera/12.1/nios2eds/bin/gnu/H-i686-pc-linux-gnu/bin/../lib/gcc/nios2-elf/4.1.2/../../../../nios2-elf/lib/mno-hw-mul/libc.a(lib_a-strcpy.o)
 .data          0x0201c5d8        0x0 /OPT/altera/12.1/nios2eds/bin/gnu/H-i686-pc-linux-gnu/bin/../lib/gcc/nios2-elf/4.1.2/../../../../nios2-elf/lib/mno-hw-mul/libc.a(lib_a-strlen.o)
 .data          0x0201c5d8        0x0 /OPT/altera/12.1/nios2eds/bin/gnu/H-i686-pc-linux-gnu/bin/../lib/gcc/nios2-elf/4.1.2/../../../../nios2-elf/lib/mno-hw-mul/libc.a(lib_a-vfiprintfr_1.o)
 .data          0x0201c5d8        0x0 /OPT/altera/12.1/nios2eds/bin/gnu/H-i686-pc-linux-gnu/bin/../lib/gcc/nios2-elf/4.1.2/../../../../nios2-elf/lib/mno-hw-mul/libc.a(lib_a-vfprintf.o)
 .data          0x0201c5d8        0x0 /OPT/altera/12.1/nios2eds/bin/gnu/H-i686-pc-linux-gnu/bin/../lib/gcc/nios2-elf/4.1.2/../../../../nios2-elf/lib/mno-hw-mul/libc.a(lib_a-wsetup.o)
 .data          0x0201c5d8        0x0 /OPT/altera/12.1/nios2eds/bin/gnu/H-i686-pc-linux-gnu/bin/../lib/gcc/nios2-elf/4.1.2/../../../../nios2-elf/lib/mno-hw-mul/libc.a(lib_a-abort.o)
 .data          0x0201c5d8        0x0 /OPT/altera/12.1/nios2eds/bin/gnu/H-i686-pc-linux-gnu/bin/../lib/gcc/nios2-elf/4.1.2/../../../../nios2-elf/lib/mno-hw-mul/libc.a(lib_a-dtoa.o)
 .data          0x0201c5d8        0x0 /OPT/altera/12.1/nios2eds/bin/gnu/H-i686-pc-linux-gnu/bin/../lib/gcc/nios2-elf/4.1.2/../../../../nios2-elf/lib/mno-hw-mul/libc.a(lib_a-fflush.o)
 .data          0x0201c5d8        0x0 /OPT/altera/12.1/nios2eds/bin/gnu/H-i686-pc-linux-gnu/bin/../lib/gcc/nios2-elf/4.1.2/../../../../nios2-elf/lib/mno-hw-mul/libc.a(lib_a-findfp.o)
 .data          0x0201c5d8        0x0 /OPT/altera/12.1/nios2eds/bin/gnu/H-i686-pc-linux-gnu/bin/../lib/gcc/nios2-elf/4.1.2/../../../../nios2-elf/lib/mno-hw-mul/libc.a(lib_a-freer.o)
 .data          0x0201c5d8        0x0 /OPT/altera/12.1/nios2eds/bin/gnu/H-i686-pc-linux-gnu/bin/../lib/gcc/nios2-elf/4.1.2/../../../../nios2-elf/lib/mno-hw-mul/libc.a(lib_a-fvwrite.o)
 .data          0x0201c5d8        0x0 /OPT/altera/12.1/nios2eds/bin/gnu/H-i686-pc-linux-gnu/bin/../lib/gcc/nios2-elf/4.1.2/../../../../nios2-elf/lib/mno-hw-mul/libc.a(lib_a-fwalk.o)
 .data          0x0201c5d8        0x0 /OPT/altera/12.1/nios2eds/bin/gnu/H-i686-pc-linux-gnu/bin/../lib/gcc/nios2-elf/4.1.2/../../../../nios2-elf/lib/mno-hw-mul/libc.a(lib_a-int_errno.o)
 .data          0x0201c5d8        0xc /OPT/altera/12.1/nios2eds/bin/gnu/H-i686-pc-linux-gnu/bin/../lib/gcc/nios2-elf/4.1.2/../../../../nios2-elf/lib/mno-hw-mul/libc.a(lib_a-locale.o)
                0x0201c5d8                __lc_ctype
 .data          0x0201c5e4        0x0 /OPT/altera/12.1/nios2eds/bin/gnu/H-i686-pc-linux-gnu/bin/../lib/gcc/nios2-elf/4.1.2/../../../../nios2-elf/lib/mno-hw-mul/libc.a(lib_a-makebuf.o)
 .data          0x0201c5e4        0x0 /OPT/altera/12.1/nios2eds/bin/gnu/H-i686-pc-linux-gnu/bin/../lib/gcc/nios2-elf/4.1.2/../../../../nios2-elf/lib/mno-hw-mul/libc.a(lib_a-memchr.o)
 .data          0x0201c5e4        0x0 /OPT/altera/12.1/nios2eds/bin/gnu/H-i686-pc-linux-gnu/bin/../lib/gcc/nios2-elf/4.1.2/../../../../nios2-elf/lib/mno-hw-mul/libc.a(lib_a-mprec.o)
 .data          0x0201c5e4        0x0 /OPT/altera/12.1/nios2eds/bin/gnu/H-i686-pc-linux-gnu/bin/../lib/gcc/nios2-elf/4.1.2/../../../../nios2-elf/lib/mno-hw-mul/libc.a(lib_a-putc.o)
 .data          0x0201c5e4        0x0 /OPT/altera/12.1/nios2eds/bin/gnu/H-i686-pc-linux-gnu/bin/../lib/gcc/nios2-elf/4.1.2/../../../../nios2-elf/lib/mno-hw-mul/libc.a(lib_a-s_isinfd.o)
 .data          0x0201c5e4        0x0 /OPT/altera/12.1/nios2eds/bin/gnu/H-i686-pc-linux-gnu/bin/../lib/gcc/nios2-elf/4.1.2/../../../../nios2-elf/lib/mno-hw-mul/libc.a(lib_a-s_isnand.o)
 .data          0x0201c5e4        0x0 /OPT/altera/12.1/nios2eds/bin/gnu/H-i686-pc-linux-gnu/bin/../lib/gcc/nios2-elf/4.1.2/../../../../nios2-elf/lib/mno-hw-mul/libc.a(lib_a-signal.o)
 .data          0x0201c5e4        0x0 /OPT/altera/12.1/nios2eds/bin/gnu/H-i686-pc-linux-gnu/bin/../lib/gcc/nios2-elf/4.1.2/../../../../nios2-elf/lib/mno-hw-mul/libc.a(lib_a-signalr.o)
 .data          0x0201c5e4        0x0 /OPT/altera/12.1/nios2eds/bin/gnu/H-i686-pc-linux-gnu/bin/../lib/gcc/nios2-elf/4.1.2/../../../../nios2-elf/lib/mno-hw-mul/libc.a(lib_a-stdio.o)
 .data          0x0201c5e4        0x0 /OPT/altera/12.1/nios2eds/bin/gnu/H-i686-pc-linux-gnu/bin/../lib/gcc/nios2-elf/4.1.2/../../../../nios2-elf/lib/mno-hw-mul/libc.a(lib_a-vfiprintf.o)
 .data          0x0201c5e4        0x0 /OPT/altera/12.1/nios2eds/bin/gnu/H-i686-pc-linux-gnu/bin/../lib/gcc/nios2-elf/4.1.2/../../../../nios2-elf/lib/mno-hw-mul/libc.a(lib_a-wbuf.o)
 .data          0x0201c5e4        0x0 /OPT/altera/12.1/nios2eds/bin/gnu/H-i686-pc-linux-gnu/bin/../lib/gcc/nios2-elf/4.1.2/../../../../nios2-elf/lib/mno-hw-mul/libc.a(lib_a-writer.o)
 .data          0x0201c5e4        0x0 /OPT/altera/12.1/nios2eds/bin/gnu/H-i686-pc-linux-gnu/bin/../lib/gcc/nios2-elf/4.1.2/../../../../nios2-elf/lib/mno-hw-mul/libc.a(lib_a-callocr.o)
 .data          0x0201c5e4        0x0 /OPT/altera/12.1/nios2eds/bin/gnu/H-i686-pc-linux-gnu/bin/../lib/gcc/nios2-elf/4.1.2/../../../../nios2-elf/lib/mno-hw-mul/libc.a(lib_a-closer.o)
 .data          0x0201c5e4        0x0 /OPT/altera/12.1/nios2eds/bin/gnu/H-i686-pc-linux-gnu/bin/../lib/gcc/nios2-elf/4.1.2/../../../../nios2-elf/lib/mno-hw-mul/libc.a(lib_a-fclose.o)
 .data          0x0201c5e4        0x0 /OPT/altera/12.1/nios2eds/bin/gnu/H-i686-pc-linux-gnu/bin/../lib/gcc/nios2-elf/4.1.2/../../../../nios2-elf/lib/mno-hw-mul/libc.a(lib_a-fstatr.o)
 .data          0x0201c5e4        0x0 /OPT/altera/12.1/nios2eds/bin/gnu/H-i686-pc-linux-gnu/bin/../lib/gcc/nios2-elf/4.1.2/../../../../nios2-elf/lib/mno-hw-mul/libc.a(lib_a-isattyr.o)
 .data          0x0201c5e4        0x0 /OPT/altera/12.1/nios2eds/bin/gnu/H-i686-pc-linux-gnu/bin/../lib/gcc/nios2-elf/4.1.2/../../../../nios2-elf/lib/mno-hw-mul/libc.a(lib_a-lseekr.o)
 .data          0x0201c5e4        0x0 /OPT/altera/12.1/nios2eds/bin/gnu/H-i686-pc-linux-gnu/bin/../lib/gcc/nios2-elf/4.1.2/../../../../nios2-elf/lib/mno-hw-mul/libc.a(lib_a-readr.o)
 .data          0x0201c5e4        0x0 /OPT/altera/12.1/nios2eds/bin/gnu/H-i686-pc-linux-gnu/bin/../lib/gcc/nios2-elf/4.1.2/mno-hw-mul/libgcc.a(_udivdi3.o)
 .data          0x0201c5e4        0x0 /OPT/altera/12.1/nios2eds/bin/gnu/H-i686-pc-linux-gnu/bin/../lib/gcc/nios2-elf/4.1.2/mno-hw-mul/libgcc.a(_umoddi3.o)
 .data          0x0201c5e4        0x0 /OPT/altera/12.1/nios2eds/bin/gnu/H-i686-pc-linux-gnu/bin/../lib/gcc/nios2-elf/4.1.2/mno-hw-mul/libgcc.a(_mul_df.o)
 .data          0x0201c5e4        0x0 /OPT/altera/12.1/nios2eds/bin/gnu/H-i686-pc-linux-gnu/bin/../lib/gcc/nios2-elf/4.1.2/mno-hw-mul/libgcc.a(_div_df.o)
 .data          0x0201c5e4        0x0 /OPT/altera/12.1/nios2eds/bin/gnu/H-i686-pc-linux-gnu/bin/../lib/gcc/nios2-elf/4.1.2/mno-hw-mul/libgcc.a(_eq_df.o)
 .data          0x0201c5e4        0x0 /OPT/altera/12.1/nios2eds/bin/gnu/H-i686-pc-linux-gnu/bin/../lib/gcc/nios2-elf/4.1.2/mno-hw-mul/libgcc.a(_ne_df.o)
 .data          0x0201c5e4        0x0 /OPT/altera/12.1/nios2eds/bin/gnu/H-i686-pc-linux-gnu/bin/../lib/gcc/nios2-elf/4.1.2/mno-hw-mul/libgcc.a(_gt_df.o)
 .data          0x0201c5e4        0x0 /OPT/altera/12.1/nios2eds/bin/gnu/H-i686-pc-linux-gnu/bin/../lib/gcc/nios2-elf/4.1.2/mno-hw-mul/libgcc.a(_ge_df.o)
 .data          0x0201c5e4        0x0 /OPT/altera/12.1/nios2eds/bin/gnu/H-i686-pc-linux-gnu/bin/../lib/gcc/nios2-elf/4.1.2/mno-hw-mul/libgcc.a(_lt_df.o)
 .data          0x0201c5e4        0x0 /OPT/altera/12.1/nios2eds/bin/gnu/H-i686-pc-linux-gnu/bin/../lib/gcc/nios2-elf/4.1.2/mno-hw-mul/libgcc.a(_si_to_df.o)
 .data          0x0201c5e4        0x0 /OPT/altera/12.1/nios2eds/bin/gnu/H-i686-pc-linux-gnu/bin/../lib/gcc/nios2-elf/4.1.2/mno-hw-mul/libgcc.a(_df_to_si.o)
 .data          0x0201c5e4        0x0 /OPT/altera/12.1/nios2eds/bin/gnu/H-i686-pc-linux-gnu/bin/../lib/gcc/nios2-elf/4.1.2/mno-hw-mul/libgcc.a(_usi_to_df.o)
 .data          0x0201c5e4        0x0 /OPT/altera/12.1/nios2eds/bin/gnu/H-i686-pc-linux-gnu/bin/../lib/gcc/nios2-elf/4.1.2/mno-hw-mul/libgcc.a(_muldi3.o)
 .data          0x0201c5e4        0x0 /OPT/altera/12.1/nios2eds/bin/gnu/H-i686-pc-linux-gnu/bin/../lib/gcc/nios2-elf/4.1.2/mno-hw-mul/libgcc.a(_clz.o)
 .data          0x0201c5e4        0x0 /OPT/altera/12.1/nios2eds/bin/gnu/H-i686-pc-linux-gnu/bin/../lib/gcc/nios2-elf/4.1.2/mno-hw-mul/libgcc.a(_clzsi2.o)
 .data          0x0201c5e4        0x0 ../electronic_engine_control_bsp//libucosii_bsp.a(alt_alarm_start.o)
 .data          0x0201c5e4        0x0 ../electronic_engine_control_bsp//libucosii_bsp.a(alt_close.o)
 .data          0x0201c5e4      0x1a8 ../electronic_engine_control_bsp//libucosii_bsp.a(alt_dev.o)
                0x0201c5e4                alt_dev_null
                0x0201c60c                alt_fd_list
 .data          0x0201c78c        0x0 ../electronic_engine_control_bsp//libucosii_bsp.a(alt_errno.o)
 .data          0x0201c78c        0x0 ../electronic_engine_control_bsp//libucosii_bsp.a(alt_exit.o)
 .data          0x0201c78c        0x0 ../electronic_engine_control_bsp//libucosii_bsp.a(alt_fstat.o)
 .data          0x0201c78c        0x0 ../electronic_engine_control_bsp//libucosii_bsp.a(alt_getpid.o)
 .data          0x0201c78c        0x0 ../electronic_engine_control_bsp//libucosii_bsp.a(alt_irq_register.o)
 .data          0x0201c78c        0x0 ../electronic_engine_control_bsp//libucosii_bsp.a(alt_irq_vars.o)
 .data          0x0201c78c        0x0 ../electronic_engine_control_bsp//libucosii_bsp.a(alt_isatty.o)
 .data          0x0201c78c        0x0 ../electronic_engine_control_bsp//libucosii_bsp.a(alt_kill.o)
 .data          0x0201c78c        0x0 ../electronic_engine_control_bsp//libucosii_bsp.a(alt_load.o)
 .data          0x0201c78c        0x0 ../electronic_engine_control_bsp//libucosii_bsp.a(alt_lseek.o)
 .data          0x0201c78c        0x0 ../electronic_engine_control_bsp//libucosii_bsp.a(alt_main.o)
 .data          0x0201c78c        0x0 ../electronic_engine_control_bsp//libucosii_bsp.a(alt_read.o)
 .data          0x0201c78c        0x0 ../electronic_engine_control_bsp//libucosii_bsp.a(alt_release_fd.o)
 .data          0x0201c78c        0x0 ../electronic_engine_control_bsp//libucosii_bsp.a(alt_sbrk.o)
 .data          0x0201c78c        0x0 ../electronic_engine_control_bsp//libucosii_bsp.a(alt_tick.o)
 .data          0x0201c78c        0x0 ../electronic_engine_control_bsp//libucosii_bsp.a(alt_write.o)
 .data          0x0201c78c        0x0 ../electronic_engine_control_bsp//libucosii_bsp.a(alt_env_lock.o)
 .data          0x0201c78c        0x0 ../electronic_engine_control_bsp//libucosii_bsp.a(alt_malloc_lock.o)
 .data          0x0201c78c        0x0 ../electronic_engine_control_bsp//libucosii_bsp.a(os_core.o)
 .data          0x0201c78c        0x0 ../electronic_engine_control_bsp//libucosii_bsp.a(os_dbg.o)
 .data          0x0201c78c        0x0 ../electronic_engine_control_bsp//libucosii_bsp.a(os_flag.o)
 .data          0x0201c78c        0x0 ../electronic_engine_control_bsp//libucosii_bsp.a(os_mem.o)
 .data          0x0201c78c        0x0 ../electronic_engine_control_bsp//libucosii_bsp.a(os_q.o)
 .data          0x0201c78c        0x0 ../electronic_engine_control_bsp//libucosii_bsp.a(os_sem.o)
 .data          0x0201c78c        0x0 ../electronic_engine_control_bsp//libucosii_bsp.a(os_task.o)
 .data          0x0201c78c        0x0 ../electronic_engine_control_bsp//libucosii_bsp.a(os_time.o)
 .data          0x0201c78c     0x10c4 ../electronic_engine_control_bsp//libucosii_bsp.a(alt_sys_init.o)
 .data          0x0201d850        0x0 ../electronic_engine_control_bsp//libucosii_bsp.a(altera_avalon_jtag_uart_fd.o)
 .data          0x0201d850        0x0 ../electronic_engine_control_bsp//libucosii_bsp.a(altera_avalon_jtag_uart_init.o)
 .data          0x0201d850        0x0 ../electronic_engine_control_bsp//libucosii_bsp.a(altera_avalon_jtag_uart_ioctl.o)
 .data          0x0201d850        0x0 ../electronic_engine_control_bsp//libucosii_bsp.a(altera_avalon_jtag_uart_read.o)
 .data          0x0201d850        0x0 ../electronic_engine_control_bsp//libucosii_bsp.a(altera_avalon_jtag_uart_write.o)
 .data          0x0201d850        0x0 ../electronic_engine_control_bsp//libucosii_bsp.a(altera_avalon_timer_sc.o)
 .data          0x0201d850        0x0 ../electronic_engine_control_bsp//libucosii_bsp.a(altera_avalon_timer_vars.o)
 .data          0x0201d850        0x0 ../electronic_engine_control_bsp//libucosii_bsp.a(altera_up_avalon_de0_nano_adc.o)
 .data          0x0201d850        0x0 ../electronic_engine_control_bsp//libucosii_bsp.a(altera_up_avalon_rs232.o)
 .data          0x0201d850        0x0 ../electronic_engine_control_bsp//libucosii_bsp.a(alt_dcache_flush_all.o)
 .data          0x0201d850        0x0 ../electronic_engine_control_bsp//libucosii_bsp.a(alt_dev_llist_insert.o)
 .data          0x0201d850        0x0 ../electronic_engine_control_bsp//libucosii_bsp.a(alt_do_ctors.o)
 .data          0x0201d850        0x0 ../electronic_engine_control_bsp//libucosii_bsp.a(alt_do_dtors.o)
 .data          0x0201d850        0x0 ../electronic_engine_control_bsp//libucosii_bsp.a(alt_find_dev.o)
 .data          0x0201d850        0x0 ../electronic_engine_control_bsp//libucosii_bsp.a(alt_icache_flush_all.o)
 .data          0x0201d850        0x0 ../electronic_engine_control_bsp//libucosii_bsp.a(alt_io_redirect.o)
 .data          0x0201d850        0x0 ../electronic_engine_control_bsp//libucosii_bsp.a(alt_irq_entry.o)
 .data          0x0201d850        0x0 ../electronic_engine_control_bsp//libucosii_bsp.a(alt_irq_handler.o)
 .data          0x0201d850        0x0 ../electronic_engine_control_bsp//libucosii_bsp.a(alt_open.o)
 .data          0x0201d850        0x0 ../electronic_engine_control_bsp//libucosii_bsp.a(altera_nios2_qsys_irq.o)
 .data          0x0201d850        0x0 ../electronic_engine_control_bsp//libucosii_bsp.a(os_cpu_a.o)
 .data          0x0201d850        0x0 ../electronic_engine_control_bsp//libucosii_bsp.a(os_cpu_c.o)
 .data          0x0201d850        0x0 ../electronic_engine_control_bsp//libucosii_bsp.a(alt_exception_entry.o)
 .data          0x0201d850        0x0 ../electronic_engine_control_bsp//libucosii_bsp.a(alt_find_file.o)
 .data          0x0201d850        0x0 ../electronic_engine_control_bsp//libucosii_bsp.a(alt_get_fd.o)
 .data          0x0201d850        0x0 /OPT/altera/12.1/nios2eds/bin/gnu/H-i686-pc-linux-gnu/bin/../lib/gcc/nios2-elf/4.1.2/../../../../nios2-elf/lib/mno-hw-mul/libc.a(lib_a-atexit.o)
 .data          0x0201d850        0x0 /OPT/altera/12.1/nios2eds/bin/gnu/H-i686-pc-linux-gnu/bin/../lib/gcc/nios2-elf/4.1.2/../../../../nios2-elf/lib/mno-hw-mul/libc.a(lib_a-exit.o)
 .data          0x0201d850        0x0 /OPT/altera/12.1/nios2eds/bin/gnu/H-i686-pc-linux-gnu/bin/../lib/gcc/nios2-elf/4.1.2/../../../../nios2-elf/lib/mno-hw-mul/libc.a(lib_a-memcmp.o)
 .data          0x0201d850        0x0 /OPT/altera/12.1/nios2eds/bin/gnu/H-i686-pc-linux-gnu/bin/../lib/gcc/nios2-elf/4.1.2/../../../../nios2-elf/lib/mno-hw-mul/libc.a(lib_a-__atexit.o)
 .data          0x0201d850        0x0 /OPT/altera/12.1/nios2eds/bin/gnu/H-i686-pc-linux-gnu/bin/../lib/gcc/nios2-elf/4.1.2/../../../../nios2-elf/lib/mno-hw-mul/libc.a(lib_a-__call_atexit.o)
                0x02025850                _gp = ABSOLUTE ((. + 0x8000))
                0x02025850                PROVIDE (gp, _gp)
 *(.rwdata .rwdata.*)
 *(.sdata .sdata.* .gnu.linkonce.s.*)
 .sdata         0x0201d850        0x4 obj/default/mem_manager.o
                0x0201d850                availiable_stack_top
 .sdata         0x0201d854        0x8 /OPT/altera/12.1/nios2eds/bin/gnu/H-i686-pc-linux-gnu/bin/../lib/gcc/nios2-elf/4.1.2/../../../../nios2-elf/lib/mno-hw-mul/libc.a(lib_a-impure.o)
                0x0201d854                _impure_ptr
                0x0201d858                _global_impure_ptr
 .sdata         0x0201d85c        0x8 /OPT/altera/12.1/nios2eds/bin/gnu/H-i686-pc-linux-gnu/bin/../lib/gcc/nios2-elf/4.1.2/../../../../nios2-elf/lib/mno-hw-mul/libc.a(lib_a-mallocr.o)
                0x0201d85c                __malloc_trim_threshold
                0x0201d860                __malloc_sbrk_base
 .sdata         0x0201d864        0x8 /OPT/altera/12.1/nios2eds/bin/gnu/H-i686-pc-linux-gnu/bin/../lib/gcc/nios2-elf/4.1.2/../../../../nios2-elf/lib/mno-hw-mul/libc.a(lib_a-locale.o)
                0x0201d864                __mb_cur_max
 .sdata         0x0201d86c       0x14 ../electronic_engine_control_bsp//libucosii_bsp.a(alt_dev.o)
                0x0201d86c                alt_fs_list
                0x0201d874                alt_dev_list
                0x0201d87c                alt_max_fd
 .sdata         0x0201d880        0x4 ../electronic_engine_control_bsp//libucosii_bsp.a(alt_errno.o)
                0x0201d880                alt_errno
 .sdata         0x0201d884        0x4 ../electronic_engine_control_bsp//libucosii_bsp.a(alt_irq_vars.o)
                0x0201d884                alt_priority_mask
 .sdata         0x0201d888        0x4 ../electronic_engine_control_bsp//libucosii_bsp.a(alt_sbrk.o)
 .sdata         0x0201d88c        0x8 ../electronic_engine_control_bsp//libucosii_bsp.a(alt_tick.o)
                0x0201d88c                alt_alarm_list
 .sdata         0x0201d894        0x4 ../electronic_engine_control_bsp//libucosii_bsp.a(alt_env_lock.o)
 .sdata         0x0201d898        0x4 ../electronic_engine_control_bsp//libucosii_bsp.a(alt_malloc_lock.o)
 .sdata         0x0201d89c       0x74 ../electronic_engine_control_bsp//libucosii_bsp.a(os_dbg.o)
                0x0201d89c                OSDebugEn
                0x0201d8a0                OSEndiannessTest
                0x0201d8a4                OSEventEn
                0x0201d8a6                OSEventMax
                0x0201d8a8                OSEventNameSize
                0x0201d8aa                OSEventSize
                0x0201d8ac                OSEventTblSize
                0x0201d8ae                OSEventMultiEn
                0x0201d8b0                OSFlagEn
                0x0201d8b2                OSFlagGrpSize
                0x0201d8b4                OSFlagNodeSize
                0x0201d8b6                OSFlagWidth
                0x0201d8b8                OSFlagMax
                0x0201d8ba                OSFlagNameSize
                0x0201d8bc                OSLowestPrio
                0x0201d8be                OSMboxEn
                0x0201d8c0                OSMemEn
                0x0201d8c2                OSMemMax
                0x0201d8c4                OSMemNameSize
                0x0201d8c6                OSMemSize
                0x0201d8c8                OSMemTblSize
                0x0201d8ca                OSMutexEn
                0x0201d8cc                OSPtrSize
                0x0201d8ce                OSQEn
                0x0201d8d0                OSQMax
                0x0201d8d2                OSQSize
                0x0201d8d4                OSRdyTblSize
                0x0201d8d6                OSSemEn
                0x0201d8d8                OSStkWidth
                0x0201d8da                OSTaskCreateEn
                0x0201d8dc                OSTaskCreateExtEn
                0x0201d8de                OSTaskDelEn
                0x0201d8e0                OSTaskIdleStkSize
                0x0201d8e2                OSTaskProfileEn
                0x0201d8e4                OSTaskMax
                0x0201d8e6                OSTaskNameSize
                0x0201d8e8                OSTaskStatEn
                0x0201d8ea                OSTaskStatStkSize
                0x0201d8ec                OSTaskStatStkChkEn
                0x0201d8ee                OSTaskSwHookEn
                0x0201d8f0                OSTCBPrioTblMax
                0x0201d8f2                OSTCBSize
                0x0201d8f4                OSTicksPerSec
                0x0201d8f6                OSTimeTickHookEn
                0x0201d8f8                OSVersionNbr
                0x0201d8fa                OSTmrEn
                0x0201d8fc                OSTmrCfgMax
                0x0201d8fe                OSTmrCfgNameSize
                0x0201d900                OSTmrCfgWheelSize
                0x0201d902                OSTmrCfgTicksPerSec
                0x0201d904                OSTmrSize
                0x0201d906                OSTmrTblSize
                0x0201d908                OSTmrWheelSize
                0x0201d90a                OSTmrWheelTblSize
                0x0201d90c                OSDataSize
 *(.sdata2 .sdata2.* .gnu.linkonce.s2.*)
                0x0201d910                . = ALIGN (0x4)
                0x0201d910                _edata = ABSOLUTE (.)
                0x0201d910                PROVIDE (edata, ABSOLUTE (.))
                0x0201d910                PROVIDE (__ram_rwdata_end, ABSOLUTE (.))
                0x0201d910                PROVIDE (__flash_rwdata_start, LOADADDR (.rwdata))

.bss            0x0201f450     0xee10
                0x0201f450                __bss_start = ABSOLUTE (.)
                0x0201f450                PROVIDE (__sbss_start, ABSOLUTE (.))
                0x0201f450                PROVIDE (___sbss_start, ABSOLUTE (.))
 *(.dynsbss)
 *(.sbss .sbss.* .gnu.linkonce.sb.*)
 .sbss          0x0201f450        0x4 obj/default/apps_task.o
 .sbss          0x0201f454       0x24 obj/default/apps_task.o
                0x0201f454                failure_msg_q
                0x0201f458                apps_failure_resolved_flag
                0x0201f45c                expected_tps_value
                0x0201f460                motor_tps_failure_flag
                0x0201f464                apps_external_failure_flag
                0x0201f468                adc
                0x0201f46c                apps_failure_flag
                0x0201f470                exit_shift_matching_flag
                0x0201f474                motor_cmd_q
 .sbss          0x0201f478        0x4 obj/default/main.o
                0x0201f478                failure_code_q
 .sbss          0x0201f47c        0xc obj/default/mem_manager.o
                0x0201f47c                num_active_allocations
                0x0201f480                total_size
                0x0201f484                lock
 .sbss          0x0201f488       0x14 obj/default/motor_control_task.o
                0x0201f488                timeout_failure_encountered
                0x0201f489                tps_failure_encountered
                0x0201f48c                watchdog
                0x0201f490                request_q
                0x0201f494                tps_check_alarm
                0x0201f498                req_result_q
 .sbss          0x0201f49c       0x20 obj/default/solenoid_task.o
                0x0201f4a0                rpm_reached_flag
                0x0201f4a4                solenoid_external_failure_flag
                0x0201f4a8                solenoid_failure_resolved_flag
                0x0201f4ac                alarm
                0x0201f4b0                btn_input_q
                0x0201f4b4                free_alarm_flag
                0x0201f4b8                timer_active_flag
 .sbss          0x0201f4bc        0xc /OPT/altera/12.1/nios2eds/bin/gnu/H-i686-pc-linux-gnu/bin/../lib/gcc/nios2-elf/4.1.2/../../../../nios2-elf/lib/mno-hw-mul/libc.a(lib_a-mallocr.o)
                0x0201f4bc                __malloc_top_pad
                0x0201f4c0                __malloc_max_sbrked_mem
                0x0201f4c4                __malloc_max_total_mem
 .sbss          0x0201f4c8        0x4 /OPT/altera/12.1/nios2eds/bin/gnu/H-i686-pc-linux-gnu/bin/../lib/gcc/nios2-elf/4.1.2/../../../../nios2-elf/lib/mno-hw-mul/libc.a(lib_a-int_errno.o)
                0x0201f4c8                errno
 .sbss          0x0201f4cc        0xc /OPT/altera/12.1/nios2eds/bin/gnu/H-i686-pc-linux-gnu/bin/../lib/gcc/nios2-elf/4.1.2/../../../../nios2-elf/lib/mno-hw-mul/libc.a(lib_a-locale.o)
                0x0201f4cc                __nlocale_changed
                0x0201f4d0                __mlocale_changed
                0x0201f4d4                _PathLocale
 .sbss          0x0201f4d8        0x4 ../electronic_engine_control_bsp//libucosii_bsp.a(alt_dev.o)
                0x0201f4d8                alt_fd_list_lock
 .sbss          0x0201f4dc        0x4 ../electronic_engine_control_bsp//libucosii_bsp.a(alt_irq_vars.o)
                0x0201f4dc                alt_irq_active
 .sbss          0x0201f4e0        0xc ../electronic_engine_control_bsp//libucosii_bsp.a(alt_main.o)
                0x0201f4e0                alt_argc
                0x0201f4e4                alt_argv
                0x0201f4e8                alt_envp
 .sbss          0x0201f4ec        0x8 ../electronic_engine_control_bsp//libucosii_bsp.a(alt_tick.o)
                0x0201f4ec                _alt_tick_rate
                0x0201f4f0                _alt_nticks
 .sbss          0x0201f4f4        0x8 ../electronic_engine_control_bsp//libucosii_bsp.a(alt_env_lock.o)
                0x0201f4f8                alt_envsem
 .sbss          0x0201f4fc        0x8 ../electronic_engine_control_bsp//libucosii_bsp.a(alt_malloc_lock.o)
                0x0201f500                alt_heapsem
 .sbss          0x0201f504       0x50 ../electronic_engine_control_bsp//libucosii_bsp.a(os_core.o)
                0x0201f504                OSLockNesting
                0x0201f505                OSRunning
                0x0201f508                OSIdleCtr
                0x0201f50c                OSPrioHighRdy
                0x0201f50d                OSPrioCur
                0x0201f510                OSTCBList
                0x0201f514                OSTickStepState
                0x0201f518                OSCtxSwCtr
                0x0201f51c                OSIdleCtrMax
                0x0201f520                OSTCBFreeList
                0x0201f524                OSCPUUsage
                0x0201f525                OSTaskCtr
                0x0201f528                OSMemFreeList
                0x0201f52c                OSTCBHighRdy
                0x0201f530                OSQFreeList
                0x0201f534                OSRdyGrp
                0x0201f535                OSRdyTbl
                0x0201f538                OSEventFreeList
                0x0201f53c                OSIntNesting
                0x0201f540                OSTCBCur
                0x0201f544                OSTime
                0x0201f548                OSFlagFreeList
                0x0201f54c                OSStatRdy
                0x0201f550                OSIdleCtrRun
 .sbss          0x0201f554        0x8 ../electronic_engine_control_bsp//libucosii_bsp.a(altera_avalon_timer_vars.o)
                0x0201f554                altera_avalon_timer_ts_base
                0x0201f558                altera_avalon_timer_ts_freq
 *(.sbss2 .sbss2.* .gnu.linkonce.sb2.*)
 *(.scommon)
                0x0201f55c                PROVIDE (__sbss_end, ABSOLUTE (.))
                0x0201f55c                PROVIDE (___sbss_end, ABSOLUTE (.))
 *(.dynbss)
 *(.bss .bss.* .gnu.linkonce.b.*)
 .bss           0x0201f55c        0x0 ../electronic_engine_control_bsp//obj/HAL/src/crt0.o
 .bss           0x0201f55c        0x0 obj/default/apps_task.o
 .bss           0x0201f55c        0x0 obj/default/eng_trans_data.o
 .bss           0x0201f55c        0x0 obj/default/failure_handler_task.o
 .bss           0x0201f55c        0x0 obj/default/main.o
 .bss           0x0201f55c        0x0 obj/default/mem_manager.o
 .bss           0x0201f55c        0x0 obj/default/motor_control_task.o
 .bss           0x0201f55c        0x0 obj/default/pwm_gen.o
 .bss           0x0201f55c        0x0 obj/default/solenoid_task.o
 .bss           0x0201f55c        0x0 obj/default/tests/CuTest.o
 .bss           0x0201f55c        0x0 obj/default/tests/testbench.o
 .bss           0x0201f55c        0x0 obj/default/throttle_data.o
 .bss           0x0201f55c        0x0 obj/default/util.o
 .bss           0x0201f55c        0x0 /OPT/altera/12.1/nios2eds/bin/gnu/H-i686-pc-linux-gnu/bin/../lib/gcc/nios2-elf/4.1.2/mno-hw-mul/libgcc.a(_addsub_df.o)
 .bss           0x0201f55c        0x0 /OPT/altera/12.1/nios2eds/bin/gnu/H-i686-pc-linux-gnu/bin/../lib/gcc/nios2-elf/4.1.2/mno-hw-mul/libgcc.a(_le_df.o)
 .bss           0x0201f55c        0x0 /OPT/altera/12.1/nios2eds/bin/gnu/H-i686-pc-linux-gnu/bin/../lib/gcc/nios2-elf/4.1.2/mno-hw-mul/libgcc.a(_thenan_df.o)
 .bss           0x0201f55c        0x0 /OPT/altera/12.1/nios2eds/bin/gnu/H-i686-pc-linux-gnu/bin/../lib/gcc/nios2-elf/4.1.2/mno-hw-mul/libgcc.a(lib2-divmod.o)
 .bss           0x0201f55c        0x0 /OPT/altera/12.1/nios2eds/bin/gnu/H-i686-pc-linux-gnu/bin/../lib/gcc/nios2-elf/4.1.2/mno-hw-mul/libgcc.a(lib2-mul.o)
 .bss           0x0201f55c        0x0 /OPT/altera/12.1/nios2eds/bin/gnu/H-i686-pc-linux-gnu/bin/../lib/gcc/nios2-elf/4.1.2/mno-hw-mul/libgcc.a(_pack_df.o)
 .bss           0x0201f55c        0x0 /OPT/altera/12.1/nios2eds/bin/gnu/H-i686-pc-linux-gnu/bin/../lib/gcc/nios2-elf/4.1.2/mno-hw-mul/libgcc.a(_unpack_df.o)
 .bss           0x0201f55c        0x0 /OPT/altera/12.1/nios2eds/bin/gnu/H-i686-pc-linux-gnu/bin/../lib/gcc/nios2-elf/4.1.2/mno-hw-mul/libgcc.a(_fpcmp_parts_df.o)
 .bss           0x0201f55c        0x0 /OPT/altera/12.1/nios2eds/bin/gnu/H-i686-pc-linux-gnu/bin/../lib/gcc/nios2-elf/4.1.2/../../../../nios2-elf/lib/mno-hw-mul/libc.a(lib_a-assert.o)
 .bss           0x0201f55c        0x0 /OPT/altera/12.1/nios2eds/bin/gnu/H-i686-pc-linux-gnu/bin/../lib/gcc/nios2-elf/4.1.2/../../../../nios2-elf/lib/mno-hw-mul/libc.a(lib_a-fiprintf.o)
 .bss           0x0201f55c        0x0 /OPT/altera/12.1/nios2eds/bin/gnu/H-i686-pc-linux-gnu/bin/../lib/gcc/nios2-elf/4.1.2/../../../../nios2-elf/lib/mno-hw-mul/libc.a(lib_a-impure.o)
 .bss           0x0201f55c        0x0 /OPT/altera/12.1/nios2eds/bin/gnu/H-i686-pc-linux-gnu/bin/../lib/gcc/nios2-elf/4.1.2/../../../../nios2-elf/lib/mno-hw-mul/libc.a(lib_a-malloc.o)
 .bss           0x0201f55c       0x28 /OPT/altera/12.1/nios2eds/bin/gnu/H-i686-pc-linux-gnu/bin/../lib/gcc/nios2-elf/4.1.2/../../../../nios2-elf/lib/mno-hw-mul/libc.a(lib_a-mallocr.o)
                0x0201f55c                __malloc_current_mallinfo
 .bss           0x0201f584        0x0 /OPT/altera/12.1/nios2eds/bin/gnu/H-i686-pc-linux-gnu/bin/../lib/gcc/nios2-elf/4.1.2/../../../../nios2-elf/lib/mno-hw-mul/libc.a(lib_a-memcpy.o)
 .bss           0x0201f584        0x0 /OPT/altera/12.1/nios2eds/bin/gnu/H-i686-pc-linux-gnu/bin/../lib/gcc/nios2-elf/4.1.2/../../../../nios2-elf/lib/mno-hw-mul/libc.a(lib_a-memmove.o)
 .bss           0x0201f584        0x0 /OPT/altera/12.1/nios2eds/bin/gnu/H-i686-pc-linux-gnu/bin/../lib/gcc/nios2-elf/4.1.2/../../../../nios2-elf/lib/mno-hw-mul/libc.a(lib_a-memset.o)
 .bss           0x0201f584        0x0 /OPT/altera/12.1/nios2eds/bin/gnu/H-i686-pc-linux-gnu/bin/../lib/gcc/nios2-elf/4.1.2/../../../../nios2-elf/lib/mno-hw-mul/libc.a(lib_a-printf.o)
 .bss           0x0201f584        0x0 /OPT/altera/12.1/nios2eds/bin/gnu/H-i686-pc-linux-gnu/bin/../lib/gcc/nios2-elf/4.1.2/../../../../nios2-elf/lib/mno-hw-mul/libc.a(lib_a-putchar.o)
 .bss           0x0201f584        0x0 /OPT/altera/12.1/nios2eds/bin/gnu/H-i686-pc-linux-gnu/bin/../lib/gcc/nios2-elf/4.1.2/../../../../nios2-elf/lib/mno-hw-mul/libc.a(lib_a-puts.o)
 .bss           0x0201f584        0x0 /OPT/altera/12.1/nios2eds/bin/gnu/H-i686-pc-linux-gnu/bin/../lib/gcc/nios2-elf/4.1.2/../../../../nios2-elf/lib/mno-hw-mul/libc.a(lib_a-realloc.o)
 .bss           0x0201f584        0x0 /OPT/altera/12.1/nios2eds/bin/gnu/H-i686-pc-linux-gnu/bin/../lib/gcc/nios2-elf/4.1.2/../../../../nios2-elf/lib/mno-hw-mul/libc.a(lib_a-reallocr.o)
 .bss           0x0201f584        0x0 /OPT/altera/12.1/nios2eds/bin/gnu/H-i686-pc-linux-gnu/bin/../lib/gcc/nios2-elf/4.1.2/../../../../nios2-elf/lib/mno-hw-mul/libc.a(lib_a-sbrkr.o)
 .bss           0x0201f584        0x0 /OPT/altera/12.1/nios2eds/bin/gnu/H-i686-pc-linux-gnu/bin/../lib/gcc/nios2-elf/4.1.2/../../../../nios2-elf/lib/mno-hw-mul/libc.a(lib_a-setjmp.o)
 .bss           0x0201f584        0x0 /OPT/altera/12.1/nios2eds/bin/gnu/H-i686-pc-linux-gnu/bin/../lib/gcc/nios2-elf/4.1.2/../../../../nios2-elf/lib/mno-hw-mul/libc.a(lib_a-snprintf.o)
 .bss           0x0201f584        0x0 /OPT/altera/12.1/nios2eds/bin/gnu/H-i686-pc-linux-gnu/bin/../lib/gcc/nios2-elf/4.1.2/../../../../nios2-elf/lib/mno-hw-mul/libc.a(lib_a-sprintf.o)
 .bss           0x0201f584        0x0 /OPT/altera/12.1/nios2eds/bin/gnu/H-i686-pc-linux-gnu/bin/../lib/gcc/nios2-elf/4.1.2/../../../../nios2-elf/lib/mno-hw-mul/libc.a(lib_a-strcat.o)
 .bss           0x0201f584        0x0 /OPT/altera/12.1/nios2eds/bin/gnu/H-i686-pc-linux-gnu/bin/../lib/gcc/nios2-elf/4.1.2/../../../../nios2-elf/lib/mno-hw-mul/libc.a(lib_a-strcmp.o)
 .bss           0x0201f584        0x0 /OPT/altera/12.1/nios2eds/bin/gnu/H-i686-pc-linux-gnu/bin/../lib/gcc/nios2-elf/4.1.2/../../../../nios2-elf/lib/mno-hw-mul/libc.a(lib_a-strcpy.o)
 .bss           0x0201f584        0x0 /OPT/altera/12.1/nios2eds/bin/gnu/H-i686-pc-linux-gnu/bin/../lib/gcc/nios2-elf/4.1.2/../../../../nios2-elf/lib/mno-hw-mul/libc.a(lib_a-strlen.o)
 .bss           0x0201f584        0x0 /OPT/altera/12.1/nios2eds/bin/gnu/H-i686-pc-linux-gnu/bin/../lib/gcc/nios2-elf/4.1.2/../../../../nios2-elf/lib/mno-hw-mul/libc.a(lib_a-vfiprintfr_1.o)
 .bss           0x0201f584        0x0 /OPT/altera/12.1/nios2eds/bin/gnu/H-i686-pc-linux-gnu/bin/../lib/gcc/nios2-elf/4.1.2/../../../../nios2-elf/lib/mno-hw-mul/libc.a(lib_a-vfprintf.o)
 .bss           0x0201f584        0x0 /OPT/altera/12.1/nios2eds/bin/gnu/H-i686-pc-linux-gnu/bin/../lib/gcc/nios2-elf/4.1.2/../../../../nios2-elf/lib/mno-hw-mul/libc.a(lib_a-wsetup.o)
 .bss           0x0201f584        0x0 /OPT/altera/12.1/nios2eds/bin/gnu/H-i686-pc-linux-gnu/bin/../lib/gcc/nios2-elf/4.1.2/../../../../nios2-elf/lib/mno-hw-mul/libc.a(lib_a-abort.o)
 .bss           0x0201f584        0x0 /OPT/altera/12.1/nios2eds/bin/gnu/H-i686-pc-linux-gnu/bin/../lib/gcc/nios2-elf/4.1.2/../../../../nios2-elf/lib/mno-hw-mul/libc.a(lib_a-dtoa.o)