Archive member included because of file (symbol)

/OPT/altera/12.1/nios2eds/bin/gnu/H-i686-pc-linux-gnu/bin/../lib/gcc/nios2-elf/4.1.2/mno-hw-mul/libgcc.a(_addsub_df.o)
                              obj/default/tests/CuTest.o (__subdf3)
/OPT/altera/12.1/nios2eds/bin/gnu/H-i686-pc-linux-gnu/bin/../lib/gcc/nios2-elf/4.1.2/mno-hw-mul/libgcc.a(_le_df.o)
                              obj/default/tests/CuTest.o (__ledf2)
/OPT/altera/12.1/nios2eds/bin/gnu/H-i686-pc-linux-gnu/bin/../lib/gcc/nios2-elf/4.1.2/mno-hw-mul/libgcc.a(_thenan_df.o)
                              /OPT/altera/12.1/nios2eds/bin/gnu/H-i686-pc-linux-gnu/bin/../lib/gcc/nios2-elf/4.1.2/mno-hw-mul/libgcc.a(_addsub_df.o) (__thenan_df)
/OPT/altera/12.1/nios2eds/bin/gnu/H-i686-pc-linux-gnu/bin/../lib/gcc/nios2-elf/4.1.2/mno-hw-mul/libgcc.a(lib2-divmod.o)
                              obj/default/apps_task.o (__divsi3)
/OPT/altera/12.1/nios2eds/bin/gnu/H-i686-pc-linux-gnu/bin/../lib/gcc/nios2-elf/4.1.2/mno-hw-mul/libgcc.a(lib2-mul.o)
                              obj/default/apps_task.o (__mulsi3)
/OPT/altera/12.1/nios2eds/bin/gnu/H-i686-pc-linux-gnu/bin/../lib/gcc/nios2-elf/4.1.2/mno-hw-mul/libgcc.a(_pack_df.o)
                              /OPT/altera/12.1/nios2eds/bin/gnu/H-i686-pc-linux-gnu/bin/../lib/gcc/nios2-elf/4.1.2/mno-hw-mul/libgcc.a(_addsub_df.o) (__pack_d)
/OPT/altera/12.1/nios2eds/bin/gnu/H-i686-pc-linux-gnu/bin/../lib/gcc/nios2-elf/4.1.2/mno-hw-mul/libgcc.a(_unpack_df.o)
                              /OPT/altera/12.1/nios2eds/bin/gnu/H-i686-pc-linux-gnu/bin/../lib/gcc/nios2-elf/4.1.2/mno-hw-mul/libgcc.a(_addsub_df.o) (__unpack_d)
/OPT/altera/12.1/nios2eds/bin/gnu/H-i686-pc-linux-gnu/bin/../lib/gcc/nios2-elf/4.1.2/mno-hw-mul/libgcc.a(_fpcmp_parts_df.o)
                              /OPT/altera/12.1/nios2eds/bin/gnu/H-i686-pc-linux-gnu/bin/../lib/gcc/nios2-elf/4.1.2/mno-hw-mul/libgcc.a(_le_df.o) (__fpcmp_parts_d)
/OPT/altera/12.1/nios2eds/bin/gnu/H-i686-pc-linux-gnu/bin/../lib/gcc/nios2-elf/4.1.2/../../../../nios2-elf/lib/mno-hw-mul/libc.a(lib_a-assert.o)
                              obj/default/tests/CuTest.o (__assert_func)
/OPT/altera/12.1/nios2eds/bin/gnu/H-i686-pc-linux-gnu/bin/../lib/gcc/nios2-elf/4.1.2/../../../../nios2-elf/lib/mno-hw-mul/libc.a(lib_a-fiprintf.o)
                              /OPT/altera/12.1/nios2eds/bin/gnu/H-i686-pc-linux-gnu/bin/../lib/gcc/nios2-elf/4.1.2/../../../../nios2-elf/lib/mno-hw-mul/libc.a(lib_a-assert.o) (fiprintf)
/OPT/altera/12.1/nios2eds/bin/gnu/H-i686-pc-linux-gnu/bin/../lib/gcc/nios2-elf/4.1.2/../../../../nios2-elf/lib/mno-hw-mul/libc.a(lib_a-impure.o)
                              /OPT/altera/12.1/nios2eds/bin/gnu/H-i686-pc-linux-gnu/bin/../lib/gcc/nios2-elf/4.1.2/../../../../nios2-elf/lib/mno-hw-mul/libc.a(lib_a-assert.o) (_impure_ptr)
/OPT/altera/12.1/nios2eds/bin/gnu/H-i686-pc-linux-gnu/bin/../lib/gcc/nios2-elf/4.1.2/../../../../nios2-elf/lib/mno-hw-mul/libc.a(lib_a-malloc.o)
                              obj/default/apps_task.o (free)
/OPT/altera/12.1/nios2eds/bin/gnu/H-i686-pc-linux-gnu/bin/../lib/gcc/nios2-elf/4.1.2/../../../../nios2-elf/lib/mno-hw-mul/libc.a(lib_a-mallocr.o)
                              /OPT/altera/12.1/nios2eds/bin/gnu/H-i686-pc-linux-gnu/bin/../lib/gcc/nios2-elf/4.1.2/../../../../nios2-elf/lib/mno-hw-mul/libc.a(lib_a-malloc.o) (_malloc_r)
/OPT/altera/12.1/nios2eds/bin/gnu/H-i686-pc-linux-gnu/bin/../lib/gcc/nios2-elf/4.1.2/../../../../nios2-elf/lib/mno-hw-mul/libc.a(lib_a-memcpy.o)
                              obj/default/tests/CuTest.o (memcpy)
/OPT/altera/12.1/nios2eds/bin/gnu/H-i686-pc-linux-gnu/bin/../lib/gcc/nios2-elf/4.1.2/../../../../nios2-elf/lib/mno-hw-mul/libc.a(lib_a-memmove.o)
                              obj/default/tests/CuTest.o (memmove)
/OPT/altera/12.1/nios2eds/bin/gnu/H-i686-pc-linux-gnu/bin/../lib/gcc/nios2-elf/4.1.2/../../../../nios2-elf/lib/mno-hw-mul/libc.a(lib_a-memset.o)
                              obj/default/tests/CuTest.o (memset)
/OPT/altera/12.1/nios2eds/bin/gnu/H-i686-pc-linux-gnu/bin/../lib/gcc/nios2-elf/4.1.2/../../../../nios2-elf/lib/mno-hw-mul/libc.a(lib_a-printf.o)
                              obj/default/apps_task.o (printf)
/OPT/altera/12.1/nios2eds/bin/gnu/H-i686-pc-linux-gnu/bin/../lib/gcc/nios2-elf/4.1.2/../../../../nios2-elf/lib/mno-hw-mul/libc.a(lib_a-puts.o)
                              obj/default/apps_task.o (puts)
/OPT/altera/12.1/nios2eds/bin/gnu/H-i686-pc-linux-gnu/bin/../lib/gcc/nios2-elf/4.1.2/../../../../nios2-elf/lib/mno-hw-mul/libc.a(lib_a-realloc.o)
                              obj/default/tests/CuTest.o (realloc)
/OPT/altera/12.1/nios2eds/bin/gnu/H-i686-pc-linux-gnu/bin/../lib/gcc/nios2-elf/4.1.2/../../../../nios2-elf/lib/mno-hw-mul/libc.a(lib_a-reallocr.o)
                              /OPT/altera/12.1/nios2eds/bin/gnu/H-i686-pc-linux-gnu/bin/../lib/gcc/nios2-elf/4.1.2/../../../../nios2-elf/lib/mno-hw-mul/libc.a(lib_a-realloc.o) (_realloc_r)
[...]
Memory Configuration

Name             Origin             Length             Attributes
sdram_0          0x02000000         0x02000000
reset            0x04004000         0x00000020
onchip_memory2_0 0x04004020         0x00003fe0
*default*        0x00000000         0xffffffff

Linker script and memory map

LOAD ../electronic_engine_control_bsp//obj/HAL/src/crt0.o
LOAD obj/default/apps_task.o
LOAD obj/default/failure_handler_task.o
LOAD obj/default/main.o
LOAD obj/default/motor_control_task.o
LOAD obj/default/pwm_gen.o
LOAD obj/default/solenoid_task.o
LOAD obj/default/tests/CuTest.o
LOAD obj/default/tests/testbench.o
LOAD obj/default/throttle_data.o
LOAD obj/default/util.o
LOAD /OPT/altera/12.1/nios2eds/bin/gnu/H-i686-pc-linux-gnu/bin/../lib/gcc/nios2-elf/4.1.2/../../../../nios2-elf/lib/mno-hw-mul/libstdc++.a
LOAD /OPT/altera/12.1/nios2eds/bin/gnu/H-i686-pc-linux-gnu/bin/../lib/gcc/nios2-elf/4.1.2/../../../../nios2-elf/lib/mno-hw-mul/libm.a
LOAD /OPT/altera/12.1/nios2eds/bin/gnu/H-i686-pc-linux-gnu/bin/../lib/gcc/nios2-elf/4.1.2/mno-hw-mul/libgcc.a
START GROUP
LOAD /OPT/altera/12.1/nios2eds/bin/gnu/H-i686-pc-linux-gnu/bin/../lib/gcc/nios2-elf/4.1.2/../../../../nios2-elf/lib/mno-hw-mul/libc.a
LOAD /OPT/altera/12.1/nios2eds/bin/gnu/H-i686-pc-linux-gnu/bin/../lib/gcc/nios2-elf/4.1.2/mno-hw-mul/libgcc.a
LOAD ../electronic_engine_control_bsp//libucosii_bsp.a
END GROUP
LOAD /OPT/altera/12.1/nios2eds/bin/gnu/H-i686-pc-linux-gnu/bin/../lib/gcc/nios2-elf/4.1.2/mno-hw-mul/libgcc.a
                0x02000000                __alt_mem_sdram_0 = 0x2000000
                0x04004000                __alt_mem_onchip_memory2_0 = 0x4004000

.entry          0x04004000       0x20
 *(.entry)
 .entry         0x04004000       0x20 ../electronic_engine_control_bsp//obj/HAL/src/crt0.o
                0x04004000                __reset

.exceptions     0x04004020      0x1a0 load address 0x02000000
                0x04004020                PROVIDE (__ram_exceptions_start, ABSOLUTE (.))
                0x04004020                . = ALIGN (0x20)
 *(.irq)
 *(.exceptions.entry.label)
 .exceptions.entry.label
                0x04004020        0x0 ../electronic_engine_control_bsp//libucosii_bsp.a(alt_irq_entry.o)
                0x04004020                alt_irq_entry
 .exceptions.entry.label
                0x04004020        0x0 ../electronic_engine_control_bsp//libucosii_bsp.a(alt_exception_entry.o)
                0x04004020                alt_exception
 *(.exceptions.entry.user)
 *(.exceptions.entry)
 .exceptions.entry
                0x04004020       0x54 ../electronic_engine_control_bsp//libucosii_bsp.a(alt_exception_entry.o)
 *(.exceptions.irqtest.user)
 *(.exceptions.irqtest)
 .exceptions.irqtest
                0x04004074       0x10 ../electronic_engine_control_bsp//libucosii_bsp.a(alt_irq_entry.o)
 *(.exceptions.irqhandler.user)
 *(.exceptions.irqhandler)
 .exceptions.irqhandler
                0x04004084        0x4 ../electronic_engine_control_bsp//libucosii_bsp.a(alt_irq_entry.o)
 *(.exceptions.irqreturn.user)
 *(.exceptions.irqreturn)
 .exceptions.irqreturn
                0x04004088        0x4 ../electronic_engine_control_bsp//libucosii_bsp.a(alt_irq_entry.o)
 *(.exceptions.notirq.label)
 .exceptions.notirq.label
                0x0400408c        0x0 ../electronic_engine_control_bsp//libucosii_bsp.a(alt_irq_entry.o)
 *(.exceptions.notirq.user)
 *(.exceptions.notirq)
 .exceptions.notirq
                0x0400408c        0x8 ../electronic_engine_control_bsp//libucosii_bsp.a(alt_exception_entry.o)
 *(.exceptions.soft.user)
 *(.exceptions.soft)
 *(.exceptions.unknown.user)
 *(.exceptions.unknown)
 .exceptions.unknown
                0x04004094        0x4 ../electronic_engine_control_bsp//libucosii_bsp.a(alt_exception_entry.o)
 *(.exceptions.exit.label)
 .exceptions.exit.label
                0x04004098        0x0 ../electronic_engine_control_bsp//libucosii_bsp.a(alt_irq_entry.o)
 .exceptions.exit.label
                0x04004098        0x0 ../electronic_engine_control_bsp//libucosii_bsp.a(alt_exception_entry.o)
 *(.exceptions.exit.user)
 *(.exceptions.exit)
 .exceptions.exit
                0x04004098       0x54 ../electronic_engine_control_bsp//libucosii_bsp.a(alt_exception_entry.o)
 *(.exceptions)
 .exceptions    0x040040ec       0xd4 ../electronic_engine_control_bsp//libucosii_bsp.a(alt_irq_handler.o)
                0x040040ec                alt_irq_handler
                0x040041c0                PROVIDE (__ram_exceptions_end, ABSOLUTE (.))
                0x02000000                PROVIDE (__flash_exceptions_start, LOADADDR (.exceptions))

.text           0x020001a0    0x1a070
                0x020001a0                PROVIDE (stext, ABSOLUTE (.))
 *(.interp)
 *(.hash)
 *(.dynsym)
 *(.dynstr)
 *(.gnu.version)
 *(.gnu.version_d)
 *(.gnu.version_r)
 *(.rel.init)
 *(.rela.init)
 *(.rel.text .rel.text.* .rel.gnu.linkonce.t.*)
 *(.rela.text .rela.text.* .rela.gnu.linkonce.t.*)
 *(.rel.fini)
 *(.rela.fini)
 *(.rel.rodata .rel.rodata.* .rel.gnu.linkonce.r.*)
 *(.rela.rodata .rela.rodata.* .rela.gnu.linkonce.r.*)
 *(.rel.data .rel.data.* .rel.gnu.linkonce.d.*)
 *(.rela.data .rela.data.* .rela.gnu.linkonce.d.*)
 *(.rel.tdata .rel.tdata.* .rel.gnu.linkonce.td.*)
 *(.rela.tdata .rela.tdata.* .rela.gnu.linkonce.td.*)
 *(.rel.tbss .rel.tbss.* .rel.gnu.linkonce.tb.*)
 *(.rela.tbss .rela.tbss.* .rela.gnu.linkonce.tb.*)
 *(.rel.ctors)
 *(.rela.ctors)
 *(.rel.dtors)
 *(.rela.dtors)
 *(.rel.got)
 *(.rela.got)
 *(.rel.sdata .rel.sdata.* .rel.gnu.linkonce.s.*)
 *(.rela.sdata .rela.sdata.* .rela.gnu.linkonce.s.*)
 *(.rel.sbss .rel.sbss.* .rel.gnu.linkonce.sb.*)
 *(.rela.sbss .rela.sbss.* .rela.gnu.linkonce.sb.*)
 *(.rel.sdata2 .rel.sdata2.* .rel.gnu.linkonce.s2.*)
 *(.rela.sdata2 .rela.sdata2.* .rela.gnu.linkonce.s2.*)
 *(.rel.sbss2 .rel.sbss2.* .rel.gnu.linkonce.sb2.*)
 *(.rela.sbss2 .rela.sbss2.* .rela.gnu.linkonce.sb2.*)
 *(.rel.bss .rel.bss.* .rel.gnu.linkonce.b.*)
 *(.rela.bss .rela.bss.* .rela.gnu.linkonce.b.*)
 *(.rel.plt)
 *(.rela.plt)
 *(.rel.dyn)
 *(.init)
 *(.plt)
 *(.text .stub .text.* .gnu.linkonce.t.*)
 .text          0x020001a0       0x3c ../electronic_engine_control_bsp//obj/HAL/src/crt0.o
                0x020001a0                _start
 .text          0x020001dc      0x6e0 obj/default/apps_task.o
                0x020001dc                apps_value_comp_callback
                0x02000274                apps_task
                0x020006a0                get_motor_cmd_q
                0x020006c0                set_new_motor_position_by_tps
                0x0200077c                set_new_motor_position
                0x020007bc                hitec_servo_demo
                0x02000830                get_motor_failure_flag
                0x02000850                get_apps_task_external_failure_flag
                0x02000870                get_apps_task_failure_resolved_flag
                0x02000890                signal_exit_shift_matching
 .text          0x020008bc      0x32c obj/default/failure_handler_task.o
                0x020008bc                failure_handler_task
 .text          0x02000be8      0x178 obj/default/main.o
                0x02000be8                test_task
                0x02000c40                main
                0x02000ce0                get_adc
                0x02000d00                disp_err
                0x02000d40                get_failure_msg_q
 .text          0x02000d60      0x530 obj/default/motor_control_task.o
                0x02000d60                post_new_request
                0x02000d98                increase_throttle
                0x02000dbc                decrease_throttle
                0x02000de0                hold_throttle
                0x02000e04                watchdog_callback
                0x02000e40                tps_value_comp_callback
                0x02000ecc                motor_control_task
 .text          0x02001290      0x1c8 obj/default/pwm_gen.o
                0x02001290                enable_pwm_output
                0x020012d4                disable_pwm_output
                0x02001314                set_period
                0x0200135c                set_duty_cycle
                0x020013c8                get_new_pwm_module
 .text          0x02001458      0x49c obj/default/solenoid_task.o
                0x020014ec                solenoid_task
                0x020017b8                shift_up
                0x020017e4                shift_down
                0x02001810                solenoid_callback
                0x02001888                get_solenoid_task_external_failure_flag
                0x020018a8                get_solenoid_task_failure_resolved_flag
                0x020018c8                signal_shift_start
 .text          0x020018f4      0xf20 obj/default/tests/CuTest.o
                0x020018f4                CuStrAlloc
                0x0200192c                CuStrCopy
                0x02001980                CuStringInit
                0x020019e4                CuStringNew
                0x02001a54                CuStringDelete
                0x02001a9c                CuStringResize
                0x02001af0                CuStringAppend
                0x02001ba4                CuStringAppendChar
                0x02001be8                CuStringAppendFormat
                0x02001c14                CuStringInsert
                0x02001d28                CuTestInit
                0x02001d98                CuTestNew
                0x02001de4                CuTestDelete
                0x02001e2c                CuTestRun
                0x02001f30                CuFail_Line
                0x02001fb4                CuAssert_Line
                0x02002010                CuAssertStrEquals_LineMsg
                0x02002118                CuAssertIntEquals_LineMsg
                0x0200218c                CuAssertDblEquals_LineMsg
                0x02002254                CuAssertPtrEquals_LineMsg
                0x020022c8                CuSuiteInit
                0x02002318                CuSuiteNew
                0x02002354                CuSuiteDelete
                0x020023e8                CuSuiteAdd
                0x0200247c                CuSuiteAddSuite
                0x020024f8                CuSuiteRun
                0x02002590                CuSuiteSummary
                0x02002648                CuSuiteDetails
 .text          0x02002814      0x320 obj/default/tests/testbench.o
                0x02002814                Test_int16U_changed_by_threshold
                0x020028f0                Test_int16U_differ_by_percent
                0x020029e4                CuGetSuite
                0x02002a54                run_all_unit_tests
                0x02002acc                Test_pwm_gen
 .text          0x02002b34      0x2dc obj/default/throttle_data.o
                0x02002b34                throttle_data_init
                0x02002c44                get_tps_from_apps
                0x02002da0                get_new_rpm_needed
 .text          0x02002e10      0x2b0 obj/default/util.o
                0x02002e10                int32U_changed_by_threshold
                0x02002e98                int32U_differ_by_percent
                0x02002fa0                get_gear_ratio
                0x02003014                get_tps_sensor_output_pwm
                0x0200305c                set_tps_sensor_output
 .text          0x020030c0      0x504 /OPT/altera/12.1/nios2eds/bin/gnu/H-i686-pc-linux-gnu/bin/../lib/gcc/nios2-elf/4.1.2/mno-hw-mul/libgcc.a(_addsub_df.o)
                0x020034d0                __subdf3
                0x02003550                __adddf3
 .text          0x020035c4       0x88 /OPT/altera/12.1/nios2eds/bin/gnu/H-i686-pc-linux-gnu/bin/../lib/gcc/nios2-elf/4.1.2/mno-hw-mul/libgcc.a(_le_df.o)
                0x020035c4                __ledf2
 .text          0x0200364c        0x0 /OPT/altera/12.1/nios2eds/bin/gnu/H-i686-pc-linux-gnu/bin/../lib/gcc/nios2-elf/4.1.2/mno-hw-mul/libgcc.a(_thenan_df.o)
 .text          0x0200364c      0x14c /OPT/altera/12.1/nios2eds/bin/gnu/H-i686-pc-linux-gnu/bin/../lib/gcc/nios2-elf/4.1.2/mno-hw-mul/libgcc.a(lib2-divmod.o)
                0x020036c8                __divsi3
                0x02003728                __modsi3
                0x02003788                __udivsi3
                0x02003790                __umodsi3
 .text          0x02003798       0x38 /OPT/altera/12.1/nios2eds/bin/gnu/H-i686-pc-linux-gnu/bin/../lib/gcc/nios2-elf/4.1.2/mno-hw-mul/libgcc.a(lib2-mul.o)
                0x02003798                __mulsi3
 .text          0x020037d0      0x314 /OPT/altera/12.1/nios2eds/bin/gnu/H-i686-pc-linux-gnu/bin/../lib/gcc/nios2-elf/4.1.2/mno-hw-mul/libgcc.a(_pack_df.o)
                0x020037d0                __pack_d
 .text          0x02003ae4      0x138 /OPT/altera/12.1/nios2eds/bin/gnu/H-i686-pc-linux-gnu/bin/../lib/gcc/nios2-elf/4.1.2/mno-hw-mul/libgcc.a(_unpack_df.o)
                0x02003ae4                __unpack_d
 .text          0x02003c1c       0xc8 /OPT/altera/12.1/nios2eds/bin/gnu/H-i686-pc-linux-gnu/bin/../lib/gcc/nios2-elf/4.1.2/mno-hw-mul/libgcc.a(_fpcmp_parts_df.o)
                0x02003c1c                __fpcmp_parts_d
 .text          0x02003ce4       0x78 /OPT/altera/12.1/nios2eds/bin/gnu/H-i686-pc-linux-gnu/bin/../lib/gcc/nios2-elf/4.1.2/../../../../nios2-elf/lib/mno-hw-mul/libc.a(lib_a-assert.o)
                0x02003ce4                __assert_func
                0x02003d48                __assert
 .text          0x02003d5c       0x6c /OPT/altera/12.1/nios2eds/bin/gnu/H-i686-pc-linux-gnu/bin/../lib/gcc/nios2-elf/4.1.2/../../../../nios2-elf/lib/mno-hw-mul/libc.a(lib_a-fiprintf.o)
                0x02003d5c                fiprintf
                0x02003da0                _fiprintf_r
 .text          0x02003dc8        0x0 /OPT/altera/12.1/nios2eds/bin/gnu/H-i686-pc-linux-gnu/bin/../lib/gcc/nios2-elf/4.1.2/../../../../nios2-elf/lib/mno-hw-mul/libc.a(lib_a-impure.o)
 .text          0x02003dc8       0x28 /OPT/altera/12.1/nios2eds/bin/gnu/H-i686-pc-linux-gnu/bin/../lib/gcc/nios2-elf/4.1.2/../../../../nios2-elf/lib/mno-hw-mul/libc.a(lib_a-malloc.o)
                0x02003dc8                free
                0x02003ddc                malloc
 .text          0x02003df0      0x740 /OPT/altera/12.1/nios2eds/bin/gnu/H-i686-pc-linux-gnu/bin/../lib/gcc/nios2-elf/4.1.2/../../../../nios2-elf/lib/mno-hw-mul/libc.a(lib_a-mallocr.o)
                0x02003df0                _malloc_r
 .text          0x02004530       0xa0 /OPT/altera/12.1/nios2eds/bin/gnu/H-i686-pc-linux-gnu/bin/../lib/gcc/nios2-elf/4.1.2/../../../../nios2-elf/lib/mno-hw-mul/libc.a(lib_a-memcpy.o)
                0x02004530                memcpy
 .text          0x020045d0       0xe0 /OPT/altera/12.1/nios2eds/bin/gnu/H-i686-pc-linux-gnu/bin/../lib/gcc/nios2-elf/4.1.2/../../../../nios2-elf/lib/mno-hw-mul/libc.a(lib_a-memmove.o)
                0x020045d0                memmove
 .text          0x020046b0       0x98 /OPT/altera/12.1/nios2eds/bin/gnu/H-i686-pc-linux-gnu/bin/../lib/gcc/nios2-elf/4.1.2/../../../../nios2-elf/lib/mno-hw-mul/libc.a(lib_a-memset.o)
                0x020046b0                memset
 .text          0x02004748       0x78 /OPT/altera/12.1/nios2eds/bin/gnu/H-i686-pc-linux-gnu/bin/../lib/gcc/nios2-elf/4.1.2/../../../../nios2-elf/lib/mno-hw-mul/libc.a(lib_a-printf.o)
                0x02004748                printf
                0x0200478c                _printf_r
 .text          0x020047c0       0xb4 /OPT/altera/12.1/nios2eds/bin/gnu/H-i686-pc-linux-gnu/bin/../lib/gcc/nios2-elf/4.1.2/../../../../nios2-elf/lib/mno-hw-mul/libc.a(lib_a-puts.o)
                0x020047c0                _puts_r
                0x02004860                puts
 .text          0x02004874       0x1c /OPT/altera/12.1/nios2eds/bin/gnu/H-i686-pc-linux-gnu/bin/../lib/gcc/nios2-elf/4.1.2/../../../../nios2-elf/lib/mno-hw-mul/libc.a(lib_a-realloc.o)
                0x02004874                realloc
 .text          0x02004890      0x5f4 /OPT/altera/12.1/nios2eds/bin/gnu/H-i686-pc-linux-gnu/bin/../lib/gcc/nios2-elf/4.1.2/../../../../nios2-elf/lib/mno-hw-mul/libc.a(lib_a-reallocr.o)
                0x02004890                _realloc_r
 .text          0x02004e84       0x70 /OPT/altera/12.1/nios2eds/bin/gnu/H-i686-pc-linux-gnu/bin/../lib/gcc/nios2-elf/4.1.2/../../../../nios2-elf/lib/mno-hw-mul/libc.a(lib_a-sbrkr.o)
                0x02004e84                _sbrk_r
 *fill*         0x02004ef4        0x4 3a880100
 .text          0x02004ef8       0x78 /OPT/altera/12.1/nios2eds/bin/gnu/H-i686-pc-linux-gnu/bin/../lib/gcc/nios2-elf/4.1.2/../../../../nios2-elf/lib/mno-hw-mul/libc.a(lib_a-setjmp.o)
                0x02004ef8                setjmp
                0x02004f30                longjmp
 .text          0x02004f70       0xd4 /OPT/altera/12.1/nios2eds/bin/gnu/H-i686-pc-linux-gnu/bin/../lib/gcc/nios2-elf/4.1.2/../../../../nios2-elf/lib/mno-hw-mul/libc.a(lib_a-sprintf.o)
                0x02004f70                sprintf
                0x02004fe4                _sprintf_r
 .text          0x02005044       0x90 /OPT/altera/12.1/nios2eds/bin/gnu/H-i686-pc-linux-gnu/bin/../lib/gcc/nios2-elf/4.1.2/../../../../nios2-elf/lib/mno-hw-mul/libc.a(lib_a-strcat.o)
                0x02005044                strcat
 .text          0x020050d4       0xbc /OPT/altera/12.1/nios2eds/bin/gnu/H-i686-pc-linux-gnu/bin/../lib/gcc/nios2-elf/4.1.2/../../../../nios2-elf/lib/mno-hw-mul/libc.a(lib_a-strcmp.o)
                0x020050d4                strcmp
 .text          0x02005190       0x8c /OPT/altera/12.1/nios2eds/bin/gnu/H-i686-pc-linux-gnu/bin/../lib/gcc/nios2-elf/4.1.2/../../../../nios2-elf/lib/mno-hw-mul/libc.a(lib_a-strcpy.o)
                0x02005190                strcpy
 .text          0x0200521c       0x74 /OPT/altera/12.1/nios2eds/bin/gnu/H-i686-pc-linux-gnu/bin/../lib/gcc/nios2-elf/4.1.2/../../../../nios2-elf/lib/mno-hw-mul/libc.a(lib_a-strlen.o)
                0x0200521c                strlen
 .text          0x02005290       0x1c /OPT/altera/12.1/nios2eds/bin/gnu/H-i686-pc-linux-gnu/bin/../lib/gcc/nios2-elf/4.1.2/../../../../nios2-elf/lib/mno-hw-mul/libc.a(lib_a-vfiprintfr_1.o)
                0x02005290                _vfiprintf_r
 .text          0x020052ac     0x1f40 /OPT/altera/12.1/nios2eds/bin/gnu/H-i686-pc-linux-gnu/bin/../lib/gcc/nios2-elf/4.1.2/../../../../nios2-elf/lib/mno-hw-mul/libc.a(lib_a-vfprintf.o)
                0x02005304                ___vfprintf_internal_r
                0x020071c8                __vfprintf_internal
 .text          0x020071ec      0x13c /OPT/altera/12.1/nios2eds/bin/gnu/H-i686-pc-linux-gnu/bin/../lib/gcc/nios2-elf/4.1.2/../../../../nios2-elf/lib/mno-hw-mul/libc.a(lib_a-wsetup.o)
                0x020071ec                __swsetup_r
 .text          0x02007328       0x18 /OPT/altera/12.1/nios2eds/bin/gnu/H-i686-pc-linux-gnu/bin/../lib/gcc/nios2-elf/4.1.2/../../../../nios2-elf/lib/mno-hw-mul/libc.a(lib_a-abort.o)
                0x02007328                abort
 .text          0x02007340     0x17f8 /OPT/altera/12.1/nios2eds/bin/gnu/H-i686-pc-linux-gnu/bin/../lib/gcc/nios2-elf/4.1.2/../../../../nios2-elf/lib/mno-hw-mul/libc.a(lib_a-dtoa.o)
                0x02007584                _dtoa_r
 .text          0x02008b38      0x230 /OPT/altera/12.1/nios2eds/bin/gnu/H-i686-pc-linux-gnu/bin/../lib/gcc/nios2-elf/4.1.2/../../../../nios2-elf/lib/mno-hw-mul/libc.a(lib_a-fflush.o)
                0x02008b38                _fflush_r
                0x02008d34                fflush
 .text          0x02008d68      0x2f4 /OPT/altera/12.1/nios2eds/bin/gnu/H-i686-pc-linux-gnu/bin/../lib/gcc/nios2-elf/4.1.2/../../../../nios2-elf/lib/mno-hw-mul/libc.a(lib_a-findfp.o)
                0x02008dc0                __sfp_lock_acquire
                0x02008dc4                __sfp_lock_release
                0x02008dc8                __sinit_lock_acquire
                0x02008dcc                __sinit_lock_release
                0x02008dd0                __sinit
                0x02008e84                __fp_unlock_all
                0x02008e9c                __fp_lock_all
                0x02008eb4                _cleanup_r
                0x02008ec0                _cleanup
                0x02008ed0                __sfmoreglue
                0x02008f6c                __sfp
 .text          0x0200905c      0x440 /OPT/altera/12.1/nios2eds/bin/gnu/H-i686-pc-linux-gnu/bin/../lib/gcc/nios2-elf/4.1.2/../../../../nios2-elf/lib/mno-hw-mul/libc.a(lib_a-freer.o)
                0x0200905c                _malloc_trim_r
                0x02009188                _free_r
 .text          0x0200949c      0x49c /OPT/altera/12.1/nios2eds/bin/gnu/H-i686-pc-linux-gnu/bin/../lib/gcc/nios2-elf/4.1.2/../../../../nios2-elf/lib/mno-hw-mul/libc.a(lib_a-fvwrite.o)
                0x0200949c                __sfvwrite_r
 .text          0x02009938      0x180 /OPT/altera/12.1/nios2eds/bin/gnu/H-i686-pc-linux-gnu/bin/../lib/gcc/nios2-elf/4.1.2/../../../../nios2-elf/lib/mno-hw-mul/libc.a(lib_a-fwalk.o)
                0x02009938                _fwalk_reent
                0x02009a00                _fwalk
 .text          0x02009ab8        0x0 /OPT/altera/12.1/nios2eds/bin/gnu/H-i686-pc-linux-gnu/bin/../lib/gcc/nios2-elf/4.1.2/../../../../nios2-elf/lib/mno-hw-mul/libc.a(lib_a-int_errno.o)
 .text          0x02009ab8       0xc4 /OPT/altera/12.1/nios2eds/bin/gnu/H-i686-pc-linux-gnu/bin/../lib/gcc/nios2-elf/4.1.2/../../../../nios2-elf/lib/mno-hw-mul/libc.a(lib_a-locale.o)
                0x02009ab8                __locale_charset
                0x02009ac0                _localeconv_r
                0x02009acc                localeconv
                0x02009adc                _setlocale_r
                0x02009b60                setlocale
 .text          0x02009b7c      0x194 /OPT/altera/12.1/nios2eds/bin/gnu/H-i686-pc-linux-gnu/bin/../lib/gcc/nios2-elf/4.1.2/../../../../nios2-elf/lib/mno-hw-mul/libc.a(lib_a-makebuf.o)
                0x02009b7c                __smakebuf_r
 .text          0x02009d10       0xe4 /OPT/altera/12.1/nios2eds/bin/gnu/H-i686-pc-linux-gnu/bin/../lib/gcc/nios2-elf/4.1.2/../../../../nios2-elf/lib/mno-hw-mul/libc.a(lib_a-memchr.o)
                0x02009d10                memchr
 .text          0x02009df4     0x108c /OPT/altera/12.1/nios2eds/bin/gnu/H-i686-pc-linux-gnu/bin/../lib/gcc/nios2-elf/4.1.2/../../../../nios2-elf/lib/mno-hw-mul/libc.a(lib_a-mprec.o)
                0x02009df4                _Bfree
                0x02009e1c                __hi0bits
                0x02009e8c                __lo0bits
                0x02009f50                __mcmp
                0x02009fb0                __ulp
                0x0200a030                __b2d
                0x0200a150                __ratio
                0x0200a200                _mprec_log10
                0x0200a294                __copybits
                0x0200a2ec                __any_on
                0x0200a374                _Balloc
                0x0200a430                __d2b
                0x0200a5ac                __mdiff
                0x0200a738                __lshift
                0x0200a884                __multiply
                0x0200aad8                __i2b
                0x0200ab14                __multadd
                0x0200ac40                __pow5mult
                0x0200ad60                __s2b
 .text          0x0200ae80       0x40 /OPT/altera/12.1/nios2eds/bin/gnu/H-i686-pc-linux-gnu/bin/../lib/gcc/nios2-elf/4.1.2/../../../../nios2-elf/lib/mno-hw-mul/libc.a(lib_a-s_isinfd.o)
                0x0200ae80                __isinfd
 .text          0x0200aec0       0x30 /OPT/altera/12.1/nios2eds/bin/gnu/H-i686-pc-linux-gnu/bin/../lib/gcc/nios2-elf/4.1.2/../../../../nios2-elf/lib/mno-hw-mul/libc.a(lib_a-s_isnand.o)
                0x0200aec0                __isnand
 .text          0x0200aef0      0x2d8 /OPT/altera/12.1/nios2eds/bin/gnu/H-i686-pc-linux-gnu/bin/../lib/gcc/nios2-elf/4.1.2/../../../../nios2-elf/lib/mno-hw-mul/libc.a(lib_a-signal.o)
                0x0200aef0                _raise_r
                0x0200afbc                raise
                0x0200afd0                _init_signal_r
                0x0200b034                _init_signal
                0x0200b044                __sigtramp_r
                0x0200b0f8                __sigtramp
                0x0200b10c                _signal_r
                0x0200b1ac                signal
 .text          0x0200b1c8       0x78 /OPT/altera/12.1/nios2eds/bin/gnu/H-i686-pc-linux-gnu/bin/../lib/gcc/nios2-elf/4.1.2/../../../../nios2-elf/lib/mno-hw-mul/libc.a(lib_a-signalr.o)
                0x0200b1c8                _getpid_r
                0x0200b1cc                _kill_r
 .text          0x0200b240      0x14c /OPT/altera/12.1/nios2eds/bin/gnu/H-i686-pc-linux-gnu/bin/../lib/gcc/nios2-elf/4.1.2/../../../../nios2-elf/lib/mno-hw-mul/libc.a(lib_a-stdio.o)
                0x0200b240                __sclose
                0x0200b248                __sseek
                0x0200b2b0                __swrite
                0x0200b32c                __sread
 .text          0x0200b38c     0x113c /OPT/altera/12.1/nios2eds/bin/gnu/H-i686-pc-linux-gnu/bin/../lib/gcc/nios2-elf/4.1.2/../../../../nios2-elf/lib/mno-hw-mul/libc.a(lib_a-vfiprintf.o)
                0x0200b3e4                ___vfiprintf_internal_r
                0x0200c4a4                __vfiprintf_internal
 .text          0x0200c4c8       0x78 /OPT/altera/12.1/nios2eds/bin/gnu/H-i686-pc-linux-gnu/bin/../lib/gcc/nios2-elf/4.1.2/../../../../nios2-elf/lib/mno-hw-mul/libc.a(lib_a-writer.o)
                0x0200c4c8                _write_r
 .text          0x0200c540       0xc8 /OPT/altera/12.1/nios2eds/bin/gnu/H-i686-pc-linux-gnu/bin/../lib/gcc/nios2-elf/4.1.2/../../../../nios2-elf/lib/mno-hw-mul/libc.a(lib_a-callocr.o)
                0x0200c540                _calloc_r
 .text          0x0200c608       0x70 /OPT/altera/12.1/nios2eds/bin/gnu/H-i686-pc-linux-gnu/bin/../lib/gcc/nios2-elf/4.1.2/../../../../nios2-elf/lib/mno-hw-mul/libc.a(lib_a-closer.o)
                0x0200c608                _close_r
 .text          0x0200c678      0x124 /OPT/altera/12.1/nios2eds/bin/gnu/H-i686-pc-linux-gnu/bin/../lib/gcc/nios2-elf/4.1.2/../../../../nios2-elf/lib/mno-hw-mul/libc.a(lib_a-fclose.o)
                0x0200c678                _fclose_r
                0x0200c788                fclose
 .text          0x0200c79c       0x74 /OPT/altera/12.1/nios2eds/bin/gnu/H-i686-pc-linux-gnu/bin/../lib/gcc/nios2-elf/4.1.2/../../../../nios2-elf/lib/mno-hw-mul/libc.a(lib_a-fstatr.o)
                0x0200c79c                _fstat_r
 .text          0x0200c810       0x70 /OPT/altera/12.1/nios2eds/bin/gnu/H-i686-pc-linux-gnu/bin/../lib/gcc/nios2-elf/4.1.2/../../../../nios2-elf/lib/mno-hw-mul/libc.a(lib_a-isattyr.o)
                0x0200c810                _isatty_r
 .text          0x0200c880       0x78 /OPT/altera/12.1/nios2eds/bin/gnu/H-i686-pc-linux-gnu/bin/../lib/gcc/nios2-elf/4.1.2/../../../../nios2-elf/lib/mno-hw-mul/libc.a(lib_a-lseekr.o)
                0x0200c880                _lseek_r
 .text          0x0200c8f8       0x78 /OPT/altera/12.1/nios2eds/bin/gnu/H-i686-pc-linux-gnu/bin/../lib/gcc/nios2-elf/4.1.2/../../../../nios2-elf/lib/mno-hw-mul/libc.a(lib_a-readr.o)
                0x0200c8f8                _read_r
 .text          0x0200c970      0x66c /OPT/altera/12.1/nios2eds/bin/gnu/H-i686-pc-linux-gnu/bin/../lib/gcc/nios2-elf/4.1.2/mno-hw-mul/libgcc.a(_udivdi3.o)
                0x0200c970                __udivdi3
 .text          0x0200cfdc      0x660 /OPT/altera/12.1/nios2eds/bin/gnu/H-i686-pc-linux-gnu/bin/../lib/gcc/nios2-elf/4.1.2/mno-hw-mul/libgcc.a(_umoddi3.o)
                0x0200cfdc                __umoddi3
 .text          0x0200d63c      0x3c4 /OPT/altera/12.1/nios2eds/bin/gnu/H-i686-pc-linux-gnu/bin/../lib/gcc/nios2-elf/4.1.2/mno-hw-mul/libgcc.a(_mul_df.o)
                0x0200d63c                __muldf3
 .text          0x0200da00      0x258 /OPT/altera/12.1/nios2eds/bin/gnu/H-i686-pc-linux-gnu/bin/../lib/gcc/nios2-elf/4.1.2/mno-hw-mul/libgcc.a(_div_df.o)
                0x0200da00                __divdf3
 .text          0x0200dc58       0x88 /OPT/altera/12.1/nios2eds/bin/gnu/H-i686-pc-linux-gnu/bin/../lib/gcc/nios2-elf/4.1.2/mno-hw-mul/libgcc.a(_eq_df.o)
                0x0200dc58                __eqdf2
 .text          0x0200dce0       0x88 /OPT/altera/12.1/nios2eds/bin/gnu/H-i686-pc-linux-gnu/bin/../lib/gcc/nios2-elf/4.1.2/mno-hw-mul/libgcc.a(_ne_df.o)
                0x0200dce0                __nedf2
 .text          0x0200dd68       0x88 /OPT/altera/12.1/nios2eds/bin/gnu/H-i686-pc-linux-gnu/bin/../lib/gcc/nios2-elf/4.1.2/mno-hw-mul/libgcc.a(_gt_df.o)
                0x0200dd68                __gtdf2
 .text          0x0200ddf0       0x88 /OPT/altera/12.1/nios2eds/bin/gnu/H-i686-pc-linux-gnu/bin/../lib/gcc/nios2-elf/4.1.2/mno-hw-mul/libgcc.a(_ge_df.o)
                0x0200ddf0                __gedf2
 .text          0x0200de78       0x88 /OPT/altera/12.1/nios2eds/bin/gnu/H-i686-pc-linux-gnu/bin/../lib/gcc/nios2-elf/4.1.2/mno-hw-mul/libgcc.a(_lt_df.o)
                0x0200de78                __ltdf2
 .text          0x0200df00       0xf8 /OPT/altera/12.1/nios2eds/bin/gnu/H-i686-pc-linux-gnu/bin/../lib/gcc/nios2-elf/4.1.2/mno-hw-mul/libgcc.a(_si_to_df.o)
                0x0200df00                __floatsidf
 .text          0x0200dff8       0xd8 /OPT/altera/12.1/nios2eds/bin/gnu/H-i686-pc-linux-gnu/bin/../lib/gcc/nios2-elf/4.1.2/mno-hw-mul/libgcc.a(_df_to_si.o)
                0x0200dff8                __fixdfsi
 .text          0x0200e0d0      0x194 /OPT/altera/12.1/nios2eds/bin/gnu/H-i686-pc-linux-gnu/bin/../lib/gcc/nios2-elf/4.1.2/mno-hw-mul/libgcc.a(_usi_to_df.o)
                0x0200e0d0                __floatunsidf
 .text          0x0200e264      0x124 /OPT/altera/12.1/nios2eds/bin/gnu/H-i686-pc-linux-gnu/bin/../lib/gcc/nios2-elf/4.1.2/mno-hw-mul/libgcc.a(_muldi3.o)
                0x0200e264                __muldi3
 .text          0x0200e388        0x0 /OPT/altera/12.1/nios2eds/bin/gnu/H-i686-pc-linux-gnu/bin/../lib/gcc/nios2-elf/4.1.2/mno-hw-mul/libgcc.a(_clz.o)
 .text          0x0200e388       0x80 /OPT/altera/12.1/nios2eds/bin/gnu/H-i686-pc-linux-gnu/bin/../lib/gcc/nios2-elf/4.1.2/mno-hw-mul/libgcc.a(_clzsi2.o)
                0x0200e388                __clzsi2
 .text          0x0200e408      0x154 ../electronic_engine_control_bsp//libucosii_bsp.a(alt_alarm_start.o)
                0x0200e408                alt_alarm_start
 .text          0x0200e55c      0x160 ../electronic_engine_control_bsp//libucosii_bsp.a(alt_close.o)
                0x0200e55c                close
 .text          0x0200e6bc       0x2c ../electronic_engine_control_bsp//libucosii_bsp.a(alt_dev.o)
 .text          0x0200e6e8        0x0 ../electronic_engine_control_bsp//libucosii_bsp.a(alt_errno.o)
 .text          0x0200e6e8       0x6c ../electronic_engine_control_bsp//libucosii_bsp.a(alt_exit.o)
                0x0200e728                _exit
 .text          0x0200e754      0x138 ../electronic_engine_control_bsp//libucosii_bsp.a(alt_fstat.o)
                0x0200e754                fstat
 .text          0x0200e88c       0x20 ../electronic_engine_control_bsp//libucosii_bsp.a(alt_getpid.o)
                0x0200e88c                getpid
 .text          0x0200e8ac      0x1c0 ../electronic_engine_control_bsp//libucosii_bsp.a(alt_irq_register.o)
                0x0200e8ac                alt_irq_register
 .text          0x0200ea6c        0x0 ../electronic_engine_control_bsp//libucosii_bsp.a(alt_irq_vars.o)
 .text          0x0200ea6c      0x124 ../electronic_engine_control_bsp//libucosii_bsp.a(alt_isatty.o)
                0x0200ea6c                isatty
 .text          0x0200eb90      0x1a0 ../electronic_engine_control_bsp//libucosii_bsp.a(alt_kill.o)
                0x0200eb90                kill
 .text          0x0200ed30       0xec ../electronic_engine_control_bsp//libucosii_bsp.a(alt_load.o)
                0x0200ed30                alt_load
 .text          0x0200ee1c      0x154 ../electronic_engine_control_bsp//libucosii_bsp.a(alt_lseek.o)
                0x0200ee1c                lseek
 .text          0x0200ef70       0xc8 ../electronic_engine_control_bsp//libucosii_bsp.a(alt_main.o)
                0x0200ef70                alt_main
 .text          0x0200f038      0x184 ../electronic_engine_control_bsp//libucosii_bsp.a(alt_read.o)
                0x0200f038                read
 .text          0x0200f1bc       0x78 ../electronic_engine_control_bsp//libucosii_bsp.a(alt_release_fd.o)
                0x0200f1bc                alt_release_fd
 .text          0x0200f234       0xbc ../electronic_engine_control_bsp//libucosii_bsp.a(alt_sbrk.o)
                0x0200f234                sbrk
 .text          0x0200f2f0      0x1a8 ../electronic_engine_control_bsp//libucosii_bsp.a(alt_tick.o)
                0x0200f2f0                alt_alarm_stop
                0x0200f388                alt_tick
 .text          0x0200f498      0x184 ../electronic_engine_control_bsp//libucosii_bsp.a(alt_write.o)
                0x0200f498                write
 .text          0x0200f61c      0x108 ../electronic_engine_control_bsp//libucosii_bsp.a(alt_env_lock.o)
                0x0200f61c                __env_lock
                0x0200f6c8                __env_unlock
 .text          0x0200f724      0x1d8 ../electronic_engine_control_bsp//libucosii_bsp.a(alt_malloc_lock.o)
                0x0200f724                __malloc_lock
                0x0200f82c                __malloc_unlock
 .text          0x0200f8fc     0x2128 ../electronic_engine_control_bsp//libucosii_bsp.a(os_core.o)
                0x0200f8fc                OSEventNameGet
                0x0200fa2c                OSEventNameSet
                0x0200fb70                OSEventPendMulti
                0x02010224                OSInit
                0x02010278                OSIntEnter
                0x020102f4                OSIntExit
                0x020103f4                OSSchedLock
                0x02010480                OSSchedUnlock
                0x02010564                OSStart
                0x020105d4                OSStatInit
                0x02010680                OSTimeTick
                0x020108c0                OSVersion
                0x020108e0                OS_Dummy
                0x020108fc                OS_EventTaskRdy
                0x02010a90                OS_EventTaskWait
                0x02010ba0                OS_EventTaskWaitMulti
                0x02010cf4                OS_EventTaskRemove
                0x02010dac                OS_EventTaskRemoveMulti
                0x02010eb0                OS_EventWaitListInit
                0x0201127c                OS_MemClr
                0x020112d0                OS_MemCopy
                0x0201133c                OS_Sched
                0x02011480                OS_StrCopy
                0x02011500                OS_StrLen
                0x02011558                OS_TaskIdle
                0x020115b4                OS_TaskStat
                0x0201167c                OS_TaskStatStkChk
                0x02011744                OS_TCBInit
 .text          0x02011a24      0x18c ../electronic_engine_control_bsp//libucosii_bsp.a(os_dbg.o)
                0x02011a24                OSDebugInit
 .text          0x02011bb0     0x193c ../electronic_engine_control_bsp//libucosii_bsp.a(os_flag.o)
                0x02011bb0                OSFlagAccept
                0x02011ee4                OSFlagCreate
                0x02012020                OSFlagDel
                0x020122c8                OSFlagNameGet
                0x0201240c                OSFlagNameSet
                0x02012560                OSFlagPend
                0x02012ba4                OSFlagPendGetFlagsRdy
                0x02012c0c                OSFlagPost
                0x02012fb4                OSFlagQuery
                0x0201324c                OS_FlagInit
                0x02013440                OS_FlagUnlink
 .text          0x020134ec      0x80c ../electronic_engine_control_bsp//libucosii_bsp.a(os_mem.o)
                0x020134ec                OSMemCreate
                0x02013708                OSMemGet
                0x0201380c                OSMemNameGet
                0x02013918                OSMemNameSet
                0x02013a38                OSMemPut
                0x02013b28                OSMemQuery
                0x02013c24                OS_MemInit
 .text          0x02013cf8     0x1334 ../electronic_engine_control_bsp//libucosii_bsp.a(os_q.o)
                0x02013cf8                OSQAccept
                0x02013e4c                OSQCreate
                0x02014060                OSQDel
                0x02014360                OSQFlush
                0x02014428                OSQPend
                0x02014748                OSQPendAbort
                0x020148c4                OSQPost
                0x02014a44                OSQPostFront
                0x02014bcc                OSQPostOpt
                0x02014e00                OSQQuery
                0x02014f80                OS_QInit
 .text          0x0201502c      0xbc8 ../electronic_engine_control_bsp//libucosii_bsp.a(os_sem.o)
                0x0201502c                OSSemAccept
                0x020150ec                OSSemCreate
                0x02015200                OSSemDel
                0x020154a0                OSSemPend
                0x0201571c                OSSemPendAbort
                0x02015898                OSSemPost
                0x020159c0                OSSemQuery
                0x02015af0                OSSemSet
 .text          0x02015bf4     0x1a40 ../electronic_engine_control_bsp//libucosii_bsp.a(os_task.o)
                0x02015bf4                OSTaskChangePrio
                0x02016168                OSTaskCreate
                0x0201633c                OSTaskCreateExt
                0x0201653c                OSTaskDel
                0x02016948                OSTaskDelReq
                0x02016ab8                OSTaskNameGet
                0x02016c70                OSTaskNameSet
                0x02016e34                OSTaskResume
                0x0201704c                OSTaskStkChk
                0x02017248                OSTaskSuspend
                0x02017474                OSTaskQuery
                0x020175b8                OS_TaskStkClr
 .text          0x02017634      0x5b4 ../electronic_engine_control_bsp//libucosii_bsp.a(os_time.o)
                0x02017634                OSTimeDly
                0x02017780                OSTimeDlyHMSM
                0x02017910                OSTimeDlyResume
                0x02017b20                OSTimeGet
                0x02017b84                OSTimeSet
 .text          0x02017be8      0x108 ../electronic_engine_control_bsp//libucosii_bsp.a(alt_sys_init.o)
                0x02017be8                alt_irq_init
                0x02017c1c                alt_sys_init
 .text          0x02017cf0      0x148 ../electronic_engine_control_bsp//libucosii_bsp.a(altera_avalon_jtag_uart_fd.o)
                0x02017cf0                altera_avalon_jtag_uart_read_fd
                0x02017d48                altera_avalon_jtag_uart_write_fd
                0x02017da0                altera_avalon_jtag_uart_close_fd
                0x02017de8                altera_avalon_jtag_uart_ioctl_fd
 .text          0x02017e38      0x580 ../electronic_engine_control_bsp//libucosii_bsp.a(altera_avalon_jtag_uart_init.o)
                0x02017e38                altera_avalon_jtag_uart_init
                0x02018344                altera_avalon_jtag_uart_close
 .text          0x020183b8       0xf4 ../electronic_engine_control_bsp//libucosii_bsp.a(altera_avalon_jtag_uart_ioctl.o)
                0x020183b8                altera_avalon_jtag_uart_ioctl
 .text          0x020184ac      0x2c0 ../electronic_engine_control_bsp//libucosii_bsp.a(altera_avalon_jtag_uart_read.o)
                0x020184ac                altera_avalon_jtag_uart_read
 .text          0x0201876c      0x2dc ../electronic_engine_control_bsp//libucosii_bsp.a(altera_avalon_jtag_uart_write.o)
                0x0201876c                altera_avalon_jtag_uart_write
 .text          0x02018a48       0xfc ../electronic_engine_control_bsp//libucosii_bsp.a(altera_avalon_timer_sc.o)
                0x02018abc                alt_avalon_timer_sc_init
 .text          0x02018b44        0x0 ../electronic_engine_control_bsp//libucosii_bsp.a(altera_avalon_timer_vars.o)
 .text          0x02018b44      0x180 ../electronic_engine_control_bsp//libucosii_bsp.a(altera_up_avalon_de0_nano_adc.o)
                0x02018b44                alt_up_de0_nano_adc_open_dev
                0x02018b84                alt_up_de0_nano_adc_read
 .text          0x02018cc4      0x398 ../electronic_engine_control_bsp//libucosii_bsp.a(altera_up_avalon_rs232.o)
                0x02018cc4                alt_up_rs232_enable_read_interrupt
                0x02018d18                alt_up_rs232_disable_read_interrupt
                0x02018d70                alt_up_rs232_get_used_space_in_read_FIFO
                0x02018dac                alt_up_rs232_get_available_space_in_write_FIFO
                0x02018dec                alt_up_rs232_check_parity
                0x02018e3c                alt_up_rs232_write_data
                0x02018e84                alt_up_rs232_read_data
                0x02018ef8                alt_up_rs232_read_fd
                0x02018f88                alt_up_rs232_write_fd
                0x0201901c                alt_up_rs232_open_dev
 .text          0x0201905c       0x1c ../electronic_engine_control_bsp//libucosii_bsp.a(alt_dcache_flush_all.o)
                0x0201905c                alt_dcache_flush_all
 .text          0x02019078      0x114 ../electronic_engine_control_bsp//libucosii_bsp.a(alt_dev_llist_insert.o)
                0x02019078                alt_dev_llist_insert
 .text          0x0201918c       0x64 ../electronic_engine_control_bsp//libucosii_bsp.a(alt_do_ctors.o)
                0x0201918c                _do_ctors
 .text          0x020191f0       0x64 ../electronic_engine_control_bsp//libucosii_bsp.a(alt_do_dtors.o)
                0x020191f0                _do_dtors
 .text          0x02019254       0x94 ../electronic_engine_control_bsp//libucosii_bsp.a(alt_find_dev.o)
                0x02019254                alt_find_dev
 .text          0x020192e8       0x1c ../electronic_engine_control_bsp//libucosii_bsp.a(alt_icache_flush_all.o)
                0x020192e8                alt_icache_flush_all
 .text          0x02019304      0x150 ../electronic_engine_control_bsp//libucosii_bsp.a(alt_io_redirect.o)
                0x020193dc                alt_io_redirect
 .text          0x02019454        0x0 ../electronic_engine_control_bsp//libucosii_bsp.a(alt_irq_entry.o)
 .text          0x02019454        0x0 ../electronic_engine_control_bsp//libucosii_bsp.a(alt_irq_handler.o)
 .text          0x02019454      0x2e4 ../electronic_engine_control_bsp//libucosii_bsp.a(alt_open.o)
                0x0201954c                open
 .text          0x02019738       0x20 ../electronic_engine_control_bsp//libucosii_bsp.a(altera_nios2_qsys_irq.o)
                0x02019738                altera_nios2_qsys_irq_init
 .text          0x02019758       0xd0 ../electronic_engine_control_bsp//libucosii_bsp.a(os_cpu_a.o)
                0x02019758                OSCtxSw
                0x02019758                OSIntCtxSw
                0x020197e4                OSStartHighRdy
                0x02019804                OSStartTsk
 .text          0x02019828      0x418 ../electronic_engine_control_bsp//libucosii_bsp.a(os_cpu_c.o)
                0x02019828                OSTaskStkInit
                0x02019b38                OSTaskCreateHook
                0x02019b58                OSTaskDelHook
                0x02019b78                OSTaskSwHook
                0x02019b94                OSTaskStatHook
                0x02019bb0                OSTimeTickHook
                0x02019bcc                OSInitHookBegin
                0x02019be8                OSInitHookEnd
                0x02019c04                OSTaskIdleHook
                0x02019c20                OSTCBInitHook
 .text          0x02019c40        0x0 ../electronic_engine_control_bsp//libucosii_bsp.a(alt_exception_entry.o)
 .text          0x02019c40      0x120 ../electronic_engine_control_bsp//libucosii_bsp.a(alt_find_file.o)
                0x02019c40                alt_find_file
 .text          0x02019d60      0x104 ../electronic_engine_control_bsp//libucosii_bsp.a(alt_get_fd.o)
                0x02019d60                alt_get_fd
 .text          0x02019e64       0x14 /OPT/altera/12.1/nios2eds/bin/gnu/H-i686-pc-linux-gnu/bin/../lib/gcc/nios2-elf/4.1.2/../../../../nios2-elf/lib/mno-hw-mul/libc.a(lib_a-atexit.o)
                0x02019e64                atexit
 .text          0x02019e78       0x38 /OPT/altera/12.1/nios2eds/bin/gnu/H-i686-pc-linux-gnu/bin/../lib/gcc/nios2-elf/4.1.2/../../../../nios2-elf/lib/mno-hw-mul/libc.a(lib_a-exit.o)
                0x02019e78                exit
 .text          0x02019eb0       0x74 /OPT/altera/12.1/nios2eds/bin/gnu/H-i686-pc-linux-gnu/bin/../lib/gcc/nios2-elf/4.1.2/../../../../nios2-elf/lib/mno-hw-mul/libc.a(lib_a-memcmp.o)
                0x02019eb0                memcmp
 .text          0x02019f24      0x134 /OPT/altera/12.1/nios2eds/bin/gnu/H-i686-pc-linux-gnu/bin/../lib/gcc/nios2-elf/4.1.2/../../../../nios2-elf/lib/mno-hw-mul/libc.a(lib_a-__atexit.o)
                0x02019f24                __register_exitproc
 .text          0x0201a058      0x1b4 /OPT/altera/12.1/nios2eds/bin/gnu/H-i686-pc-linux-gnu/bin/../lib/gcc/nios2-elf/4.1.2/../../../../nios2-elf/lib/mno-hw-mul/libc.a(lib_a-__call_atexit.o)
                0x0201a05c                __call_exitprocs
 *(.gnu.warning.*)
 *(.fini)
                0x0201a20c                PROVIDE (__etext, ABSOLUTE (.))
                0x0201a20c                PROVIDE (_etext, ABSOLUTE (.))
                0x0201a20c                PROVIDE (etext, ABSOLUTE (.))
 *(.eh_frame_hdr)
                0x0201a20c                . = ALIGN (0x4)
                0x0201a20c                PROVIDE (__preinit_array_start, ABSOLUTE (.))
 *(.preinit_array)
                0x0201a20c                PROVIDE (__preinit_array_end, ABSOLUTE (.))
                0x0201a20c                PROVIDE (__init_array_start, ABSOLUTE (.))
 *(.init_array)
                0x0201a20c                PROVIDE (__init_array_end, ABSOLUTE (.))
                0x0201a20c                PROVIDE (__fini_array_start, ABSOLUTE (.))
 *(.fini_array)
                0x0201a20c                PROVIDE (__fini_array_end, ABSOLUTE (.))
 *(.eh_frame)
 *(.gcc_except_table)
 *(.dynamic)
                0x0201a20c                PROVIDE (__CTOR_LIST__, ABSOLUTE (.))
 *(.ctors)
 *(SORT(.ctors.*))
 .ctors.65535   0x0201a20c        0x4 /OPT/altera/12.1/nios2eds/bin/gnu/H-i686-pc-linux-gnu/bin/../lib/gcc/nios2-elf/4.1.2/../../../../nios2-elf/lib/mno-hw-mul/libc.a(lib_a-__call_atexit.o)
                0x0201a210                PROVIDE (__CTOR_END__, ABSOLUTE (.))
                0x0201a210                PROVIDE (__DTOR_LIST__, ABSOLUTE (.))
 *(.dtors)
 *(SORT(.dtors.*))
                0x0201a210                PROVIDE (__DTOR_END__, ABSOLUTE (.))
 *(.jcr)
                0x0201a210                . = ALIGN (0x4)

.rodata         0x0201a210      0x97c
                0x0201a210                PROVIDE (__ram_rodata_start, ABSOLUTE (.))
                0x0201a210                . = ALIGN (0x4)
 *(.rodata .rodata.* .gnu.linkonce.r.*)
 .rodata        0x0201a210       0xf8 obj/default/apps_task.o
 .rodata        0x0201a308       0xac obj/default/failure_handler_task.o
 .rodata        0x0201a3b4       0x24 obj/default/main.o
 .rodata        0x0201a3d8       0xd8 obj/default/solenoid_task.o
 .rodata        0x0201a4b0      0x170 obj/default/tests/CuTest.o
 .rodata        0x0201a620       0x80 obj/default/tests/testbench.o
 .rodata        0x0201a6a0       0x14 /OPT/altera/12.1/nios2eds/bin/gnu/H-i686-pc-linux-gnu/bin/../lib/gcc/nios2-elf/4.1.2/mno-hw-mul/libgcc.a(_thenan_df.o)
                0x0201a6a0                __thenan_df
 .rodata.str1.4
                0x0201a6b4       0x3d /OPT/altera/12.1/nios2eds/bin/gnu/H-i686-pc-linux-gnu/bin/../lib/gcc/nios2-elf/4.1.2/../../../../nios2-elf/lib/mno-hw-mul/libc.a(lib_a-assert.o)
                                 0x44 (size before relaxing)
 *fill*         0x0201a6f1        0x3 00
 .rodata.str1.4
                0x0201a6f4        0x2 /OPT/altera/12.1/nios2eds/bin/gnu/H-i686-pc-linux-gnu/bin/../lib/gcc/nios2-elf/4.1.2/../../../../nios2-elf/lib/mno-hw-mul/libc.a(lib_a-impure.o)
                                  0x4 (size before relaxing)
 *fill*         0x0201a6f6        0x2 00
 .rodata.str1.4
                0x0201a6f8        0x2 /OPT/altera/12.1/nios2eds/bin/gnu/H-i686-pc-linux-gnu/bin/../lib/gcc/nios2-elf/4.1.2/../../../../nios2-elf/lib/mno-hw-mul/libc.a(lib_a-puts.o)
                                  0x4 (size before relaxing)
 *fill*         0x0201a6fa        0x2 00
 .rodata.str1.4
                0x0201a6fc       0x5e /OPT/altera/12.1/nios2eds/bin/gnu/H-i686-pc-linux-gnu/bin/../lib/gcc/nios2-elf/4.1.2/../../../../nios2-elf/lib/mno-hw-mul/libc.a(lib_a-vfprintf.o)
                                 0x60 (size before relaxing)
 .rodata        0x0201a75a       0x20 /OPT/altera/12.1/nios2eds/bin/gnu/H-i686-pc-linux-gnu/bin/../lib/gcc/nios2-elf/4.1.2/../../../../nios2-elf/lib/mno-hw-mul/libc.a(lib_a-vfprintf.o)
 *fill*         0x0201a77a        0x2 00
 .rodata.str1.4
                0x0201a77c       0x10 /OPT/altera/12.1/nios2eds/bin/gnu/H-i686-pc-linux-gnu/bin/../lib/gcc/nios2-elf/4.1.2/../../../../nios2-elf/lib/mno-hw-mul/libc.a(lib_a-dtoa.o)
                                 0x14 (size before relaxing)
 .rodata.str1.4
                0x0201a78c       0x10 /OPT/altera/12.1/nios2eds/bin/gnu/H-i686-pc-linux-gnu/bin/../lib/gcc/nios2-elf/4.1.2/../../../../nios2-elf/lib/mno-hw-mul/libc.a(lib_a-locale.o)
                                 0x18 (size before relaxing)
 .rodata        0x0201a79c       0x30 /OPT/altera/12.1/nios2eds/bin/gnu/H-i686-pc-linux-gnu/bin/../lib/gcc/nios2-elf/4.1.2/../../../../nios2-elf/lib/mno-hw-mul/libc.a(lib_a-locale.o)
 .rodata        0x0201a7cc      0x124 /OPT/altera/12.1/nios2eds/bin/gnu/H-i686-pc-linux-gnu/bin/../lib/gcc/nios2-elf/4.1.2/../../../../nios2-elf/lib/mno-hw-mul/libc.a(lib_a-mprec.o)
                0x0201a7cc                __mprec_tens
                0x0201a894                __mprec_bigtens
                0x0201a8bc                __mprec_tinytens
 .rodata.str1.4
                0x00000000       0x4c /OPT/altera/12.1/nios2eds/bin/gnu/H-i686-pc-linux-gnu/bin/../lib/gcc/nios2-elf/4.1.2/../../../../nios2-elf/lib/mno-hw-mul/libc.a(lib_a-vfiprintf.o)
 .rodata        0x0201a8f0       0x20 /OPT/altera/12.1/nios2eds/bin/gnu/H-i686-pc-linux-gnu/bin/../lib/gcc/nios2-elf/4.1.2/../../../../nios2-elf/lib/mno-hw-mul/libc.a(lib_a-vfiprintf.o)
 .rodata        0x0201a910      0x100 /OPT/altera/12.1/nios2eds/bin/gnu/H-i686-pc-linux-gnu/bin/../lib/gcc/nios2-elf/4.1.2/mno-hw-mul/libgcc.a(_clz.o)
                0x0201a910                __clz_tab
 .rodata        0x0201aa10        0xc ../electronic_engine_control_bsp//libucosii_bsp.a(alt_dev.o)
 .rodata        0x0201aa1c       0x14 ../electronic_engine_control_bsp//libucosii_bsp.a(alt_main.o)
 .rodata        0x0201aa30      0x120 ../electronic_engine_control_bsp//libucosii_bsp.a(os_core.o)
                0x0201aa30                OSUnMapTbl
 .rodata        0x0201ab50       0x38 ../electronic_engine_control_bsp//libucosii_bsp.a(alt_sys_init.o)
 .rodata        0x0201ab88        0x4 ../electronic_engine_control_bsp//libucosii_bsp.a(os_cpu_c.o)
 *(.rodata1)
                0x0201ab8c                . = ALIGN (0x4)
                0x0201ab8c                PROVIDE (__ram_rodata_end, ABSOLUTE (.))
                0x0201a210                PROVIDE (__flash_rodata_start, LOADADDR (.rodata))

.rwdata         0x0201ab8c     0x1b3c load address 0x0201c6c8
                0x0201ab8c                PROVIDE (__ram_rwdata_start, ABSOLUTE (.))
                0x0201ab8c                . = ALIGN (0x4)
 *(.got.plt)
 *(.got)
 *(.data1)
 *(.data .data.* .gnu.linkonce.d.*)
 .data          0x0201ab8c        0x0 ../electronic_engine_control_bsp//obj/HAL/src/crt0.o
 .data          0x0201ab8c        0x0 obj/default/apps_task.o
 .data          0x0201ab8c        0x0 obj/default/failure_handler_task.o
 .data          0x0201ab8c        0x0 obj/default/main.o
 .data          0x0201ab8c        0x0 obj/default/motor_control_task.o
 .data          0x0201ab8c        0x0 obj/default/pwm_gen.o
 .data          0x0201ab8c        0x0 obj/default/solenoid_task.o
 .data          0x0201ab8c        0x0 obj/default/tests/CuTest.o
 .data          0x0201ab8c        0x0 obj/default/tests/testbench.o
 .data          0x0201ab8c        0x0 obj/default/throttle_data.o
 .data          0x0201ab8c        0x0 obj/default/util.o
 .data          0x0201ab8c        0x0 /OPT/altera/12.1/nios2eds/bin/gnu/H-i686-pc-linux-gnu/bin/../lib/gcc/nios2-elf/4.1.2/mno-hw-mul/libgcc.a(_addsub_df.o)
 .data          0x0201ab8c        0x0 /OPT/altera/12.1/nios2eds/bin/gnu/H-i686-pc-linux-gnu/bin/../lib/gcc/nios2-elf/4.1.2/mno-hw-mul/libgcc.a(_le_df.o)
 .data          0x0201ab8c        0x0 /OPT/altera/12.1/nios2eds/bin/gnu/H-i686-pc-linux-gnu/bin/../lib/gcc/nios2-elf/4.1.2/mno-hw-mul/libgcc.a(_thenan_df.o)
 .data          0x0201ab8c        0x0 /OPT/altera/12.1/nios2eds/bin/gnu/H-i686-pc-linux-gnu/bin/../lib/gcc/nios2-elf/4.1.2/mno-hw-mul/libgcc.a(lib2-divmod.o)
 .data          0x0201ab8c        0x0 /OPT/altera/12.1/nios2eds/bin/gnu/H-i686-pc-linux-gnu/bin/../lib/gcc/nios2-elf/4.1.2/mno-hw-mul/libgcc.a(lib2-mul.o)
 .data          0x0201ab8c        0x0 /OPT/altera/12.1/nios2eds/bin/gnu/H-i686-pc-linux-gnu/bin/../lib/gcc/nios2-elf/4.1.2/mno-hw-mul/libgcc.a(_pack_df.o)
 .data          0x0201ab8c        0x0 /OPT/altera/12.1/nios2eds/bin/gnu/H-i686-pc-linux-gnu/bin/../lib/gcc/nios2-elf/4.1.2/mno-hw-mul/libgcc.a(_unpack_df.o)
 .data          0x0201ab8c        0x0 /OPT/altera/12.1/nios2eds/bin/gnu/H-i686-pc-linux-gnu/bin/../lib/gcc/nios2-elf/4.1.2/mno-hw-mul/libgcc.a(_fpcmp_parts_df.o)
 .data          0x0201ab8c        0x0 /OPT/altera/12.1/nios2eds/bin/gnu/H-i686-pc-linux-gnu/bin/../lib/gcc/nios2-elf/4.1.2/../../../../nios2-elf/lib/mno-hw-mul/libc.a(lib_a-assert.o)
 .data          0x0201ab8c        0x0 /OPT/altera/12.1/nios2eds/bin/gnu/H-i686-pc-linux-gnu/bin/../lib/gcc/nios2-elf/4.1.2/../../../../nios2-elf/lib/mno-hw-mul/libc.a(lib_a-fiprintf.o)
 .data          0x0201ab8c      0x400 /OPT/altera/12.1/nios2eds/bin/gnu/H-i686-pc-linux-gnu/bin/../lib/gcc/nios2-elf/4.1.2/../../../../nios2-elf/lib/mno-hw-mul/libc.a(lib_a-impure.o)
 .data          0x0201af8c        0x0 /OPT/altera/12.1/nios2eds/bin/gnu/H-i686-pc-linux-gnu/bin/../lib/gcc/nios2-elf/4.1.2/../../../../nios2-elf/lib/mno-hw-mul/libc.a(lib_a-malloc.o)
 .data          0x0201af8c      0x408 /OPT/altera/12.1/nios2eds/bin/gnu/H-i686-pc-linux-gnu/bin/../lib/gcc/nios2-elf/4.1.2/../../../../nios2-elf/lib/mno-hw-mul/libc.a(lib_a-mallocr.o)
                0x0201af8c                __malloc_av_
 .data          0x0201b394        0x0 /OPT/altera/12.1/nios2eds/bin/gnu/H-i686-pc-linux-gnu/bin/../lib/gcc/nios2-elf/4.1.2/../../../../nios2-elf/lib/mno-hw-mul/libc.a(lib_a-memcpy.o)
 .data          0x0201b394        0x0 /OPT/altera/12.1/nios2eds/bin/gnu/H-i686-pc-linux-gnu/bin/../lib/gcc/nios2-elf/4.1.2/../../../../nios2-elf/lib/mno-hw-mul/libc.a(lib_a-memmove.o)
 .data          0x0201b394        0x0 /OPT/altera/12.1/nios2eds/bin/gnu/H-i686-pc-linux-gnu/bin/../lib/gcc/nios2-elf/4.1.2/../../../../nios2-elf/lib/mno-hw-mul/libc.a(lib_a-memset.o)
 .data          0x0201b394        0x0 /OPT/altera/12.1/nios2eds/bin/gnu/H-i686-pc-linux-gnu/bin/../lib/gcc/nios2-elf/4.1.2/../../../../nios2-elf/lib/mno-hw-mul/libc.a(lib_a-printf.o)
 .data          0x0201b394        0x0 /OPT/altera/12.1/nios2eds/bin/gnu/H-i686-pc-linux-gnu/bin/../lib/gcc/nios2-elf/4.1.2/../../../../nios2-elf/lib/mno-hw-mul/libc.a(lib_a-puts.o)
 .data          0x0201b394        0x0 /OPT/altera/12.1/nios2eds/bin/gnu/H-i686-pc-linux-gnu/bin/../lib/gcc/nios2-elf/4.1.2/../../../../nios2-elf/lib/mno-hw-mul/libc.a(lib_a-realloc.o)
 .data          0x0201b394        0x0 /OPT/altera/12.1/nios2eds/bin/gnu/H-i686-pc-linux-gnu/bin/../lib/gcc/nios2-elf/4.1.2/../../../../nios2-elf/lib/mno-hw-mul/libc.a(lib_a-reallocr.o)
 .data          0x0201b394        0x0 /OPT/altera/12.1/nios2eds/bin/gnu/H-i686-pc-linux-gnu/bin/../lib/gcc/nios2-elf/4.1.2/../../../../nios2-elf/lib/mno-hw-mul/libc.a(lib_a-sbrkr.o)
 .data          0x0201b394        0x0 /OPT/altera/12.1/nios2eds/bin/gnu/H-i686-pc-linux-gnu/bin/../lib/gcc/nios2-elf/4.1.2/../../../../nios2-elf/lib/mno-hw-mul/libc.a(lib_a-setjmp.o)
 .data          0x0201b394        0x0 /OPT/altera/12.1/nios2eds/bin/gnu/H-i686-pc-linux-gnu/bin/../lib/gcc/nios2-elf/4.1.2/../../../../nios2-elf/lib/mno-hw-mul/libc.a(lib_a-sprintf.o)
 .data          0x0201b394        0x0 /OPT/altera/12.1/nios2eds/bin/gnu/H-i686-pc-linux-gnu/bin/../lib/gcc/nios2-elf/4.1.2/../../../../nios2-elf/lib/mno-hw-mul/libc.a(lib_a-strcat.o)
 .data          0x0201b394        0x0 /OPT/altera/12.1/nios2eds/bin/gnu/H-i686-pc-linux-gnu/bin/../lib/gcc/nios2-elf/4.1.2/../../../../nios2-elf/lib/mno-hw-mul/libc.a(lib_a-strcmp.o)
 .data          0x0201b394        0x0 /OPT/altera/12.1/nios2eds/bin/gnu/H-i686-pc-linux-gnu/bin/../lib/gcc/nios2-elf/4.1.2/../../../../nios2-elf/lib/mno-hw-mul/libc.a(lib_a-strcpy.o)
 .data          0x0201b394        0x0 /OPT/altera/12.1/nios2eds/bin/gnu/H-i686-pc-linux-gnu/bin/../lib/gcc/nios2-elf/4.1.2/../../../../nios2-elf/lib/mno-hw-mul/libc.a(lib_a-strlen.o)
 .data          0x0201b394        0x0 /OPT/altera/12.1/nios2eds/bin/gnu/H-i686-pc-linux-gnu/bin/../lib/gcc/nios2-elf/4.1.2/../../../../nios2-elf/lib/mno-hw-mul/libc.a(lib_a-vfiprintfr_1.o)
 .data          0x0201b394        0x0 /OPT/altera/12.1/nios2eds/bin/gnu/H-i686-pc-linux-gnu/bin/../lib/gcc/nios2-elf/4.1.2/../../../../nios2-elf/lib/mno-hw-mul/libc.a(lib_a-vfprintf.o)
 .data          0x0201b394        0x0 /OPT/altera/12.1/nios2eds/bin/gnu/H-i686-pc-linux-gnu/bin/../lib/gcc/nios2-elf/4.1.2/../../../../nios2-elf/lib/mno-hw-mul/libc.a(lib_a-wsetup.o)
 .data          0x0201b394        0x0 /OPT/altera/12.1/nios2eds/bin/gnu/H-i686-pc-linux-gnu/bin/../lib/gcc/nios2-elf/4.1.2/../../../../nios2-elf/lib/mno-hw-mul/libc.a(lib_a-abort.o)
 .data          0x0201b394        0x0 /OPT/altera/12.1/nios2eds/bin/gnu/H-i686-pc-linux-gnu/bin/../lib/gcc/nios2-elf/4.1.2/../../../../nios2-elf/lib/mno-hw-mul/libc.a(lib_a-dtoa.o)
 .data          0x0201b394        0x0 /OPT/altera/12.1/nios2eds/bin/gnu/H-i686-pc-linux-gnu/bin/../lib/gcc/nios2-elf/4.1.2/../../../../nios2-elf/lib/mno-hw-mul/libc.a(lib_a-fflush.o)
 .data          0x0201b394        0x0 /OPT/altera/12.1/nios2eds/bin/gnu/H-i686-pc-linux-gnu/bin/../lib/gcc/nios2-elf/4.1.2/../../../../nios2-elf/lib/mno-hw-mul/libc.a(lib_a-findfp.o)
 .data          0x0201b394        0x0 /OPT/altera/12.1/nios2eds/bin/gnu/H-i686-pc-linux-gnu/bin/../lib/gcc/nios2-elf/4.1.2/../../../../nios2-elf/lib/mno-hw-mul/libc.a(lib_a-freer.o)
 .data          0x0201b394        0x0 /OPT/altera/12.1/nios2eds/bin/gnu/H-i686-pc-linux-gnu/bin/../lib/gcc/nios2-elf/4.1.2/../../../../nios2-elf/lib/mno-hw-mul/libc.a(lib_a-fvwrite.o)
 .data          0x0201b394        0x0 /OPT/altera/12.1/nios2eds/bin/gnu/H-i686-pc-linux-gnu/bin/../lib/gcc/nios2-elf/4.1.2/../../../../nios2-elf/lib/mno-hw-mul/libc.a(lib_a-fwalk.o)
 .data          0x0201b394        0x0 /OPT/altera/12.1/nios2eds/bin/gnu/H-i686-pc-linux-gnu/bin/../lib/gcc/nios2-elf/4.1.2/../../../../nios2-elf/lib/mno-hw-mul/libc.a(lib_a-int_errno.o)
 .data          0x0201b394        0xc /OPT/altera/12.1/nios2eds/bin/gnu/H-i686-pc-linux-gnu/bin/../lib/gcc/nios2-elf/4.1.2/../../../../nios2-elf/lib/mno-hw-mul/libc.a(lib_a-locale.o)
                0x0201b394                __lc_ctype
 .data          0x0201b3a0        0x0 /OPT/altera/12.1/nios2eds/bin/gnu/H-i686-pc-linux-gnu/bin/../lib/gcc/nios2-elf/4.1.2/../../../../nios2-elf/lib/mno-hw-mul/libc.a(lib_a-makebuf.o)
 .data          0x0201b3a0        0x0 /OPT/altera/12.1/nios2eds/bin/gnu/H-i686-pc-linux-gnu/bin/../lib/gcc/nios2-elf/4.1.2/../../../../nios2-elf/lib/mno-hw-mul/libc.a(lib_a-memchr.o)
 .data          0x0201b3a0        0x0 /OPT/altera/12.1/nios2eds/bin/gnu/H-i686-pc-linux-gnu/bin/../lib/gcc/nios2-elf/4.1.2/../../../../nios2-elf/lib/mno-hw-mul/libc.a(lib_a-mprec.o)
 .data          0x0201b3a0        0x0 /OPT/altera/12.1/nios2eds/bin/gnu/H-i686-pc-linux-gnu/bin/../lib/gcc/nios2-elf/4.1.2/../../../../nios2-elf/lib/mno-hw-mul/libc.a(lib_a-s_isinfd.o)
 .data          0x0201b3a0        0x0 /OPT/altera/12.1/nios2eds/bin/gnu/H-i686-pc-linux-gnu/bin/../lib/gcc/nios2-elf/4.1.2/../../../../nios2-elf/lib/mno-hw-mul/libc.a(lib_a-s_isnand.o)
 .data          0x0201b3a0        0x0 /OPT/altera/12.1/nios2eds/bin/gnu/H-i686-pc-linux-gnu/bin/../lib/gcc/nios2-elf/4.1.2/../../../../nios2-elf/lib/mno-hw-mul/libc.a(lib_a-signal.o)
 .data          0x0201b3a0        0x0 /OPT/altera/12.1/nios2eds/bin/gnu/H-i686-pc-linux-gnu/bin/../lib/gcc/nios2-elf/4.1.2/../../../../nios2-elf/lib/mno-hw-mul/libc.a(lib_a-signalr.o)
 .data          0x0201b3a0        0x0 /OPT/altera/12.1/nios2eds/bin/gnu/H-i686-pc-linux-gnu/bin/../lib/gcc/nios2-elf/4.1.2/../../../../nios2-elf/lib/mno-hw-mul/libc.a(lib_a-stdio.o)
 .data          0x0201b3a0        0x0 /OPT/altera/12.1/nios2eds/bin/gnu/H-i686-pc-linux-gnu/bin/../lib/gcc/nios2-elf/4.1.2/../../../../nios2-elf/lib/mno-hw-mul/libc.a(lib_a-vfiprintf.o)
 .data          0x0201b3a0        0x0 /OPT/altera/12.1/nios2eds/bin/gnu/H-i686-pc-linux-gnu/bin/../lib/gcc/nios2-elf/4.1.2/../../../../nios2-elf/lib/mno-hw-mul/libc.a(lib_a-writer.o)
 .data          0x0201b3a0        0x0 /OPT/altera/12.1/nios2eds/bin/gnu/H-i686-pc-linux-gnu/bin/../lib/gcc/nios2-elf/4.1.2/../../../../nios2-elf/lib/mno-hw-mul/libc.a(lib_a-callocr.o)
 .data          0x0201b3a0        0x0 /OPT/altera/12.1/nios2eds/bin/gnu/H-i686-pc-linux-gnu/bin/../lib/gcc/nios2-elf/4.1.2/../../../../nios2-elf/lib/mno-hw-mul/libc.a(lib_a-closer.o)
 .data          0x0201b3a0        0x0 /OPT/altera/12.1/nios2eds/bin/gnu/H-i686-pc-linux-gnu/bin/../lib/gcc/nios2-elf/4.1.2/../../../../nios2-elf/lib/mno-hw-mul/libc.a(lib_a-fclose.o)
 .data          0x0201b3a0        0x0 /OPT/altera/12.1/nios2eds/bin/gnu/H-i686-pc-linux-gnu/bin/../lib/gcc/nios2-elf/4.1.2/../../../../nios2-elf/lib/mno-hw-mul/libc.a(lib_a-fstatr.o)
 .data          0x0201b3a0        0x0 /OPT/altera/12.1/nios2eds/bin/gnu/H-i686-pc-linux-gnu/bin/../lib/gcc/nios2-elf/4.1.2/../../../../nios2-elf/lib/mno-hw-mul/libc.a(lib_a-isattyr.o)
 .data          0x0201b3a0        0x0 /OPT/altera/12.1/nios2eds/bin/gnu/H-i686-pc-linux-gnu/bin/../lib/gcc/nios2-elf/4.1.2/../../../../nios2-elf/lib/mno-hw-mul/libc.a(lib_a-lseekr.o)
 .data          0x0201b3a0        0x0 /OPT/altera/12.1/nios2eds/bin/gnu/H-i686-pc-linux-gnu/bin/../lib/gcc/nios2-elf/4.1.2/../../../../nios2-elf/lib/mno-hw-mul/libc.a(lib_a-readr.o)
 .data          0x0201b3a0        0x0 /OPT/altera/12.1/nios2eds/bin/gnu/H-i686-pc-linux-gnu/bin/../lib/gcc/nios2-elf/4.1.2/mno-hw-mul/libgcc.a(_udivdi3.o)
 .data          0x0201b3a0        0x0 /OPT/altera/12.1/nios2eds/bin/gnu/H-i686-pc-linux-gnu/bin/../lib/gcc/nios2-elf/4.1.2/mno-hw-mul/libgcc.a(_umoddi3.o)
 .data          0x0201b3a0        0x0 /OPT/altera/12.1/nios2eds/bin/gnu/H-i686-pc-linux-gnu/bin/../lib/gcc/nios2-elf/4.1.2/mno-hw-mul/libgcc.a(_mul_df.o)
 .data          0x0201b3a0        0x0 /OPT/altera/12.1/nios2eds/bin/gnu/H-i686-pc-linux-gnu/bin/../lib/gcc/nios2-elf/4.1.2/mno-hw-mul/libgcc.a(_div_df.o)
 .data          0x0201b3a0        0x0 /OPT/altera/12.1/nios2eds/bin/gnu/H-i686-pc-linux-gnu/bin/../lib/gcc/nios2-elf/4.1.2/mno-hw-mul/libgcc.a(_eq_df.o)
 .data          0x0201b3a0        0x0 /OPT/altera/12.1/nios2eds/bin/gnu/H-i686-pc-linux-gnu/bin/../lib/gcc/nios2-elf/4.1.2/mno-hw-mul/libgcc.a(_ne_df.o)
 .data          0x0201b3a0        0x0 /OPT/altera/12.1/nios2eds/bin/gnu/H-i686-pc-linux-gnu/bin/../lib/gcc/nios2-elf/4.1.2/mno-hw-mul/libgcc.a(_gt_df.o)
 .data          0x0201b3a0        0x0 /OPT/altera/12.1/nios2eds/bin/gnu/H-i686-pc-linux-gnu/bin/../lib/gcc/nios2-elf/4.1.2/mno-hw-mul/libgcc.a(_ge_df.o)
 .data          0x0201b3a0        0x0 /OPT/altera/12.1/nios2eds/bin/gnu/H-i686-pc-linux-gnu/bin/../lib/gcc/nios2-elf/4.1.2/mno-hw-mul/libgcc.a(_lt_df.o)
 .data          0x0201b3a0        0x0 /OPT/altera/12.1/nios2eds/bin/gnu/H-i686-pc-linux-gnu/bin/../lib/gcc/nios2-elf/4.1.2/mno-hw-mul/libgcc.a(_si_to_df.o)
 .data          0x0201b3a0        0x0 /OPT/altera/12.1/nios2eds/bin/gnu/H-i686-pc-linux-gnu/bin/../lib/gcc/nios2-elf/4.1.2/mno-hw-mul/libgcc.a(_df_to_si.o)
 .data          0x0201b3a0        0x0 /OPT/altera/12.1/nios2eds/bin/gnu/H-i686-pc-linux-gnu/bin/../lib/gcc/nios2-elf/4.1.2/mno-hw-mul/libgcc.a(_usi_to_df.o)
 .data          0x0201b3a0        0x0 /OPT/altera/12.1/nios2eds/bin/gnu/H-i686-pc-linux-gnu/bin/../lib/gcc/nios2-elf/4.1.2/mno-hw-mul/libgcc.a(_muldi3.o)
 .data          0x0201b3a0        0x0 /OPT/altera/12.1/nios2eds/bin/gnu/H-i686-pc-linux-gnu/bin/../lib/gcc/nios2-elf/4.1.2/mno-hw-mul/libgcc.a(_clz.o)
 .data          0x0201b3a0        0x0 /OPT/altera/12.1/nios2eds/bin/gnu/H-i686-pc-linux-gnu/bin/../lib/gcc/nios2-elf/4.1.2/mno-hw-mul/libgcc.a(_clzsi2.o)
 .data          0x0201b3a0        0x0 ../electronic_engine_control_bsp//libucosii_bsp.a(alt_alarm_start.o)
 .data          0x0201b3a0        0x0 ../electronic_engine_control_bsp//libucosii_bsp.a(alt_close.o)
 .data          0x0201b3a0      0x1a8 ../electronic_engine_control_bsp//libucosii_bsp.a(alt_dev.o)
                0x0201b3a0                alt_dev_null
                0x0201b3c8                alt_fd_list
 .data          0x0201b548        0x0 ../electronic_engine_control_bsp//libucosii_bsp.a(alt_errno.o)
 .data          0x0201b548        0x0 ../electronic_engine_control_bsp//libucosii_bsp.a(alt_exit.o)
 .data          0x0201b548        0x0 ../electronic_engine_control_bsp//libucosii_bsp.a(alt_fstat.o)
 .data          0x0201b548        0x0 ../electronic_engine_control_bsp//libucosii_bsp.a(alt_getpid.o)
 .data          0x0201b548        0x0 ../electronic_engine_control_bsp//libucosii_bsp.a(alt_irq_register.o)
 .data          0x0201b548        0x0 ../electronic_engine_control_bsp//libucosii_bsp.a(alt_irq_vars.o)
 .data          0x0201b548        0x0 ../electronic_engine_control_bsp//libucosii_bsp.a(alt_isatty.o)
 .data          0x0201b548        0x0 ../electronic_engine_control_bsp//libucosii_bsp.a(alt_kill.o)
 .data          0x0201b548        0x0 ../electronic_engine_control_bsp//libucosii_bsp.a(alt_load.o)
 .data          0x0201b548        0x0 ../electronic_engine_control_bsp//libucosii_bsp.a(alt_lseek.o)
 .data          0x0201b548        0x0 ../electronic_engine_control_bsp//libucosii_bsp.a(alt_main.o)
 .data          0x0201b548        0x0 ../electronic_engine_control_bsp//libucosii_bsp.a(alt_read.o)
 .data          0x0201b548        0x0 ../electronic_engine_control_bsp//libucosii_bsp.a(alt_release_fd.o)
 .data          0x0201b548        0x0 ../electronic_engine_control_bsp//libucosii_bsp.a(alt_sbrk.o)
 .data          0x0201b548        0x0 ../electronic_engine_control_bsp//libucosii_bsp.a(alt_tick.o)
 .data          0x0201b548        0x0 ../electronic_engine_control_bsp//libucosii_bsp.a(alt_write.o)
 .data          0x0201b548        0x0 ../electronic_engine_control_bsp//libucosii_bsp.a(alt_env_lock.o)
 .data          0x0201b548        0x0 ../electronic_engine_control_bsp//libucosii_bsp.a(alt_malloc_lock.o)
 .data          0x0201b548        0x0 ../electronic_engine_control_bsp//libucosii_bsp.a(os_core.o)
 .data          0x0201b548        0x0 ../electronic_engine_control_bsp//libucosii_bsp.a(os_dbg.o)
 .data          0x0201b548        0x0 ../electronic_engine_control_bsp//libucosii_bsp.a(os_flag.o)
 .data          0x0201b548        0x0 ../electronic_engine_control_bsp//libucosii_bsp.a(os_mem.o)
 .data          0x0201b548        0x0 ../electronic_engine_control_bsp//libucosii_bsp.a(os_q.o)
 .data          0x0201b548        0x0 ../electronic_engine_control_bsp//libucosii_bsp.a(os_sem.o)
 .data          0x0201b548        0x0 ../electronic_engine_control_bsp//libucosii_bsp.a(os_task.o)
 .data          0x0201b548        0x0 ../electronic_engine_control_bsp//libucosii_bsp.a(os_time.o)
 .data          0x0201b548     0x10c4 ../electronic_engine_control_bsp//libucosii_bsp.a(alt_sys_init.o)
 .data          0x0201c60c        0x0 ../electronic_engine_control_bsp//libucosii_bsp.a(altera_avalon_jtag_uart_fd.o)
 .data          0x0201c60c        0x0 ../electronic_engine_control_bsp//libucosii_bsp.a(altera_avalon_jtag_uart_init.o)
 .data          0x0201c60c        0x0 ../electronic_engine_control_bsp//libucosii_bsp.a(altera_avalon_jtag_uart_ioctl.o)
 .data          0x0201c60c        0x0 ../electronic_engine_control_bsp//libucosii_bsp.a(altera_avalon_jtag_uart_read.o)
 .data          0x0201c60c        0x0 ../electronic_engine_control_bsp//libucosii_bsp.a(altera_avalon_jtag_uart_write.o)
 .data          0x0201c60c        0x0 ../electronic_engine_control_bsp//libucosii_bsp.a(altera_avalon_timer_sc.o)
 .data          0x0201c60c        0x0 ../electronic_engine_control_bsp//libucosii_bsp.a(altera_avalon_timer_vars.o)
 .data          0x0201c60c        0x0 ../electronic_engine_control_bsp//libucosii_bsp.a(altera_up_avalon_de0_nano_adc.o)
 .data          0x0201c60c        0x0 ../electronic_engine_control_bsp//libucosii_bsp.a(altera_up_avalon_rs232.o)
 .data          0x0201c60c        0x0 ../electronic_engine_control_bsp//libucosii_bsp.a(alt_dcache_flush_all.o)
 .data          0x0201c60c        0x0 ../electronic_engine_control_bsp//libucosii_bsp.a(alt_dev_llist_insert.o)
 .data          0x0201c60c        0x0 ../electronic_engine_control_bsp//libucosii_bsp.a(alt_do_ctors.o)
 .data          0x0201c60c        0x0 ../electronic_engine_control_bsp//libucosii_bsp.a(alt_do_dtors.o)
 .data          0x0201c60c        0x0 ../electronic_engine_control_bsp//libucosii_bsp.a(alt_find_dev.o)
 .data          0x0201c60c        0x0 ../electronic_engine_control_bsp//libucosii_bsp.a(alt_icache_flush_all.o)
 .data          0x0201c60c        0x0 ../electronic_engine_control_bsp//libucosii_bsp.a(alt_io_redirect.o)
 .data          0x0201c60c        0x0 ../electronic_engine_control_bsp//libucosii_bsp.a(alt_irq_entry.o)
 .data          0x0201c60c        0x0 ../electronic_engine_control_bsp//libucosii_bsp.a(alt_irq_handler.o)
 .data          0x0201c60c        0x0 ../electronic_engine_control_bsp//libucosii_bsp.a(alt_open.o)
 .data          0x0201c60c        0x0 ../electronic_engine_control_bsp//libucosii_bsp.a(altera_nios2_qsys_irq.o)
 .data          0x0201c60c        0x0 ../electronic_engine_control_bsp//libucosii_bsp.a(os_cpu_a.o)
 .data          0x0201c60c        0x0 ../electronic_engine_control_bsp//libucosii_bsp.a(os_cpu_c.o)
 .data          0x0201c60c        0x0 ../electronic_engine_control_bsp//libucosii_bsp.a(alt_exception_entry.o)
 .data          0x0201c60c        0x0 ../electronic_engine_control_bsp//libucosii_bsp.a(alt_find_file.o)
 .data          0x0201c60c        0x0 ../electronic_engine_control_bsp//libucosii_bsp.a(alt_get_fd.o)
 .data          0x0201c60c        0x0 /OPT/altera/12.1/nios2eds/bin/gnu/H-i686-pc-linux-gnu/bin/../lib/gcc/nios2-elf/4.1.2/../../../../nios2-elf/lib/mno-hw-mul/libc.a(lib_a-atexit.o)
 .data          0x0201c60c        0x0 /OPT/altera/12.1/nios2eds/bin/gnu/H-i686-pc-linux-gnu/bin/../lib/gcc/nios2-elf/4.1.2/../../../../nios2-elf/lib/mno-hw-mul/libc.a(lib_a-exit.o)
 .data          0x0201c60c        0x0 /OPT/altera/12.1/nios2eds/bin/gnu/H-i686-pc-linux-gnu/bin/../lib/gcc/nios2-elf/4.1.2/../../../../nios2-elf/lib/mno-hw-mul/libc.a(lib_a-memcmp.o)
 .data          0x0201c60c        0x0 /OPT/altera/12.1/nios2eds/bin/gnu/H-i686-pc-linux-gnu/bin/../lib/gcc/nios2-elf/4.1.2/../../../../nios2-elf/lib/mno-hw-mul/libc.a(lib_a-__atexit.o)
 .data          0x0201c60c        0x0 /OPT/altera/12.1/nios2eds/bin/gnu/H-i686-pc-linux-gnu/bin/../lib/gcc/nios2-elf/4.1.2/../../../../nios2-elf/lib/mno-hw-mul/libc.a(lib_a-__call_atexit.o)
                0x0202460c                _gp = ABSOLUTE ((. + 0x8000))
                0x0202460c                PROVIDE (gp, _gp)
 *(.rwdata .rwdata.*)
 *(.sdata .sdata.* .gnu.linkonce.s.*)
 .sdata         0x0201c60c        0x8 /OPT/altera/12.1/nios2eds/bin/gnu/H-i686-pc-linux-gnu/bin/../lib/gcc/nios2-elf/4.1.2/../../../../nios2-elf/lib/mno-hw-mul/libc.a(lib_a-impure.o)
                0x0201c60c                _impure_ptr
                0x0201c610                _global_impure_ptr
 .sdata         0x0201c614        0x8 /OPT/altera/12.1/nios2eds/bin/gnu/H-i686-pc-linux-gnu/bin/../lib/gcc/nios2-elf/4.1.2/../../../../nios2-elf/lib/mno-hw-mul/libc.a(lib_a-mallocr.o)
                0x0201c614                __malloc_trim_threshold
                0x0201c618                __malloc_sbrk_base
 .sdata         0x0201c61c        0x8 /OPT/altera/12.1/nios2eds/bin/gnu/H-i686-pc-linux-gnu/bin/../lib/gcc/nios2-elf/4.1.2/../../../../nios2-elf/lib/mno-hw-mul/libc.a(lib_a-locale.o)
                0x0201c61c                __mb_cur_max
 .sdata         0x0201c624       0x14 ../electronic_engine_control_bsp//libucosii_bsp.a(alt_dev.o)
                0x0201c624                alt_fs_list
                0x0201c62c                alt_dev_list
                0x0201c634                alt_max_fd
 .sdata         0x0201c638        0x4 ../electronic_engine_control_bsp//libucosii_bsp.a(alt_errno.o)
                0x0201c638                alt_errno
 .sdata         0x0201c63c        0x4 ../electronic_engine_control_bsp//libucosii_bsp.a(alt_irq_vars.o)
                0x0201c63c                alt_priority_mask
 .sdata         0x0201c640        0x4 ../electronic_engine_control_bsp//libucosii_bsp.a(alt_sbrk.o)
 .sdata         0x0201c644        0x8 ../electronic_engine_control_bsp//libucosii_bsp.a(alt_tick.o)
                0x0201c644                alt_alarm_list
 .sdata         0x0201c64c        0x4 ../electronic_engine_control_bsp//libucosii_bsp.a(alt_env_lock.o)
 .sdata         0x0201c650        0x4 ../electronic_engine_control_bsp//libucosii_bsp.a(alt_malloc_lock.o)
 .sdata         0x0201c654       0x74 ../electronic_engine_control_bsp//libucosii_bsp.a(os_dbg.o)
                0x0201c654                OSDebugEn
                0x0201c658                OSEndiannessTest
                0x0201c65c                OSEventEn
                0x0201c65e                OSEventMax
                0x0201c660                OSEventNameSize
                0x0201c662                OSEventSize
                0x0201c664                OSEventTblSize
                0x0201c666                OSEventMultiEn
                0x0201c668                OSFlagEn
                0x0201c66a                OSFlagGrpSize
                0x0201c66c                OSFlagNodeSize
                0x0201c66e                OSFlagWidth
                0x0201c670                OSFlagMax
                0x0201c672                OSFlagNameSize
                0x0201c674                OSLowestPrio
                0x0201c676                OSMboxEn
                0x0201c678                OSMemEn
                0x0201c67a                OSMemMax
                0x0201c67c                OSMemNameSize
                0x0201c67e                OSMemSize
                0x0201c680                OSMemTblSize
                0x0201c682                OSMutexEn
                0x0201c684                OSPtrSize
                0x0201c686                OSQEn
                0x0201c688                OSQMax
                0x0201c68a                OSQSize
                0x0201c68c                OSRdyTblSize
                0x0201c68e                OSSemEn
                0x0201c690                OSStkWidth
                0x0201c692                OSTaskCreateEn
                0x0201c694                OSTaskCreateExtEn
                0x0201c696                OSTaskDelEn
                0x0201c698                OSTaskIdleStkSize
                0x0201c69a                OSTaskProfileEn
                0x0201c69c                OSTaskMax
                0x0201c69e                OSTaskNameSize
                0x0201c6a0                OSTaskStatEn
                0x0201c6a2                OSTaskStatStkSize
                0x0201c6a4                OSTaskStatStkChkEn
                0x0201c6a6                OSTaskSwHookEn
                0x0201c6a8                OSTCBPrioTblMax
                0x0201c6aa                OSTCBSize
                0x0201c6ac                OSTicksPerSec
                0x0201c6ae                OSTimeTickHookEn
                0x0201c6b0                OSVersionNbr
                0x0201c6b2                OSTmrEn
                0x0201c6b4                OSTmrCfgMax
                0x0201c6b6                OSTmrCfgNameSize
                0x0201c6b8                OSTmrCfgWheelSize
                0x0201c6ba                OSTmrCfgTicksPerSec
                0x0201c6bc                OSTmrSize
                0x0201c6be                OSTmrTblSize
                0x0201c6c0                OSTmrWheelSize
                0x0201c6c2                OSTmrWheelTblSize
                0x0201c6c4                OSDataSize
 *(.sdata2 .sdata2.* .gnu.linkonce.s2.*)
                0x0201c6c8                . = ALIGN (0x4)
                0x0201c6c8                _edata = ABSOLUTE (.)
                0x0201c6c8                PROVIDE (edata, ABSOLUTE (.))
                0x0201c6c8                PROVIDE (__ram_rwdata_end, ABSOLUTE (.))
                0x0201c6c8                PROVIDE (__flash_rwdata_start, LOADADDR (.rwdata))

.bss            0x0201e204     0xdbc8
                0x0201e204                __bss_start = ABSOLUTE (.)
                0x0201e204                PROVIDE (__sbss_start, ABSOLUTE (.))
                0x0201e204                PROVIDE (___sbss_start, ABSOLUTE (.))
 *(.dynsbss)
 *(.sbss .sbss.* .gnu.linkonce.sb.*)
 .sbss          0x0201e204        0x4 obj/default/apps_task.o
 .sbss          0x0201e208       0x24 obj/default/apps_task.o
                0x0201e208                failure_msg_q
                0x0201e20c                apps_failure_resolved_flag
                0x0201e210                expected_tps_value
                0x0201e214                motor_tps_failure_flag
                0x0201e218                apps_external_failure_flag
                0x0201e21c                adc
                0x0201e220                apps_failure_flag
                0x0201e224                exit_shift_matching_flag
                0x0201e228                motor_cmd_q
 .sbss          0x0201e22c        0x4 obj/default/main.o
                0x0201e22c                failure_code_q
 .sbss          0x0201e230       0x14 obj/default/motor_control_task.o
                0x0201e230                timeout_failure_encountered
                0x0201e231                tps_failure_encountered
                0x0201e234                watchdog
                0x0201e238                request_q
                0x0201e23c                tps_check_alarm
                0x0201e240                req_result_q
 .sbss          0x0201e244       0x20 obj/default/solenoid_task.o
                0x0201e248                rpm_reached_flag
                0x0201e24c                solenoid_external_failure_flag
                0x0201e250                solenoid_failure_resolved_flag
                0x0201e254                alarm
                0x0201e258                btn_input_q
                0x0201e25c                free_alarm_flag
                0x0201e260                timer_active_flag
 .sbss          0x0201e264        0xc /OPT/altera/12.1/nios2eds/bin/gnu/H-i686-pc-linux-gnu/bin/../lib/gcc/nios2-elf/4.1.2/../../../../nios2-elf/lib/mno-hw-mul/libc.a(lib_a-mallocr.o)
                0x0201e264                __malloc_top_pad
                0x0201e268                __malloc_max_sbrked_mem
                0x0201e26c                __malloc_max_total_mem
 .sbss          0x0201e270        0x4 /OPT/altera/12.1/nios2eds/bin/gnu/H-i686-pc-linux-gnu/bin/../lib/gcc/nios2-elf/4.1.2/../../../../nios2-elf/lib/mno-hw-mul/libc.a(lib_a-int_errno.o)
                0x0201e270                errno
 .sbss          0x0201e274        0xc /OPT/altera/12.1/nios2eds/bin/gnu/H-i686-pc-linux-gnu/bin/../lib/gcc/nios2-elf/4.1.2/../../../../nios2-elf/lib/mno-hw-mul/libc.a(lib_a-locale.o)
                0x0201e274                __nlocale_changed
                0x0201e278                __mlocale_changed
                0x0201e27c                _PathLocale
 .sbss          0x0201e280        0x4 ../electronic_engine_control_bsp//libucosii_bsp.a(alt_dev.o)
                0x0201e280                alt_fd_list_lock
 .sbss          0x0201e284        0x4 ../electronic_engine_control_bsp//libucosii_bsp.a(alt_irq_vars.o)
                0x0201e284                alt_irq_active
 .sbss          0x0201e288        0xc ../electronic_engine_control_bsp//libucosii_bsp.a(alt_main.o)
                0x0201e288                alt_argc
                0x0201e28c                alt_argv
                0x0201e290                alt_envp
 .sbss          0x0201e294        0x8 ../electronic_engine_control_bsp//libucosii_bsp.a(alt_tick.o)
                0x0201e294                _alt_tick_rate
                0x0201e298                _alt_nticks
 .sbss          0x0201e29c        0x8 ../electronic_engine_control_bsp//libucosii_bsp.a(alt_env_lock.o)
                0x0201e2a0                alt_envsem
 .sbss          0x0201e2a4        0x8 ../electronic_engine_control_bsp//libucosii_bsp.a(alt_malloc_lock.o)
                0x0201e2a8                alt_heapsem
 .sbss          0x0201e2ac       0x50 ../electronic_engine_control_bsp//libucosii_bsp.a(os_core.o)
                0x0201e2ac                OSLockNesting
                0x0201e2ad                OSRunning
                0x0201e2b0                OSIdleCtr
                0x0201e2b4                OSPrioHighRdy
                0x0201e2b5                OSPrioCur
                0x0201e2b8                OSTCBList
                0x0201e2bc                OSTickStepState
                0x0201e2c0                OSCtxSwCtr
                0x0201e2c4                OSIdleCtrMax
                0x0201e2c8                OSTCBFreeList
                0x0201e2cc                OSCPUUsage
                0x0201e2cd                OSTaskCtr
                0x0201e2d0                OSMemFreeList
                0x0201e2d4                OSTCBHighRdy
                0x0201e2d8                OSQFreeList
                0x0201e2dc                OSRdyGrp
                0x0201e2dd                OSRdyTbl
                0x0201e2e0                OSEventFreeList
                0x0201e2e4                OSIntNesting
                0x0201e2e8                OSTCBCur
                0x0201e2ec                OSTime
                0x0201e2f0                OSFlagFreeList
                0x0201e2f4                OSStatRdy
                0x0201e2f8                OSIdleCtrRun
 .sbss          0x0201e2fc        0x8 ../electronic_engine_control_bsp//libucosii_bsp.a(altera_avalon_timer_vars.o)
                0x0201e2fc                altera_avalon_timer_ts_base
                0x0201e300                altera_avalon_timer_ts_freq
 *(.sbss2 .sbss2.* .gnu.linkonce.sb2.*)
 *(.scommon)
                0x0201e304                PROVIDE (__sbss_end, ABSOLUTE (.))
                0x0201e304                PROVIDE (___sbss_end, ABSOLUTE (.))
 *(.dynbss)
 *(.bss .bss.* .gnu.linkonce.b.*)
 .bss           0x0201e304        0x0 ../electronic_engine_control_bsp//obj/HAL/src/crt0.o
 .bss           0x0201e304        0x0 obj/default/apps_task.o
 .bss           0x0201e304        0x0 obj/default/failure_handler_task.o
 .bss           0x0201e304        0x0 obj/default/main.o
 .bss           0x0201e304        0x0 obj/default/motor_control_task.o
 .bss           0x0201e304        0x0 obj/default/pwm_gen.o
 .bss           0x0201e304        0x0 obj/default/solenoid_task.o
 .bss           0x0201e304        0x0 obj/default/tests/CuTest.o
 .bss           0x0201e304        0x0 obj/default/tests/testbench.o
 .bss           0x0201e304        0x0 obj/default/throttle_data.o
 .bss           0x0201e304        0x0 obj/default/util.o
 .bss           0x0201e304        0x0 /OPT/altera/12.1/nios2eds/bin/gnu/H-i686-pc-linux-gnu/bin/../lib/gcc/nios2-elf/4.1.2/mno-hw-mul/libgcc.a(_addsub_df.o)
 .bss           0x0201e304        0x0 /OPT/altera/12.1/nios2eds/bin/gnu/H-i686-pc-linux-gnu/bin/../lib/gcc/nios2-elf/4.1.2/mno-hw-mul/libgcc.a(_le_df.o)
 .bss           0x0201e304        0x0 /OPT/altera/12.1/nios2eds/bin/gnu/H-i686-pc-linux-gnu/bin/../lib/gcc/nios2-elf/4.1.2/mno-hw-mul/libgcc.a(_thenan_df.o)
 .bss           0x0201e304        0x0 /OPT/altera/12.1/nios2eds/bin/gnu/H-i686-pc-linux-gnu/bin/../lib/gcc/nios2-elf/4.1.2/mno-hw-mul/libgcc.a(lib2-divmod.o)
 .bss           0x0201e304        0x0 /OPT/altera/12.1/nios2eds/bin/gnu/H-i686-pc-linux-gnu/bin/../lib/gcc/nios2-elf/4.1.2/mno-hw-mul/libgcc.a(lib2-mul.o)
 .bss           0x0201e304        0x0 /OPT/altera/12.1/nios2eds/bin/gnu/H-i686-pc-linux-gnu/bin/../lib/gcc/nios2-elf/4.1.2/mno-hw-mul/libgcc.a(_pack_df.o)
 .bss           0x0201e304        0x0 /OPT/altera/12.1/nios2eds/bin/gnu/H-i686-pc-linux-gnu/bin/../lib/gcc/nios2-elf/4.1.2/mno-hw-mul/libgcc.a(_unpack_df.o)
 .bss           0x0201e304        0x0 /OPT/altera/12.1/nios2eds/bin/gnu/H-i686-pc-linux-gnu/bin/../lib/gcc/nios2-elf/4.1.2/mno-hw-mul/libgcc.a(_fpcmp_parts_df.o)
 .bss           0x0201e304        0x0 /OPT/altera/12.1/nios2eds/bin/gnu/H-i686-pc-linux-gnu/bin/../lib/gcc/nios2-elf/4.1.2/../../../../nios2-elf/lib/mno-hw-mul/libc.a(lib_a-assert.o)
 .bss           0x0201e304        0x0 /OPT/altera/12.1/nios2eds/bin/gnu/H-i686-pc-linux-gnu/bin/../lib/gcc/nios2-elf/4.1.2/../../../../nios2-elf/lib/mno-hw-mul/libc.a(lib_a-fiprintf.o)
 .bss           0x0201e304        0x0 /OPT/altera/12.1/nios2eds/bin/gnu/H-i686-pc-linux-gnu/bin/../lib/gcc/nios2-elf/4.1.2/../../../../nios2-elf/lib/mno-hw-mul/libc.a(lib_a-impure.o)
 .bss           0x0201e304        0x0 /OPT/altera/12.1/nios2eds/bin/gnu/H-i686-pc-linux-gnu/bin/../lib/gcc/nios2-elf/4.1.2/../../../../nios2-elf/lib/mno-hw-mul/libc.a(lib_a-malloc.o)
 .bss           0x0201e304       0x28 /OPT/altera/12.1/nios2eds/bin/gnu/H-i686-pc-linux-gnu/bin/../lib/gcc/nios2-elf/4.1.2/../../../../nios2-elf/lib/mno-hw-mul/libc.a(lib_a-mallocr.o)
                0x0201e304                __malloc_current_mallinfo
 .bss           0x0201e32c        0x0 /OPT/altera/12.1/nios2eds/bin/gnu/H-i686-pc-linux-gnu/bin/../lib/gcc/nios2-elf/4.1.2/../../../../nios2-elf/lib/mno-hw-mul/libc.a(lib_a-memcpy.o)
 .bss           0x0201e32c        0x0 /OPT/altera/12.1/nios2eds/bin/gnu/H-i686-pc-linux-gnu/bin/../lib/gcc/nios2-elf/4.1.2/../../../../nios2-elf/lib/mno-hw-mul/libc.a(lib_a-memmove.o)
 .bss           0x0201e32c        0x0 /OPT/altera/12.1/nios2eds/bin/gnu/H-i686-pc-linux-gnu/bin/../lib/gcc/nios2-elf/4.1.2/../../../../nios2-elf/lib/mno-hw-mul/libc.a(lib_a-memset.o)
 .bss           0x0201e32c        0x0 /OPT/altera/12.1/nios2eds/bin/gnu/H-i686-pc-linux-gnu/bin/../lib/gcc/nios2-elf/4.1.2/../../../../nios2-elf/lib/mno-hw-mul/libc.a(lib_a-printf.o)
 .bss           0x0201e32c        0x0 /OPT/altera/12.1/nios2eds/bin/gnu/H-i686-pc-linux-gnu/bin/../lib/gcc/nios2-elf/4.1.2/../../../../nios2-elf/lib/mno-hw-mul/libc.a(lib_a-puts.o)
 .bss           0x0201e32c        0x0 /OPT/altera/12.1/nios2eds/bin/gnu/H-i686-pc-linux-gnu/bin/../lib/gcc/nios2-elf/4.1.2/../../../../nios2-elf/lib/mno-hw-mul/libc.a(lib_a-realloc.o)
 .bss           0x0201e32c        0x0 /OPT/altera/12.1/nios2eds/bin/gnu/H-i686-pc-linux-gnu/bin/../lib/gcc/nios2-elf/4.1.2/../../../../nios2-elf/lib/mno-hw-mul/libc.a(lib_a-reallocr.o)
 .bss           0x0201e32c        0x0 /OPT/altera/12.1/nios2eds/bin/gnu/H-i686-pc-linux-gnu/bin/../lib/gcc/nios2-elf/4.1.2/../../../../nios2-elf/lib/mno-hw-mul/libc.a(lib_a-sbrkr.o)
 .bss           0x0201e32c        0x0 /OPT/altera/12.1/nios2eds/bin/gnu/H-i686-pc-linux-gnu/bin/../lib/gcc/nios2-elf/4.1.2/../../../../nios2-elf/lib/mno-hw-mul/libc.a(lib_a-setjmp.o)
 .bss           0x0201e32c        0x0 /OPT/altera/12.1/nios2eds/bin/gnu/H-i686-pc-linux-gnu/bin/../lib/gcc/nios2-elf/4.1.2/../../../../nios2-elf/lib/mno-hw-mul/libc.a(lib_a-sprintf.o)
 .bss           0x0201e32c        0x0 /OPT/altera/12.1/nios2eds/bin/gnu/H-i686-pc-linux-gnu/bin/../lib/gcc/nios2-elf/4.1.2/../../../../nios2-elf/lib/mno-hw-mul/libc.a(lib_a-strcat.o)
 .bss           0x0201e32c        0x0 /OPT/altera/12.1/nios2eds/bin/gnu/H-i686-pc-linux-gnu/bin/../lib/gcc/nios2-elf/4.1.2/../../../../nios2-elf/lib/mno-hw-mul/libc.a(lib_a-strcmp.o)
 .bss           0x0201e32c        0x0 /OPT/altera/12.1/nios2eds/bin/gnu/H-i686-pc-linux-gnu/bin/../lib/gcc/nios2-elf/4.1.2/../../../../nios2-elf/lib/mno-hw-mul/libc.a(lib_a-strcpy.o)
 .bss           0x0201e32c        0x0 /OPT/altera/12.1/nios2eds/bin/gnu/H-i686-pc-linux-gnu/bin/../lib/gcc/nios2-elf/4.1.2/../../../../nios2-elf/lib/mno-hw-mul/libc.a(lib_a-strlen.o)
 .bss           0x0201e32c        0x0 /OPT/altera/12.1/nios2eds/bin/gnu/H-i686-pc-linux-gnu/bin/../lib/gcc/nios2-elf/4.1.2/../../../../nios2-elf/lib/mno-hw-mul/libc.a(lib_a-vfiprintfr_1.o)
 .bss           0x0201e32c        0x0 /OPT/altera/12.1/nios2eds/bin/gnu/H-i686-pc-linux-gnu/bin/../lib/gcc/nios2-elf/4.1.2/../../../../nios2-elf/lib/mno-hw-mul/libc.a(lib_a-vfprintf.o)
 .bss           0x0201e32c        0x0 /OPT/altera/12.1/nios2eds/bin/gnu/H-i686-pc-linux-gnu/bin/../lib/gcc/nios2-elf/4.1.2/../../../../nios2-elf/lib/mno-hw-mul/libc.a(lib_a-wsetup.o)
 .bss           0x0201e32c        0x0 /OPT/altera/12.1/nios2eds/bin/gnu/H-i686-pc-linux-gnu/bin/../lib/gcc/nios2-elf/4.1.2/../../../../nios2-elf/lib/mno-hw-mul/libc.a(lib_a-abort.o)
 .bss           0x0201e32c        0x0 /OPT/altera/12.1/nios2eds/bin/gnu/H-i686-pc-linux-gnu/bin/../lib/gcc/nios2-elf/4.1.2/../../../../nios2-elf/lib/mno-hw-mul/libc.a(lib_a-dtoa.o)
 .bss           0x0201e32c        0x0 /OPT/altera/12.1/nios2eds/bin/gnu/H-i686-pc-linux-gnu/bin/../lib/gcc/nios2-elf/4.1.2/../../../../nios2-elf/lib/mno-hw-mul/libc.a(lib_a-fflush.o)
 .bss           0x0201e32c        0x0 /OPT/altera/12.1/nios2eds/bin/gnu/H-i686-pc-linux-gnu/bin/../lib/gcc/nios2-elf/4.1.2/../../../../nios2-elf/lib/mno-hw-mul/libc.a(lib_a-findfp.o)
 .bss           0x0201e32c        0x0 /OPT/altera/12.1/nios2eds/bin/gnu/H-i686-pc-linux-gnu/bin/../lib/gcc/nios2-elf/4.1.2/../../../../nios2-elf/lib/mno-hw-mul/libc.a(lib_a-freer.o)
 .bss           0x0201e32c        0x0 /OPT/altera/12.1/nios2eds/bin/gnu/H-i686-pc-linux-gnu/bin/../lib/gcc/nios2-elf/4.1.2/../../../../nios2-elf/lib/mno-hw-mul/libc.a(lib_a-fvwrite.o)
 .bss           0x0201e32c        0x0 /OPT/altera/12.1/nios2eds/bin/gnu/H-i686-pc-linux-gnu/bin/../lib/gcc/nios2-elf/4.1.2/../../../../nios2-elf/lib/mno-hw-mul/libc.a(lib_a-fwalk.o)
 .bss           0x0201e32c        0x0 /OPT/altera/12.1/nios2eds/bin/gnu/H-i686-pc-linux-gnu/bin/../lib/gcc/nios2-elf/4.1.2/../../../../nios2-elf/lib/mno-hw-mul/libc.a(lib_a-int_errno.o)
 .bss           0x0201e32c        0x0 /OPT/altera/12.1/nios2eds/bin/gnu/H-i686-pc-linux-gnu/bin/../lib/gcc/nios2-elf/4.1.2/../../../../nios2-elf/lib/mno-hw-mul/libc.a(lib_a-locale.o)
 .bss           0x0201e32c        0x0 /OPT/altera/12.1/nios2eds/bin/gnu/H-i686-pc-linux-gnu/bin/../lib/gcc/nios2-elf/4.1.2/../../../../nios2-elf/lib/mno-hw-mul/libc.a(lib_a-makebuf.o)
 .bss           0x0201e32c        0x0 /OPT/altera/12.1/nios2eds/bin/gnu/H-i686-pc-linux-gnu/bin/../lib/gcc/nios2-elf/4.1.2/../../../../nios2-elf/lib/mno-hw-mul/libc.a(lib_a-memchr.o)
 .bss           0x0201e32c        0x0 /OPT/altera/12.1/nios2eds/bin/gnu/H-i686-pc-linux-gnu/bin/../lib/gcc/nios2-elf/4.1.2/../../../../nios2-elf/lib/mno-hw-mul/libc.a(lib_a-mprec.o)
 .bss           0x0201e32c        0x0 /OPT/altera/12.1/nios2eds/bin/gnu/H-i686-pc-linux-gnu/bin/../lib/gcc/nios2-elf/4.1.2/../../../../nios2-elf/lib/mno-hw-mul/libc.a(lib_a-s_isinfd.o)
 .bss           0x0201e32c        0x0 /OPT/altera/12.1/nios2eds/bin/gnu/H-i686-pc-linux-gnu/bin/../lib/gcc/nios2-elf/4.1.2/../../../../nios2-elf/lib/mno-hw-mul/libc.a(lib_a-s_isnand.o)
 .bss           0x0201e32c        0x0 /OPT/altera/12.1/nios2eds/bin/gnu/H-i686-pc-linux-gnu/bin/../lib/gcc/nios2-elf/4.1.2/../../../../nios2-elf/lib/mno-hw-mul/libc.a(lib_a-signal.o)
 .bss           0x0201e32c        0x0 /OPT/altera/12.1/nios2eds/bin/gnu/H-i686-pc-linux-gnu/bin/../lib/gcc/nios2-elf/4.1.2/../../../../nios2-elf/lib/mno-hw-mul/libc.a(lib_a-signalr.o)
 .bss           0x0201e32c        0x0 /OPT/altera/12.1/nios2eds/bin/gnu/H-i686-pc-linux-gnu/bin/../lib/gcc/nios2-elf/4.1.2/../../../../nios2-elf/lib/mno-hw-mul/libc.a(lib_a-stdio.o)
 .bss           0x0201e32c        0x0 /OPT/altera/12.1/nios2eds/bin/gnu/H-i686-pc-linux-gnu/bin/../lib/gcc/nios2-elf/4.1.2/../../../../nios2-elf/lib/mno-hw-mul/libc.a(lib_a-vfiprintf.o)
 .bss           0x0201e32c        0x0 /OPT/altera/12.1/nios2eds/bin/gnu/H-i686-pc-linux-gnu/bin/../lib/gcc/nios2-elf/4.1.2/../../../../nios2-elf/lib/mno-hw-mul/libc.a(lib_a-writer.o)
 .bss           0x0201e32c        0x0 /OPT/altera/12.1/nios2eds/bin/gnu/H-i686-pc-linux-gnu/bin/../lib/gcc/nios2-elf/4.1.2/../../../../nios2-elf/lib/mno-hw-mul/libc.a(lib_a-callocr.o)
 .bss           0x0201e32c        0x0 /OPT/altera/12.1/nios2eds/bin/gnu/H-i686-pc-linux-gnu/bin/../lib/gcc/nios2-elf/4.1.2/../../../../nios2-elf/lib/mno-hw-mul/libc.a(lib_a-closer.o)
 .bss           0x0201e32c        0x0 /OPT/altera/12.1/nios2eds/bin/gnu/H-i686-pc-linux-gnu/bin/../lib/gcc/nios2-elf/4.1.2/../../../../nios2-elf/lib/mno-hw-mul/libc.a(lib_a-fclose.o)
 .bss           0x0201e32c        0x0 /OPT/altera/12.1/nios2eds/bin/gnu/H-i686-pc-linux-gnu/bin/../lib/gcc/nios2-elf/4.1.2/../../../../nios2-elf/lib/mno-hw-mul/libc.a(lib_a-fstatr.o)
 .bss           0x0201e32c        0x0 /OPT/altera/12.1/nios2eds/bin/gnu/H-i686-pc-linux-gnu/bin/../lib/gcc/nios2-elf/4.1.2/../../../../nios2-elf/lib/mno-hw-mul/libc.a(lib_a-isattyr.o)
 .bss           0x0201e32c        0x0 /OPT/altera/12.1/nios2eds/bin/gnu/H-i686-pc-linux-gnu/bin/../lib/gcc/nios2-elf/4.1.2/../../../../nios2-elf/lib/mno-hw-mul/libc.a(lib_a-lseekr.o)