Archive member included because of file (symbol)

/OPT/altera/12.1/nios2eds/bin/gnu/H-i686-pc-linux-gnu/bin/../lib/gcc/nios2-elf/4.1.2/../../../../nios2-elf/lib/mno-hw-mul/libc.a(lib_a-printf.o)
                              obj/default/lab2.o (printf)
/OPT/altera/12.1/nios2eds/bin/gnu/H-i686-pc-linux-gnu/bin/../lib/gcc/nios2-elf/4.1.2/../../../../nios2-elf/lib/mno-hw-mul/libc.a(lib_a-puts.o)
                              obj/default/lab2.o (puts)
/OPT/altera/12.1/nios2eds/bin/gnu/H-i686-pc-linux-gnu/bin/../lib/gcc/nios2-elf/4.1.2/../../../../nios2-elf/lib/mno-hw-mul/libc.a(lib_a-sprintf.o)
                              obj/default/lab2.o (sprintf)
/OPT/altera/12.1/nios2eds/bin/gnu/H-i686-pc-linux-gnu/bin/../lib/gcc/nios2-elf/4.1.2/../../../../nios2-elf/lib/mno-hw-mul/libc.a(lib_a-strlen.o)
                              /OPT/altera/12.1/nios2eds/bin/gnu/H-i686-pc-linux-gnu/bin/../lib/gcc/nios2-elf/4.1.2/../../../../nios2-elf/lib/mno-hw-mul/libc.a(lib_a-puts.o) (strlen)
/OPT/altera/12.1/nios2eds/bin/gnu/H-i686-pc-linux-gnu/bin/../lib/gcc/nios2-elf/4.1.2/../../../../nios2-elf/lib/mno-hw-mul/libc.a(lib_a-vfprintf.o)
                              /OPT/altera/12.1/nios2eds/bin/gnu/H-i686-pc-linux-gnu/bin/../lib/gcc/nios2-elf/4.1.2/../../../../nios2-elf/lib/mno-hw-mul/libc.a(lib_a-printf.o) (___vfprintf_internal_r)
/OPT/altera/12.1/nios2eds/bin/gnu/H-i686-pc-linux-gnu/bin/../lib/gcc/nios2-elf/4.1.2/../../../../nios2-elf/lib/mno-hw-mul/libc.a(lib_a-wsetup.o)
                              /OPT/altera/12.1/nios2eds/bin/gnu/H-i686-pc-linux-gnu/bin/../lib/gcc/nios2-elf/4.1.2/../../../../nios2-elf/lib/mno-hw-mul/libc.a(lib_a-vfprintf.o) (__swsetup_r)
/OPT/altera/12.1/nios2eds/bin/gnu/H-i686-pc-linux-gnu/bin/../lib/gcc/nios2-elf/4.1.2/../../../../nios2-elf/lib/mno-hw-mul/libc.a(lib_a-dtoa.o)
                              /OPT/altera/12.1/nios2eds/bin/gnu/H-i686-pc-linux-gnu/bin/../lib/gcc/nios2-elf/4.1.2/../../../../nios2-elf/lib/mno-hw-mul/libc.a(lib_a-vfprintf.o) (_dtoa_r)
/OPT/altera/12.1/nios2eds/bin/gnu/H-i686-pc-linux-gnu/bin/../lib/gcc/nios2-elf/4.1.2/../../../../nios2-elf/lib/mno-hw-mul/libc.a(lib_a-fflush.o)
                              /OPT/altera/12.1/nios2eds/bin/gnu/H-i686-pc-linux-gnu/bin/../lib/gcc/nios2-elf/4.1.2/../../../../nios2-elf/lib/mno-hw-mul/libc.a(lib_a-vfprintf.o) (_fflush_r)
/OPT/altera/12.1/nios2eds/bin/gnu/H-i686-pc-linux-gnu/bin/../lib/gcc/nios2-elf/4.1.2/../../../../nios2-elf/lib/mno-hw-mul/libc.a(lib_a-findfp.o)
                              /OPT/altera/12.1/nios2eds/bin/gnu/H-i686-pc-linux-gnu/bin/../lib/gcc/nios2-elf/4.1.2/../../../../nios2-elf/lib/mno-hw-mul/libc.a(lib_a-vfprintf.o) (__sinit)
/OPT/altera/12.1/nios2eds/bin/gnu/H-i686-pc-linux-gnu/bin/../lib/gcc/nios2-elf/4.1.2/../../../../nios2-elf/lib/mno-hw-mul/libc.a(lib_a-freer.o)
                              /OPT/altera/12.1/nios2eds/bin/gnu/H-i686-pc-linux-gnu/bin/../lib/gcc/nios2-elf/4.1.2/../../../../nios2-elf/lib/mno-hw-mul/libc.a(lib_a-wsetup.o) (_free_r)
/OPT/altera/12.1/nios2eds/bin/gnu/H-i686-pc-linux-gnu/bin/../lib/gcc/nios2-elf/4.1.2/../../../../nios2-elf/lib/mno-hw-mul/libc.a(lib_a-fvwrite.o)
                              /OPT/altera/12.1/nios2eds/bin/gnu/H-i686-pc-linux-gnu/bin/../lib/gcc/nios2-elf/4.1.2/../../../../nios2-elf/lib/mno-hw-mul/libc.a(lib_a-puts.o) (__sfvwrite_r)
/OPT/altera/12.1/nios2eds/bin/gnu/H-i686-pc-linux-gnu/bin/../lib/gcc/nios2-elf/4.1.2/../../../../nios2-elf/lib/mno-hw-mul/libc.a(lib_a-fwalk.o)
                              /OPT/altera/12.1/nios2eds/bin/gnu/H-i686-pc-linux-gnu/bin/../lib/gcc/nios2-elf/4.1.2/../../../../nios2-elf/lib/mno-hw-mul/libc.a(lib_a-fflush.o) (_fwalk_reent)
/OPT/altera/12.1/nios2eds/bin/gnu/H-i686-pc-linux-gnu/bin/../lib/gcc/nios2-elf/4.1.2/../../../../nios2-elf/lib/mno-hw-mul/libc.a(lib_a-impure.o)
                              /OPT/altera/12.1/nios2eds/bin/gnu/H-i686-pc-linux-gnu/bin/../lib/gcc/nios2-elf/4.1.2/../../../../nios2-elf/lib/mno-hw-mul/libc.a(lib_a-printf.o) (_impure_ptr)
/OPT/altera/12.1/nios2eds/bin/gnu/H-i686-pc-linux-gnu/bin/../lib/gcc/nios2-elf/4.1.2/../../../../nios2-elf/lib/mno-hw-mul/libc.a(lib_a-locale.o)
                              /OPT/altera/12.1/nios2eds/bin/gnu/H-i686-pc-linux-gnu/bin/../lib/gcc/nios2-elf/4.1.2/../../../../nios2-elf/lib/mno-hw-mul/libc.a(lib_a-vfprintf.o) (_localeconv_r)
/OPT/altera/12.1/nios2eds/bin/gnu/H-i686-pc-linux-gnu/bin/../lib/gcc/nios2-elf/4.1.2/../../../../nios2-elf/lib/mno-hw-mul/libc.a(lib_a-makebuf.o)
                              /OPT/altera/12.1/nios2eds/bin/gnu/H-i686-pc-linux-gnu/bin/../lib/gcc/nios2-elf/4.1.2/../../../../nios2-elf/lib/mno-hw-mul/libc.a(lib_a-wsetup.o) (__smakebuf_r)
/OPT/altera/12.1/nios2eds/bin/gnu/H-i686-pc-linux-gnu/bin/../lib/gcc/nios2-elf/4.1.2/../../../../nios2-elf/lib/mno-hw-mul/libc.a(lib_a-mallocr.o)
[...]
Memory Configuration

Name             Origin             Length             Attributes
reset            0x00000000         0x00000020
generic_tristate_controller_0 0x00000020         0x003fffe0
sdram_0          0x00800000         0x00800000
sram_0           0x01080000         0x00080000
onchip_memory2_0_BEFORE_EXCEPTION 0x01104000         0x00000020
onchip_memory2_0 0x01104020         0x00003fe0
*default*        0x00000000         0xffffffff

Linker script and memory map

LOAD ../lab2_bsp//obj/HAL/src/crt0.o
LOAD obj/default/lab2.o
LOAD /OPT/altera/12.1/nios2eds/bin/gnu/H-i686-pc-linux-gnu/bin/../lib/gcc/nios2-elf/4.1.2/../../../../nios2-elf/lib/mno-hw-mul/libstdc++.a
LOAD /OPT/altera/12.1/nios2eds/bin/gnu/H-i686-pc-linux-gnu/bin/../lib/gcc/nios2-elf/4.1.2/../../../../nios2-elf/lib/mno-hw-mul/libm.a
LOAD /OPT/altera/12.1/nios2eds/bin/gnu/H-i686-pc-linux-gnu/bin/../lib/gcc/nios2-elf/4.1.2/mno-hw-mul/libgcc.a
START GROUP
LOAD /OPT/altera/12.1/nios2eds/bin/gnu/H-i686-pc-linux-gnu/bin/../lib/gcc/nios2-elf/4.1.2/../../../../nios2-elf/lib/mno-hw-mul/libc.a
LOAD /OPT/altera/12.1/nios2eds/bin/gnu/H-i686-pc-linux-gnu/bin/../lib/gcc/nios2-elf/4.1.2/mno-hw-mul/libgcc.a
LOAD ../lab2_bsp//libucosii_bsp.a
END GROUP
LOAD /OPT/altera/12.1/nios2eds/bin/gnu/H-i686-pc-linux-gnu/bin/../lib/gcc/nios2-elf/4.1.2/mno-hw-mul/libgcc.a
                0x00000000                __alt_mem_generic_tristate_controller_0 = 0x0
                0x00800000                __alt_mem_sdram_0 = 0x800000
                0x01080000                __alt_mem_sram_0 = 0x1080000
                0x01104000                __alt_mem_onchip_memory2_0 = 0x1104000

.entry          0x00000000        0x0
 *(.entry)
 .entry         0x00000000        0x0 ../lab2_bsp//obj/HAL/src/crt0.o
                0x00000000                __reset

.exceptions     0x01104020      0x19c
                0x01104020                PROVIDE (__ram_exceptions_start, ABSOLUTE (.))
                0x01104020                . = ALIGN (0x20)
 *(.irq)
 *(.exceptions.entry.label)
 .exceptions.entry.label
                0x01104020        0x0 ../lab2_bsp//libucosii_bsp.a(alt_irq_entry.o)
                0x01104020                alt_irq_entry
 .exceptions.entry.label
                0x01104020        0x0 ../lab2_bsp//libucosii_bsp.a(alt_exception_entry.o)
                0x01104020                alt_exception
 *(.exceptions.entry.user)
 *(.exceptions.entry)
 .exceptions.entry
                0x01104020       0x54 ../lab2_bsp//libucosii_bsp.a(alt_exception_entry.o)
 *(.exceptions.irqtest.user)
 *(.exceptions.irqtest)
 .exceptions.irqtest
                0x01104074       0x10 ../lab2_bsp//libucosii_bsp.a(alt_irq_entry.o)
 *(.exceptions.irqhandler.user)
 *(.exceptions.irqhandler)
 .exceptions.irqhandler
                0x01104084        0x4 ../lab2_bsp//libucosii_bsp.a(alt_irq_entry.o)
 *(.exceptions.irqreturn.user)
 *(.exceptions.irqreturn)
 .exceptions.irqreturn
                0x01104088        0x4 ../lab2_bsp//libucosii_bsp.a(alt_irq_entry.o)
 *(.exceptions.notirq.label)
 .exceptions.notirq.label
                0x0110408c        0x0 ../lab2_bsp//libucosii_bsp.a(alt_irq_entry.o)
 *(.exceptions.notirq.user)
 *(.exceptions.notirq)
 .exceptions.notirq
                0x0110408c        0x8 ../lab2_bsp//libucosii_bsp.a(alt_exception_entry.o)
 *(.exceptions.soft.user)
 *(.exceptions.soft)
 *(.exceptions.unknown.user)
 *(.exceptions.unknown)
 .exceptions.unknown
                0x01104094        0x4 ../lab2_bsp//libucosii_bsp.a(alt_exception_entry.o)
 *(.exceptions.exit.label)
 .exceptions.exit.label
                0x01104098        0x0 ../lab2_bsp//libucosii_bsp.a(alt_irq_entry.o)
 .exceptions.exit.label
                0x01104098        0x0 ../lab2_bsp//libucosii_bsp.a(alt_exception_entry.o)
 *(.exceptions.exit.user)
 *(.exceptions.exit)
 .exceptions.exit
                0x01104098       0x54 ../lab2_bsp//libucosii_bsp.a(alt_exception_entry.o)
 *(.exceptions)
 .exceptions    0x011040ec       0xd0 ../lab2_bsp//libucosii_bsp.a(alt_irq_handler.o)
                0x011040ec                alt_irq_handler
                0x011041bc                PROVIDE (__ram_exceptions_end, ABSOLUTE (.))
                0x01104020                PROVIDE (__flash_exceptions_start, LOADADDR (.exceptions))

.text           0x00800000    0x15a54
                0x00800000                PROVIDE (stext, ABSOLUTE (.))
 *(.interp)
 *(.hash)
 *(.dynsym)
 *(.dynstr)
 *(.gnu.version)
 *(.gnu.version_d)
 *(.gnu.version_r)
 *(.rel.init)
 *(.rela.init)
 *(.rel.text .rel.text.* .rel.gnu.linkonce.t.*)
 *(.rela.text .rela.text.* .rela.gnu.linkonce.t.*)
 *(.rel.fini)
 *(.rela.fini)
 *(.rel.rodata .rel.rodata.* .rel.gnu.linkonce.r.*)
 *(.rela.rodata .rela.rodata.* .rela.gnu.linkonce.r.*)
 *(.rel.data .rel.data.* .rel.gnu.linkonce.d.*)
 *(.rela.data .rela.data.* .rela.gnu.linkonce.d.*)
 *(.rel.tdata .rel.tdata.* .rel.gnu.linkonce.td.*)
 *(.rela.tdata .rela.tdata.* .rela.gnu.linkonce.td.*)
 *(.rel.tbss .rel.tbss.* .rel.gnu.linkonce.tb.*)
 *(.rela.tbss .rela.tbss.* .rela.gnu.linkonce.tb.*)
 *(.rel.ctors)
 *(.rela.ctors)
 *(.rel.dtors)
 *(.rela.dtors)
 *(.rel.got)
 *(.rela.got)
 *(.rel.sdata .rel.sdata.* .rel.gnu.linkonce.s.*)
 *(.rela.sdata .rela.sdata.* .rela.gnu.linkonce.s.*)
 *(.rel.sbss .rel.sbss.* .rel.gnu.linkonce.sb.*)
 *(.rela.sbss .rela.sbss.* .rela.gnu.linkonce.sb.*)
 *(.rel.sdata2 .rel.sdata2.* .rel.gnu.linkonce.s2.*)
 *(.rela.sdata2 .rela.sdata2.* .rela.gnu.linkonce.s2.*)
 *(.rel.sbss2 .rel.sbss2.* .rel.gnu.linkonce.sb2.*)
 *(.rela.sbss2 .rela.sbss2.* .rela.gnu.linkonce.sb2.*)
 *(.rel.bss .rel.bss.* .rel.gnu.linkonce.b.*)
 *(.rela.bss .rela.bss.* .rela.gnu.linkonce.b.*)
 *(.rel.plt)
 *(.rela.plt)
 *(.rel.dyn)
 *(.init)
 *(.plt)
 *(.text .stub .text.* .gnu.linkonce.t.*)
 .text          0x00800000       0x38 ../lab2_bsp//obj/HAL/src/crt0.o
                0x00800000                _start
 .text          0x00800038      0x2c8 obj/default/lab2.o
                0x00800038                disp_err
                0x008000fc                lcd_task
                0x008001f0                main
 .text          0x00800300       0x78 /OPT/altera/12.1/nios2eds/bin/gnu/H-i686-pc-linux-gnu/bin/../lib/gcc/nios2-elf/4.1.2/../../../../nios2-elf/lib/mno-hw-mul/libc.a(lib_a-printf.o)
                0x00800300                printf
                0x00800344                _printf_r
 .text          0x00800378       0xb4 /OPT/altera/12.1/nios2eds/bin/gnu/H-i686-pc-linux-gnu/bin/../lib/gcc/nios2-elf/4.1.2/../../../../nios2-elf/lib/mno-hw-mul/libc.a(lib_a-puts.o)
                0x00800378                _puts_r
                0x00800418                puts
 .text          0x0080042c       0xd4 /OPT/altera/12.1/nios2eds/bin/gnu/H-i686-pc-linux-gnu/bin/../lib/gcc/nios2-elf/4.1.2/../../../../nios2-elf/lib/mno-hw-mul/libc.a(lib_a-sprintf.o)
                0x0080042c                sprintf
                0x008004a0                _sprintf_r
 .text          0x00800500       0x74 /OPT/altera/12.1/nios2eds/bin/gnu/H-i686-pc-linux-gnu/bin/../lib/gcc/nios2-elf/4.1.2/../../../../nios2-elf/lib/mno-hw-mul/libc.a(lib_a-strlen.o)
                0x00800500                strlen
 .text          0x00800574     0x1f40 /OPT/altera/12.1/nios2eds/bin/gnu/H-i686-pc-linux-gnu/bin/../lib/gcc/nios2-elf/4.1.2/../../../../nios2-elf/lib/mno-hw-mul/libc.a(lib_a-vfprintf.o)
                0x008005cc                ___vfprintf_internal_r
                0x00802490                __vfprintf_internal
 .text          0x008024b4      0x13c /OPT/altera/12.1/nios2eds/bin/gnu/H-i686-pc-linux-gnu/bin/../lib/gcc/nios2-elf/4.1.2/../../../../nios2-elf/lib/mno-hw-mul/libc.a(lib_a-wsetup.o)
                0x008024b4                __swsetup_r
 .text          0x008025f0     0x17f8 /OPT/altera/12.1/nios2eds/bin/gnu/H-i686-pc-linux-gnu/bin/../lib/gcc/nios2-elf/4.1.2/../../../../nios2-elf/lib/mno-hw-mul/libc.a(lib_a-dtoa.o)
                0x00802834                _dtoa_r
 .text          0x00803de8      0x230 /OPT/altera/12.1/nios2eds/bin/gnu/H-i686-pc-linux-gnu/bin/../lib/gcc/nios2-elf/4.1.2/../../../../nios2-elf/lib/mno-hw-mul/libc.a(lib_a-fflush.o)
                0x00803de8                _fflush_r
                0x00803fe4                fflush
 .text          0x00804018      0x2f4 /OPT/altera/12.1/nios2eds/bin/gnu/H-i686-pc-linux-gnu/bin/../lib/gcc/nios2-elf/4.1.2/../../../../nios2-elf/lib/mno-hw-mul/libc.a(lib_a-findfp.o)
                0x00804070                __sfp_lock_acquire
                0x00804074                __sfp_lock_release
                0x00804078                __sinit_lock_acquire
                0x0080407c                __sinit_lock_release
                0x00804080                __sinit
                0x00804134                __fp_unlock_all
                0x0080414c                __fp_lock_all
                0x00804164                _cleanup_r
                0x00804170                _cleanup
                0x00804180                __sfmoreglue
                0x0080421c                __sfp
 .text          0x0080430c      0x440 /OPT/altera/12.1/nios2eds/bin/gnu/H-i686-pc-linux-gnu/bin/../lib/gcc/nios2-elf/4.1.2/../../../../nios2-elf/lib/mno-hw-mul/libc.a(lib_a-freer.o)
                0x0080430c                _malloc_trim_r
                0x00804438                _free_r
 .text          0x0080474c      0x49c /OPT/altera/12.1/nios2eds/bin/gnu/H-i686-pc-linux-gnu/bin/../lib/gcc/nios2-elf/4.1.2/../../../../nios2-elf/lib/mno-hw-mul/libc.a(lib_a-fvwrite.o)
                0x0080474c                __sfvwrite_r
 .text          0x00804be8      0x180 /OPT/altera/12.1/nios2eds/bin/gnu/H-i686-pc-linux-gnu/bin/../lib/gcc/nios2-elf/4.1.2/../../../../nios2-elf/lib/mno-hw-mul/libc.a(lib_a-fwalk.o)
                0x00804be8                _fwalk_reent
                0x00804cb0                _fwalk
 .text          0x00804d68        0x0 /OPT/altera/12.1/nios2eds/bin/gnu/H-i686-pc-linux-gnu/bin/../lib/gcc/nios2-elf/4.1.2/../../../../nios2-elf/lib/mno-hw-mul/libc.a(lib_a-impure.o)
 .text          0x00804d68       0xc4 /OPT/altera/12.1/nios2eds/bin/gnu/H-i686-pc-linux-gnu/bin/../lib/gcc/nios2-elf/4.1.2/../../../../nios2-elf/lib/mno-hw-mul/libc.a(lib_a-locale.o)
                0x00804d68                __locale_charset
                0x00804d70                _localeconv_r
                0x00804d7c                localeconv
                0x00804d8c                _setlocale_r
                0x00804e10                setlocale
 .text          0x00804e2c      0x194 /OPT/altera/12.1/nios2eds/bin/gnu/H-i686-pc-linux-gnu/bin/../lib/gcc/nios2-elf/4.1.2/../../../../nios2-elf/lib/mno-hw-mul/libc.a(lib_a-makebuf.o)
                0x00804e2c                __smakebuf_r
 .text          0x00804fc0      0x740 /OPT/altera/12.1/nios2eds/bin/gnu/H-i686-pc-linux-gnu/bin/../lib/gcc/nios2-elf/4.1.2/../../../../nios2-elf/lib/mno-hw-mul/libc.a(lib_a-mallocr.o)
                0x00804fc0                _malloc_r
 .text          0x00805700       0xe4 /OPT/altera/12.1/nios2eds/bin/gnu/H-i686-pc-linux-gnu/bin/../lib/gcc/nios2-elf/4.1.2/../../../../nios2-elf/lib/mno-hw-mul/libc.a(lib_a-memchr.o)
                0x00805700                memchr
 .text          0x008057e4       0xa0 /OPT/altera/12.1/nios2eds/bin/gnu/H-i686-pc-linux-gnu/bin/../lib/gcc/nios2-elf/4.1.2/../../../../nios2-elf/lib/mno-hw-mul/libc.a(lib_a-memcpy.o)
                0x008057e4                memcpy
 .text          0x00805884       0xe0 /OPT/altera/12.1/nios2eds/bin/gnu/H-i686-pc-linux-gnu/bin/../lib/gcc/nios2-elf/4.1.2/../../../../nios2-elf/lib/mno-hw-mul/libc.a(lib_a-memmove.o)
                0x00805884                memmove
 .text          0x00805964       0x98 /OPT/altera/12.1/nios2eds/bin/gnu/H-i686-pc-linux-gnu/bin/../lib/gcc/nios2-elf/4.1.2/../../../../nios2-elf/lib/mno-hw-mul/libc.a(lib_a-memset.o)
                0x00805964                memset
 .text          0x008059fc     0x108c /OPT/altera/12.1/nios2eds/bin/gnu/H-i686-pc-linux-gnu/bin/../lib/gcc/nios2-elf/4.1.2/../../../../nios2-elf/lib/mno-hw-mul/libc.a(lib_a-mprec.o)
                0x008059fc                _Bfree
                0x00805a24                __hi0bits
                0x00805a94                __lo0bits
                0x00805b58                __mcmp
                0x00805bb8                __ulp
                0x00805c38                __b2d
                0x00805d58                __ratio
                0x00805e08                _mprec_log10
                0x00805e9c                __copybits
                0x00805ef4                __any_on
                0x00805f7c                _Balloc
                0x00806038                __d2b
                0x008061b4                __mdiff
                0x00806340                __lshift
                0x0080648c                __multiply
                0x008066e0                __i2b
                0x0080671c                __multadd
                0x00806848                __pow5mult
                0x00806968                __s2b
 .text          0x00806a88      0x5f4 /OPT/altera/12.1/nios2eds/bin/gnu/H-i686-pc-linux-gnu/bin/../lib/gcc/nios2-elf/4.1.2/../../../../nios2-elf/lib/mno-hw-mul/libc.a(lib_a-reallocr.o)
                0x00806a88                _realloc_r
 .text          0x0080707c       0x40 /OPT/altera/12.1/nios2eds/bin/gnu/H-i686-pc-linux-gnu/bin/../lib/gcc/nios2-elf/4.1.2/../../../../nios2-elf/lib/mno-hw-mul/libc.a(lib_a-s_isinfd.o)
                0x0080707c                __isinfd
 .text          0x008070bc       0x30 /OPT/altera/12.1/nios2eds/bin/gnu/H-i686-pc-linux-gnu/bin/../lib/gcc/nios2-elf/4.1.2/../../../../nios2-elf/lib/mno-hw-mul/libc.a(lib_a-s_isnand.o)
                0x008070bc                __isnand
 .text          0x008070ec       0x70 /OPT/altera/12.1/nios2eds/bin/gnu/H-i686-pc-linux-gnu/bin/../lib/gcc/nios2-elf/4.1.2/../../../../nios2-elf/lib/mno-hw-mul/libc.a(lib_a-sbrkr.o)
                0x008070ec                _sbrk_r
 .text          0x0080715c      0x14c /OPT/altera/12.1/nios2eds/bin/gnu/H-i686-pc-linux-gnu/bin/../lib/gcc/nios2-elf/4.1.2/../../../../nios2-elf/lib/mno-hw-mul/libc.a(lib_a-stdio.o)
                0x0080715c                __sclose
                0x00807164                __sseek
                0x008071cc                __swrite
                0x00807248                __sread
 .text          0x008072a8       0xbc /OPT/altera/12.1/nios2eds/bin/gnu/H-i686-pc-linux-gnu/bin/../lib/gcc/nios2-elf/4.1.2/../../../../nios2-elf/lib/mno-hw-mul/libc.a(lib_a-strcmp.o)
                0x008072a8                strcmp
 .text          0x00807364       0x78 /OPT/altera/12.1/nios2eds/bin/gnu/H-i686-pc-linux-gnu/bin/../lib/gcc/nios2-elf/4.1.2/../../../../nios2-elf/lib/mno-hw-mul/libc.a(lib_a-writer.o)
                0x00807364                _write_r
 .text          0x008073dc       0xc8 /OPT/altera/12.1/nios2eds/bin/gnu/H-i686-pc-linux-gnu/bin/../lib/gcc/nios2-elf/4.1.2/../../../../nios2-elf/lib/mno-hw-mul/libc.a(lib_a-callocr.o)
                0x008073dc                _calloc_r
 .text          0x008074a4       0x70 /OPT/altera/12.1/nios2eds/bin/gnu/H-i686-pc-linux-gnu/bin/../lib/gcc/nios2-elf/4.1.2/../../../../nios2-elf/lib/mno-hw-mul/libc.a(lib_a-closer.o)
                0x008074a4                _close_r
 .text          0x00807514      0x124 /OPT/altera/12.1/nios2eds/bin/gnu/H-i686-pc-linux-gnu/bin/../lib/gcc/nios2-elf/4.1.2/../../../../nios2-elf/lib/mno-hw-mul/libc.a(lib_a-fclose.o)
                0x00807514                _fclose_r
                0x00807624                fclose
 .text          0x00807638       0x74 /OPT/altera/12.1/nios2eds/bin/gnu/H-i686-pc-linux-gnu/bin/../lib/gcc/nios2-elf/4.1.2/../../../../nios2-elf/lib/mno-hw-mul/libc.a(lib_a-fstatr.o)
                0x00807638                _fstat_r
 .text          0x008076ac        0x0 /OPT/altera/12.1/nios2eds/bin/gnu/H-i686-pc-linux-gnu/bin/../lib/gcc/nios2-elf/4.1.2/../../../../nios2-elf/lib/mno-hw-mul/libc.a(lib_a-int_errno.o)
 .text          0x008076ac       0x70 /OPT/altera/12.1/nios2eds/bin/gnu/H-i686-pc-linux-gnu/bin/../lib/gcc/nios2-elf/4.1.2/../../../../nios2-elf/lib/mno-hw-mul/libc.a(lib_a-isattyr.o)
                0x008076ac                _isatty_r
 .text          0x0080771c       0x78 /OPT/altera/12.1/nios2eds/bin/gnu/H-i686-pc-linux-gnu/bin/../lib/gcc/nios2-elf/4.1.2/../../../../nios2-elf/lib/mno-hw-mul/libc.a(lib_a-lseekr.o)
                0x0080771c                _lseek_r
 .text          0x00807794       0x78 /OPT/altera/12.1/nios2eds/bin/gnu/H-i686-pc-linux-gnu/bin/../lib/gcc/nios2-elf/4.1.2/../../../../nios2-elf/lib/mno-hw-mul/libc.a(lib_a-readr.o)
                0x00807794                _read_r
 .text          0x0080780c      0x66c /OPT/altera/12.1/nios2eds/bin/gnu/H-i686-pc-linux-gnu/bin/../lib/gcc/nios2-elf/4.1.2/mno-hw-mul/libgcc.a(_udivdi3.o)
                0x0080780c                __udivdi3
 .text          0x00807e78      0x660 /OPT/altera/12.1/nios2eds/bin/gnu/H-i686-pc-linux-gnu/bin/../lib/gcc/nios2-elf/4.1.2/mno-hw-mul/libgcc.a(_umoddi3.o)
                0x00807e78                __umoddi3
 .text          0x008084d8      0x504 /OPT/altera/12.1/nios2eds/bin/gnu/H-i686-pc-linux-gnu/bin/../lib/gcc/nios2-elf/4.1.2/mno-hw-mul/libgcc.a(_addsub_df.o)
                0x008088e8                __subdf3
                0x00808968                __adddf3
 .text          0x008089dc      0x3c4 /OPT/altera/12.1/nios2eds/bin/gnu/H-i686-pc-linux-gnu/bin/../lib/gcc/nios2-elf/4.1.2/mno-hw-mul/libgcc.a(_mul_df.o)
                0x008089dc                __muldf3
 .text          0x00808da0      0x258 /OPT/altera/12.1/nios2eds/bin/gnu/H-i686-pc-linux-gnu/bin/../lib/gcc/nios2-elf/4.1.2/mno-hw-mul/libgcc.a(_div_df.o)
                0x00808da0                __divdf3
 .text          0x00808ff8       0x88 /OPT/altera/12.1/nios2eds/bin/gnu/H-i686-pc-linux-gnu/bin/../lib/gcc/nios2-elf/4.1.2/mno-hw-mul/libgcc.a(_eq_df.o)
                0x00808ff8                __eqdf2
 .text          0x00809080       0x88 /OPT/altera/12.1/nios2eds/bin/gnu/H-i686-pc-linux-gnu/bin/../lib/gcc/nios2-elf/4.1.2/mno-hw-mul/libgcc.a(_ne_df.o)
                0x00809080                __nedf2
 .text          0x00809108       0x88 /OPT/altera/12.1/nios2eds/bin/gnu/H-i686-pc-linux-gnu/bin/../lib/gcc/nios2-elf/4.1.2/mno-hw-mul/libgcc.a(_gt_df.o)
                0x00809108                __gtdf2
 .text          0x00809190       0x88 /OPT/altera/12.1/nios2eds/bin/gnu/H-i686-pc-linux-gnu/bin/../lib/gcc/nios2-elf/4.1.2/mno-hw-mul/libgcc.a(_ge_df.o)
                0x00809190                __gedf2
 .text          0x00809218       0x88 /OPT/altera/12.1/nios2eds/bin/gnu/H-i686-pc-linux-gnu/bin/../lib/gcc/nios2-elf/4.1.2/mno-hw-mul/libgcc.a(_lt_df.o)
                0x00809218                __ltdf2
 .text          0x008092a0       0xf8 /OPT/altera/12.1/nios2eds/bin/gnu/H-i686-pc-linux-gnu/bin/../lib/gcc/nios2-elf/4.1.2/mno-hw-mul/libgcc.a(_si_to_df.o)
                0x008092a0                __floatsidf
 .text          0x00809398       0xd8 /OPT/altera/12.1/nios2eds/bin/gnu/H-i686-pc-linux-gnu/bin/../lib/gcc/nios2-elf/4.1.2/mno-hw-mul/libgcc.a(_df_to_si.o)
                0x00809398                __fixdfsi
 .text          0x00809470        0x0 /OPT/altera/12.1/nios2eds/bin/gnu/H-i686-pc-linux-gnu/bin/../lib/gcc/nios2-elf/4.1.2/mno-hw-mul/libgcc.a(_thenan_df.o)
 .text          0x00809470      0x194 /OPT/altera/12.1/nios2eds/bin/gnu/H-i686-pc-linux-gnu/bin/../lib/gcc/nios2-elf/4.1.2/mno-hw-mul/libgcc.a(_usi_to_df.o)
                0x00809470                __floatunsidf
 .text          0x00809604      0x14c /OPT/altera/12.1/nios2eds/bin/gnu/H-i686-pc-linux-gnu/bin/../lib/gcc/nios2-elf/4.1.2/mno-hw-mul/libgcc.a(lib2-divmod.o)
                0x00809680                __divsi3
                0x008096e0                __modsi3
                0x00809740                __udivsi3
                0x00809748                __umodsi3
 .text          0x00809750       0x38 /OPT/altera/12.1/nios2eds/bin/gnu/H-i686-pc-linux-gnu/bin/../lib/gcc/nios2-elf/4.1.2/mno-hw-mul/libgcc.a(lib2-mul.o)
                0x00809750                __mulsi3
 .text          0x00809788      0x124 /OPT/altera/12.1/nios2eds/bin/gnu/H-i686-pc-linux-gnu/bin/../lib/gcc/nios2-elf/4.1.2/mno-hw-mul/libgcc.a(_muldi3.o)
                0x00809788                __muldi3
 .text          0x008098ac        0x0 /OPT/altera/12.1/nios2eds/bin/gnu/H-i686-pc-linux-gnu/bin/../lib/gcc/nios2-elf/4.1.2/mno-hw-mul/libgcc.a(_clz.o)
 .text          0x008098ac       0x80 /OPT/altera/12.1/nios2eds/bin/gnu/H-i686-pc-linux-gnu/bin/../lib/gcc/nios2-elf/4.1.2/mno-hw-mul/libgcc.a(_clzsi2.o)
                0x008098ac                __clzsi2
 .text          0x0080992c      0x314 /OPT/altera/12.1/nios2eds/bin/gnu/H-i686-pc-linux-gnu/bin/../lib/gcc/nios2-elf/4.1.2/mno-hw-mul/libgcc.a(_pack_df.o)
                0x0080992c                __pack_d
 .text          0x00809c40      0x138 /OPT/altera/12.1/nios2eds/bin/gnu/H-i686-pc-linux-gnu/bin/../lib/gcc/nios2-elf/4.1.2/mno-hw-mul/libgcc.a(_unpack_df.o)
                0x00809c40                __unpack_d
 .text          0x00809d78       0xc8 /OPT/altera/12.1/nios2eds/bin/gnu/H-i686-pc-linux-gnu/bin/../lib/gcc/nios2-elf/4.1.2/mno-hw-mul/libgcc.a(_fpcmp_parts_df.o)
                0x00809d78                __fpcmp_parts_d
 .text          0x00809e40      0x160 ../lab2_bsp//libucosii_bsp.a(alt_close.o)
                0x00809e40                close
 .text          0x00809fa0       0x2c ../lab2_bsp//libucosii_bsp.a(alt_dev.o)
 .text          0x00809fcc        0x0 ../lab2_bsp//libucosii_bsp.a(alt_errno.o)
 .text          0x00809fcc      0x138 ../lab2_bsp//libucosii_bsp.a(alt_fstat.o)
                0x00809fcc                fstat
 .text          0x0080a104      0x1d4 ../lab2_bsp//libucosii_bsp.a(alt_iic.o)
                0x0080a104                alt_ic_isr_register
                0x0080a154                alt_ic_irq_enable
                0x0080a1f0                alt_ic_irq_disable
                0x0080a290                alt_ic_irq_enabled
 .text          0x0080a2d8       0xf8 ../lab2_bsp//libucosii_bsp.a(alt_iic_isr_register.o)
                0x0080a2d8                alt_iic_isr_register
 .text          0x0080a3d0        0x0 ../lab2_bsp//libucosii_bsp.a(alt_irq_entry.o)
 .text          0x0080a3d0        0x0 ../lab2_bsp//libucosii_bsp.a(alt_irq_handler.o)
 .text          0x0080a3d0        0x0 ../lab2_bsp//libucosii_bsp.a(alt_irq_vars.o)
 .text          0x0080a3d0      0x124 ../lab2_bsp//libucosii_bsp.a(alt_isatty.o)
                0x0080a3d0                isatty
 .text          0x0080a4f4      0x154 ../lab2_bsp//libucosii_bsp.a(alt_lseek.o)
                0x0080a4f4                lseek
 .text          0x0080a648       0xc8 ../lab2_bsp//libucosii_bsp.a(alt_main.o)
                0x0080a648                alt_main
 .text          0x0080a710      0x184 ../lab2_bsp//libucosii_bsp.a(alt_read.o)
                0x0080a710                read
 .text          0x0080a894       0x78 ../lab2_bsp//libucosii_bsp.a(alt_release_fd.o)
                0x0080a894                alt_release_fd
 .text          0x0080a90c       0xbc ../lab2_bsp//libucosii_bsp.a(alt_sbrk.o)
                0x0080a90c                sbrk
 .text          0x0080a9c8      0x184 ../lab2_bsp//libucosii_bsp.a(alt_write.o)
                0x0080a9c8                write
 .text          0x0080ab4c      0x108 ../lab2_bsp//libucosii_bsp.a(alt_env_lock.o)
                0x0080ab4c                __env_lock
                0x0080abf8                __env_unlock
 .text          0x0080ac54      0x1d8 ../lab2_bsp//libucosii_bsp.a(alt_malloc_lock.o)
                0x0080ac54                __malloc_lock
                0x0080ad5c                __malloc_unlock
 .text          0x0080ae2c     0x2128 ../lab2_bsp//libucosii_bsp.a(os_core.o)
                0x0080ae2c                OSEventNameGet
                0x0080af5c                OSEventNameSet
                0x0080b0a0                OSEventPendMulti
                0x0080b754                OSInit
                0x0080b7a8                OSIntEnter
                0x0080b824                OSIntExit
                0x0080b924                OSSchedLock
                0x0080b9b0                OSSchedUnlock
                0x0080ba94                OSStart
                0x0080bb04                OSStatInit
                0x0080bbb0                OSTimeTick
                0x0080bdf0                OSVersion
                0x0080be10                OS_Dummy
                0x0080be2c                OS_EventTaskRdy
                0x0080bfc0                OS_EventTaskWait
                0x0080c0d0                OS_EventTaskWaitMulti
                0x0080c224                OS_EventTaskRemove
                0x0080c2dc                OS_EventTaskRemoveMulti
                0x0080c3e0                OS_EventWaitListInit
                0x0080c7ac                OS_MemClr
                0x0080c800                OS_MemCopy
                0x0080c86c                OS_Sched
                0x0080c9b0                OS_StrCopy
                0x0080ca30                OS_StrLen
                0x0080ca88                OS_TaskIdle
                0x0080cae4                OS_TaskStat
                0x0080cbac                OS_TaskStatStkChk
                0x0080cc74                OS_TCBInit
 .text          0x0080cf54      0x18c ../lab2_bsp//libucosii_bsp.a(os_dbg.o)
                0x0080cf54                OSDebugInit
 .text          0x0080d0e0     0x193c ../lab2_bsp//libucosii_bsp.a(os_flag.o)
                0x0080d0e0                OSFlagAccept
                0x0080d414                OSFlagCreate
                0x0080d550                OSFlagDel
                0x0080d7f8                OSFlagNameGet
                0x0080d93c                OSFlagNameSet
                0x0080da90                OSFlagPend
                0x0080e0d4                OSFlagPendGetFlagsRdy
                0x0080e13c                OSFlagPost
                0x0080e4e4                OSFlagQuery
                0x0080e77c                OS_FlagInit
                0x0080e970                OS_FlagUnlink
 .text          0x0080ea1c      0x80c ../lab2_bsp//libucosii_bsp.a(os_mem.o)
                0x0080ea1c                OSMemCreate
                0x0080ec38                OSMemGet
                0x0080ed3c                OSMemNameGet
                0x0080ee48                OSMemNameSet
                0x0080ef68                OSMemPut
                0x0080f058                OSMemQuery
                0x0080f154                OS_MemInit
 .text          0x0080f228     0x1334 ../lab2_bsp//libucosii_bsp.a(os_q.o)
                0x0080f228                OSQAccept
                0x0080f37c                OSQCreate
                0x0080f590                OSQDel
                0x0080f890                OSQFlush
                0x0080f958                OSQPend
                0x0080fc78                OSQPendAbort
                0x0080fdf4                OSQPost
                0x0080ff74                OSQPostFront
                0x008100fc                OSQPostOpt
                0x00810330                OSQQuery
                0x008104b0                OS_QInit
 .text          0x0081055c      0xbc8 ../lab2_bsp//libucosii_bsp.a(os_sem.o)
                0x0081055c                OSSemAccept
                0x0081061c                OSSemCreate
                0x00810730                OSSemDel
                0x008109d0                OSSemPend
                0x00810c4c                OSSemPendAbort
                0x00810dc8                OSSemPost
                0x00810ef0                OSSemQuery
                0x00811020                OSSemSet
 .text          0x00811124     0x1a40 ../lab2_bsp//libucosii_bsp.a(os_task.o)
                0x00811124                OSTaskChangePrio
                0x00811698                OSTaskCreate
                0x0081186c                OSTaskCreateExt
                0x00811a6c                OSTaskDel
                0x00811e78                OSTaskDelReq
                0x00811fe8                OSTaskNameGet
                0x008121a0                OSTaskNameSet
                0x00812364                OSTaskResume
                0x0081257c                OSTaskStkChk
                0x00812778                OSTaskSuspend
                0x008129a4                OSTaskQuery
                0x00812ae8                OS_TaskStkClr
 .text          0x00812b64      0x5a0 ../lab2_bsp//libucosii_bsp.a(os_time.o)
                0x00812b64                OSTimeDly
                0x00812cb0                OSTimeDlyHMSM
                0x00812e2c                OSTimeDlyResume
                0x0081303c                OSTimeGet
                0x008130a0                OSTimeSet
 .text          0x00813104       0xe0 ../lab2_bsp//libucosii_bsp.a(alt_sys_init.o)
                0x00813104                alt_irq_init
                0x00813138                alt_sys_init
 .text          0x008131e4      0x148 ../lab2_bsp//libucosii_bsp.a(altera_avalon_jtag_uart_fd.o)
                0x008131e4                altera_avalon_jtag_uart_read_fd
                0x0081323c                altera_avalon_jtag_uart_write_fd
                0x00813294                altera_avalon_jtag_uart_close_fd
                0x008132dc                altera_avalon_jtag_uart_ioctl_fd
 .text          0x0081332c      0x584 ../lab2_bsp//libucosii_bsp.a(altera_avalon_jtag_uart_init.o)
                0x0081332c                altera_avalon_jtag_uart_init
                0x0081383c                altera_avalon_jtag_uart_close
 .text          0x008138b0       0xf4 ../lab2_bsp//libucosii_bsp.a(altera_avalon_jtag_uart_ioctl.o)
                0x008138b0                altera_avalon_jtag_uart_ioctl
 .text          0x008139a4      0x2c0 ../lab2_bsp//libucosii_bsp.a(altera_avalon_jtag_uart_read.o)
                0x008139a4                altera_avalon_jtag_uart_read
 .text          0x00813c64      0x2dc ../lab2_bsp//libucosii_bsp.a(altera_avalon_jtag_uart_write.o)
                0x00813c64                altera_avalon_jtag_uart_write
 .text          0x00813f40      0x100 ../lab2_bsp//libucosii_bsp.a(altera_avalon_timer_sc.o)
                0x00813fb0                alt_avalon_timer_sc_init
 .text          0x00814040      0x530 ../lab2_bsp//libucosii_bsp.a(altera_up_avalon_character_lcd.o)
                0x00814040                get_DDRAM_addr
                0x008140bc                alt_up_character_lcd_send_cmd
                0x008140f0                alt_up_character_lcd_init
                0x00814124                alt_up_character_lcd_open_dev
                0x00814164                alt_up_character_lcd_write
                0x008141dc                alt_up_character_lcd_string
                0x00814254                alt_up_character_lcd_write_fd
                0x008142a0                alt_up_character_lcd_set_cursor_pos
                0x00814318                alt_up_character_lcd_shift_cursor
                0x008143c8                alt_up_character_lcd_shift_display
                0x00814478                alt_up_character_lcd_erase_pos
                0x00814508                alt_up_character_lcd_cursor_off
                0x0081453c                alt_up_character_lcd_cursor_blink_on
 .text          0x00814570      0x154 ../lab2_bsp//libucosii_bsp.a(alt_alarm_start.o)
                0x00814570                alt_alarm_start
 .text          0x008146c4      0x114 ../lab2_bsp//libucosii_bsp.a(alt_dev_llist_insert.o)
                0x008146c4                alt_dev_llist_insert
 .text          0x008147d8       0x64 ../lab2_bsp//libucosii_bsp.a(alt_do_ctors.o)
                0x008147d8                _do_ctors
 .text          0x0081483c       0x64 ../lab2_bsp//libucosii_bsp.a(alt_do_dtors.o)
                0x0081483c                _do_dtors
 .text          0x008148a0        0x0 ../lab2_bsp//libucosii_bsp.a(alt_exception_entry.o)
 .text          0x008148a0       0x94 ../lab2_bsp//libucosii_bsp.a(alt_find_dev.o)
                0x008148a0                alt_find_dev
 .text          0x00814934      0x150 ../lab2_bsp//libucosii_bsp.a(alt_io_redirect.o)
                0x00814a0c                alt_io_redirect
 .text          0x00814a84      0x2e4 ../lab2_bsp//libucosii_bsp.a(alt_open.o)
                0x00814b7c                open
 .text          0x00814d68      0x1a8 ../lab2_bsp//libucosii_bsp.a(alt_tick.o)
                0x00814d68                alt_alarm_stop
                0x00814e00                alt_tick
 .text          0x00814f10       0x20 ../lab2_bsp//libucosii_bsp.a(altera_nios2_qsys_irq.o)
                0x00814f10                altera_nios2_qsys_irq_init
 .text          0x00814f30       0xd0 ../lab2_bsp//libucosii_bsp.a(os_cpu_a.o)
                0x00814f30                OSCtxSw
                0x00814f30                OSIntCtxSw
                0x00814fbc                OSStartHighRdy
                0x00814fdc                OSStartTsk
 .text          0x00815000      0x418 ../lab2_bsp//libucosii_bsp.a(os_cpu_c.o)
                0x00815000                OSTaskStkInit
                0x00815310                OSTaskCreateHook
                0x00815330                OSTaskDelHook
                0x00815350                OSTaskSwHook
                0x0081536c                OSTaskStatHook
                0x00815388                OSTimeTickHook
                0x008153a4                OSInitHookBegin
                0x008153c0                OSInitHookEnd
                0x008153dc                OSTaskIdleHook
                0x008153f8                OSTCBInitHook
 .text          0x00815418      0x120 ../lab2_bsp//libucosii_bsp.a(alt_find_file.o)
                0x00815418                alt_find_file
 .text          0x00815538      0x104 ../lab2_bsp//libucosii_bsp.a(alt_get_fd.o)
                0x00815538                alt_get_fd
 .text          0x0081563c       0x14 /OPT/altera/12.1/nios2eds/bin/gnu/H-i686-pc-linux-gnu/bin/../lib/gcc/nios2-elf/4.1.2/../../../../nios2-elf/lib/mno-hw-mul/libc.a(lib_a-atexit.o)
                0x0081563c                atexit
 .text          0x00815650       0x38 /OPT/altera/12.1/nios2eds/bin/gnu/H-i686-pc-linux-gnu/bin/../lib/gcc/nios2-elf/4.1.2/../../../../nios2-elf/lib/mno-hw-mul/libc.a(lib_a-exit.o)
                0x00815650                exit
 .text          0x00815688       0x74 /OPT/altera/12.1/nios2eds/bin/gnu/H-i686-pc-linux-gnu/bin/../lib/gcc/nios2-elf/4.1.2/../../../../nios2-elf/lib/mno-hw-mul/libc.a(lib_a-memcmp.o)
                0x00815688                memcmp
 .text          0x008156fc      0x134 /OPT/altera/12.1/nios2eds/bin/gnu/H-i686-pc-linux-gnu/bin/../lib/gcc/nios2-elf/4.1.2/../../../../nios2-elf/lib/mno-hw-mul/libc.a(lib_a-__atexit.o)
                0x008156fc                __register_exitproc
 .text          0x00815830      0x1b4 /OPT/altera/12.1/nios2eds/bin/gnu/H-i686-pc-linux-gnu/bin/../lib/gcc/nios2-elf/4.1.2/../../../../nios2-elf/lib/mno-hw-mul/libc.a(lib_a-__call_atexit.o)
                0x00815834                __call_exitprocs
 .text          0x008159e4       0x6c ../lab2_bsp//libucosii_bsp.a(alt_exit.o)
                0x00815a24                _exit
 *(.gnu.warning.*)
 *(.fini)
                0x00815a50                PROVIDE (__etext, ABSOLUTE (.))
                0x00815a50                PROVIDE (_etext, ABSOLUTE (.))
                0x00815a50                PROVIDE (etext, ABSOLUTE (.))
 *(.eh_frame_hdr)
                0x00815a50                . = ALIGN (0x4)
                0x00815a50                PROVIDE (__preinit_array_start, ABSOLUTE (.))
 *(.preinit_array)
                0x00815a50                PROVIDE (__preinit_array_end, ABSOLUTE (.))
                0x00815a50                PROVIDE (__init_array_start, ABSOLUTE (.))
 *(.init_array)
                0x00815a50                PROVIDE (__init_array_end, ABSOLUTE (.))
                0x00815a50                PROVIDE (__fini_array_start, ABSOLUTE (.))
 *(.fini_array)
                0x00815a50                PROVIDE (__fini_array_end, ABSOLUTE (.))
 *(.eh_frame)
 *(.gcc_except_table)
 *(.dynamic)
                0x00815a50                PROVIDE (__CTOR_LIST__, ABSOLUTE (.))
 *(.ctors)
 *(SORT(.ctors.*))
 .ctors.65535   0x00815a50        0x4 /OPT/altera/12.1/nios2eds/bin/gnu/H-i686-pc-linux-gnu/bin/../lib/gcc/nios2-elf/4.1.2/../../../../nios2-elf/lib/mno-hw-mul/libc.a(lib_a-__call_atexit.o)
                0x00815a54                PROVIDE (__CTOR_END__, ABSOLUTE (.))
                0x00815a54                PROVIDE (__DTOR_LIST__, ABSOLUTE (.))
 *(.dtors)
 *(SORT(.dtors.*))
                0x00815a54                PROVIDE (__DTOR_END__, ABSOLUTE (.))
 *(.jcr)
                0x00815a54                . = ALIGN (0x4)

.rodata         0x00815a54      0x4fc
                0x00815a54                PROVIDE (__ram_rodata_start, ABSOLUTE (.))
                0x00815a54                . = ALIGN (0x4)
 *(.rodata .rodata.* .gnu.linkonce.r.*)
 .rodata        0x00815a54       0x7c obj/default/lab2.o
 .rodata.str1.4
                0x00815ad0        0x2 /OPT/altera/12.1/nios2eds/bin/gnu/H-i686-pc-linux-gnu/bin/../lib/gcc/nios2-elf/4.1.2/../../../../nios2-elf/lib/mno-hw-mul/libc.a(lib_a-puts.o)
                                  0x4 (size before relaxing)
 *fill*         0x00815ad2        0x2 00
 .rodata.str1.4
                0x00815ad4       0x5e /OPT/altera/12.1/nios2eds/bin/gnu/H-i686-pc-linux-gnu/bin/../lib/gcc/nios2-elf/4.1.2/../../../../nios2-elf/lib/mno-hw-mul/libc.a(lib_a-vfprintf.o)
                                 0x60 (size before relaxing)
 .rodata        0x00815b32       0x20 /OPT/altera/12.1/nios2eds/bin/gnu/H-i686-pc-linux-gnu/bin/../lib/gcc/nios2-elf/4.1.2/../../../../nios2-elf/lib/mno-hw-mul/libc.a(lib_a-vfprintf.o)
 *fill*         0x00815b52        0x2 00
 .rodata.str1.4
                0x00815b54       0x10 /OPT/altera/12.1/nios2eds/bin/gnu/H-i686-pc-linux-gnu/bin/../lib/gcc/nios2-elf/4.1.2/../../../../nios2-elf/lib/mno-hw-mul/libc.a(lib_a-dtoa.o)
                                 0x14 (size before relaxing)
 .rodata.str1.4
                0x00815b64        0x2 /OPT/altera/12.1/nios2eds/bin/gnu/H-i686-pc-linux-gnu/bin/../lib/gcc/nios2-elf/4.1.2/../../../../nios2-elf/lib/mno-hw-mul/libc.a(lib_a-impure.o)
                                  0x4 (size before relaxing)
 *fill*         0x00815b66        0x2 00
 .rodata.str1.4
                0x00815b68       0x10 /OPT/altera/12.1/nios2eds/bin/gnu/H-i686-pc-linux-gnu/bin/../lib/gcc/nios2-elf/4.1.2/../../../../nios2-elf/lib/mno-hw-mul/libc.a(lib_a-locale.o)
                                 0x18 (size before relaxing)
 .rodata        0x00815b78       0x30 /OPT/altera/12.1/nios2eds/bin/gnu/H-i686-pc-linux-gnu/bin/../lib/gcc/nios2-elf/4.1.2/../../../../nios2-elf/lib/mno-hw-mul/libc.a(lib_a-locale.o)
 .rodata        0x00815ba8      0x124 /OPT/altera/12.1/nios2eds/bin/gnu/H-i686-pc-linux-gnu/bin/../lib/gcc/nios2-elf/4.1.2/../../../../nios2-elf/lib/mno-hw-mul/libc.a(lib_a-mprec.o)
                0x00815ba8                __mprec_tens
                0x00815c70                __mprec_bigtens
                0x00815c98                __mprec_tinytens
 .rodata        0x00815ccc       0x14 /OPT/altera/12.1/nios2eds/bin/gnu/H-i686-pc-linux-gnu/bin/../lib/gcc/nios2-elf/4.1.2/mno-hw-mul/libgcc.a(_thenan_df.o)
                0x00815ccc                __thenan_df
 .rodata        0x00815ce0      0x100 /OPT/altera/12.1/nios2eds/bin/gnu/H-i686-pc-linux-gnu/bin/../lib/gcc/nios2-elf/4.1.2/mno-hw-mul/libgcc.a(_clz.o)
                0x00815ce0                __clz_tab
 .rodata        0x00815de0        0xc ../lab2_bsp//libucosii_bsp.a(alt_dev.o)
 .rodata        0x00815dec       0x14 ../lab2_bsp//libucosii_bsp.a(alt_main.o)
 .rodata        0x00815e00      0x120 ../lab2_bsp//libucosii_bsp.a(os_core.o)
                0x00815e00                OSUnMapTbl
 .rodata        0x00815f20       0x2c ../lab2_bsp//libucosii_bsp.a(alt_sys_init.o)
 .rodata        0x00815f4c        0x4 ../lab2_bsp//libucosii_bsp.a(os_cpu_c.o)
 *(.rodata1)
                0x00815f50                . = ALIGN (0x4)
                0x00815f50                PROVIDE (__ram_rodata_end, ABSOLUTE (.))
                0x00815a54                PROVIDE (__flash_rodata_start, LOADADDR (.rodata))

.rwdata         0x00815f50     0x1b10
                0x00815f50                PROVIDE (__ram_rwdata_start, ABSOLUTE (.))
                0x00815f50                . = ALIGN (0x4)
 *(.got.plt)
 *(.got)
 *(.data1)
 *(.data .data.* .gnu.linkonce.d.*)
 .data          0x00815f50        0x0 ../lab2_bsp//obj/HAL/src/crt0.o
 .data          0x00815f50        0x0 obj/default/lab2.o
 .data          0x00815f50        0x0 /OPT/altera/12.1/nios2eds/bin/gnu/H-i686-pc-linux-gnu/bin/../lib/gcc/nios2-elf/4.1.2/../../../../nios2-elf/lib/mno-hw-mul/libc.a(lib_a-printf.o)
 .data          0x00815f50        0x0 /OPT/altera/12.1/nios2eds/bin/gnu/H-i686-pc-linux-gnu/bin/../lib/gcc/nios2-elf/4.1.2/../../../../nios2-elf/lib/mno-hw-mul/libc.a(lib_a-puts.o)
 .data          0x00815f50        0x0 /OPT/altera/12.1/nios2eds/bin/gnu/H-i686-pc-linux-gnu/bin/../lib/gcc/nios2-elf/4.1.2/../../../../nios2-elf/lib/mno-hw-mul/libc.a(lib_a-sprintf.o)
 .data          0x00815f50        0x0 /OPT/altera/12.1/nios2eds/bin/gnu/H-i686-pc-linux-gnu/bin/../lib/gcc/nios2-elf/4.1.2/../../../../nios2-elf/lib/mno-hw-mul/libc.a(lib_a-strlen.o)
 .data          0x00815f50        0x0 /OPT/altera/12.1/nios2eds/bin/gnu/H-i686-pc-linux-gnu/bin/../lib/gcc/nios2-elf/4.1.2/../../../../nios2-elf/lib/mno-hw-mul/libc.a(lib_a-vfprintf.o)
 .data          0x00815f50        0x0 /OPT/altera/12.1/nios2eds/bin/gnu/H-i686-pc-linux-gnu/bin/../lib/gcc/nios2-elf/4.1.2/../../../../nios2-elf/lib/mno-hw-mul/libc.a(lib_a-wsetup.o)
 .data          0x00815f50        0x0 /OPT/altera/12.1/nios2eds/bin/gnu/H-i686-pc-linux-gnu/bin/../lib/gcc/nios2-elf/4.1.2/../../../../nios2-elf/lib/mno-hw-mul/libc.a(lib_a-dtoa.o)
 .data          0x00815f50        0x0 /OPT/altera/12.1/nios2eds/bin/gnu/H-i686-pc-linux-gnu/bin/../lib/gcc/nios2-elf/4.1.2/../../../../nios2-elf/lib/mno-hw-mul/libc.a(lib_a-fflush.o)
 .data          0x00815f50        0x0 /OPT/altera/12.1/nios2eds/bin/gnu/H-i686-pc-linux-gnu/bin/../lib/gcc/nios2-elf/4.1.2/../../../../nios2-elf/lib/mno-hw-mul/libc.a(lib_a-findfp.o)
 .data          0x00815f50        0x0 /OPT/altera/12.1/nios2eds/bin/gnu/H-i686-pc-linux-gnu/bin/../lib/gcc/nios2-elf/4.1.2/../../../../nios2-elf/lib/mno-hw-mul/libc.a(lib_a-freer.o)
 .data          0x00815f50        0x0 /OPT/altera/12.1/nios2eds/bin/gnu/H-i686-pc-linux-gnu/bin/../lib/gcc/nios2-elf/4.1.2/../../../../nios2-elf/lib/mno-hw-mul/libc.a(lib_a-fvwrite.o)
 .data          0x00815f50        0x0 /OPT/altera/12.1/nios2eds/bin/gnu/H-i686-pc-linux-gnu/bin/../lib/gcc/nios2-elf/4.1.2/../../../../nios2-elf/lib/mno-hw-mul/libc.a(lib_a-fwalk.o)
 .data          0x00815f50      0x400 /OPT/altera/12.1/nios2eds/bin/gnu/H-i686-pc-linux-gnu/bin/../lib/gcc/nios2-elf/4.1.2/../../../../nios2-elf/lib/mno-hw-mul/libc.a(lib_a-impure.o)
 .data          0x00816350        0xc /OPT/altera/12.1/nios2eds/bin/gnu/H-i686-pc-linux-gnu/bin/../lib/gcc/nios2-elf/4.1.2/../../../../nios2-elf/lib/mno-hw-mul/libc.a(lib_a-locale.o)
                0x00816350                __lc_ctype
 .data          0x0081635c        0x0 /OPT/altera/12.1/nios2eds/bin/gnu/H-i686-pc-linux-gnu/bin/../lib/gcc/nios2-elf/4.1.2/../../../../nios2-elf/lib/mno-hw-mul/libc.a(lib_a-makebuf.o)
 .data          0x0081635c      0x408 /OPT/altera/12.1/nios2eds/bin/gnu/H-i686-pc-linux-gnu/bin/../lib/gcc/nios2-elf/4.1.2/../../../../nios2-elf/lib/mno-hw-mul/libc.a(lib_a-mallocr.o)
                0x0081635c                __malloc_av_
 .data          0x00816764        0x0 /OPT/altera/12.1/nios2eds/bin/gnu/H-i686-pc-linux-gnu/bin/../lib/gcc/nios2-elf/4.1.2/../../../../nios2-elf/lib/mno-hw-mul/libc.a(lib_a-memchr.o)
 .data          0x00816764        0x0 /OPT/altera/12.1/nios2eds/bin/gnu/H-i686-pc-linux-gnu/bin/../lib/gcc/nios2-elf/4.1.2/../../../../nios2-elf/lib/mno-hw-mul/libc.a(lib_a-memcpy.o)
 .data          0x00816764        0x0 /OPT/altera/12.1/nios2eds/bin/gnu/H-i686-pc-linux-gnu/bin/../lib/gcc/nios2-elf/4.1.2/../../../../nios2-elf/lib/mno-hw-mul/libc.a(lib_a-memmove.o)
 .data          0x00816764        0x0 /OPT/altera/12.1/nios2eds/bin/gnu/H-i686-pc-linux-gnu/bin/../lib/gcc/nios2-elf/4.1.2/../../../../nios2-elf/lib/mno-hw-mul/libc.a(lib_a-memset.o)
 .data          0x00816764        0x0 /OPT/altera/12.1/nios2eds/bin/gnu/H-i686-pc-linux-gnu/bin/../lib/gcc/nios2-elf/4.1.2/../../../../nios2-elf/lib/mno-hw-mul/libc.a(lib_a-mprec.o)
 .data          0x00816764        0x0 /OPT/altera/12.1/nios2eds/bin/gnu/H-i686-pc-linux-gnu/bin/../lib/gcc/nios2-elf/4.1.2/../../../../nios2-elf/lib/mno-hw-mul/libc.a(lib_a-reallocr.o)
 .data          0x00816764        0x0 /OPT/altera/12.1/nios2eds/bin/gnu/H-i686-pc-linux-gnu/bin/../lib/gcc/nios2-elf/4.1.2/../../../../nios2-elf/lib/mno-hw-mul/libc.a(lib_a-s_isinfd.o)
 .data          0x00816764        0x0 /OPT/altera/12.1/nios2eds/bin/gnu/H-i686-pc-linux-gnu/bin/../lib/gcc/nios2-elf/4.1.2/../../../../nios2-elf/lib/mno-hw-mul/libc.a(lib_a-s_isnand.o)
 .data          0x00816764        0x0 /OPT/altera/12.1/nios2eds/bin/gnu/H-i686-pc-linux-gnu/bin/../lib/gcc/nios2-elf/4.1.2/../../../../nios2-elf/lib/mno-hw-mul/libc.a(lib_a-sbrkr.o)
 .data          0x00816764        0x0 /OPT/altera/12.1/nios2eds/bin/gnu/H-i686-pc-linux-gnu/bin/../lib/gcc/nios2-elf/4.1.2/../../../../nios2-elf/lib/mno-hw-mul/libc.a(lib_a-stdio.o)
 .data          0x00816764        0x0 /OPT/altera/12.1/nios2eds/bin/gnu/H-i686-pc-linux-gnu/bin/../lib/gcc/nios2-elf/4.1.2/../../../../nios2-elf/lib/mno-hw-mul/libc.a(lib_a-strcmp.o)
 .data          0x00816764        0x0 /OPT/altera/12.1/nios2eds/bin/gnu/H-i686-pc-linux-gnu/bin/../lib/gcc/nios2-elf/4.1.2/../../../../nios2-elf/lib/mno-hw-mul/libc.a(lib_a-writer.o)
 .data          0x00816764        0x0 /OPT/altera/12.1/nios2eds/bin/gnu/H-i686-pc-linux-gnu/bin/../lib/gcc/nios2-elf/4.1.2/../../../../nios2-elf/lib/mno-hw-mul/libc.a(lib_a-callocr.o)
 .data          0x00816764        0x0 /OPT/altera/12.1/nios2eds/bin/gnu/H-i686-pc-linux-gnu/bin/../lib/gcc/nios2-elf/4.1.2/../../../../nios2-elf/lib/mno-hw-mul/libc.a(lib_a-closer.o)
 .data          0x00816764        0x0 /OPT/altera/12.1/nios2eds/bin/gnu/H-i686-pc-linux-gnu/bin/../lib/gcc/nios2-elf/4.1.2/../../../../nios2-elf/lib/mno-hw-mul/libc.a(lib_a-fclose.o)
 .data          0x00816764        0x0 /OPT/altera/12.1/nios2eds/bin/gnu/H-i686-pc-linux-gnu/bin/../lib/gcc/nios2-elf/4.1.2/../../../../nios2-elf/lib/mno-hw-mul/libc.a(lib_a-fstatr.o)
 .data          0x00816764        0x0 /OPT/altera/12.1/nios2eds/bin/gnu/H-i686-pc-linux-gnu/bin/../lib/gcc/nios2-elf/4.1.2/../../../../nios2-elf/lib/mno-hw-mul/libc.a(lib_a-int_errno.o)
 .data          0x00816764        0x0 /OPT/altera/12.1/nios2eds/bin/gnu/H-i686-pc-linux-gnu/bin/../lib/gcc/nios2-elf/4.1.2/../../../../nios2-elf/lib/mno-hw-mul/libc.a(lib_a-isattyr.o)
 .data          0x00816764        0x0 /OPT/altera/12.1/nios2eds/bin/gnu/H-i686-pc-linux-gnu/bin/../lib/gcc/nios2-elf/4.1.2/../../../../nios2-elf/lib/mno-hw-mul/libc.a(lib_a-lseekr.o)
 .data          0x00816764        0x0 /OPT/altera/12.1/nios2eds/bin/gnu/H-i686-pc-linux-gnu/bin/../lib/gcc/nios2-elf/4.1.2/../../../../nios2-elf/lib/mno-hw-mul/libc.a(lib_a-readr.o)
 .data          0x00816764        0x0 /OPT/altera/12.1/nios2eds/bin/gnu/H-i686-pc-linux-gnu/bin/../lib/gcc/nios2-elf/4.1.2/mno-hw-mul/libgcc.a(_udivdi3.o)
 .data          0x00816764        0x0 /OPT/altera/12.1/nios2eds/bin/gnu/H-i686-pc-linux-gnu/bin/../lib/gcc/nios2-elf/4.1.2/mno-hw-mul/libgcc.a(_umoddi3.o)
 .data          0x00816764        0x0 /OPT/altera/12.1/nios2eds/bin/gnu/H-i686-pc-linux-gnu/bin/../lib/gcc/nios2-elf/4.1.2/mno-hw-mul/libgcc.a(_addsub_df.o)
 .data          0x00816764        0x0 /OPT/altera/12.1/nios2eds/bin/gnu/H-i686-pc-linux-gnu/bin/../lib/gcc/nios2-elf/4.1.2/mno-hw-mul/libgcc.a(_mul_df.o)
 .data          0x00816764        0x0 /OPT/altera/12.1/nios2eds/bin/gnu/H-i686-pc-linux-gnu/bin/../lib/gcc/nios2-elf/4.1.2/mno-hw-mul/libgcc.a(_div_df.o)
 .data          0x00816764        0x0 /OPT/altera/12.1/nios2eds/bin/gnu/H-i686-pc-linux-gnu/bin/../lib/gcc/nios2-elf/4.1.2/mno-hw-mul/libgcc.a(_eq_df.o)
 .data          0x00816764        0x0 /OPT/altera/12.1/nios2eds/bin/gnu/H-i686-pc-linux-gnu/bin/../lib/gcc/nios2-elf/4.1.2/mno-hw-mul/libgcc.a(_ne_df.o)
 .data          0x00816764        0x0 /OPT/altera/12.1/nios2eds/bin/gnu/H-i686-pc-linux-gnu/bin/../lib/gcc/nios2-elf/4.1.2/mno-hw-mul/libgcc.a(_gt_df.o)
 .data          0x00816764        0x0 /OPT/altera/12.1/nios2eds/bin/gnu/H-i686-pc-linux-gnu/bin/../lib/gcc/nios2-elf/4.1.2/mno-hw-mul/libgcc.a(_ge_df.o)
 .data          0x00816764        0x0 /OPT/altera/12.1/nios2eds/bin/gnu/H-i686-pc-linux-gnu/bin/../lib/gcc/nios2-elf/4.1.2/mno-hw-mul/libgcc.a(_lt_df.o)
 .data          0x00816764        0x0 /OPT/altera/12.1/nios2eds/bin/gnu/H-i686-pc-linux-gnu/bin/../lib/gcc/nios2-elf/4.1.2/mno-hw-mul/libgcc.a(_si_to_df.o)
 .data          0x00816764        0x0 /OPT/altera/12.1/nios2eds/bin/gnu/H-i686-pc-linux-gnu/bin/../lib/gcc/nios2-elf/4.1.2/mno-hw-mul/libgcc.a(_df_to_si.o)
 .data          0x00816764        0x0 /OPT/altera/12.1/nios2eds/bin/gnu/H-i686-pc-linux-gnu/bin/../lib/gcc/nios2-elf/4.1.2/mno-hw-mul/libgcc.a(_thenan_df.o)
 .data          0x00816764        0x0 /OPT/altera/12.1/nios2eds/bin/gnu/H-i686-pc-linux-gnu/bin/../lib/gcc/nios2-elf/4.1.2/mno-hw-mul/libgcc.a(_usi_to_df.o)
 .data          0x00816764        0x0 /OPT/altera/12.1/nios2eds/bin/gnu/H-i686-pc-linux-gnu/bin/../lib/gcc/nios2-elf/4.1.2/mno-hw-mul/libgcc.a(lib2-divmod.o)
 .data          0x00816764        0x0 /OPT/altera/12.1/nios2eds/bin/gnu/H-i686-pc-linux-gnu/bin/../lib/gcc/nios2-elf/4.1.2/mno-hw-mul/libgcc.a(lib2-mul.o)
 .data          0x00816764        0x0 /OPT/altera/12.1/nios2eds/bin/gnu/H-i686-pc-linux-gnu/bin/../lib/gcc/nios2-elf/4.1.2/mno-hw-mul/libgcc.a(_muldi3.o)
 .data          0x00816764        0x0 /OPT/altera/12.1/nios2eds/bin/gnu/H-i686-pc-linux-gnu/bin/../lib/gcc/nios2-elf/4.1.2/mno-hw-mul/libgcc.a(_clz.o)
 .data          0x00816764        0x0 /OPT/altera/12.1/nios2eds/bin/gnu/H-i686-pc-linux-gnu/bin/../lib/gcc/nios2-elf/4.1.2/mno-hw-mul/libgcc.a(_clzsi2.o)
 .data          0x00816764        0x0 /OPT/altera/12.1/nios2eds/bin/gnu/H-i686-pc-linux-gnu/bin/../lib/gcc/nios2-elf/4.1.2/mno-hw-mul/libgcc.a(_pack_df.o)
 .data          0x00816764        0x0 /OPT/altera/12.1/nios2eds/bin/gnu/H-i686-pc-linux-gnu/bin/../lib/gcc/nios2-elf/4.1.2/mno-hw-mul/libgcc.a(_unpack_df.o)
 .data          0x00816764        0x0 /OPT/altera/12.1/nios2eds/bin/gnu/H-i686-pc-linux-gnu/bin/../lib/gcc/nios2-elf/4.1.2/mno-hw-mul/libgcc.a(_fpcmp_parts_df.o)
 .data          0x00816764        0x0 ../lab2_bsp//libucosii_bsp.a(alt_close.o)
 .data          0x00816764      0x1a8 ../lab2_bsp//libucosii_bsp.a(alt_dev.o)
                0x00816764                alt_dev_null
                0x0081678c                alt_fd_list
 .data          0x0081690c        0x0 ../lab2_bsp//libucosii_bsp.a(alt_errno.o)
 .data          0x0081690c        0x0 ../lab2_bsp//libucosii_bsp.a(alt_fstat.o)
 .data          0x0081690c        0x0 ../lab2_bsp//libucosii_bsp.a(alt_iic.o)
 .data          0x0081690c        0x0 ../lab2_bsp//libucosii_bsp.a(alt_iic_isr_register.o)
 .data          0x0081690c        0x0 ../lab2_bsp//libucosii_bsp.a(alt_irq_entry.o)
 .data          0x0081690c        0x0 ../lab2_bsp//libucosii_bsp.a(alt_irq_handler.o)
 .data          0x0081690c        0x0 ../lab2_bsp//libucosii_bsp.a(alt_irq_vars.o)
 .data          0x0081690c        0x0 ../lab2_bsp//libucosii_bsp.a(alt_isatty.o)
 .data          0x0081690c        0x0 ../lab2_bsp//libucosii_bsp.a(alt_lseek.o)
 .data          0x0081690c        0x0 ../lab2_bsp//libucosii_bsp.a(alt_main.o)
 .data          0x0081690c        0x0 ../lab2_bsp//libucosii_bsp.a(alt_read.o)
 .data          0x0081690c        0x0 ../lab2_bsp//libucosii_bsp.a(alt_release_fd.o)
 .data          0x0081690c        0x0 ../lab2_bsp//libucosii_bsp.a(alt_sbrk.o)
 .data          0x0081690c        0x0 ../lab2_bsp//libucosii_bsp.a(alt_write.o)
 .data          0x0081690c        0x0 ../lab2_bsp//libucosii_bsp.a(alt_env_lock.o)
 .data          0x0081690c        0x0 ../lab2_bsp//libucosii_bsp.a(alt_malloc_lock.o)
 .data          0x0081690c        0x0 ../lab2_bsp//libucosii_bsp.a(os_core.o)
 .data          0x0081690c        0x0 ../lab2_bsp//libucosii_bsp.a(os_dbg.o)
 .data          0x0081690c        0x0 ../lab2_bsp//libucosii_bsp.a(os_flag.o)
 .data          0x0081690c        0x0 ../lab2_bsp//libucosii_bsp.a(os_mem.o)
 .data          0x0081690c        0x0 ../lab2_bsp//libucosii_bsp.a(os_q.o)
 .data          0x0081690c        0x0 ../lab2_bsp//libucosii_bsp.a(os_sem.o)
 .data          0x0081690c        0x0 ../lab2_bsp//libucosii_bsp.a(os_task.o)
 .data          0x0081690c        0x0 ../lab2_bsp//libucosii_bsp.a(os_time.o)
 .data          0x0081690c     0x1098 ../lab2_bsp//libucosii_bsp.a(alt_sys_init.o)
 .data          0x008179a4        0x0 ../lab2_bsp//libucosii_bsp.a(altera_avalon_jtag_uart_fd.o)
 .data          0x008179a4        0x0 ../lab2_bsp//libucosii_bsp.a(altera_avalon_jtag_uart_init.o)
 .data          0x008179a4        0x0 ../lab2_bsp//libucosii_bsp.a(altera_avalon_jtag_uart_ioctl.o)
 .data          0x008179a4        0x0 ../lab2_bsp//libucosii_bsp.a(altera_avalon_jtag_uart_read.o)
 .data          0x008179a4        0x0 ../lab2_bsp//libucosii_bsp.a(altera_avalon_jtag_uart_write.o)
 .data          0x008179a4        0x0 ../lab2_bsp//libucosii_bsp.a(altera_avalon_timer_sc.o)
 .data          0x008179a4        0x0 ../lab2_bsp//libucosii_bsp.a(altera_up_avalon_character_lcd.o)
 .data          0x008179a4        0x0 ../lab2_bsp//libucosii_bsp.a(alt_alarm_start.o)
 .data          0x008179a4        0x0 ../lab2_bsp//libucosii_bsp.a(alt_dev_llist_insert.o)
 .data          0x008179a4        0x0 ../lab2_bsp//libucosii_bsp.a(alt_do_ctors.o)
 .data          0x008179a4        0x0 ../lab2_bsp//libucosii_bsp.a(alt_do_dtors.o)
 .data          0x008179a4        0x0 ../lab2_bsp//libucosii_bsp.a(alt_exception_entry.o)
 .data          0x008179a4        0x0 ../lab2_bsp//libucosii_bsp.a(alt_find_dev.o)
 .data          0x008179a4        0x0 ../lab2_bsp//libucosii_bsp.a(alt_io_redirect.o)
 .data          0x008179a4        0x0 ../lab2_bsp//libucosii_bsp.a(alt_open.o)
 .data          0x008179a4        0x0 ../lab2_bsp//libucosii_bsp.a(alt_tick.o)
 .data          0x008179a4        0x0 ../lab2_bsp//libucosii_bsp.a(altera_nios2_qsys_irq.o)
 .data          0x008179a4        0x0 ../lab2_bsp//libucosii_bsp.a(os_cpu_a.o)
 .data          0x008179a4        0x0 ../lab2_bsp//libucosii_bsp.a(os_cpu_c.o)
 .data          0x008179a4        0x0 ../lab2_bsp//libucosii_bsp.a(alt_find_file.o)
 .data          0x008179a4        0x0 ../lab2_bsp//libucosii_bsp.a(alt_get_fd.o)
 .data          0x008179a4        0x0 /OPT/altera/12.1/nios2eds/bin/gnu/H-i686-pc-linux-gnu/bin/../lib/gcc/nios2-elf/4.1.2/../../../../nios2-elf/lib/mno-hw-mul/libc.a(lib_a-atexit.o)
 .data          0x008179a4        0x0 /OPT/altera/12.1/nios2eds/bin/gnu/H-i686-pc-linux-gnu/bin/../lib/gcc/nios2-elf/4.1.2/../../../../nios2-elf/lib/mno-hw-mul/libc.a(lib_a-exit.o)
 .data          0x008179a4        0x0 /OPT/altera/12.1/nios2eds/bin/gnu/H-i686-pc-linux-gnu/bin/../lib/gcc/nios2-elf/4.1.2/../../../../nios2-elf/lib/mno-hw-mul/libc.a(lib_a-memcmp.o)
 .data          0x008179a4        0x0 /OPT/altera/12.1/nios2eds/bin/gnu/H-i686-pc-linux-gnu/bin/../lib/gcc/nios2-elf/4.1.2/../../../../nios2-elf/lib/mno-hw-mul/libc.a(lib_a-__atexit.o)
 .data          0x008179a4        0x0 /OPT/altera/12.1/nios2eds/bin/gnu/H-i686-pc-linux-gnu/bin/../lib/gcc/nios2-elf/4.1.2/../../../../nios2-elf/lib/mno-hw-mul/libc.a(lib_a-__call_atexit.o)
 .data          0x008179a4        0x0 ../lab2_bsp//libucosii_bsp.a(alt_exit.o)
                0x0081f9a4                _gp = ABSOLUTE ((. + 0x8000))
                0x0081f9a4                PROVIDE (gp, _gp)
 *(.rwdata .rwdata.*)
 *(.sdata .sdata.* .gnu.linkonce.s.*)
 .sdata         0x008179a4        0x8 /OPT/altera/12.1/nios2eds/bin/gnu/H-i686-pc-linux-gnu/bin/../lib/gcc/nios2-elf/4.1.2/../../../../nios2-elf/lib/mno-hw-mul/libc.a(lib_a-impure.o)
                0x008179a4                _impure_ptr
                0x008179a8                _global_impure_ptr
 .sdata         0x008179ac        0x8 /OPT/altera/12.1/nios2eds/bin/gnu/H-i686-pc-linux-gnu/bin/../lib/gcc/nios2-elf/4.1.2/../../../../nios2-elf/lib/mno-hw-mul/libc.a(lib_a-locale.o)
                0x008179ac                __mb_cur_max
 .sdata         0x008179b4        0x8 /OPT/altera/12.1/nios2eds/bin/gnu/H-i686-pc-linux-gnu/bin/../lib/gcc/nios2-elf/4.1.2/../../../../nios2-elf/lib/mno-hw-mul/libc.a(lib_a-mallocr.o)
                0x008179b4                __malloc_trim_threshold
                0x008179b8                __malloc_sbrk_base
 .sdata         0x008179bc       0x14 ../lab2_bsp//libucosii_bsp.a(alt_dev.o)
                0x008179bc                alt_fs_list
                0x008179c4                alt_dev_list
                0x008179cc                alt_max_fd
 .sdata         0x008179d0        0x4 ../lab2_bsp//libucosii_bsp.a(alt_errno.o)
                0x008179d0                alt_errno
 .sdata         0x008179d4        0x4 ../lab2_bsp//libucosii_bsp.a(alt_irq_vars.o)
                0x008179d4                alt_priority_mask
 .sdata         0x008179d8        0x4 ../lab2_bsp//libucosii_bsp.a(alt_sbrk.o)
 .sdata         0x008179dc        0x4 ../lab2_bsp//libucosii_bsp.a(alt_env_lock.o)
 .sdata         0x008179e0        0x4 ../lab2_bsp//libucosii_bsp.a(alt_malloc_lock.o)
 .sdata         0x008179e4       0x74 ../lab2_bsp//libucosii_bsp.a(os_dbg.o)
                0x008179e4                OSDebugEn
                0x008179e8                OSEndiannessTest
                0x008179ec                OSEventEn
                0x008179ee                OSEventMax
                0x008179f0                OSEventNameSize
                0x008179f2                OSEventSize
                0x008179f4                OSEventTblSize
                0x008179f6                OSEventMultiEn
                0x008179f8                OSFlagEn
                0x008179fa                OSFlagGrpSize
                0x008179fc                OSFlagNodeSize
                0x008179fe                OSFlagWidth
                0x00817a00                OSFlagMax
                0x00817a02                OSFlagNameSize
                0x00817a04                OSLowestPrio
                0x00817a06                OSMboxEn
                0x00817a08                OSMemEn
                0x00817a0a                OSMemMax
                0x00817a0c                OSMemNameSize
                0x00817a0e                OSMemSize
                0x00817a10                OSMemTblSize
                0x00817a12                OSMutexEn
                0x00817a14                OSPtrSize
                0x00817a16                OSQEn
                0x00817a18                OSQMax
                0x00817a1a                OSQSize
                0x00817a1c                OSRdyTblSize
                0x00817a1e                OSSemEn
                0x00817a20                OSStkWidth
                0x00817a22                OSTaskCreateEn
                0x00817a24                OSTaskCreateExtEn
                0x00817a26                OSTaskDelEn
                0x00817a28                OSTaskIdleStkSize
                0x00817a2a                OSTaskProfileEn
                0x00817a2c                OSTaskMax
                0x00817a2e                OSTaskNameSize
                0x00817a30                OSTaskStatEn
                0x00817a32                OSTaskStatStkSize
                0x00817a34                OSTaskStatStkChkEn
                0x00817a36                OSTaskSwHookEn
                0x00817a38                OSTCBPrioTblMax
                0x00817a3a                OSTCBSize
                0x00817a3c                OSTicksPerSec
                0x00817a3e                OSTimeTickHookEn
                0x00817a40                OSVersionNbr
                0x00817a42                OSTmrEn
                0x00817a44                OSTmrCfgMax
                0x00817a46                OSTmrCfgNameSize
                0x00817a48                OSTmrCfgWheelSize
                0x00817a4a                OSTmrCfgTicksPerSec
                0x00817a4c                OSTmrSize
                0x00817a4e                OSTmrTblSize
                0x00817a50                OSTmrWheelSize
                0x00817a52                OSTmrWheelTblSize
                0x00817a54                OSDataSize
 .sdata         0x00817a58        0x8 ../lab2_bsp//libucosii_bsp.a(alt_tick.o)
                0x00817a58                alt_alarm_list
 *(.sdata2 .sdata2.* .gnu.linkonce.s2.*)
                0x00817a60                . = ALIGN (0x4)
                0x00817a60                _edata = ABSOLUTE (.)
                0x00817a60                PROVIDE (edata, ABSOLUTE (.))
                0x00817a60                PROVIDE (__ram_rwdata_end, ABSOLUTE (.))
                0x00815f50                PROVIDE (__flash_rwdata_start, LOADADDR (.rwdata))

.bss            0x00817a60     0x5d7c
                0x00817a60                __bss_start = ABSOLUTE (.)
                0x00817a60                PROVIDE (__sbss_start, ABSOLUTE (.))
                0x00817a60                PROVIDE (___sbss_start, ABSOLUTE (.))
 *(.dynsbss)
 *(.sbss .sbss.* .gnu.linkonce.sb.*)
 .sbss          0x00817a60        0x4 obj/default/lab2.o
 .sbss          0x00817a64        0x4 obj/default/lab2.o
                0x00817a64                msg_q
 .sbss          0x00817a68        0xc /OPT/altera/12.1/nios2eds/bin/gnu/H-i686-pc-linux-gnu/bin/../lib/gcc/nios2-elf/4.1.2/../../../../nios2-elf/lib/mno-hw-mul/libc.a(lib_a-locale.o)
                0x00817a68                __nlocale_changed
                0x00817a6c                __mlocale_changed
                0x00817a70                _PathLocale
 .sbss          0x00817a74        0xc /OPT/altera/12.1/nios2eds/bin/gnu/H-i686-pc-linux-gnu/bin/../lib/gcc/nios2-elf/4.1.2/../../../../nios2-elf/lib/mno-hw-mul/libc.a(lib_a-mallocr.o)
                0x00817a74                __malloc_top_pad
                0x00817a78                __malloc_max_sbrked_mem
                0x00817a7c                __malloc_max_total_mem
 .sbss          0x00817a80        0x4 /OPT/altera/12.1/nios2eds/bin/gnu/H-i686-pc-linux-gnu/bin/../lib/gcc/nios2-elf/4.1.2/../../../../nios2-elf/lib/mno-hw-mul/libc.a(lib_a-int_errno.o)
                0x00817a80                errno
 .sbss          0x00817a84        0x4 ../lab2_bsp//libucosii_bsp.a(alt_dev.o)
                0x00817a84                alt_fd_list_lock
 .sbss          0x00817a88        0x4 ../lab2_bsp//libucosii_bsp.a(alt_irq_vars.o)
                0x00817a88                alt_irq_active
 .sbss          0x00817a8c        0xc ../lab2_bsp//libucosii_bsp.a(alt_main.o)
                0x00817a8c                alt_argc
                0x00817a90                alt_argv
                0x00817a94                alt_envp
 .sbss          0x00817a98        0x8 ../lab2_bsp//libucosii_bsp.a(alt_env_lock.o)
                0x00817a9c                alt_envsem
 .sbss          0x00817aa0        0x8 ../lab2_bsp//libucosii_bsp.a(alt_malloc_lock.o)
                0x00817aa4                alt_heapsem
 .sbss          0x00817aa8       0x50 ../lab2_bsp//libucosii_bsp.a(os_core.o)
                0x00817aa8                OSLockNesting
                0x00817aa9                OSRunning
                0x00817aac                OSIdleCtr
                0x00817ab0                OSPrioHighRdy
                0x00817ab1                OSPrioCur
                0x00817ab4                OSTCBList
                0x00817ab8                OSTickStepState
                0x00817abc                OSCtxSwCtr
                0x00817ac0                OSIdleCtrMax
                0x00817ac4                OSTCBFreeList
                0x00817ac8                OSCPUUsage
                0x00817ac9                OSTaskCtr
                0x00817acc                OSMemFreeList
                0x00817ad0                OSTCBHighRdy
                0x00817ad4                OSQFreeList
                0x00817ad8                OSRdyGrp
                0x00817ad9                OSRdyTbl
                0x00817adc                OSEventFreeList
                0x00817ae0                OSIntNesting
                0x00817ae4                OSTCBCur
                0x00817ae8                OSTime
                0x00817aec                OSFlagFreeList
                0x00817af0                OSStatRdy
                0x00817af4                OSIdleCtrRun
 .sbss          0x00817af8        0x8 ../lab2_bsp//libucosii_bsp.a(alt_tick.o)
                0x00817af8                _alt_tick_rate
                0x00817afc                _alt_nticks
 *(.sbss2 .sbss2.* .gnu.linkonce.sb2.*)
 *(.scommon)
                0x00817b00                PROVIDE (__sbss_end, ABSOLUTE (.))
                0x00817b00                PROVIDE (___sbss_end, ABSOLUTE (.))
 *(.dynbss)
 *(.bss .bss.* .gnu.linkonce.b.*)
 .bss           0x00817b00        0x0 ../lab2_bsp//obj/HAL/src/crt0.o
 .bss           0x00817b00        0x0 obj/default/lab2.o
 .bss           0x00817b00        0x0 /OPT/altera/12.1/nios2eds/bin/gnu/H-i686-pc-linux-gnu/bin/../lib/gcc/nios2-elf/4.1.2/../../../../nios2-elf/lib/mno-hw-mul/libc.a(lib_a-printf.o)
 .bss           0x00817b00        0x0 /OPT/altera/12.1/nios2eds/bin/gnu/H-i686-pc-linux-gnu/bin/../lib/gcc/nios2-elf/4.1.2/../../../../nios2-elf/lib/mno-hw-mul/libc.a(lib_a-puts.o)
 .bss           0x00817b00        0x0 /OPT/altera/12.1/nios2eds/bin/gnu/H-i686-pc-linux-gnu/bin/../lib/gcc/nios2-elf/4.1.2/../../../../nios2-elf/lib/mno-hw-mul/libc.a(lib_a-sprintf.o)
 .bss           0x00817b00        0x0 /OPT/altera/12.1/nios2eds/bin/gnu/H-i686-pc-linux-gnu/bin/../lib/gcc/nios2-elf/4.1.2/../../../../nios2-elf/lib/mno-hw-mul/libc.a(lib_a-strlen.o)
 .bss           0x00817b00        0x0 /OPT/altera/12.1/nios2eds/bin/gnu/H-i686-pc-linux-gnu/bin/../lib/gcc/nios2-elf/4.1.2/../../../../nios2-elf/lib/mno-hw-mul/libc.a(lib_a-vfprintf.o)
 .bss           0x00817b00        0x0 /OPT/altera/12.1/nios2eds/bin/gnu/H-i686-pc-linux-gnu/bin/../lib/gcc/nios2-elf/4.1.2/../../../../nios2-elf/lib/mno-hw-mul/libc.a(lib_a-wsetup.o)
 .bss           0x00817b00        0x0 /OPT/altera/12.1/nios2eds/bin/gnu/H-i686-pc-linux-gnu/bin/../lib/gcc/nios2-elf/4.1.2/../../../../nios2-elf/lib/mno-hw-mul/libc.a(lib_a-dtoa.o)
 .bss           0x00817b00        0x0 /OPT/altera/12.1/nios2eds/bin/gnu/H-i686-pc-linux-gnu/bin/../lib/gcc/nios2-elf/4.1.2/../../../../nios2-elf/lib/mno-hw-mul/libc.a(lib_a-fflush.o)
 .bss           0x00817b00        0x0 /OPT/altera/12.1/nios2eds/bin/gnu/H-i686-pc-linux-gnu/bin/../lib/gcc/nios2-elf/4.1.2/../../../../nios2-elf/lib/mno-hw-mul/libc.a(lib_a-findfp.o)
 .bss           0x00817b00        0x0 /OPT/altera/12.1/nios2eds/bin/gnu/H-i686-pc-linux-gnu/bin/../lib/gcc/nios2-elf/4.1.2/../../../../nios2-elf/lib/mno-hw-mul/libc.a(lib_a-freer.o)
 .bss           0x00817b00        0x0 /OPT/altera/12.1/nios2eds/bin/gnu/H-i686-pc-linux-gnu/bin/../lib/gcc/nios2-elf/4.1.2/../../../../nios2-elf/lib/mno-hw-mul/libc.a(lib_a-fvwrite.o)
 .bss           0x00817b00        0x0 /OPT/altera/12.1/nios2eds/bin/gnu/H-i686-pc-linux-gnu/bin/../lib/gcc/nios2-elf/4.1.2/../../../../nios2-elf/lib/mno-hw-mul/libc.a(lib_a-fwalk.o)
 .bss           0x00817b00        0x0 /OPT/altera/12.1/nios2eds/bin/gnu/H-i686-pc-linux-gnu/bin/../lib/gcc/nios2-elf/4.1.2/../../../../nios2-elf/lib/mno-hw-mul/libc.a(lib_a-impure.o)
 .bss           0x00817b00        0x0 /OPT/altera/12.1/nios2eds/bin/gnu/H-i686-pc-linux-gnu/bin/../lib/gcc/nios2-elf/4.1.2/../../../../nios2-elf/lib/mno-hw-mul/libc.a(lib_a-locale.o)
 .bss           0x00817b00        0x0 /OPT/altera/12.1/nios2eds/bin/gnu/H-i686-pc-linux-gnu/bin/../lib/gcc/nios2-elf/4.1.2/../../../../nios2-elf/lib/mno-hw-mul/libc.a(lib_a-makebuf.o)
 .bss           0x00817b00       0x28 /OPT/altera/12.1/nios2eds/bin/gnu/H-i686-pc-linux-gnu/bin/../lib/gcc/nios2-elf/4.1.2/../../../../nios2-elf/lib/mno-hw-mul/libc.a(lib_a-mallocr.o)
                0x00817b00                __malloc_current_mallinfo
 .bss           0x00817b28        0x0 /OPT/altera/12.1/nios2eds/bin/gnu/H-i686-pc-linux-gnu/bin/../lib/gcc/nios2-elf/4.1.2/../../../../nios2-elf/lib/mno-hw-mul/libc.a(lib_a-memchr.o)
 .bss           0x00817b28        0x0 /OPT/altera/12.1/nios2eds/bin/gnu/H-i686-pc-linux-gnu/bin/../lib/gcc/nios2-elf/4.1.2/../../../../nios2-elf/lib/mno-hw-mul/libc.a(lib_a-memcpy.o)
 .bss           0x00817b28        0x0 /OPT/altera/12.1/nios2eds/bin/gnu/H-i686-pc-linux-gnu/bin/../lib/gcc/nios2-elf/4.1.2/../../../../nios2-elf/lib/mno-hw-mul/libc.a(lib_a-memmove.o)
 .bss           0x00817b28        0x0 /OPT/altera/12.1/nios2eds/bin/gnu/H-i686-pc-linux-gnu/bin/../lib/gcc/nios2-elf/4.1.2/../../../../nios2-elf/lib/mno-hw-mul/libc.a(lib_a-memset.o)
 .bss           0x00817b28        0x0 /OPT/altera/12.1/nios2eds/bin/gnu/H-i686-pc-linux-gnu/bin/../lib/gcc/nios2-elf/4.1.2/../../../../nios2-elf/lib/mno-hw-mul/libc.a(lib_a-mprec.o)
 .bss           0x00817b28        0x0 /OPT/altera/12.1/nios2eds/bin/gnu/H-i686-pc-linux-gnu/bin/../lib/gcc/nios2-elf/4.1.2/../../../../nios2-elf/lib/mno-hw-mul/libc.a(lib_a-reallocr.o)
 .bss           0x00817b28        0x0 /OPT/altera/12.1/nios2eds/bin/gnu/H-i686-pc-linux-gnu/bin/../lib/gcc/nios2-elf/4.1.2/../../../../nios2-elf/lib/mno-hw-mul/libc.a(lib_a-s_isinfd.o)
 .bss           0x00817b28        0x0 /OPT/altera/12.1/nios2eds/bin/gnu/H-i686-pc-linux-gnu/bin/../lib/gcc/nios2-elf/4.1.2/../../../../nios2-elf/lib/mno-hw-mul/libc.a(lib_a-s_isnand.o)
 .bss           0x00817b28        0x0 /OPT/altera/12.1/nios2eds/bin/gnu/H-i686-pc-linux-gnu/bin/../lib/gcc/nios2-elf/4.1.2/../../../../nios2-elf/lib/mno-hw-mul/libc.a(lib_a-sbrkr.o)
 .bss           0x00817b28        0x0 /OPT/altera/12.1/nios2eds/bin/gnu/H-i686-pc-linux-gnu/bin/../lib/gcc/nios2-elf/4.1.2/../../../../nios2-elf/lib/mno-hw-mul/libc.a(lib_a-stdio.o)
 .bss           0x00817b28        0x0 /OPT/altera/12.1/nios2eds/bin/gnu/H-i686-pc-linux-gnu/bin/../lib/gcc/nios2-elf/4.1.2/../../../../nios2-elf/lib/mno-hw-mul/libc.a(lib_a-strcmp.o)
 .bss           0x00817b28        0x0 /OPT/altera/12.1/nios2eds/bin/gnu/H-i686-pc-linux-gnu/bin/../lib/gcc/nios2-elf/4.1.2/../../../../nios2-elf/lib/mno-hw-mul/libc.a(lib_a-writer.o)
 .bss           0x00817b28        0x0 /OPT/altera/12.1/nios2eds/bin/gnu/H-i686-pc-linux-gnu/bin/../lib/gcc/nios2-elf/4.1.2/../../../../nios2-elf/lib/mno-hw-mul/libc.a(lib_a-callocr.o)
 .bss           0x00817b28        0x0 /OPT/altera/12.1/nios2eds/bin/gnu/H-i686-pc-linux-gnu/bin/../lib/gcc/nios2-elf/4.1.2/../../../../nios2-elf/lib/mno-hw-mul/libc.a(lib_a-closer.o)
 .bss           0x00817b28        0x0 /OPT/altera/12.1/nios2eds/bin/gnu/H-i686-pc-linux-gnu/bin/../lib/gcc/nios2-elf/4.1.2/../../../../nios2-elf/lib/mno-hw-mul/libc.a(lib_a-fclose.o)
 .bss           0x00817b28        0x0 /OPT/altera/12.1/nios2eds/bin/gnu/H-i686-pc-linux-gnu/bin/../lib/gcc/nios2-elf/4.1.2/../../../../nios2-elf/lib/mno-hw-mul/libc.a(lib_a-fstatr.o)
 .bss           0x00817b28        0x0 /OPT/altera/12.1/nios2eds/bin/gnu/H-i686-pc-linux-gnu/bin/../lib/gcc/nios2-elf/4.1.2/../../../../nios2-elf/lib/mno-hw-mul/libc.a(lib_a-int_errno.o)
 .bss           0x00817b28        0x0 /OPT/altera/12.1/nios2eds/bin/gnu/H-i686-pc-linux-gnu/bin/../lib/gcc/nios2-elf/4.1.2/../../../../nios2-elf/lib/mno-hw-mul/libc.a(lib_a-isattyr.o)
 .bss           0x00817b28        0x0 /OPT/altera/12.1/nios2eds/bin/gnu/H-i686-pc-linux-gnu/bin/../lib/gcc/nios2-elf/4.1.2/../../../../nios2-elf/lib/mno-hw-mul/libc.a(lib_a-lseekr.o)
 .bss           0x00817b28        0x0 /OPT/altera/12.1/nios2eds/bin/gnu/H-i686-pc-linux-gnu/bin/../lib/gcc/nios2-elf/4.1.2/../../../../nios2-elf/lib/mno-hw-mul/libc.a(lib_a-readr.o)
 .bss           0x00817b28        0x0 /OPT/altera/12.1/nios2eds/bin/gnu/H-i686-pc-linux-gnu/bin/../lib/gcc/nios2-elf/4.1.2/mno-hw-mul/libgcc.a(_udivdi3.o)
 .bss           0x00817b28        0x0 /OPT/altera/12.1/nios2eds/bin/gnu/H-i686-pc-linux-gnu/bin/../lib/gcc/nios2-elf/4.1.2/mno-hw-mul/libgcc.a(_umoddi3.o)
 .bss           0x00817b28        0x0 /OPT/altera/12.1/nios2eds/bin/gnu/H-i686-pc-linux-gnu/bin/../lib/gcc/nios2-elf/4.1.2/mno-hw-mul/libgcc.a(_addsub_df.o)
 .bss           0x00817b28        0x0 /OPT/altera/12.1/nios2eds/bin/gnu/H-i686-pc-linux-gnu/bin/../lib/gcc/nios2-elf/4.1.2/mno-hw-mul/libgcc.a(_mul_df.o)
 .bss           0x00817b28        0x0 /OPT/altera/12.1/nios2eds/bin/gnu/H-i686-pc-linux-gnu/bin/../lib/gcc/nios2-elf/4.1.2/mno-hw-mul/libgcc.a(_div_df.o)
 .bss           0x00817b28        0x0 /OPT/altera/12.1/nios2eds/bin/gnu/H-i686-pc-linux-gnu/bin/../lib/gcc/nios2-elf/4.1.2/mno-hw-mul/libgcc.a(_eq_df.o)
 .bss           0x00817b28        0x0 /OPT/altera/12.1/nios2eds/bin/gnu/H-i686-pc-linux-gnu/bin/../lib/gcc/nios2-elf/4.1.2/mno-hw-mul/libgcc.a(_ne_df.o)
 .bss           0x00817b28        0x0 /OPT/altera/12.1/nios2eds/bin/gnu/H-i686-pc-linux-gnu/bin/../lib/gcc/nios2-elf/4.1.2/mno-hw-mul/libgcc.a(_gt_df.o)
 .bss           0x00817b28        0x0 /OPT/altera/12.1/nios2eds/bin/gnu/H-i686-pc-linux-gnu/bin/../lib/gcc/nios2-elf/4.1.2/mno-hw-mul/libgcc.a(_ge_df.o)
 .bss           0x00817b28        0x0 /OPT/altera/12.1/nios2eds/bin/gnu/H-i686-pc-linux-gnu/bin/../lib/gcc/nios2-elf/4.1.2/mno-hw-mul/libgcc.a(_lt_df.o)
 .bss           0x00817b28        0x0 /OPT/altera/12.1/nios2eds/bin/gnu/H-i686-pc-linux-gnu/bin/../lib/gcc/nios2-elf/4.1.2/mno-hw-mul/libgcc.a(_si_to_df.o)
 .bss           0x00817b28        0x0 /OPT/altera/12.1/nios2eds/bin/gnu/H-i686-pc-linux-gnu/bin/../lib/gcc/nios2-elf/4.1.2/mno-hw-mul/libgcc.a(_df_to_si.o)
 .bss           0x00817b28        0x0 /OPT/altera/12.1/nios2eds/bin/gnu/H-i686-pc-linux-gnu/bin/../lib/gcc/nios2-elf/4.1.2/mno-hw-mul/libgcc.a(_thenan_df.o)
 .bss           0x00817b28        0x0 /OPT/altera/12.1/nios2eds/bin/gnu/H-i686-pc-linux-gnu/bin/../lib/gcc/nios2-elf/4.1.2/mno-hw-mul/libgcc.a(_usi_to_df.o)
 .bss           0x00817b28        0x0 /OPT/altera/12.1/nios2eds/bin/gnu/H-i686-pc-linux-gnu/bin/../lib/gcc/nios2-elf/4.1.2/mno-hw-mul/libgcc.a(lib2-divmod.o)
 .bss           0x00817b28        0x0 /OPT/altera/12.1/nios2eds/bin/gnu/H-i686-pc-linux-gnu/bin/../lib/gcc/nios2-elf/4.1.2/mno-hw-mul/libgcc.a(lib2-mul.o)
 .bss           0x00817b28        0x0 /OPT/altera/12.1/nios2eds/bin/gnu/H-i686-pc-linux-gnu/bin/../lib/gcc/nios2-elf/4.1.2/mno-hw-mul/libgcc.a(_muldi3.o)
 .bss           0x00817b28        0x0 /OPT/altera/12.1/nios2eds/bin/gnu/H-i686-pc-linux-gnu/bin/../lib/gcc/nios2-elf/4.1.2/mno-hw-mul/libgcc.a(_clz.o)
 .bss           0x00817b28        0x0 /OPT/altera/12.1/nios2eds/bin/gnu/H-i686-pc-linux-gnu/bin/../lib/gcc/nios2-elf/4.1.2/mno-hw-mul/libgcc.a(_clzsi2.o)
 .bss           0x00817b28        0x0 /OPT/altera/12.1/nios2eds/bin/gnu/H-i686-pc-linux-gnu/bin/../lib/gcc/nios2-elf/4.1.2/mno-hw-mul/libgcc.a(_pack_df.o)
 .bss           0x00817b28        0x0 /OPT/altera/12.1/nios2eds/bin/gnu/H-i686-pc-linux-gnu/bin/../lib/gcc/nios2-elf/4.1.2/mno-hw-mul/libgcc.a(_unpack_df.o)
 .bss           0x00817b28        0x0 /OPT/altera/12.1/nios2eds/bin/gnu/H-i686-pc-linux-gnu/bin/../lib/gcc/nios2-elf/4.1.2/mno-hw-mul/libgcc.a(_fpcmp_parts_df.o)
 .bss           0x00817b28        0x0 ../lab2_bsp//libucosii_bsp.a(alt_close.o)
 .bss           0x00817b28        0x0 ../lab2_bsp//libucosii_bsp.a(alt_dev.o)
 .bss           0x00817b28        0x0 ../lab2_bsp//libucosii_bsp.a(alt_errno.o)
 .bss           0x00817b28        0x0 ../lab2_bsp//libucosii_bsp.a(alt_fstat.o)
 .bss           0x00817b28        0x0 ../lab2_bsp//libucosii_bsp.a(alt_iic.o)
 .bss           0x00817b28        0x0 ../lab2_bsp//libucosii_bsp.a(alt_iic_isr_register.o)
 .bss           0x00817b28        0x0 ../lab2_bsp//libucosii_bsp.a(alt_irq_entry.o)
 .bss           0x00817b28        0x0 ../lab2_bsp//libucosii_bsp.a(alt_irq_handler.o)
 .bss           0x00817b28        0x0 ../lab2_bsp//libucosii_bsp.a(alt_irq_vars.o)
 .bss           0x00817b28        0x0 ../lab2_bsp//libucosii_bsp.a(alt_isatty.o)
 .bss           0x00817b28        0x0 ../lab2_bsp//libucosii_bsp.a(alt_lseek.o)
 .bss           0x00817b28        0x0 ../lab2_bsp//libucosii_bsp.a(alt_main.o)
 .bss           0x00817b28        0x0 ../lab2_bsp//libucosii_bsp.a(alt_read.o)
 .bss           0x00817b28        0x0 ../lab2_bsp//libucosii_bsp.a(alt_release_fd.o)
 .bss           0x00817b28        0x0 ../lab2_bsp//libucosii_bsp.a(alt_sbrk.o)
 .bss           0x00817b28        0x0 ../lab2_bsp//libucosii_bsp.a(alt_write.o)
 .bss           0x00817b28        0x0 ../lab2_bsp//libucosii_bsp.a(alt_env_lock.o)
 .bss           0x00817b28        0x0 ../lab2_bsp//libucosii_bsp.a(alt_malloc_lock.o)
 .bss           0x00817b28        0x0 ../lab2_bsp//libucosii_bsp.a(os_core.o)
 .bss           0x00817b28        0x0 ../lab2_bsp//libucosii_bsp.a(os_dbg.o)
 .bss           0x00817b28        0x0 ../lab2_bsp//libucosii_bsp.a(os_flag.o)
 .bss           0x00817b28        0x0 ../lab2_bsp//libucosii_bsp.a(os_mem.o)
 .bss           0x00817b28        0x0 ../lab2_bsp//libucosii_bsp.a(os_q.o)
 .bss           0x00817b28        0x0 ../lab2_bsp//libucosii_bsp.a(os_sem.o)
 .bss           0x00817b28        0x0 ../lab2_bsp//libucosii_bsp.a(os_task.o)
 .bss           0x00817b28        0x0 ../lab2_bsp//libucosii_bsp.a(os_time.o)
 .bss           0x00817b28        0x0 ../lab2_bsp//libucosii_bsp.a(alt_sys_init.o)
 .bss           0x00817b28        0x0 ../lab2_bsp//libucosii_bsp.a(altera_avalon_jtag_uart_fd.o)
 .bss           0x00817b28        0x0 ../lab2_bsp//libucosii_bsp.a(altera_avalon_jtag_uart_init.o)
 .bss           0x00817b28        0x0 ../lab2_bsp//libucosii_bsp.a(altera_avalon_jtag_uart_ioctl.o)
 .bss           0x00817b28        0x0 ../lab2_bsp//libucosii_bsp.a(altera_avalon_jtag_uart_read.o)
 .bss           0x00817b28        0x0 ../lab2_bsp//libucosii_bsp.a(altera_avalon_jtag_uart_write.o)
 .bss           0x00817b28        0x0 ../lab2_bsp//libucosii_bsp.a(altera_avalon_timer_sc.o)
 .bss           0x00817b28        0x0 ../lab2_bsp//libucosii_bsp.a(altera_up_avalon_character_lcd.o)
 .bss           0x00817b28        0x0 ../lab2_bsp//libucosii_bsp.a(alt_alarm_start.o)
 .bss           0x00817b28        0x0 ../lab2_bsp//libucosii_bsp.a(alt_dev_llist_insert.o)
 .bss           0x00817b28        0x0 ../lab2_bsp//libucosii_bsp.a(alt_do_ctors.o)
 .bss           0x00817b28        0x0 ../lab2_bsp//libucosii_bsp.a(alt_do_dtors.o)
 .bss           0x00817b28        0x0 ../lab2_bsp//libucosii_bsp.a(alt_exception_entry.o)
 .bss           0x00817b28        0x0 ../lab2_bsp//libucosii_bsp.a(alt_find_dev.o)
 .bss           0x00817b28        0x0 ../lab2_bsp//libucosii_bsp.a(alt_io_redirect.o)
 .bss           0x00817b28        0x0 ../lab2_bsp//libucosii_bsp.a(alt_open.o)
 .bss           0x00817b28        0x0 ../lab2_bsp//libucosii_bsp.a(alt_tick.o)
 .bss           0x00817b28        0x0 ../lab2_bsp//libucosii_bsp.a(altera_nios2_qsys_irq.o)
 .bss           0x00817b28        0x0 ../lab2_bsp//libucosii_bsp.a(os_cpu_a.o)
 .bss           0x00817b28        0x0 ../lab2_bsp//libucosii_bsp.a(os_cpu_c.o)
 .bss           0x00817b28        0x0 ../lab2_bsp//libucosii_bsp.a(alt_find_file.o)
 .bss           0x00817b28        0x0 ../lab2_bsp//libucosii_bsp.a(alt_get_fd.o)
 .bss           0x00817b28        0x0 /OPT/altera/12.1/nios2eds/bin/gnu/H-i686-pc-linux-gnu/bin/../lib/gcc/nios2-elf/4.1.2/../../../../nios2-elf/lib/mno-hw-mul/libc.a(lib_a-atexit.o)
 .bss           0x00817b28        0x0 /OPT/altera/12.1/nios2eds/bin/gnu/H-i686-pc-linux-gnu/bin/../lib/gcc/nios2-elf/4.1.2/../../../../nios2-elf/lib/mno-hw-mul/libc.a(lib_a-exit.o)
 .bss           0x00817b28        0x0 /OPT/altera/12.1/nios2eds/bin/gnu/H-i686-pc-linux-gnu/bin/../lib/gcc/nios2-elf/4.1.2/../../../../nios2-elf/lib/mno-hw-mul/libc.a(lib_a-memcmp.o)
 .bss           0x00817b28        0x0 /OPT/altera/12.1/nios2eds/bin/gnu/H-i686-pc-linux-gnu/bin/../lib/gcc/nios2-elf/4.1.2/../../../../nios2-elf/lib/mno-hw-mul/libc.a(lib_a-__atexit.o)
 .bss           0x00817b28        0x0 /OPT/altera/12.1/nios2eds/bin/gnu/H-i686-pc-linux-gnu/bin/../lib/gcc/nios2-elf/4.1.2/../../../../nios2-elf/lib/mno-hw-mul/libc.a(lib_a-__call_atexit.o)
 .bss           0x00817b28        0x0 ../lab2_bsp//libucosii_bsp.a(alt_exit.o)
 *(COMMON)
 COMMON         0x00817b28     0x2800 obj/default/lab2.o
                0x00817b28                lcd_stk
                0x00819b28                buf
 COMMON         0x0081a328      0x100 ../lab2_bsp//libucosii_bsp.a(alt_irq_handler.o)
                0x0081a328                alt_irq
 COMMON         0x0081a428     0x3224 ../lab2_bsp//libucosii_bsp.a(os_core.o)
                0x0081a428                OSFlagTbl
                0x0081a798                OSMemTbl
                0x0081b3c8                OSTaskStatStk
                0x0081bbc8                OSQTbl
                0x0081bda8                OSTaskIdleStk
                0x0081c5a8                OSEventTbl
                0x0081d0e8                OSTCBTbl
                0x0081d5f8                OSTCBPrioTbl
 COMMON         0x0081d64c      0x190 /OPT/altera/12.1/nios2eds/bin/gnu/H-i686-pc-linux-gnu/bin/../lib/gcc/nios2-elf/4.1.2/../../../../nios2-elf/lib/mno-hw-mul/libc.a(lib_a-atexit.o)
                0x0081d64c                _atexit0
                0x0081d7dc                . = ALIGN (0x4)
                0x0081d7dc                __bss_end = ABSOLUTE (.)

.generic_tristate_controller_0
                0x00000020        0x0
                0x00000020                PROVIDE (_alt_partition_generic_tristate_controller_0_start, ABSOLUTE (.))
 *(.generic_tristate_controller_0. generic_tristate_controller_0.*)
                0x00000020                . = ALIGN (0x4)
                0x00000020                PROVIDE (_alt_partition_generic_tristate_controller_0_end, ABSOLUTE (.))
                0x00000020                PROVIDE (_alt_partition_generic_tristate_controller_0_load_addr, LOADADDR (.generic_tristate_controller_0))

.sdram_0        0x0081d7dc        0x0
                0x0081d7dc                PROVIDE (_alt_partition_sdram_0_start, ABSOLUTE (.))
 *(.sdram_0. sdram_0.*)
                0x0081d7dc                . = ALIGN (0x4)
                0x0081d7dc                PROVIDE (_alt_partition_sdram_0_end, ABSOLUTE (.))
                0x0081d7dc                _end = ABSOLUTE (.)
                0x0081d7dc                end = ABSOLUTE (.)
                0x0081d7dc                __alt_stack_base = ABSOLUTE (.)
                0x0081d7dc                PROVIDE (_alt_partition_sdram_0_load_addr, LOADADDR (.sdram_0))

.sram_0         0x01080000        0x0
                0x01080000                PROVIDE (_alt_partition_sram_0_start, ABSOLUTE (.))
 *(.sram_0. sram_0.*)
                0x01080000                . = ALIGN (0x4)
                0x01080000                PROVIDE (_alt_partition_sram_0_end, ABSOLUTE (.))
                0x01080000                PROVIDE (_alt_partition_sram_0_load_addr, LOADADDR (.sram_0))

.onchip_memory2_0
                0x011041bc        0x0
                0x011041bc                PROVIDE (_alt_partition_onchip_memory2_0_start, ABSOLUTE (.))
 *(.onchip_memory2_0. onchip_memory2_0.*)
                0x011041bc                . = ALIGN (0x4)
                0x011041bc                PROVIDE (_alt_partition_onchip_memory2_0_end, ABSOLUTE (.))
                0x011041bc                PROVIDE (_alt_partition_onchip_memory2_0_load_addr, LOADADDR (.onchip_memory2_0))

.stab
 *(.stab)

.stabstr
 *(.stabstr)

.stab.excl
 *(.stab.excl)

.stab.exclstr
 *(.stab.exclstr)

.stab.index
 *(.stab.index)

.stab.indexstr
 *(.stab.indexstr)

.comment        0x00000000       0x26
 *(.comment)
 .comment       0x00000000       0x26 obj/default/lab2.o
                                 0x27 (size before relaxing)
 .comment       0x00000000       0x27 /OPT/altera/12.1/nios2eds/bin/gnu/H-i686-pc-linux-gnu/bin/../lib/gcc/nios2-elf/4.1.2/../../../../nios2-elf/lib/mno-hw-mul/libc.a(lib_a-printf.o)
 .comment       0x00000000       0x27 /OPT/altera/12.1/nios2eds/bin/gnu/H-i686-pc-linux-gnu/bin/../lib/gcc/nios2-elf/4.1.2/../../../../nios2-elf/lib/mno-hw-mul/libc.a(lib_a-puts.o)
 .comment       0x00000000       0x27 /OPT/altera/12.1/nios2eds/bin/gnu/H-i686-pc-linux-gnu/bin/../lib/gcc/nios2-elf/4.1.2/../../../../nios2-elf/lib/mno-hw-mul/libc.a(lib_a-sprintf.o)
 .comment       0x00000000       0x27 /OPT/altera/12.1/nios2eds/bin/gnu/H-i686-pc-linux-gnu/bin/../lib/gcc/nios2-elf/4.1.2/../../../../nios2-elf/lib/mno-hw-mul/libc.a(lib_a-strlen.o)
 .comment       0x00000000       0x27 /OPT/altera/12.1/nios2eds/bin/gnu/H-i686-pc-linux-gnu/bin/../lib/gcc/nios2-elf/4.1.2/../../../../nios2-elf/lib/mno-hw-mul/libc.a(lib_a-vfprintf.o)
 .comment       0x00000000       0x27 /OPT/altera/12.1/nios2eds/bin/gnu/H-i686-pc-linux-gnu/bin/../lib/gcc/nios2-elf/4.1.2/../../../../nios2-elf/lib/mno-hw-mul/libc.a(lib_a-wsetup.o)
 .comment       0x00000000       0x27 /OPT/altera/12.1/nios2eds/bin/gnu/H-i686-pc-linux-gnu/bin/../lib/gcc/nios2-elf/4.1.2/../../../../nios2-elf/lib/mno-hw-mul/libc.a(lib_a-dtoa.o)
 .comment       0x00000000       0x27 /OPT/altera/12.1/nios2eds/bin/gnu/H-i686-pc-linux-gnu/bin/../lib/gcc/nios2-elf/4.1.2/../../../../nios2-elf/lib/mno-hw-mul/libc.a(lib_a-fflush.o)
 .comment       0x00000000       0x27 /OPT/altera/12.1/nios2eds/bin/gnu/H-i686-pc-linux-gnu/bin/../lib/gcc/nios2-elf/4.1.2/../../../../nios2-elf/lib/mno-hw-mul/libc.a(lib_a-findfp.o)
 .comment       0x00000000       0x27 /OPT/altera/12.1/nios2eds/bin/gnu/H-i686-pc-linux-gnu/bin/../lib/gcc/nios2-elf/4.1.2/../../../../nios2-elf/lib/mno-hw-mul/libc.a(lib_a-freer.o)
 .comment       0x00000000       0x27 /OPT/altera/12.1/nios2eds/bin/gnu/H-i686-pc-linux-gnu/bin/../lib/gcc/nios2-elf/4.1.2/../../../../nios2-elf/lib/mno-hw-mul/libc.a(lib_a-fvwrite.o)
 .comment       0x00000000       0x27 /OPT/altera/12.1/nios2eds/bin/gnu/H-i686-pc-linux-gnu/bin/../lib/gcc/nios2-elf/4.1.2/../../../../nios2-elf/lib/mno-hw-mul/libc.a(lib_a-fwalk.o)
 .comment       0x00000000       0x27 /OPT/altera/12.1/nios2eds/bin/gnu/H-i686-pc-linux-gnu/bin/../lib/gcc/nios2-elf/4.1.2/../../../../nios2-elf/lib/mno-hw-mul/libc.a(lib_a-impure.o)
 .comment       0x00000000       0x27 /OPT/altera/12.1/nios2eds/bin/gnu/H-i686-pc-linux-gnu/bin/../lib/gcc/nios2-elf/4.1.2/../../../../nios2-elf/lib/mno-hw-mul/libc.a(lib_a-locale.o)
 .comment       0x00000000       0x27 /OPT/altera/12.1/nios2eds/bin/gnu/H-i686-pc-linux-gnu/bin/../lib/gcc/nios2-elf/4.1.2/../../../../nios2-elf/lib/mno-hw-mul/libc.a(lib_a-makebuf.o)
 .comment       0x00000000       0x27 /OPT/altera/12.1/nios2eds/bin/gnu/H-i686-pc-linux-gnu/bin/../lib/gcc/nios2-elf/4.1.2/../../../../nios2-elf/lib/mno-hw-mul/libc.a(lib_a-mallocr.o)
 .comment       0x00000000       0x27 /OPT/altera/12.1/nios2eds/bin/gnu/H-i686-pc-linux-gnu/bin/../lib/gcc/nios2-elf/4.1.2/../../../../nios2-elf/lib/mno-hw-mul/libc.a(lib_a-memchr.o)
 .comment       0x00000000       0x27 /OPT/altera/12.1/nios2eds/bin/gnu/H-i686-pc-linux-gnu/bin/../lib/gcc/nios2-elf/4.1.2/../../../../nios2-elf/lib/mno-hw-mul/libc.a(lib_a-memcpy.o)
 .comment       0x00000000       0x27 /OPT/altera/12.1/nios2eds/bin/gnu/H-i686-pc-linux-gnu/bin/../lib/gcc/nios2-elf/4.1.2/../../../../nios2-elf/lib/mno-hw-mul/libc.a(lib_a-memmove.o)
 .comment       0x00000000       0x27 /OPT/altera/12.1/nios2eds/bin/gnu/H-i686-pc-linux-gnu/bin/../lib/gcc/nios2-elf/4.1.2/../../../../nios2-elf/lib/mno-hw-mul/libc.a(lib_a-memset.o)
 .comment       0x00000000       0x27 /OPT/altera/12.1/nios2eds/bin/gnu/H-i686-pc-linux-gnu/bin/../lib/gcc/nios2-elf/4.1.2/../../../../nios2-elf/lib/mno-hw-mul/libc.a(lib_a-mprec.o)
 .comment       0x00000000       0x27 /OPT/altera/12.1/nios2eds/bin/gnu/H-i686-pc-linux-gnu/bin/../lib/gcc/nios2-elf/4.1.2/../../../../nios2-elf/lib/mno-hw-mul/libc.a(lib_a-reallocr.o)
 .comment       0x00000000       0x27 /OPT/altera/12.1/nios2eds/bin/gnu/H-i686-pc-linux-gnu/bin/../lib/gcc/nios2-elf/4.1.2/../../../../nios2-elf/lib/mno-hw-mul/libc.a(lib_a-s_isinfd.o)
 .comment       0x00000000       0x27 /OPT/altera/12.1/nios2eds/bin/gnu/H-i686-pc-linux-gnu/bin/../lib/gcc/nios2-elf/4.1.2/../../../../nios2-elf/lib/mno-hw-mul/libc.a(lib_a-s_isnand.o)
 .comment       0x00000000       0x27 /OPT/altera/12.1/nios2eds/bin/gnu/H-i686-pc-linux-gnu/bin/../lib/gcc/nios2-elf/4.1.2/../../../../nios2-elf/lib/mno-hw-mul/libc.a(lib_a-sbrkr.o)
 .comment       0x00000000       0x27 /OPT/altera/12.1/nios2eds/bin/gnu/H-i686-pc-linux-gnu/bin/../lib/gcc/nios2-elf/4.1.2/../../../../nios2-elf/lib/mno-hw-mul/libc.a(lib_a-stdio.o)
 .comment       0x00000000       0x27 /OPT/altera/12.1/nios2eds/bin/gnu/H-i686-pc-linux-gnu/bin/../lib/gcc/nios2-elf/4.1.2/../../../../nios2-elf/lib/mno-hw-mul/libc.a(lib_a-strcmp.o)
 .comment       0x00000000       0x27 /OPT/altera/12.1/nios2eds/bin/gnu/H-i686-pc-linux-gnu/bin/../lib/gcc/nios2-elf/4.1.2/../../../../nios2-elf/lib/mno-hw-mul/libc.a(lib_a-writer.o)
 .comment       0x00000000       0x27 /OPT/altera/12.1/nios2eds/bin/gnu/H-i686-pc-linux-gnu/bin/../lib/gcc/nios2-elf/4.1.2/../../../../nios2-elf/lib/mno-hw-mul/libc.a(lib_a-callocr.o)
 .comment       0x00000000       0x27 /OPT/altera/12.1/nios2eds/bin/gnu/H-i686-pc-linux-gnu/bin/../lib/gcc/nios2-elf/4.1.2/../../../../nios2-elf/lib/mno-hw-mul/libc.a(lib_a-closer.o)
 .comment       0x00000000       0x27 /OPT/altera/12.1/nios2eds/bin/gnu/H-i686-pc-linux-gnu/bin/../lib/gcc/nios2-elf/4.1.2/../../../../nios2-elf/lib/mno-hw-mul/libc.a(lib_a-fclose.o)
 .comment       0x00000000       0x27 /OPT/altera/12.1/nios2eds/bin/gnu/H-i686-pc-linux-gnu/bin/../lib/gcc/nios2-elf/4.1.2/../../../../nios2-elf/lib/mno-hw-mul/libc.a(lib_a-fstatr.o)
 .comment       0x00000000       0x27 /OPT/altera/12.1/nios2eds/bin/gnu/H-i686-pc-linux-gnu/bin/../lib/gcc/nios2-elf/4.1.2/../../../../nios2-elf/lib/mno-hw-mul/libc.a(lib_a-int_errno.o)
 .comment       0x00000000       0x27 /OPT/altera/12.1/nios2eds/bin/gnu/H-i686-pc-linux-gnu/bin/../lib/gcc/nios2-elf/4.1.2/../../../../nios2-elf/lib/mno-hw-mul/libc.a(lib_a-isattyr.o)
 .comment       0x00000000       0x27 /OPT/altera/12.1/nios2eds/bin/gnu/H-i686-pc-linux-gnu/bin/../lib/gcc/nios2-elf/4.1.2/../../../../nios2-elf/lib/mno-hw-mul/libc.a(lib_a-lseekr.o)
 .comment       0x00000000       0x27 /OPT/altera/12.1/nios2eds/bin/gnu/H-i686-pc-linux-gnu/bin/../lib/gcc/nios2-elf/4.1.2/../../../../nios2-elf/lib/mno-hw-mul/libc.a(lib_a-readr.o)
 .comment       0x00000000       0x27 /OPT/altera/12.1/nios2eds/bin/gnu/H-i686-pc-linux-gnu/bin/../lib/gcc/nios2-elf/4.1.2/mno-hw-mul/libgcc.a(_udivdi3.o)
 .comment       0x00000000       0x27 /OPT/altera/12.1/nios2eds/bin/gnu/H-i686-pc-linux-gnu/bin/../lib/gcc/nios2-elf/4.1.2/mno-hw-mul/libgcc.a(_umoddi3.o)
 .comment       0x00000000       0x27 /OPT/altera/12.1/nios2eds/bin/gnu/H-i686-pc-linux-gnu/bin/../lib/gcc/nios2-elf/4.1.2/mno-hw-mul/libgcc.a(_addsub_df.o)
 .comment       0x00000000       0x27 /OPT/altera/12.1/nios2eds/bin/gnu/H-i686-pc-linux-gnu/bin/../lib/gcc/nios2-elf/4.1.2/mno-hw-mul/libgcc.a(_mul_df.o)
 .comment       0x00000000       0x27 /OPT/altera/12.1/nios2eds/bin/gnu/H-i686-pc-linux-gnu/bin/../lib/gcc/nios2-elf/4.1.2/mno-hw-mul/libgcc.a(_div_df.o)
 .comment       0x00000000       0x27 /OPT/altera/12.1/nios2eds/bin/gnu/H-i686-pc-linux-gnu/bin/../lib/gcc/nios2-elf/4.1.2/mno-hw-mul/libgcc.a(_eq_df.o)
 .comment       0x00000000       0x27 /OPT/altera/12.1/nios2eds/bin/gnu/H-i686-pc-linux-gnu/bin/../lib/gcc/nios2-elf/4.1.2/mno-hw-mul/libgcc.a(_ne_df.o)
 .comment       0x00000000       0x27 /OPT/altera/12.1/nios2eds/bin/gnu/H-i686-pc-linux-gnu/bin/../lib/gcc/nios2-elf/4.1.2/mno-hw-mul/libgcc.a(_gt_df.o)
 .comment       0x00000000       0x27 /OPT/altera/12.1/nios2eds/bin/gnu/H-i686-pc-linux-gnu/bin/../lib/gcc/nios2-elf/4.1.2/mno-hw-mul/libgcc.a(_ge_df.o)
 .comment       0x00000000       0x27 /OPT/altera/12.1/nios2eds/bin/gnu/H-i686-pc-linux-gnu/bin/../lib/gcc/nios2-elf/4.1.2/mno-hw-mul/libgcc.a(_lt_df.o)
 .comment       0x00000000       0x27 /OPT/altera/12.1/nios2eds/bin/gnu/H-i686-pc-linux-gnu/bin/../lib/gcc/nios2-elf/4.1.2/mno-hw-mul/libgcc.a(_si_to_df.o)
 .comment       0x00000000       0x27 /OPT/altera/12.1/nios2eds/bin/gnu/H-i686-pc-linux-gnu/bin/../lib/gcc/nios2-elf/4.1.2/mno-hw-mul/libgcc.a(_df_to_si.o)
 .comment       0x00000000       0x27 /OPT/altera/12.1/nios2eds/bin/gnu/H-i686-pc-linux-gnu/bin/../lib/gcc/nios2-elf/4.1.2/mno-hw-mul/libgcc.a(_thenan_df.o)
 .comment       0x00000000       0x27 /OPT/altera/12.1/nios2eds/bin/gnu/H-i686-pc-linux-gnu/bin/../lib/gcc/nios2-elf/4.1.2/mno-hw-mul/libgcc.a(_usi_to_df.o)
 .comment       0x00000000       0x27 /OPT/altera/12.1/nios2eds/bin/gnu/H-i686-pc-linux-gnu/bin/../lib/gcc/nios2-elf/4.1.2/mno-hw-mul/libgcc.a(lib2-divmod.o)
 .comment       0x00000000       0x27 /OPT/altera/12.1/nios2eds/bin/gnu/H-i686-pc-linux-gnu/bin/../lib/gcc/nios2-elf/4.1.2/mno-hw-mul/libgcc.a(lib2-mul.o)
 .comment       0x00000000       0x27 /OPT/altera/12.1/nios2eds/bin/gnu/H-i686-pc-linux-gnu/bin/../lib/gcc/nios2-elf/4.1.2/mno-hw-mul/libgcc.a(_muldi3.o)
 .comment       0x00000000       0x27 /OPT/altera/12.1/nios2eds/bin/gnu/H-i686-pc-linux-gnu/bin/../lib/gcc/nios2-elf/4.1.2/mno-hw-mul/libgcc.a(_clz.o)
 .comment       0x00000000       0x27 /OPT/altera/12.1/nios2eds/bin/gnu/H-i686-pc-linux-gnu/bin/../lib/gcc/nios2-elf/4.1.2/mno-hw-mul/libgcc.a(_clzsi2.o)
 .comment       0x00000000       0x27 /OPT/altera/12.1/nios2eds/bin/gnu/H-i686-pc-linux-gnu/bin/../lib/gcc/nios2-elf/4.1.2/mno-hw-mul/libgcc.a(_pack_df.o)
 .comment       0x00000000       0x27 /OPT/altera/12.1/nios2eds/bin/gnu/H-i686-pc-linux-gnu/bin/../lib/gcc/nios2-elf/4.1.2/mno-hw-mul/libgcc.a(_unpack_df.o)
 .comment       0x00000000       0x27 /OPT/altera/12.1/nios2eds/bin/gnu/H-i686-pc-linux-gnu/bin/../lib/gcc/nios2-elf/4.1.2/mno-hw-mul/libgcc.a(_fpcmp_parts_df.o)
 .comment       0x00000000       0x27 ../lab2_bsp//libucosii_bsp.a(alt_close.o)
 .comment       0x00000000       0x27 ../lab2_bsp//libucosii_bsp.a(alt_dev.o)
 .comment       0x00000000       0x27 ../lab2_bsp//libucosii_bsp.a(alt_errno.o)
 .comment       0x00000000       0x27 ../lab2_bsp//libucosii_bsp.a(alt_fstat.o)
 .comment       0x00000000       0x27 ../lab2_bsp//libucosii_bsp.a(alt_iic.o)
 .comment       0x00000000       0x27 ../lab2_bsp//libucosii_bsp.a(alt_iic_isr_register.o)